
     Program PHONON v.7.5 starts on 13Aug2026 at 11:14: 7 

     This program is part of the open-source Quantum ESPRESSO suite
     for quantum simulation of materials; please cite
         "P. Giannozzi et al., J. Phys.:Condens. Matter 21 395502 (2009);
         "P. Giannozzi et al., J. Phys.:Condens. Matter 29 465901 (2017);
         "P. Giannozzi et al., J. Chem. Phys. 152 154105 (2020);
          URL http://www.quantum-espresso.org", 
     in publications or presentations arising from this work. More details at
     http://www.quantum-espresso.org/quote

     Parallel version (MPI & OpenMP), running on       4 processor cores
     Number of MPI processes:                 1
     Threads/MPI process:                     4

     MPI processes distributed on     1 nodes
     20752 MiB available memory on the printing compute node when the environment starts
 
     Reading input from ph.in

     Reading xml data from directory:

     ../tmp/gr.save/
 
     Subspace diagonalization in iterative solution of the eigenvalue problem:
     a serial algorithm will be used


     IMPORTANT: XC functional enforced from input :
     Exchange-correlation= PBE
                           (   1   4   3   4   0   0   0)
     Any further DFT definition will be discarded
     Please, verify this is what you really want

 
     G-vector sticks info
     --------------------
     sticks:   dense  smooth     PW     G-vecs:    dense   smooth      PW
     Sum         361     361    109                33427    33427    5779
 
     Using Slab Decomposition
 
     Reading collected, re-writing distributed wavefunctions in ../tmp/

     Number and degeneracy of irreps per q-point
       N         xq(1)         xq(2)         xq(3)   N irreps
       1   0.331000000   0.573308817   0.000000000       6
     No degeneracy

     Calculation of q =    0.3310000   0.5733088   0.0000000
     [opt_tetra]  Optimized tetrahedron method is used.
 
     G-vector sticks info
     --------------------
     sticks:   dense  smooth     PW     G-vecs:    dense   smooth      PW
     Sum         361     361    139                33427    33427    7725
 
     Using Slab Decomposition
 

     Title: 
     graphene no-degauss DFPT; stage=convergence lane=A label=KG_d007 direction=


     bravais-lattice index     =            4
     lattice parameter (alat)  =       4.6487  a.u.
     unit-cell volume          =     530.5041 (a.u.)^3
     number of atoms/cell      =            2
     number of atomic types    =            1
     number of electrons       =         8.00
     number of Kohn-Sham states=            8
     kinetic-energy cutoff     =      60.0000  Ry
     charge density cutoff     =     240.0000  Ry
     Exchange-correlation= PBE
                           (   1   4   3   4   0   0   0)

     GPU acceleration is ACTIVE.  1 visible GPUs per MPI rank


     celldm(1)=   4.648726  celldm(2)=   0.000000  celldm(3)=   6.097561
     celldm(4)=   0.000000  celldm(5)=   0.000000  celldm(6)=   0.000000

     crystal axes: (cart. coord. in units of alat)
               a(1) = (   1.000000   0.000000   0.000000 )  
               a(2) = (  -0.500000   0.866025   0.000000 )  
               a(3) = (   0.000000   0.000000   6.097561 )  

     reciprocal axes: (cart. coord. in units 2 pi/alat)
               b(1) = (  1.000000  0.577350 -0.000000 )  
               b(2) = (  0.000000  1.154701  0.000000 )  
               b(3) = (  0.000000 -0.000000  0.164000 )  


     PseudoPot. # 1 for C  read from file:
     /root/phonon/pseudo/C_ONCV_PBE-1.2.upf
     MD5 check sum: 1a5f83a7b1f58d24996abe00ed223ac6
     Pseudo is Norm-conserving, Zval =  4.0
     Generated using ONCVPSP code by D. R. Hamann
     Using radial grid of  602 points,  4 beta functions with: 
                l(1) =   0
                l(2) =   0
                l(3) =   1
                l(4) =   1

     atomic species   valence    mass     pseudopotential
     C                 4.00    12.01100     C ( 1.00)

     24 Sym. Ops., with inversion, found



   Cartesian axes

     site n.     atom                  positions (alat units)
         1        C      tau(   1) = (   0.0000000   0.0000000   0.0000000  )
         2        C      tau(   2) = (  -0.0000000   0.5773503   0.0000000  )

     number of k points= 57840 (tetrahedron method)

     Number of k-points >= 100: set verbosity='high' to print them.

     Dense  grid:    33427 G-vectors     FFT dimensions: (  24,  24, 144)

     Estimated max dynamical RAM per process >      16.32 MB

     The potential is recalculated from file :
     ../tmp/_ph0/gr.save/charge-density

     Starting wfcs are    0 atomic +    8 random wfcs

     Band Structure Calculation
     Davidson diagonalization with overlap

     ethr =  1.25E-10,  avg # of iterations = 36.3

     total cpu time spent up to now is     3399.3 secs

     End of band structure calculation

     Number of k-points >= 100: set verbosity='high' to print the bands.

     the Fermi energy is    -1.7005 ev

     Writing config to output data dir ../tmp/_ph0/gr.save/ :
     XML data file
 
     [dfpt_tetra]  Dos(E_F)[/Ry] :   0.2270098E-01

     graphene no-degauss DFPT; stage=convergence lane=A label=KG_d007 direction=

     bravais-lattice index     =            4
     lattice parameter (alat)  =       4.6487  a.u.
     unit-cell volume          =     530.5041 (a.u.)^3
     number of atoms/cell      =            2
     number of atomic types    =            1
     kinetic-energy cut-off    =      60.0000  Ry
     charge density cut-off    =     240.0000  Ry
     convergence threshold     =      1.0E-14
     beta                      =       0.7000
     number of iterations used =            4
     Exchange-correlation= PBE
                           (   1   4   3   4   0   0   0)


     celldm(1)=    4.64873  celldm(2)=    0.00000  celldm(3)=    6.09756
     celldm(4)=    0.00000  celldm(5)=    0.00000  celldm(6)=    0.00000

     crystal axes: (cart. coord. in units of alat)
               a(1) = (  1.0000  0.0000  0.0000 )  
               a(2) = ( -0.5000  0.8660  0.0000 )  
               a(3) = (  0.0000  0.0000  6.0976 )  

     reciprocal axes: (cart. coord. in units 2 pi/alat)
               b(1) = (  1.0000  0.5774 -0.0000 )  
               b(2) = (  0.0000  1.1547  0.0000 )  
               b(3) = (  0.0000 -0.0000  0.1640 )  


     Atoms inside the unit cell: 

     Cartesian axes

     site n.  atom      mass           positions (alat units)
        1  C      12.0110   tau(    1) = (    0.00000    0.00000    0.00000  )
        2  C      12.0110   tau(    2) = (   -0.00000    0.57735    0.00000  )

     Computing dynamical matrix for 
                    q = (   0.3310000   0.5733088   0.0000000 )
 
      4 Sym.Ops. (no q -> -q+G )


     G cutoff =  131.3770  (  33427 G-vectors)     FFT grid: ( 24, 24,144)
     number of k points= 57840

     PseudoPot. # 1 for C  read from file:
     /root/phonon/pseudo/C_ONCV_PBE-1.2.upf
     MD5 check sum: 1a5f83a7b1f58d24996abe00ed223ac6
     Pseudo is Norm-conserving, Zval =  4.0
     Generated using ONCVPSP code by D. R. Hamann
     Using radial grid of  602 points,  4 beta functions with: 
                l(1) =   0
                l(2) =   0
                l(3) =   1
                l(4) =   1

     Mode symmetry, C_2v (mm2)  point group:


     Atomic displacements:
     There are    6 irreducible representations

     Representation     1      1 modes -  To be done

     Representation     2      1 modes -  To be done

     Representation     3      1 modes -  To be done

     Representation     4      1 modes -  To be done

     Representation     5      1 modes -  To be done

     Representation     6      1 modes -  To be done


     Message from routine init_vloc:
     Interpolation table for Vloc re-allocated

     Alpha used in Ewald sum =   2.5000
     PHONON       :      1h 0m CPU      1h 0m WALL



     Representation #   1 mode #   1

     Self-consistent Calculation

      iter #   1 total cpu time :  4326.6 secs   av.it.:   3.8
      thresh= 1.000E-02 alpha_mix =  0.700 |ddv_scf|^2 =  3.256E-06

      iter #   2 total cpu time :  5094.1 secs   av.it.:   5.8
      thresh= 1.804E-04 alpha_mix =  0.700 |ddv_scf|^2 =  2.224E-06

      iter #   3 total cpu time :  5830.4 secs   av.it.:   5.4
      thresh= 1.491E-04 alpha_mix =  0.700 |ddv_scf|^2 =  7.237E-08

      iter #   4 total cpu time :  6567.5 secs   av.it.:   5.4
      thresh= 2.690E-05 alpha_mix =  0.700 |ddv_scf|^2 =  2.590E-10

      iter #   5 total cpu time :  7311.3 secs   av.it.:   5.5
      thresh= 1.609E-06 alpha_mix =  0.700 |ddv_scf|^2 =  7.130E-12

      iter #   6 total cpu time :  8043.7 secs   av.it.:   5.4
      thresh= 2.670E-07 alpha_mix =  0.700 |ddv_scf|^2 =  8.839E-15

     End of self-consistent calculation

     Convergence has been achieved 


     Representation #   2 mode #   2

     Self-consistent Calculation

      iter #   1 total cpu time :  8837.3 secs   av.it.:   3.8
      thresh= 1.000E-02 alpha_mix =  0.700 |ddv_scf|^2 =  3.101E-06

      iter #   2 total cpu time :  9617.0 secs   av.it.:   5.8
      thresh= 1.761E-04 alpha_mix =  0.700 |ddv_scf|^2 =  1.974E-06

      iter #   3 total cpu time : 10364.0 secs   av.it.:   5.5
      thresh= 1.405E-04 alpha_mix =  0.700 |ddv_scf|^2 =  7.837E-08

      iter #   4 total cpu time : 11107.7 secs   av.it.:   5.4
      thresh= 2.800E-05 alpha_mix =  0.700 |ddv_scf|^2 =  2.549E-10

      iter #   5 total cpu time : 11859.2 secs   av.it.:   5.5
      thresh= 1.597E-06 alpha_mix =  0.700 |ddv_scf|^2 =  7.098E-12

      iter #   6 total cpu time : 12599.7 secs   av.it.:   5.4
      thresh= 2.664E-07 alpha_mix =  0.700 |ddv_scf|^2 =  8.975E-15

     End of self-consistent calculation

     Convergence has been achieved 


     Representation #   3 mode #   3

     Self-consistent Calculation

      iter #   1 total cpu time : 13316.1 secs   av.it.:   3.2
      thresh= 1.000E-02 alpha_mix =  0.700 |ddv_scf|^2 =  2.772E-07

      iter #   2 total cpu time : 14113.6 secs   av.it.:   5.4
      thresh= 5.265E-05 alpha_mix =  0.700 |ddv_scf|^2 =  2.139E-09

      iter #   3 total cpu time : 14887.7 secs   av.it.:   5.2
      thresh= 4.625E-06 alpha_mix =  0.700 |ddv_scf|^2 =  1.116E-10

      iter #   4 total cpu time : 15583.2 secs   av.it.:   4.6
      thresh= 1.057E-06 alpha_mix =  0.700 |ddv_scf|^2 =  3.173E-14

      iter #   5 total cpu time : 16320.8 secs   av.it.:   5.1
      thresh= 1.781E-08 alpha_mix =  0.700 |ddv_scf|^2 =  5.158E-16

     End of self-consistent calculation

     Convergence has been achieved 


     Representation #   4 mode #   4

     Self-consistent Calculation

      iter #   1 total cpu time : 17084.4 secs   av.it.:   3.5
      thresh= 1.000E-02 alpha_mix =  0.700 |ddv_scf|^2 =  1.229E-06

      iter #   2 total cpu time : 17880.5 secs   av.it.:   5.8
      thresh= 1.109E-04 alpha_mix =  0.700 |ddv_scf|^2 =  1.363E-06

      iter #   3 total cpu time : 18641.7 secs   av.it.:   5.4
      thresh= 1.167E-04 alpha_mix =  0.700 |ddv_scf|^2 =  2.284E-09

      iter #   4 total cpu time : 19399.5 secs   av.it.:   5.4
      thresh= 4.780E-06 alpha_mix =  0.700 |ddv_scf|^2 =  3.407E-11

      iter #   5 total cpu time : 20153.3 secs   av.it.:   5.4
      thresh= 5.837E-07 alpha_mix =  0.700 |ddv_scf|^2 =  1.040E-14

      iter #   6 total cpu time : 20926.3 secs   av.it.:   5.7
      thresh= 1.020E-08 alpha_mix =  0.700 |ddv_scf|^2 =  5.206E-16

     End of self-consistent calculation

     Convergence has been achieved 


     Representation #   5 mode #   5

     Self-consistent Calculation

      iter #   1 total cpu time : 21714.0 secs   av.it.:   3.6
      thresh= 1.000E-02 alpha_mix =  0.700 |ddv_scf|^2 =  2.054E-06

      iter #   2 total cpu time : 22494.0 secs   av.it.:   5.8
      thresh= 1.433E-04 alpha_mix =  0.700 |ddv_scf|^2 =  2.288E-06

      iter #   3 total cpu time : 23238.5 secs   av.it.:   5.4
      thresh= 1.512E-04 alpha_mix =  0.700 |ddv_scf|^2 =  3.345E-09

      iter #   4 total cpu time : 23977.1 secs   av.it.:   5.4
      thresh= 5.784E-06 alpha_mix =  0.700 |ddv_scf|^2 =  3.444E-11

      iter #   5 total cpu time : 24716.0 secs   av.it.:   5.3
      thresh= 5.869E-07 alpha_mix =  0.700 |ddv_scf|^2 =  1.216E-14

      iter #   6 total cpu time : 25476.8 secs   av.it.:   5.6
      thresh= 1.103E-08 alpha_mix =  0.700 |ddv_scf|^2 =  6.785E-16

     End of self-consistent calculation

     Convergence has been achieved 


     Representation #   6 mode #   6

     Self-consistent Calculation

      iter #   1 total cpu time : 26189.6 secs   av.it.:   3.2
      thresh= 1.000E-02 alpha_mix =  0.700 |ddv_scf|^2 =  2.879E-07

      iter #   2 total cpu time : 26952.1 secs   av.it.:   5.4
      thresh= 5.366E-05 alpha_mix =  0.700 |ddv_scf|^2 =  2.317E-09

      iter #   3 total cpu time : 27705.8 secs   av.it.:   5.2
      thresh= 4.813E-06 alpha_mix =  0.700 |ddv_scf|^2 =  1.127E-10

      iter #   4 total cpu time : 28418.4 secs   av.it.:   4.6
      thresh= 1.062E-06 alpha_mix =  0.700 |ddv_scf|^2 =  3.205E-14

      iter #   5 total cpu time : 29157.4 secs   av.it.:   5.1
      thresh= 1.790E-08 alpha_mix =  0.700 |ddv_scf|^2 =  5.893E-16

     End of self-consistent calculation

     Convergence has been achieved 
 
     Number of q in the star =    6
     List of q in the star:
          1   0.331000000   0.573308817   0.000000000
          2  -0.331000000   0.573308817   0.000000000
          3   0.662000000  -0.000000000   0.000000000
          4  -0.662000000   0.000000000   0.000000000
          5   0.331000000  -0.573308817   0.000000000
          6  -0.331000000  -0.573308817   0.000000000

     Diagonalizing the dynamical matrix

     q = (    0.331000000   0.573308817   0.000000000 ) 

 **************************************************************************
     freq (    1) =      16.216606 [THz] =     540.927757 [cm-1]
     freq (    2) =      16.409488 [THz] =     547.361596 [cm-1]
     freq (    3) =      30.123910 [THz] =    1004.825469 [cm-1]
     freq (    4) =      36.721139 [THz] =    1224.885352 [cm-1]
     freq (    5) =      36.903048 [THz] =    1230.953197 [cm-1]
     freq (    6) =      38.652117 [THz] =    1289.295858 [cm-1]
 **************************************************************************

     Mode symmetry, C_2v (mm2)  point group:

     freq (   1-   1) =        540.9  [cm-1]   --> B_2  D_4  S_4      
     freq (   2-   2) =        547.4  [cm-1]   --> A_2  D_2  S_2      
     freq (   3-   3) =       1004.8  [cm-1]   --> B_1  D_3  S_3      
     freq (   4-   4) =       1224.9  [cm-1]   --> A_1  D_1  S_1      
     freq (   5-   5) =       1231.0  [cm-1]   --> B_1  D_3  S_3      
     freq (   6-   6) =       1289.3  [cm-1]   --> A_1  D_1  S_1      
 
     init_run     :     26.05s CPU     26.50s WALL (       1 calls)
     electrons    :   3098.58s CPU   3125.44s WALL (       1 calls)

     Called by init_run:
     wfcinit      :      0.00s CPU      0.00s WALL (       1 calls)
     potinit      :      0.01s CPU      0.01s WALL (       1 calls)
     hinit0       :      0.01s CPU      0.01s WALL (       1 calls)

     Called by electrons:
     c_bands      :   3084.22s CPU   3118.17s WALL (       1 calls)
     v_of_rho     :      0.02s CPU      0.02s WALL (       2 calls)

     Called by c_bands:
     init_us_2    :    380.26s CPU    417.35s WALL ( 1446000 calls)
     cegterg      :   2836.39s CPU   2848.63s WALL (  130652 calls)

     Called by *egterg:
     cdiaghg      :    898.76s CPU    945.71s WALL ( 2159349 calls)
                                      931.42s GPU  ( 2159349 calls)
     h_psi        :   6427.85s CPU   6419.91s WALL (13616329 calls)
     g_psi        :     48.41s CPU     50.01s WALL ( 2101509 calls)

     Called by h_psi:
     h_psi:calbec :    385.64s CPU    411.46s WALL (13616329 calls)
     vloc_psi     :   4194.65s CPU   4249.03s WALL (13616329 calls)
                                     4171.40s GPU  (13616329 calls)
     add_vuspsi   :   1282.97s CPU   1366.53s WALL (13616329 calls)

     General routines
     calbec       :    492.76s CPU    514.14s WALL (14599609 calls)
     fft          :      0.59s CPU      0.63s WALL (     398 calls)
                                        0.03s GPU  (      23 calls)
     ffts         :      4.07s CPU      6.37s WALL (  173556 calls)
                                        5.36s GPU  (  173556 calls)
     fftw         :    744.86s CPU   2605.58s WALL (58697618 calls)
                                     2268.90s GPU  (58697618 calls)
     davcio       :   1862.06s CPU   3008.61s WALL ( 5413165 calls)
 
     Parallel routines
 
     PHONON       :      7h26m CPU      8h 6m WALL

     INITIALIZATION: 
     phq_setup    :      7.79s CPU      7.85s WALL (       1 calls)
     phq_init     :    225.63s CPU    224.69s WALL (       1 calls)
 
     phq_init     :    225.63s CPU    224.69s WALL (       1 calls)
     init_vloc    :      0.03s CPU      0.03s WALL (       2 calls)
     init_us_1    :      0.00s CPU      0.00s WALL (       2 calls)
     init_us_2    :    380.26s CPU    417.35s WALL ( 1446000 calls)
 
     DYNAMICAL MATRIX:
     dynmat0      :    201.83s CPU    177.11s WALL (       1 calls)
     dynmat_us    :    201.80s CPU    177.09s WALL (       1 calls)
     d2ionq       :      0.03s CPU      0.02s WALL (       1 calls)
     phqscf       :  23154.45s CPU  25553.09s WALL (       1 calls)
     dynmatrix    :      0.02s CPU      0.10s WALL (       1 calls)
 
     phqscf       :  23154.45s CPU  25553.09s WALL (       1 calls)
     solve_linter :  22946.40s CPU  25272.52s WALL (       6 calls)
     dfpt_kernel  :  21651.57s CPU  24080.66s WALL (       6 calls)
     sth_kernel   :  21649.64s CPU  24077.53s WALL (      34 calls)
     h_prec       :    148.25s CPU    204.35s WALL (  983280 calls)
     apply_dpot_b :    989.47s CPU   1491.20s WALL (  809760 calls)
     ortho        :    875.88s CPU   1002.24s WALL (  983280 calls)
     cgsolve      :  15911.16s CPU  16166.18s WALL (  983280 calls)
     incdrhoscf   :   1589.66s CPU   1780.33s WALL (  983280 calls)
                                     1772.73s GPU  (  983280 calls)
     dv_of_drho   :      1.00s CPU      1.02s WALL (      34 calls)
     mix_pot      :      0.39s CPU      1.19s WALL (      34 calls)
     drhodv       :    208.04s CPU    280.53s WALL (       6 calls)
     psymdvscf    :      0.44s CPU      0.47s WALL (      34 calls)
     com_dvloc    :     42.68s CPU     40.45s WALL (  173556 calls)
                                       39.55s GPU  (  173556 calls)
     addcore      :      0.01s CPU      0.02s WALL (       6 calls)
                                        0.02s GPU  (       6 calls)
 
     dvqpsi_us    :    896.68s CPU    840.02s WALL (  173520 calls)
                                      838.19s GPU  (  173520 calls)
     dvqpsi_us_on :    624.04s CPU    562.03s WALL (  173520 calls)
 
     add_vuspsi   :   1282.97s CPU   1366.53s WALL (13616329 calls)
 
 
      General routines
     calbec       :    492.76s CPU    514.14s WALL (14599609 calls)
     fft          :      0.59s CPU      0.63s WALL (     398 calls)
                                        0.03s GPU  (      23 calls)
     ffts         :      4.07s CPU      6.37s WALL (  173556 calls)
                                        5.36s GPU  (  173556 calls)
     fftw         :    744.86s CPU   2605.58s WALL (58697618 calls)
                                     2268.90s GPU  (58697618 calls)
     davcio       :   1862.06s CPU   3008.61s WALL ( 5413165 calls)
     write_rec    :      0.07s CPU      0.43s WALL (      40 calls)
 
      Additional routines
     ch_psi       :   9562.15s CPU   9434.53s WALL (11326328 calls)
     last         :   3686.46s CPU   3535.34s WALL (11326328 calls)
     Hesh         :    127.40s CPU    137.22s WALL (11326328 calls)
     ch_psi_all_k :   3272.40s CPU   3267.47s WALL (11326328 calls)
                                     3197.24s GPU  (11326328 calls)
     h_psi_bgrp   :   6457.51s CPU   6446.65s WALL (13616329 calls)
     h_psi        :   6427.85s CPU   6419.91s WALL (13616329 calls)
     h_psi:pot    :   6066.93s CPU   6124.72s WALL (13616329 calls)
     h_psi:calbec :    385.64s CPU    411.46s WALL (13616329 calls)
     s_psi_bgrp   :    169.82s CPU    176.08s WALL (23635936 calls)
 
 
     PHONON       :      7h26m CPU      8h 6m WALL

 
   This run was terminated on:  19:20:54  13Aug2026            

=------------------------------------------------------------------------------=
   JOB DONE.
=------------------------------------------------------------------------------=
Warning: ieee_divide_by_zero is signaling
Warning: ieee_underflow is signaling
Warning: ieee_inexact is signaling
FORTRAN STOP
