
     Program PHONON v.7.5 starts on 14Aug2026 at  4:49:26 

     This program is part of the open-source Quantum ESPRESSO suite
     for quantum simulation of materials; please cite
         "P. Giannozzi et al., J. Phys.:Condens. Matter 21 395502 (2009);
         "P. Giannozzi et al., J. Phys.:Condens. Matter 29 465901 (2017);
         "P. Giannozzi et al., J. Chem. Phys. 152 154105 (2020);
          URL http://www.quantum-espresso.org", 
     in publications or presentations arising from this work. More details at
     http://www.quantum-espresso.org/quote

     Parallel version (MPI & OpenMP), running on       4 processor cores
     Number of MPI processes:                 1
     Threads/MPI process:                     4

     MPI processes distributed on     1 nodes
     18003 MiB available memory on the printing compute node when the environment starts
 
     Reading input from ph.in

     Reading xml data from directory:

     ../tmp/gr.save/
 
     Subspace diagonalization in iterative solution of the eigenvalue problem:
     a serial algorithm will be used


     IMPORTANT: XC functional enforced from input :
     Exchange-correlation= PBE
                           (   1   4   3   4   0   0   0)
     Any further DFT definition will be discarded
     Please, verify this is what you really want

 
     G-vector sticks info
     --------------------
     sticks:   dense  smooth     PW     G-vecs:    dense   smooth      PW
     Sum         361     361    109                33427    33427    5779
 
     Using Slab Decomposition
 
     Reading collected, re-writing distributed wavefunctions in ../tmp/

     Number and degeneracy of irreps per q-point
       N         xq(1)         xq(2)         xq(3)   N irreps
       1   0.325666667   0.564071213   0.000000000       6
     No degeneracy

     Calculation of q =    0.3256667   0.5640712   0.0000000
     [opt_tetra]  Optimized tetrahedron method is used.
 
     G-vector sticks info
     --------------------
     sticks:   dense  smooth     PW     G-vecs:    dense   smooth      PW
     Sum         361     361    139                33427    33427    7687
 
     Using Slab Decomposition
 

     Title: 
     graphene no-degauss DFPT; stage=development lane=B label=KG_d023 direction=


     bravais-lattice index     =            4
     lattice parameter (alat)  =       4.6487  a.u.
     unit-cell volume          =     530.5041 (a.u.)^3
     number of atoms/cell      =            2
     number of atomic types    =            1
     number of electrons       =         8.00
     number of Kohn-Sham states=            8
     kinetic-energy cutoff     =      60.0000  Ry
     charge density cutoff     =     240.0000  Ry
     Exchange-correlation= PBE
                           (   1   4   3   4   0   0   0)

     GPU acceleration is ACTIVE.  1 visible GPUs per MPI rank


     celldm(1)=   4.648726  celldm(2)=   0.000000  celldm(3)=   6.097561
     celldm(4)=   0.000000  celldm(5)=   0.000000  celldm(6)=   0.000000

     crystal axes: (cart. coord. in units of alat)
               a(1) = (   1.000000   0.000000   0.000000 )  
               a(2) = (  -0.500000   0.866025   0.000000 )  
               a(3) = (   0.000000   0.000000   6.097561 )  

     reciprocal axes: (cart. coord. in units 2 pi/alat)
               b(1) = (  1.000000  0.577350 -0.000000 )  
               b(2) = (  0.000000  1.154701  0.000000 )  
               b(3) = (  0.000000 -0.000000  0.164000 )  


     PseudoPot. # 1 for C  read from file:
     /root/phonon/pseudo/C_ONCV_PBE-1.2.upf
     MD5 check sum: 1a5f83a7b1f58d24996abe00ed223ac6
     Pseudo is Norm-conserving, Zval =  4.0
     Generated using ONCVPSP code by D. R. Hamann
     Using radial grid of  602 points,  4 beta functions with: 
                l(1) =   0
                l(2) =   0
                l(3) =   1
                l(4) =   1

     atomic species   valence    mass     pseudopotential
     C                 4.00    12.01100     C ( 1.00)

     24 Sym. Ops., with inversion, found



   Cartesian axes

     site n.     atom                  positions (alat units)
         1        C      tau(   1) = (   0.0000000   0.0000000   0.0000000  )
         2        C      tau(   2) = (  -0.0000000   0.5773503   0.0000000  )

     number of k points= 37056 (tetrahedron method)

     Number of k-points >= 100: set verbosity='high' to print them.

     Dense  grid:    33427 G-vectors     FFT dimensions: (  24,  24, 144)

     Estimated max dynamical RAM per process >      16.32 MB

     The potential is recalculated from file :
     ../tmp/_ph0/gr.save/charge-density

     Starting wfcs are    0 atomic +    8 random wfcs

     Band Structure Calculation
     Davidson diagonalization with overlap
     c_bands:  1 eigenvalues not converged

     ethr =  1.25E-10,  avg # of iterations = 36.3

     total cpu time spent up to now is     2127.5 secs

     End of band structure calculation

     Number of k-points >= 100: set verbosity='high' to print the bands.

     the Fermi energy is    -1.7005 ev

     Writing config to output data dir ../tmp/_ph0/gr.save/ :
     XML data file
 
     [dfpt_tetra]  Dos(E_F)[/Ry] :   0.2835878E-01

     graphene no-degauss DFPT; stage=development lane=B label=KG_d023 direction=

     bravais-lattice index     =            4
     lattice parameter (alat)  =       4.6487  a.u.
     unit-cell volume          =     530.5041 (a.u.)^3
     number of atoms/cell      =            2
     number of atomic types    =            1
     kinetic-energy cut-off    =      60.0000  Ry
     charge density cut-off    =     240.0000  Ry
     convergence threshold     =      1.0E-14
     beta                      =       0.7000
     number of iterations used =            4
     Exchange-correlation= PBE
                           (   1   4   3   4   0   0   0)


     celldm(1)=    4.64873  celldm(2)=    0.00000  celldm(3)=    6.09756
     celldm(4)=    0.00000  celldm(5)=    0.00000  celldm(6)=    0.00000

     crystal axes: (cart. coord. in units of alat)
               a(1) = (  1.0000  0.0000  0.0000 )  
               a(2) = ( -0.5000  0.8660  0.0000 )  
               a(3) = (  0.0000  0.0000  6.0976 )  

     reciprocal axes: (cart. coord. in units 2 pi/alat)
               b(1) = (  1.0000  0.5774 -0.0000 )  
               b(2) = (  0.0000  1.1547  0.0000 )  
               b(3) = (  0.0000 -0.0000  0.1640 )  


     Atoms inside the unit cell: 

     Cartesian axes

     site n.  atom      mass           positions (alat units)
        1  C      12.0110   tau(    1) = (    0.00000    0.00000    0.00000  )
        2  C      12.0110   tau(    2) = (   -0.00000    0.57735    0.00000  )

     Computing dynamical matrix for 
                    q = (   0.3256667   0.5640712   0.0000000 )
 
      4 Sym.Ops. (no q -> -q+G )


     G cutoff =  131.3770  (  33427 G-vectors)     FFT grid: ( 24, 24,144)
     number of k points= 37056

     PseudoPot. # 1 for C  read from file:
     /root/phonon/pseudo/C_ONCV_PBE-1.2.upf
     MD5 check sum: 1a5f83a7b1f58d24996abe00ed223ac6
     Pseudo is Norm-conserving, Zval =  4.0
     Generated using ONCVPSP code by D. R. Hamann
     Using radial grid of  602 points,  4 beta functions with: 
                l(1) =   0
                l(2) =   0
                l(3) =   1
                l(4) =   1

     Mode symmetry, C_2v (mm2)  point group:


     Atomic displacements:
     There are    6 irreducible representations

     Representation     1      1 modes -  To be done

     Representation     2      1 modes -  To be done

     Representation     3      1 modes -  To be done

     Representation     4      1 modes -  To be done

     Representation     5      1 modes -  To be done

     Representation     6      1 modes -  To be done


     Message from routine init_vloc:
     Interpolation table for Vloc re-allocated

     Alpha used in Ewald sum =   2.5000
     PHONON       :  37m48.00s CPU  38m 0.89s WALL



     Representation #   1 mode #   1

     Self-consistent Calculation

      iter #   1 total cpu time :  2699.5 secs   av.it.:   3.8
      thresh= 1.000E-02 alpha_mix =  0.700 |ddv_scf|^2 =  3.458E-06

      iter #   2 total cpu time :  3197.6 secs   av.it.:   5.8
      thresh= 1.860E-04 alpha_mix =  0.700 |ddv_scf|^2 =  2.468E-06

      iter #   3 total cpu time :  3683.0 secs   av.it.:   5.4
      thresh= 1.571E-04 alpha_mix =  0.700 |ddv_scf|^2 =  7.054E-08

      iter #   4 total cpu time :  4164.0 secs   av.it.:   5.4
      thresh= 2.656E-05 alpha_mix =  0.700 |ddv_scf|^2 =  2.490E-10

      iter #   5 total cpu time :  4647.3 secs   av.it.:   5.5
      thresh= 1.578E-06 alpha_mix =  0.700 |ddv_scf|^2 =  6.766E-12

      iter #   6 total cpu time :  5130.3 secs   av.it.:   5.4
      thresh= 2.601E-07 alpha_mix =  0.700 |ddv_scf|^2 =  8.874E-15

     End of self-consistent calculation

     Convergence has been achieved 


     Representation #   2 mode #   2

     Self-consistent Calculation

      iter #   1 total cpu time :  5624.2 secs   av.it.:   3.8
      thresh= 1.000E-02 alpha_mix =  0.700 |ddv_scf|^2 =  2.956E-06

      iter #   2 total cpu time :  6123.9 secs   av.it.:   5.8
      thresh= 1.719E-04 alpha_mix =  0.700 |ddv_scf|^2 =  1.852E-06

      iter #   3 total cpu time :  6610.4 secs   av.it.:   5.5
      thresh= 1.361E-04 alpha_mix =  0.700 |ddv_scf|^2 =  7.958E-08

      iter #   4 total cpu time :  7080.5 secs   av.it.:   5.4
      thresh= 2.821E-05 alpha_mix =  0.700 |ddv_scf|^2 =  2.565E-10

      iter #   5 total cpu time :  7555.9 secs   av.it.:   5.5
      thresh= 1.602E-06 alpha_mix =  0.700 |ddv_scf|^2 =  7.073E-12

      iter #   6 total cpu time :  8032.2 secs   av.it.:   5.4
      thresh= 2.660E-07 alpha_mix =  0.700 |ddv_scf|^2 =  8.274E-15

     End of self-consistent calculation

     Convergence has been achieved 


     Representation #   3 mode #   3

     Self-consistent Calculation

      iter #   1 total cpu time :  8494.3 secs   av.it.:   3.1
      thresh= 1.000E-02 alpha_mix =  0.700 |ddv_scf|^2 =  2.652E-07

      iter #   2 total cpu time :  9001.1 secs   av.it.:   5.4
      thresh= 5.150E-05 alpha_mix =  0.700 |ddv_scf|^2 =  1.955E-09

      iter #   3 total cpu time :  9484.8 secs   av.it.:   5.2
      thresh= 4.422E-06 alpha_mix =  0.700 |ddv_scf|^2 =  1.101E-10

      iter #   4 total cpu time :  9923.1 secs   av.it.:   4.6
      thresh= 1.049E-06 alpha_mix =  0.700 |ddv_scf|^2 =  3.131E-14

      iter #   5 total cpu time : 10393.8 secs   av.it.:   5.1
      thresh= 1.769E-08 alpha_mix =  0.700 |ddv_scf|^2 =  4.558E-16

     End of self-consistent calculation

     Convergence has been achieved 


     Representation #   4 mode #   4

     Self-consistent Calculation

      iter #   1 total cpu time : 10876.5 secs   av.it.:   3.5
      thresh= 1.000E-02 alpha_mix =  0.700 |ddv_scf|^2 =  1.191E-06

      iter #   2 total cpu time : 11378.4 secs   av.it.:   5.8
      thresh= 1.091E-04 alpha_mix =  0.700 |ddv_scf|^2 =  1.291E-06

      iter #   3 total cpu time : 11853.0 secs   av.it.:   5.4
      thresh= 1.136E-04 alpha_mix =  0.700 |ddv_scf|^2 =  2.327E-09

      iter #   4 total cpu time : 12323.4 secs   av.it.:   5.4
      thresh= 4.824E-06 alpha_mix =  0.700 |ddv_scf|^2 =  3.436E-11

      iter #   5 total cpu time : 12790.6 secs   av.it.:   5.4
      thresh= 5.862E-07 alpha_mix =  0.700 |ddv_scf|^2 =  1.070E-14

      iter #   6 total cpu time : 13271.9 secs   av.it.:   5.7
      thresh= 1.034E-08 alpha_mix =  0.700 |ddv_scf|^2 =  4.950E-16

     End of self-consistent calculation

     Convergence has been achieved 


     Representation #   5 mode #   5

     Self-consistent Calculation

      iter #   1 total cpu time : 13762.2 secs   av.it.:   3.6
      thresh= 1.000E-02 alpha_mix =  0.700 |ddv_scf|^2 =  2.019E-06

      iter #   2 total cpu time : 14264.0 secs   av.it.:   5.8
      thresh= 1.421E-04 alpha_mix =  0.700 |ddv_scf|^2 =  2.200E-06

      iter #   3 total cpu time : 14735.0 secs   av.it.:   5.4
      thresh= 1.483E-04 alpha_mix =  0.700 |ddv_scf|^2 =  3.420E-09

      iter #   4 total cpu time : 15219.5 secs   av.it.:   5.4
      thresh= 5.848E-06 alpha_mix =  0.700 |ddv_scf|^2 =  3.451E-11

      iter #   5 total cpu time : 15700.5 secs   av.it.:   5.3
      thresh= 5.874E-07 alpha_mix =  0.700 |ddv_scf|^2 =  1.207E-14

      iter #   6 total cpu time : 16185.6 secs   av.it.:   5.6
      thresh= 1.098E-08 alpha_mix =  0.700 |ddv_scf|^2 =  6.380E-16

     End of self-consistent calculation

     Convergence has been achieved 


     Representation #   6 mode #   6

     Self-consistent Calculation

      iter #   1 total cpu time : 16639.5 secs   av.it.:   3.2
      thresh= 1.000E-02 alpha_mix =  0.700 |ddv_scf|^2 =  3.015E-07

      iter #   2 total cpu time : 17135.1 secs   av.it.:   5.4
      thresh= 5.491E-05 alpha_mix =  0.700 |ddv_scf|^2 =  2.557E-09

      iter #   3 total cpu time : 17625.1 secs   av.it.:   5.2
      thresh= 5.057E-06 alpha_mix =  0.700 |ddv_scf|^2 =  1.143E-10

      iter #   4 total cpu time : 18072.8 secs   av.it.:   4.6
      thresh= 1.069E-06 alpha_mix =  0.700 |ddv_scf|^2 =  3.260E-14

      iter #   5 total cpu time : 18542.0 secs   av.it.:   5.1
      thresh= 1.806E-08 alpha_mix =  0.700 |ddv_scf|^2 =  6.759E-16

     End of self-consistent calculation

     Convergence has been achieved 
 
     Number of q in the star =    6
     List of q in the star:
          1   0.325666667   0.564071213   0.000000000
          2  -0.325666667   0.564071213   0.000000000
          3   0.651333333   0.000000000   0.000000000
          4  -0.651333333  -0.000000000   0.000000000
          5   0.325666667  -0.564071213   0.000000000
          6  -0.325666667  -0.564071213   0.000000000

     Diagonalizing the dynamical matrix

     q = (    0.325666667   0.564071213   0.000000000 ) 

 **************************************************************************
     freq (    1) =      15.989573 [THz] =     533.354739 [cm-1]
     freq (    2) =      16.639291 [THz] =     555.026991 [cm-1]
     freq (    3) =      30.061775 [THz] =    1002.752891 [cm-1]
     freq (    4) =      36.517138 [THz] =    1218.080602 [cm-1]
     freq (    5) =      37.157891 [THz] =    1239.453844 [cm-1]
     freq (    6) =      38.940984 [THz] =    1298.931402 [cm-1]
 **************************************************************************

     Mode symmetry, C_2v (mm2)  point group:

     freq (   1-   1) =        533.4  [cm-1]   --> B_2  D_4  S_4      
     freq (   2-   2) =        555.0  [cm-1]   --> A_2  D_2  S_2      
     freq (   3-   3) =       1002.8  [cm-1]   --> B_1  D_3  S_3      
     freq (   4-   4) =       1218.1  [cm-1]   --> A_1  D_1  S_1      
     freq (   5-   5) =       1239.5  [cm-1]   --> B_1  D_3  S_3      
     freq (   6-   6) =       1298.9  [cm-1]   --> A_1  D_1  S_1      
 
     init_run     :     16.70s CPU     16.99s WALL (       1 calls)
     electrons    :   1993.58s CPU   2010.88s WALL (       1 calls)

     Called by init_run:
     wfcinit      :      0.00s CPU      0.00s WALL (       1 calls)
     potinit      :      0.01s CPU      0.01s WALL (       1 calls)
     hinit0       :      0.01s CPU      0.01s WALL (       1 calls)

     Called by electrons:
     c_bands      :   1985.19s CPU   2006.65s WALL (       1 calls)
     v_of_rho     :      0.02s CPU      0.02s WALL (       2 calls)

     Called by c_bands:
     init_us_2    :    246.09s CPU    264.01s WALL (  926400 calls)
     cegterg      :   1848.85s CPU   1857.59s WALL (   83700 calls)

     Called by *egterg:
     cdiaghg      :    579.37s CPU    610.85s WALL ( 1383326 calls)
                                      601.27s GPU  ( 1383326 calls)
     h_psi        :   4202.64s CPU   4183.86s WALL ( 8721949 calls)
     g_psi        :     32.36s CPU     33.48s WALL ( 1346270 calls)

     Called by h_psi:
     h_psi:calbec :    238.47s CPU    253.75s WALL ( 8721949 calls)
     vloc_psi     :   2757.58s CPU   2790.03s WALL ( 8721949 calls)
                                     2736.83s GPU  ( 8721949 calls)
     add_vuspsi   :    828.24s CPU    880.63s WALL ( 8721949 calls)

     General routines
     calbec       :    306.93s CPU    320.46s WALL ( 9351901 calls)
     fft          :      0.59s CPU      0.65s WALL (     398 calls)
                                        0.03s GPU  (      23 calls)
     ffts         :      2.54s CPU      3.93s WALL (  111204 calls)
                                        3.24s GPU  (  111204 calls)
     fftw         :    501.38s CPU   1689.83s WALL (37602362 calls)
                                     1456.10s GPU  (37602362 calls)
     davcio       :   1063.15s CPU   1475.64s WALL ( 3468109 calls)
 
     Parallel routines
 
     PHONON       :      4h50m CPU      5h 9m WALL

     INITIALIZATION: 
     phq_setup    :      4.94s CPU      5.00s WALL (       1 calls)
     phq_init     :    139.62s CPU    134.82s WALL (       1 calls)
 
     phq_init     :    139.62s CPU    134.82s WALL (       1 calls)
     init_vloc    :      0.04s CPU      0.04s WALL (       2 calls)
     init_us_1    :      0.00s CPU      0.00s WALL (       2 calls)
     init_us_2    :    246.09s CPU    264.01s WALL (  926400 calls)
 
     DYNAMICAL MATRIX:
     dynmat0      :    124.32s CPU    110.65s WALL (       1 calls)
     dynmat_us    :    124.31s CPU    110.64s WALL (       1 calls)
     d2ionq       :      0.01s CPU      0.01s WALL (       1 calls)
     phqscf       :  15181.82s CPU  16296.20s WALL (       1 calls)
     dynmatrix    :      0.01s CPU      0.09s WALL (       1 calls)
 
     phqscf       :  15181.82s CPU  16296.20s WALL (       1 calls)
     solve_linter :  15045.56s CPU  16093.14s WALL (       6 calls)
     dfpt_kernel  :  14226.16s CPU  15400.06s WALL (       6 calls)
     sth_kernel   :  14224.13s CPU  15395.24s WALL (      34 calls)
     h_prec       :     93.79s CPU    124.88s WALL (  629952 calls)
     apply_dpot_b :    692.13s CPU    976.31s WALL (  518784 calls)
     ortho        :    594.15s CPU    669.13s WALL (  629952 calls)
     cgsolve      :  10535.27s CPU  10669.82s WALL (  629952 calls)
     incdrhoscf   :   1049.52s CPU   1170.90s WALL (  629952 calls)
                                     1165.32s GPU  (  629952 calls)
     dv_of_drho   :      1.00s CPU      2.64s WALL (      34 calls)
     mix_pot      :      0.51s CPU      0.85s WALL (      34 calls)
     drhodv       :    136.26s CPU    202.98s WALL (       6 calls)
     psymdvscf    :      0.42s CPU      0.79s WALL (      34 calls)
     com_dvloc    :     30.46s CPU     26.50s WALL (  111204 calls)
                                       25.86s GPU  (  111204 calls)
     addcore      :      0.01s CPU      0.01s WALL (       6 calls)
                                        0.01s GPU  (       6 calls)
 
     dvqpsi_us    :    586.78s CPU    512.36s WALL (  111168 calls)
                                      511.19s GPU  (  111168 calls)
     dvqpsi_us_on :    391.45s CPU    328.20s WALL (  111168 calls)
 
     add_vuspsi   :    828.24s CPU    880.63s WALL ( 8721949 calls)
 
 
      General routines
     calbec       :    306.93s CPU    320.46s WALL ( 9351901 calls)
     fft          :      0.59s CPU      0.65s WALL (     398 calls)
                                        0.03s GPU  (      23 calls)
     ffts         :      2.54s CPU      3.93s WALL (  111204 calls)
                                        3.24s GPU  (  111204 calls)
     fftw         :    501.38s CPU   1689.83s WALL (37602362 calls)
                                     1456.10s GPU  (37602362 calls)
     davcio       :   1063.15s CPU   1475.64s WALL ( 3468109 calls)
     write_rec    :      0.06s CPU      0.22s WALL (      40 calls)
 
      Additional routines
     ch_psi       :   6313.13s CPU   6206.98s WALL ( 7254923 calls)
     last         :   2468.53s CPU   2360.29s WALL ( 7254923 calls)
     Hesh         :     84.65s CPU     90.86s WALL ( 7254923 calls)
     ch_psi_all_k :   2184.81s CPU   2181.92s WALL ( 7254923 calls)
                                     2133.98s GPU  ( 7254923 calls)
     h_psi_bgrp   :   4221.81s CPU   4201.11s WALL ( 8721949 calls)
     h_psi        :   4202.64s CPU   4183.86s WALL ( 8721949 calls)
     h_psi:pot    :   3963.82s CPU   3989.54s WALL ( 8721949 calls)
     h_psi:calbec :    238.47s CPU    253.75s WALL ( 8721949 calls)
     s_psi_bgrp   :    111.86s CPU    115.34s WALL (15139798 calls)
 
 
     PHONON       :      4h50m CPU      5h 9m WALL

 
   This run was terminated on:   9:59: 7  14Aug2026            

=------------------------------------------------------------------------------=
   JOB DONE.
=------------------------------------------------------------------------------=
Warning: ieee_divide_by_zero is signaling
Warning: ieee_underflow is signaling
Warning: ieee_inexact is signaling
FORTRAN STOP
