
     Program PHONON v.7.5 starts on 12Aug2026 at 18:37: 9 

     This program is part of the open-source Quantum ESPRESSO suite
     for quantum simulation of materials; please cite
         "P. Giannozzi et al., J. Phys.:Condens. Matter 21 395502 (2009);
         "P. Giannozzi et al., J. Phys.:Condens. Matter 29 465901 (2017);
         "P. Giannozzi et al., J. Chem. Phys. 152 154105 (2020);
          URL http://www.quantum-espresso.org", 
     in publications or presentations arising from this work. More details at
     http://www.quantum-espresso.org/quote

     Parallel version (MPI & OpenMP), running on       8 processor cores
     Number of MPI processes:                 8
     Threads/MPI process:                     1

     MPI processes distributed on     1 nodes
     12209 MiB available memory on the printing compute node when the environment starts

     Reading input from ph.in

     Reading xml data from directory:

     ../tmp/gr.save/

     R & G space division:  proc/nbgrp/npool/nimage =       8
     Subspace diagonalization in iterative solution of the eigenvalue problem:
     a serial algorithm will be used


     IMPORTANT: XC functional enforced from input :
     Exchange-correlation= PBE
                           (   1   4   3   4   0   0   0)
     Any further DFT definition will be discarded
     Please, verify this is what you really want


     Parallelization info
     --------------------
     sticks:   dense  smooth     PW     G-vecs:    dense   smooth      PW
     Min          45      45     13                 4167     4167     709
     Max          46      46     14                 4184     4184     730
     Sum         361     361    109                33427    33427    5779

     Using Slab Decomposition

     Reading collected, re-writing distributed wavefunctions in ../tmp/

     Number and degeneracy of irreps per q-point
       N         xq(1)         xq(2)         xq(3)   N irreps
       1   0.331000000   0.573308817   0.000000000       6
     No degeneracy

     Calculation of q =    0.3310000   0.5733088   0.0000000
     [opt_tetra]  Optimized tetrahedron method is used.

     Parallelization info
     --------------------
     sticks:   dense  smooth     PW     G-vecs:    dense   smooth      PW
     Min          45      45     16                 4167     4167     963
     Max          46      46     18                 4184     4184     972
     Sum         361     361    139                33427    33427    7725

     Using Slab Decomposition


     Title: 
     graphene no-degauss DFPT; stage=pilot lane=A label=KG_d007 direction=KG del


     bravais-lattice index     =            4
     lattice parameter (alat)  =       4.6487  a.u.
     unit-cell volume          =     530.5041 (a.u.)^3
     number of atoms/cell      =            2
     number of atomic types    =            1
     number of electrons       =         8.00
     number of Kohn-Sham states=            8
     kinetic-energy cutoff     =      60.0000  Ry
     charge density cutoff     =     240.0000  Ry
     Exchange-correlation= PBE
                           (   1   4   3   4   0   0   0)

     celldm(1)=   4.648726  celldm(2)=   0.000000  celldm(3)=   6.097561
     celldm(4)=   0.000000  celldm(5)=   0.000000  celldm(6)=   0.000000

     crystal axes: (cart. coord. in units of alat)
               a(1) = (   1.000000   0.000000   0.000000 )  
               a(2) = (  -0.500000   0.866025   0.000000 )  
               a(3) = (   0.000000   0.000000   6.097561 )  

     reciprocal axes: (cart. coord. in units 2 pi/alat)
               b(1) = (  1.000000  0.577350 -0.000000 )  
               b(2) = (  0.000000  1.154701  0.000000 )  
               b(3) = (  0.000000 -0.000000  0.164000 )  


     PseudoPot. # 1 for C  read from file:
     /root/phonon/pseudo/C_ONCV_PBE-1.2.upf
     MD5 check sum: 1a5f83a7b1f58d24996abe00ed223ac6
     Pseudo is Norm-conserving, Zval =  4.0
     Generated using ONCVPSP code by D. R. Hamann
     Using radial grid of  602 points,  4 beta functions with: 
                l(1) =   0
                l(2) =   0
                l(3) =   1
                l(4) =   1

     atomic species   valence    mass     pseudopotential
     C                 4.00    12.01100     C ( 1.00)

     24 Sym. Ops., with inversion, found



   Cartesian axes

     site n.     atom                  positions (alat units)
         1        C      tau(   1) = (   0.0000000   0.0000000   0.0000000  )
         2        C      tau(   2) = (  -0.0000000   0.5773503   0.0000000  )

     number of k points= 37056 (tetrahedron method)

     Number of k-points >= 100: set verbosity='high' to print them.

     Dense  grid:    33427 G-vectors     FFT dimensions: (  24,  24, 144)

     Estimated max dynamical RAM per process >       2.42 MB

     Estimated total dynamical RAM >      19.37 MB

     The potential is recalculated from file :
     ../tmp/_ph0/gr.save/charge-density

     Starting wfcs are    0 atomic +    8 random wfcs

     Band Structure Calculation
     Davidson diagonalization with overlap

     ethr =  1.25E-10,  avg # of iterations = 36.3

     total cpu time spent up to now is     4273.4 secs

     End of band structure calculation

     Number of k-points >= 100: set verbosity='high' to print the bands.

     the Fermi energy is    -1.7005 ev

     Writing config to output data dir ../tmp/_ph0/gr.save/ :
     XML data file
 
     [dfpt_tetra]  Dos(E_F)[/Ry] :   0.2835878E-01

     graphene no-degauss DFPT; stage=pilot lane=A label=KG_d007 direction=KG del

     bravais-lattice index     =            4
     lattice parameter (alat)  =       4.6487  a.u.
     unit-cell volume          =     530.5041 (a.u.)^3
     number of atoms/cell      =            2
     number of atomic types    =            1
     kinetic-energy cut-off    =      60.0000  Ry
     charge density cut-off    =     240.0000  Ry
     convergence threshold     =      1.0E-14
     beta                      =       0.7000
     number of iterations used =            4
     Exchange-correlation= PBE
                           (   1   4   3   4   0   0   0)


     celldm(1)=    4.64873  celldm(2)=    0.00000  celldm(3)=    6.09756
     celldm(4)=    0.00000  celldm(5)=    0.00000  celldm(6)=    0.00000

     crystal axes: (cart. coord. in units of alat)
               a(1) = (  1.0000  0.0000  0.0000 )  
               a(2) = ( -0.5000  0.8660  0.0000 )  
               a(3) = (  0.0000  0.0000  6.0976 )  

     reciprocal axes: (cart. coord. in units 2 pi/alat)
               b(1) = (  1.0000  0.5774 -0.0000 )  
               b(2) = (  0.0000  1.1547  0.0000 )  
               b(3) = (  0.0000 -0.0000  0.1640 )  


     Atoms inside the unit cell: 

     Cartesian axes

     site n.  atom      mass           positions (alat units)
        1  C      12.0110   tau(    1) = (    0.00000    0.00000    0.00000  )
        2  C      12.0110   tau(    2) = (   -0.00000    0.57735    0.00000  )

     Computing dynamical matrix for 
                    q = (   0.3310000   0.5733088   0.0000000 )

      4 Sym.Ops. (no q -> -q+G )


     G cutoff =  131.3770  (   4183 G-vectors)     FFT grid: ( 24, 24,144)
     number of k points= 37056

     PseudoPot. # 1 for C  read from file:
     /root/phonon/pseudo/C_ONCV_PBE-1.2.upf
     MD5 check sum: 1a5f83a7b1f58d24996abe00ed223ac6
     Pseudo is Norm-conserving, Zval =  4.0
     Generated using ONCVPSP code by D. R. Hamann
     Using radial grid of  602 points,  4 beta functions with: 
                l(1) =   0
                l(2) =   0
                l(3) =   1
                l(4) =   1

     Mode symmetry, C_2v (mm2)  point group:


     Atomic displacements:
     There are    6 irreducible representations

     Representation     1      1 modes -  To be done

     Representation     2      1 modes -  To be done

     Representation     3      1 modes -  To be done

     Representation     4      1 modes -  To be done

     Representation     5      1 modes -  To be done

     Representation     6      1 modes -  To be done


     Message from routine init_vloc:
     Interpolation table for Vloc re-allocated

     Alpha used in Ewald sum =   2.5000
     PHONON       :  58m33.70s CPU      1h12m WALL



     Representation #   1 mode #   1

     Self-consistent Calculation

      iter #   1 total cpu time :  4805.9 secs   av.it.:   3.8
      thresh= 1.000E-02 alpha_mix =  0.700 |ddv_scf|^2 =  3.257E-06

      iter #   2 total cpu time :  5433.1 secs   av.it.:   5.8
      thresh= 1.805E-04 alpha_mix =  0.700 |ddv_scf|^2 =  2.226E-06

      iter #   3 total cpu time :  6033.5 secs   av.it.:   5.4
      thresh= 1.492E-04 alpha_mix =  0.700 |ddv_scf|^2 =  7.241E-08

      iter #   4 total cpu time :  6714.2 secs   av.it.:   5.4
      thresh= 2.691E-05 alpha_mix =  0.700 |ddv_scf|^2 =  2.581E-10

      iter #   5 total cpu time :  7268.3 secs   av.it.:   5.5
      thresh= 1.606E-06 alpha_mix =  0.700 |ddv_scf|^2 =  7.071E-12

      iter #   6 total cpu time :  7807.9 secs   av.it.:   5.4
      thresh= 2.659E-07 alpha_mix =  0.700 |ddv_scf|^2 =  8.848E-15

     End of self-consistent calculation

     Convergence has been achieved 


     Representation #   2 mode #   2

     Self-consistent Calculation

      iter #   1 total cpu time :  8280.5 secs   av.it.:   3.8
      thresh= 1.000E-02 alpha_mix =  0.700 |ddv_scf|^2 =  3.101E-06

      iter #   2 total cpu time :  8840.2 secs   av.it.:   5.8
      thresh= 1.761E-04 alpha_mix =  0.700 |ddv_scf|^2 =  1.976E-06

      iter #   3 total cpu time :  9408.2 secs   av.it.:   5.5
      thresh= 1.406E-04 alpha_mix =  0.700 |ddv_scf|^2 =  7.842E-08

      iter #   4 total cpu time : 10078.3 secs   av.it.:   5.4
      thresh= 2.800E-05 alpha_mix =  0.700 |ddv_scf|^2 =  2.540E-10

      iter #   5 total cpu time : 10691.2 secs   av.it.:   5.5
      thresh= 1.594E-06 alpha_mix =  0.700 |ddv_scf|^2 =  7.040E-12

      iter #   6 total cpu time : 11290.4 secs   av.it.:   5.4
      thresh= 2.653E-07 alpha_mix =  0.700 |ddv_scf|^2 =  8.983E-15

     End of self-consistent calculation

     Convergence has been achieved 


     Representation #   3 mode #   3

     Self-consistent Calculation

      iter #   1 total cpu time : 11796.9 secs   av.it.:   3.2
      thresh= 1.000E-02 alpha_mix =  0.700 |ddv_scf|^2 =  2.772E-07

      iter #   2 total cpu time : 12504.9 secs   av.it.:   5.4
      thresh= 5.265E-05 alpha_mix =  0.700 |ddv_scf|^2 =  2.138E-09

      iter #   3 total cpu time : 13119.1 secs   av.it.:   5.2
      thresh= 4.624E-06 alpha_mix =  0.700 |ddv_scf|^2 =  1.115E-10

      iter #   4 total cpu time : 13668.7 secs   av.it.:   4.6
      thresh= 1.056E-06 alpha_mix =  0.700 |ddv_scf|^2 =  3.171E-14

      iter #   5 total cpu time : 14245.1 secs   av.it.:   5.1
      thresh= 1.781E-08 alpha_mix =  0.700 |ddv_scf|^2 =  5.151E-16

     End of self-consistent calculation

     Convergence has been achieved 


     Representation #   4 mode #   4

     Self-consistent Calculation

      iter #   1 total cpu time : 14778.7 secs   av.it.:   3.5
      thresh= 1.000E-02 alpha_mix =  0.700 |ddv_scf|^2 =  1.229E-06

      iter #   2 total cpu time : 15418.0 secs   av.it.:   5.8
      thresh= 1.109E-04 alpha_mix =  0.700 |ddv_scf|^2 =  1.362E-06

      iter #   3 total cpu time : 16091.8 secs   av.it.:   5.4
      thresh= 1.167E-04 alpha_mix =  0.700 |ddv_scf|^2 =  2.276E-09

      iter #   4 total cpu time : 16705.8 secs   av.it.:   5.4
      thresh= 4.771E-06 alpha_mix =  0.700 |ddv_scf|^2 =  3.368E-11

      iter #   5 total cpu time : 17254.2 secs   av.it.:   5.4
      thresh= 5.804E-07 alpha_mix =  0.700 |ddv_scf|^2 =  1.040E-14

      iter #   6 total cpu time : 17830.1 secs   av.it.:   5.7
      thresh= 1.020E-08 alpha_mix =  0.700 |ddv_scf|^2 =  5.198E-16

     End of self-consistent calculation

     Convergence has been achieved 


     Representation #   5 mode #   5

     Self-consistent Calculation

      iter #   1 total cpu time : 18363.3 secs   av.it.:   3.6
      thresh= 1.000E-02 alpha_mix =  0.700 |ddv_scf|^2 =  2.054E-06

      iter #   2 total cpu time : 19059.7 secs   av.it.:   5.8
      thresh= 1.433E-04 alpha_mix =  0.700 |ddv_scf|^2 =  2.286E-06

      iter #   3 total cpu time : 19651.9 secs   av.it.:   5.4
      thresh= 1.512E-04 alpha_mix =  0.700 |ddv_scf|^2 =  3.336E-09

      iter #   4 total cpu time : 20245.7 secs   av.it.:   5.4
      thresh= 5.776E-06 alpha_mix =  0.700 |ddv_scf|^2 =  3.403E-11

      iter #   5 total cpu time : 20820.2 secs   av.it.:   5.3
      thresh= 5.833E-07 alpha_mix =  0.700 |ddv_scf|^2 =  1.217E-14

      iter #   6 total cpu time : 21440.6 secs   av.it.:   5.6
      thresh= 1.103E-08 alpha_mix =  0.700 |ddv_scf|^2 =  6.776E-16

     End of self-consistent calculation

     Convergence has been achieved 


     Representation #   6 mode #   6

     Self-consistent Calculation

      iter #   1 total cpu time : 21898.4 secs   av.it.:   3.2
      thresh= 1.000E-02 alpha_mix =  0.700 |ddv_scf|^2 =  2.879E-07

      iter #   2 total cpu time : 22455.0 secs   av.it.:   5.4
      thresh= 5.366E-05 alpha_mix =  0.700 |ddv_scf|^2 =  2.316E-09

      iter #   3 total cpu time : 22978.5 secs   av.it.:   5.2
      thresh= 4.812E-06 alpha_mix =  0.700 |ddv_scf|^2 =  1.126E-10

      iter #   4 total cpu time : 23471.3 secs   av.it.:   4.6
      thresh= 1.061E-06 alpha_mix =  0.700 |ddv_scf|^2 =  3.203E-14

      iter #   5 total cpu time : 23965.5 secs   av.it.:   5.1
      thresh= 1.790E-08 alpha_mix =  0.700 |ddv_scf|^2 =  5.890E-16

     End of self-consistent calculation

     Convergence has been achieved 

     Number of q in the star =    6
     List of q in the star:
          1   0.331000000   0.573308817   0.000000000
          2  -0.331000000   0.573308817   0.000000000
          3   0.662000000  -0.000000000   0.000000000
          4  -0.662000000   0.000000000   0.000000000
          5   0.331000000  -0.573308817   0.000000000
          6  -0.331000000  -0.573308817   0.000000000

     Diagonalizing the dynamical matrix

     q = (    0.331000000   0.573308817   0.000000000 ) 

 **************************************************************************
     freq (    1) =      16.216590 [THz] =     540.927202 [cm-1]
     freq (    2) =      16.409454 [THz] =     547.360483 [cm-1]
     freq (    3) =      30.124011 [THz] =    1004.828852 [cm-1]
     freq (    4) =      36.721040 [THz] =    1224.882061 [cm-1]
     freq (    5) =      36.903306 [THz] =    1230.961781 [cm-1]
     freq (    6) =      38.650664 [THz] =    1289.247374 [cm-1]
 **************************************************************************

     Mode symmetry, C_2v (mm2)  point group:

     freq (   1-   1) =        540.9  [cm-1]   --> B_2  D_4  S_4      
     freq (   2-   2) =        547.4  [cm-1]   --> A_2  D_2  S_2      
     freq (   3-   3) =       1004.8  [cm-1]   --> B_1  D_3  S_3      
     freq (   4-   4) =       1224.9  [cm-1]   --> A_1  D_1  S_1      
     freq (   5-   5) =       1231.0  [cm-1]   --> B_1  D_3  S_3      
     freq (   6-   6) =       1289.2  [cm-1]   --> A_1  D_1  S_1      

     init_run     :      2.24s CPU      2.48s WALL (       1 calls)
     electrons    :   3444.86s CPU   4243.25s WALL (       1 calls)

     Called by init_run:
     wfcinit      :      0.00s CPU      0.00s WALL (       1 calls)
     potinit      :      0.01s CPU      0.01s WALL (       1 calls)
     hinit0       :      0.00s CPU      0.00s WALL (       1 calls)

     Called by electrons:
     c_bands      :   3443.71s CPU   4241.80s WALL (       1 calls)
     v_of_rho     :      0.01s CPU      0.01s WALL (       2 calls)

     Called by c_bands:
     init_us_2    :    119.81s CPU    153.23s WALL (  926400 calls)
     cegterg      :   3303.88s CPU   4063.87s WALL (   83632 calls)

     Called by *egterg:
     cdiaghg      :    307.66s CPU    377.71s WALL ( 1382460 calls)
     h_psi        :  13208.08s CPU  16246.34s WALL ( 8722182 calls)
     g_psi        :     29.90s CPU     37.00s WALL ( 1345404 calls)

     Called by h_psi:
     h_psi:calbec :    799.50s CPU    983.71s WALL ( 8722182 calls)
     vloc_psi     :  12123.72s CPU  14913.75s WALL ( 8722182 calls)
                                        0.00s GPU  ( 8722182 calls)
     add_vuspsi   :    200.94s CPU    247.86s WALL ( 8722182 calls)

     General routines
     calbec       :    828.33s CPU   1020.26s WALL ( 9352134 calls)
     fft          :      0.45s CPU      0.50s WALL (     398 calls)
     ffts         :     38.36s CPU     48.23s WALL (  111204 calls)
     fftw         :  14358.33s CPU  17762.29s WALL (90385122 calls)
     davcio       :    262.93s CPU    437.27s WALL ( 3468109 calls)

     Parallel routines

     PHONON       :      5h21m CPU      6h39m WALL

     INITIALIZATION: 
     phq_setup    :      1.07s CPU      1.24s WALL (       1 calls)
     phq_init     :     28.96s CPU     39.16s WALL (       1 calls)

     phq_init     :     28.96s CPU     39.16s WALL (       1 calls)
     init_vloc    :      0.01s CPU      0.01s WALL (       2 calls)
     init_us_1    :      0.00s CPU      0.00s WALL (       2 calls)
     init_us_2    :    119.81s CPU    153.23s WALL (  926400 calls)

     DYNAMICAL MATRIX:
     dynmat0      :     16.75s CPU     21.50s WALL (       1 calls)
     dynmat_us    :     16.74s CPU     21.49s WALL (       1 calls)
     d2ionq       :      0.00s CPU      0.01s WALL (       1 calls)
     phqscf       :  15794.99s CPU  19652.39s WALL (       1 calls)
     dynmatrix    :      0.00s CPU      0.05s WALL (       1 calls)

     phqscf       :  15794.99s CPU  19652.39s WALL (       1 calls)
     solve_linter :  15726.35s CPU  19568.12s WALL (       6 calls)
     dfpt_kernel  :  15303.39s CPU  19002.29s WALL (       6 calls)
     sth_kernel   :  15302.55s CPU  19000.85s WALL (      34 calls)
     h_prec       :    135.95s CPU    170.26s WALL (  629952 calls)
     apply_dpot_b :   1422.51s CPU   1829.28s WALL (  518784 calls)
     ortho        :     96.74s CPU    122.80s WALL (  629952 calls)
     cgsolve      :  11492.25s CPU  14124.34s WALL (  629952 calls)
     incdrhoscf   :   1818.82s CPU   2265.64s WALL (  629952 calls)
                                        0.00s GPU  (  629952 calls)
     dv_of_drho   :      0.20s CPU      0.24s WALL (      34 calls)
     mix_pot      :      0.14s CPU      0.42s WALL (      34 calls)
     drhodv       :     68.63s CPU     84.21s WALL (       6 calls)
     psymdvscf    :      0.41s CPU      0.51s WALL (      34 calls)
     com_dvloc    :     53.06s CPU     66.86s WALL (  111204 calls)
                                        0.00s GPU  (  111204 calls)
     addcore      :      0.00s CPU      0.00s WALL (       6 calls)
                                        0.00s GPU  (       6 calls)

     dvqpsi_us    :    389.18s CPU    486.17s WALL (  111168 calls)
                                        0.00s GPU  (  111168 calls)
     dvqpsi_us_on :     28.57s CPU     35.31s WALL (  111168 calls)

     add_vuspsi   :    200.94s CPU    247.86s WALL ( 8722182 calls)


      General routines
     calbec       :    828.33s CPU   1020.26s WALL ( 9352134 calls)
     fft          :      0.45s CPU      0.50s WALL (     398 calls)
     ffts         :     38.36s CPU     48.23s WALL (  111204 calls)
     fftw         :  14358.33s CPU  17762.29s WALL (90385122 calls)
     davcio       :    262.93s CPU    437.27s WALL ( 3468109 calls)
     write_rec    :      0.04s CPU      0.21s WALL (      40 calls)

      Additional routines
     ch_psi       :  11082.65s CPU  13621.50s WALL ( 7256090 calls)
     last         :    479.60s CPU    586.01s WALL ( 7256090 calls)
     Hesh         :     34.49s CPU     42.94s WALL ( 7256090 calls)
     ch_psi_all_k :    425.01s CPU    519.65s WALL ( 7256090 calls)
                                        0.00s GPU  ( 7256090 calls)
     h_psi_bgrp   :  13220.55s CPU  16260.61s WALL ( 8722182 calls)
     h_psi        :  13208.08s CPU  16246.34s WALL ( 8722182 calls)
     h_psi:pot    :  13153.57s CPU  16178.47s WALL ( 8722182 calls)
     h_psi:calbec :    799.50s CPU    983.71s WALL ( 8722182 calls)
     s_psi_bgrp   :     63.65s CPU     78.33s WALL (15142132 calls)


     PHONON       :      5h21m CPU      6h39m WALL


   This run was terminated on:   1:16:55  13Aug2026            

=------------------------------------------------------------------------------=
   JOB DONE.
=------------------------------------------------------------------------------=
