
     Program PHONON v.7.5 starts on 12Aug2026 at 16:41:24 

     This program is part of the open-source Quantum ESPRESSO suite
     for quantum simulation of materials; please cite
         "P. Giannozzi et al., J. Phys.:Condens. Matter 21 395502 (2009);
         "P. Giannozzi et al., J. Phys.:Condens. Matter 29 465901 (2017);
         "P. Giannozzi et al., J. Chem. Phys. 152 154105 (2020);
          URL http://www.quantum-espresso.org", 
     in publications or presentations arising from this work. More details at
     http://www.quantum-espresso.org/quote

     Parallel version (MPI & OpenMP), running on       8 processor cores
     Number of MPI processes:                 8
     Threads/MPI process:                     1

     MPI processes distributed on     1 nodes
     16389 MiB available memory on the printing compute node when the environment starts

     Reading input from ph.in

     Reading xml data from directory:

     ../tmp/gr.save/

     R & G space division:  proc/nbgrp/npool/nimage =       8
     Subspace diagonalization in iterative solution of the eigenvalue problem:
     a serial algorithm will be used


     IMPORTANT: XC functional enforced from input :
     Exchange-correlation= PBE
                           (   1   4   3   4   0   0   0)
     Any further DFT definition will be discarded
     Please, verify this is what you really want


     Parallelization info
     --------------------
     sticks:   dense  smooth     PW     G-vecs:    dense   smooth      PW
     Min          45      45     13                 4167     4167     709
     Max          46      46     14                 4184     4184     730
     Sum         361     361    109                33427    33427    5779

     Using Slab Decomposition

     Reading collected, re-writing distributed wavefunctions in ../tmp/

     Number and degeneracy of irreps per q-point
       N         xq(1)         xq(2)         xq(3)   N irreps
       1   0.333333333   0.577350269   0.000000000       4
        2   1   1   2

     Calculation of q =    0.3333333   0.5773503   0.0000000
     [opt_tetra]  Optimized tetrahedron method is used.

     Parallelization info
     --------------------
     sticks:   dense  smooth     PW     G-vecs:    dense   smooth      PW
     Min          45      45     16                 4167     4167     963
     Max          46      46     18                 4184     4184     972
     Sum         361     361    139                33427    33427    7725

     Using Slab Decomposition


     Title: 
     graphene no-degauss DFPT; stage=pilot lane=B label=K direction=K delta=0.00


     bravais-lattice index     =            4
     lattice parameter (alat)  =       4.6487  a.u.
     unit-cell volume          =     530.5041 (a.u.)^3
     number of atoms/cell      =            2
     number of atomic types    =            1
     number of electrons       =         8.00
     number of Kohn-Sham states=            8
     kinetic-energy cutoff     =      60.0000  Ry
     charge density cutoff     =     240.0000  Ry
     Exchange-correlation= PBE
                           (   1   4   3   4   0   0   0)

     celldm(1)=   4.648726  celldm(2)=   0.000000  celldm(3)=   6.097561
     celldm(4)=   0.000000  celldm(5)=   0.000000  celldm(6)=   0.000000

     crystal axes: (cart. coord. in units of alat)
               a(1) = (   1.000000   0.000000   0.000000 )  
               a(2) = (  -0.500000   0.866025   0.000000 )  
               a(3) = (   0.000000   0.000000   6.097561 )  

     reciprocal axes: (cart. coord. in units 2 pi/alat)
               b(1) = (  1.000000  0.577350 -0.000000 )  
               b(2) = (  0.000000  1.154701  0.000000 )  
               b(3) = (  0.000000 -0.000000  0.164000 )  


     PseudoPot. # 1 for C  read from file:
     /root/phonon/pseudo/C_ONCV_PBE-1.2.upf
     MD5 check sum: 1a5f83a7b1f58d24996abe00ed223ac6
     Pseudo is Norm-conserving, Zval =  4.0
     Generated using ONCVPSP code by D. R. Hamann
     Using radial grid of  602 points,  4 beta functions with: 
                l(1) =   0
                l(2) =   0
                l(3) =   1
                l(4) =   1

     atomic species   valence    mass     pseudopotential
     C                 4.00    12.01100     C ( 1.00)

     24 Sym. Ops., with inversion, found



   Cartesian axes

     site n.     atom                  positions (alat units)
         1        C      tau(   1) = (   0.0000000   0.0000000   0.0000000  )
         2        C      tau(   2) = (  -0.0000000   0.5773503   0.0000000  )

     number of k points= 12482 (tetrahedron method)

     Number of k-points >= 100: set verbosity='high' to print them.

     Dense  grid:    33427 G-vectors     FFT dimensions: (  24,  24, 144)

     Estimated max dynamical RAM per process >       2.42 MB

     Estimated total dynamical RAM >      19.37 MB

     The potential is recalculated from file :
     ../tmp/_ph0/gr.save/charge-density

     Starting wfcs are    0 atomic +    8 random wfcs

     Band Structure Calculation
     Davidson diagonalization with overlap

     ethr =  1.25E-10,  avg # of iterations = 36.4

     total cpu time spent up to now is     1386.9 secs

     End of band structure calculation

     Number of k-points >= 100: set verbosity='high' to print the bands.

     the Fermi energy is    -1.7005 ev

     Writing config to output data dir ../tmp/_ph0/gr.save/ :
     XML data file
 
     [dfpt_tetra]  Dos(E_F)[/Ry] :   0.2835877E-01

     graphene no-degauss DFPT; stage=pilot lane=B label=K direction=K delta=0.00

     bravais-lattice index     =            4
     lattice parameter (alat)  =       4.6487  a.u.
     unit-cell volume          =     530.5041 (a.u.)^3
     number of atoms/cell      =            2
     number of atomic types    =            1
     kinetic-energy cut-off    =      60.0000  Ry
     charge density cut-off    =     240.0000  Ry
     convergence threshold     =      1.0E-14
     beta                      =       0.7000
     number of iterations used =            4
     Exchange-correlation= PBE
                           (   1   4   3   4   0   0   0)


     celldm(1)=    4.64873  celldm(2)=    0.00000  celldm(3)=    6.09756
     celldm(4)=    0.00000  celldm(5)=    0.00000  celldm(6)=    0.00000

     crystal axes: (cart. coord. in units of alat)
               a(1) = (  1.0000  0.0000  0.0000 )  
               a(2) = ( -0.5000  0.8660  0.0000 )  
               a(3) = (  0.0000  0.0000  6.0976 )  

     reciprocal axes: (cart. coord. in units 2 pi/alat)
               b(1) = (  1.0000  0.5774 -0.0000 )  
               b(2) = (  0.0000  1.1547  0.0000 )  
               b(3) = (  0.0000 -0.0000  0.1640 )  


     Atoms inside the unit cell: 

     Cartesian axes

     site n.  atom      mass           positions (alat units)
        1  C      12.0110   tau(    1) = (    0.00000    0.00000    0.00000  )
        2  C      12.0110   tau(    2) = (   -0.00000    0.57735    0.00000  )

     Computing dynamical matrix for 
                    q = (   0.3333333   0.5773503   0.0000000 )

     12 Sym.Ops. (no q -> -q+G )


     G cutoff =  131.3770  (   4183 G-vectors)     FFT grid: ( 24, 24,144)
     number of k points= 12482

     PseudoPot. # 1 for C  read from file:
     /root/phonon/pseudo/C_ONCV_PBE-1.2.upf
     MD5 check sum: 1a5f83a7b1f58d24996abe00ed223ac6
     Pseudo is Norm-conserving, Zval =  4.0
     Generated using ONCVPSP code by D. R. Hamann
     Using radial grid of  602 points,  4 beta functions with: 
                l(1) =   0
                l(2) =   0
                l(3) =   1
                l(4) =   1


     Atomic displacements:
     There are    4 irreducible representations

     Representation     1      2 modes -  To be done

     Representation     2      1 modes -  To be done

     Representation     3      1 modes -  To be done

     Representation     4      2 modes -  To be done


     Message from routine init_vloc:
     Interpolation table for Vloc re-allocated

     Alpha used in Ewald sum =   2.5000
     PHONON       :  21m16.81s CPU  23m23.47s WALL



     Representation #   1 modes #   1   2

     Self-consistent Calculation

      iter #   1 total cpu time :  1702.6 secs   av.it.:   3.2
      thresh= 1.000E-02 alpha_mix =  0.700 |ddv_scf|^2 =  7.062E-08

      iter #   2 total cpu time :  2103.0 secs   av.it.:   5.8
      thresh= 2.657E-05 alpha_mix =  0.700 |ddv_scf|^2 =  5.561E-10

      iter #   3 total cpu time :  2490.8 secs   av.it.:   5.6
      thresh= 2.358E-06 alpha_mix =  0.700 |ddv_scf|^2 =  2.800E-11

      iter #   4 total cpu time :  2813.7 secs   av.it.:   5.1
      thresh= 5.291E-07 alpha_mix =  0.700 |ddv_scf|^2 =  7.956E-15

     End of self-consistent calculation

     Convergence has been achieved 


     Representation #   2 mode #   3

     Self-consistent Calculation

      iter #   1 total cpu time :  2940.3 secs   av.it.:   3.0
      thresh= 1.000E-02 alpha_mix =  0.700 |ddv_scf|^2 =  9.649E-09

      iter #   2 total cpu time :  3100.2 secs   av.it.:   5.1
      thresh= 9.823E-06 alpha_mix =  0.700 |ddv_scf|^2 =  9.501E-10

      iter #   3 total cpu time :  3259.7 secs   av.it.:   5.0
      thresh= 3.082E-06 alpha_mix =  0.700 |ddv_scf|^2 =  1.121E-12

      iter #   4 total cpu time :  3430.6 secs   av.it.:   5.5
      thresh= 1.059E-07 alpha_mix =  0.700 |ddv_scf|^2 =  2.336E-15

     End of self-consistent calculation

     Convergence has been achieved 


     Representation #   3 mode #   4

     Self-consistent Calculation

      iter #   1 total cpu time :  3565.0 secs   av.it.:   3.6
      thresh= 1.000E-02 alpha_mix =  0.700 |ddv_scf|^2 =  3.037E-06

      iter #   2 total cpu time :  3731.7 secs   av.it.:   5.5
      thresh= 1.743E-04 alpha_mix =  0.700 |ddv_scf|^2 =  4.369E-07

      iter #   3 total cpu time :  3897.7 secs   av.it.:   5.3
      thresh= 6.609E-05 alpha_mix =  0.700 |ddv_scf|^2 =  2.698E-10

      iter #   4 total cpu time :  4062.4 secs   av.it.:   5.2
      thresh= 1.642E-06 alpha_mix =  0.700 |ddv_scf|^2 =  2.851E-12

      iter #   5 total cpu time :  4228.6 secs   av.it.:   5.3
      thresh= 1.689E-07 alpha_mix =  0.700 |ddv_scf|^2 =  1.876E-14

      iter #   6 total cpu time :  4397.2 secs   av.it.:   5.4
      thresh= 1.370E-08 alpha_mix =  0.700 |ddv_scf|^2 =  3.168E-16

     End of self-consistent calculation

     Convergence has been achieved 


     Representation #   4 modes #   5   6

     Self-consistent Calculation

      iter #   1 total cpu time :  4663.1 secs   av.it.:   3.8
      thresh= 1.000E-02 alpha_mix =  0.700 |ddv_scf|^2 =  8.336E-07

      iter #   2 total cpu time :  5018.5 secs   av.it.:   6.1
      thresh= 9.130E-05 alpha_mix =  0.700 |ddv_scf|^2 =  9.525E-07

      iter #   3 total cpu time :  5362.8 secs   av.it.:   5.9
      thresh= 9.759E-05 alpha_mix =  0.700 |ddv_scf|^2 =  1.240E-09

      iter #   4 total cpu time :  5711.7 secs   av.it.:   5.9
      thresh= 3.522E-06 alpha_mix =  0.700 |ddv_scf|^2 =  8.567E-12

      iter #   5 total cpu time :  6063.0 secs   av.it.:   5.7
      thresh= 2.927E-07 alpha_mix =  0.700 |ddv_scf|^2 =  4.263E-15

     End of self-consistent calculation

     Convergence has been achieved 

     Number of q in the star =    2
     List of q in the star:
          1   0.333333333   0.577350269   0.000000000
          2  -0.333333333  -0.577350269   0.000000000

     Diagonalizing the dynamical matrix

     q = (    0.333333333   0.577350269   0.000000000 ) 

 **************************************************************************
     freq (    1) =      16.316546 [THz] =     544.261396 [cm-1]
     freq (    2) =      16.316546 [THz] =     544.261397 [cm-1]
     freq (    3) =      30.130032 [THz] =    1005.029681 [cm-1]
     freq (    4) =      36.811019 [THz] =    1227.883419 [cm-1]
     freq (    5) =      36.811019 [THz] =    1227.883420 [cm-1]
     freq (    6) =      38.408348 [THz] =    1281.164583 [cm-1]
 **************************************************************************

     init_run     :      1.21s CPU      1.23s WALL (       1 calls)
     electrons    :   1233.91s CPU   1358.53s WALL (       1 calls)

     Called by init_run:
     wfcinit      :      0.00s CPU      0.00s WALL (       1 calls)
     potinit      :      0.01s CPU      0.01s WALL (       1 calls)
     hinit0       :      0.04s CPU      0.04s WALL (       1 calls)

     Called by electrons:
     c_bands      :   1232.86s CPU   1357.46s WALL (       1 calls)
     v_of_rho     :      0.01s CPU      0.01s WALL (       2 calls)

     Called by c_bands:
     init_us_2    :     22.96s CPU     26.29s WALL (  193471 calls)
     cegterg      :   1182.37s CPU   1300.75s WALL (   28232 calls)

     Called by *egterg:
     cdiaghg      :    104.81s CPU    114.65s WALL (  466325 calls)
     h_psi        :   3777.84s CPU   4236.48s WALL ( 2520958 calls)
     g_psi        :     10.32s CPU     11.34s WALL (  453843 calls)

     Called by h_psi:
     h_psi:calbec :    218.18s CPU    244.57s WALL ( 2520958 calls)
     vloc_psi     :   3478.25s CPU   3900.79s WALL ( 2520958 calls)
                                        0.00s GPU  ( 2520958 calls)
     add_vuspsi   :     59.05s CPU     66.44s WALL ( 2520958 calls)

     General routines
     calbec       :    225.83s CPU    253.32s WALL ( 2733152 calls)
     fft          :      0.39s CPU      0.40s WALL (     332 calls)
     ffts         :     10.94s CPU     12.49s WALL (   37470 calls)
     fftw         :   4057.29s CPU   4569.65s WALL (26006332 calls)
     davcio       :     41.73s CPU     51.15s WALL (  858282 calls)

     Parallel routines

     PHONON       :      1h29m CPU      1h41m WALL

     INITIALIZATION: 
     phq_setup    :      0.95s CPU      0.99s WALL (       1 calls)
     phq_init     :      8.67s CPU      9.68s WALL (       1 calls)

     phq_init     :      8.67s CPU      9.68s WALL (       1 calls)
     init_vloc    :      0.04s CPU      0.04s WALL (       2 calls)
     init_us_1    :      0.00s CPU      0.00s WALL (       2 calls)
     init_us_2    :     22.96s CPU     26.29s WALL (  193471 calls)

     DYNAMICAL MATRIX:
     dynmat0      :      5.73s CPU      6.05s WALL (       1 calls)
     dynmat_us    :      5.73s CPU      6.04s WALL (       1 calls)
     d2ionq       :      0.00s CPU      0.00s WALL (       1 calls)
     phqscf       :   4117.13s CPU   4664.47s WALL (       1 calls)
     dynmatrix    :      0.00s CPU      0.00s WALL (       1 calls)

     phqscf       :   4117.13s CPU   4664.47s WALL (       1 calls)
     solve_linter :   4102.90s CPU   4648.96s WALL (       4 calls)
     dfpt_kernel  :   3972.10s CPU   4500.08s WALL (       4 calls)
     sth_kernel   :   3971.09s CPU   4499.03s WALL (      19 calls)
     h_prec       :     12.99s CPU     14.84s WALL (  118579 calls)
     apply_dpot_b :    358.69s CPU    413.96s WALL (  137302 calls)
     ortho        :     23.15s CPU     26.60s WALL (  174748 calls)
     cgsolve      :   3039.45s CPU   3426.67s WALL (  174748 calls)
     incdrhoscf   :    483.59s CPU    552.79s WALL (  174748 calls)
                                        0.00s GPU  (  174748 calls)
     dv_of_drho   :      0.16s CPU      0.16s WALL (      28 calls)
     mix_pot      :      0.02s CPU      0.03s WALL (      19 calls)
     drhodv       :     14.23s CPU     15.50s WALL (       4 calls)
     psymdvscf    :      0.81s CPU      0.83s WALL (      19 calls)
     com_dvloc    :     16.55s CPU     18.92s WALL (   37470 calls)
                                        0.00s GPU  (   37470 calls)
     addcore      :      0.00s CPU      0.00s WALL (       6 calls)
                                        0.00s GPU  (       6 calls)

     dvqpsi_us    :    124.29s CPU    141.31s WALL (   37446 calls)
                                        0.00s GPU  (   37446 calls)
     dvqpsi_us_on :      9.48s CPU     10.72s WALL (   37446 calls)

     add_vuspsi   :     59.05s CPU     66.44s WALL ( 2520958 calls)


      General routines
     calbec       :    225.83s CPU    253.32s WALL ( 2733152 calls)
     fft          :      0.39s CPU      0.40s WALL (     332 calls)
     ffts         :     10.94s CPU     12.49s WALL (   37470 calls)
     fftw         :   4057.29s CPU   4569.65s WALL (26006332 calls)
     davcio       :     41.73s CPU     51.15s WALL (  858282 calls)
     write_rec    :      0.01s CPU      0.02s WALL (      23 calls)

      Additional routines
     ch_psi       :   2943.94s CPU   3319.33s WALL ( 2026401 calls)
     last         :    119.32s CPU    133.82s WALL ( 2026401 calls)
     Hesh         :      8.74s CPU     10.02s WALL ( 2026401 calls)
     ch_psi_all_k :    105.14s CPU    117.97s WALL ( 2026401 calls)
                                        0.00s GPU  ( 2026401 calls)
     h_psi_bgrp   :   3781.45s CPU   4240.36s WALL ( 2520958 calls)
     h_psi        :   3777.84s CPU   4236.48s WALL ( 2520958 calls)
     h_psi:pot    :   3763.50s CPU   4220.25s WALL ( 2520958 calls)
     h_psi:calbec :    218.18s CPU    244.57s WALL ( 2520958 calls)
     s_psi_bgrp   :     16.08s CPU     18.03s WALL ( 4227550 calls)


     PHONON       :      1h29m CPU      1h41m WALL


   This run was terminated on:  18:22:32  12Aug2026            

=------------------------------------------------------------------------------=
   JOB DONE.
=------------------------------------------------------------------------------=
