
     Program PHONON v.7.5 starts on 12Aug2026 at 17:16:39 

     This program is part of the open-source Quantum ESPRESSO suite
     for quantum simulation of materials; please cite
         "P. Giannozzi et al., J. Phys.:Condens. Matter 21 395502 (2009);
         "P. Giannozzi et al., J. Phys.:Condens. Matter 29 465901 (2017);
         "P. Giannozzi et al., J. Chem. Phys. 152 154105 (2020);
          URL http://www.quantum-espresso.org", 
     in publications or presentations arising from this work. More details at
     http://www.quantum-espresso.org/quote

     Parallel version (MPI & OpenMP), running on       4 processor cores
     Number of MPI processes:                 1
     Threads/MPI process:                     4

     MPI processes distributed on     1 nodes
     1994 MiB available memory on the printing compute node when the environment starts
 
     Reading input from ph.in

     Reading xml data from directory:

     ../tmp/gr.save/
 
     Subspace diagonalization in iterative solution of the eigenvalue problem:
     a serial algorithm will be used


     IMPORTANT: XC functional enforced from input :
     Exchange-correlation= PBE
                           (   1   4   3   4   0   0   0)
     Any further DFT definition will be discarded
     Please, verify this is what you really want

 
     G-vector sticks info
     --------------------
     sticks:   dense  smooth     PW     G-vecs:    dense   smooth      PW
     Sum         361     361    109                33427    33427    5779
 
     Using Slab Decomposition
 
     Reading collected, re-writing distributed wavefunctions in ../tmp/

     Number and degeneracy of irreps per q-point
       N         xq(1)         xq(2)         xq(3)   N irreps
       1   0.333333333   0.577350269   0.000000000       4
        2   1   1   2

     Calculation of q =    0.3333333   0.5773503   0.0000000
     [opt_tetra]  Optimized tetrahedron method is used.
 
     G-vector sticks info
     --------------------
     sticks:   dense  smooth     PW     G-vecs:    dense   smooth      PW
     Sum         361     361    139                33427    33427    7725
 
     Using Slab Decomposition
 

     Title: 
     graphene no-degauss DFPT; stage=pilot lane=A label=K direction=K delta=0.00


     bravais-lattice index     =            4
     lattice parameter (alat)  =       4.6487  a.u.
     unit-cell volume          =     530.5041 (a.u.)^3
     number of atoms/cell      =            2
     number of atomic types    =            1
     number of electrons       =         8.00
     number of Kohn-Sham states=            8
     kinetic-energy cutoff     =      60.0000  Ry
     charge density cutoff     =     240.0000  Ry
     Exchange-correlation= PBE
                           (   1   4   3   4   0   0   0)

     GPU acceleration is ACTIVE.  1 visible GPUs per MPI rank


     celldm(1)=   4.648726  celldm(2)=   0.000000  celldm(3)=   6.097561
     celldm(4)=   0.000000  celldm(5)=   0.000000  celldm(6)=   0.000000

     crystal axes: (cart. coord. in units of alat)
               a(1) = (   1.000000   0.000000   0.000000 )  
               a(2) = (  -0.500000   0.866025   0.000000 )  
               a(3) = (   0.000000   0.000000   6.097561 )  

     reciprocal axes: (cart. coord. in units 2 pi/alat)
               b(1) = (  1.000000  0.577350 -0.000000 )  
               b(2) = (  0.000000  1.154701  0.000000 )  
               b(3) = (  0.000000 -0.000000  0.164000 )  


     PseudoPot. # 1 for C  read from file:
     /root/phonon/pseudo/C_ONCV_PBE-1.2.upf
     MD5 check sum: 1a5f83a7b1f58d24996abe00ed223ac6
     Pseudo is Norm-conserving, Zval =  4.0
     Generated using ONCVPSP code by D. R. Hamann
     Using radial grid of  602 points,  4 beta functions with: 
                l(1) =   0
                l(2) =   0
                l(3) =   1
                l(4) =   1

     atomic species   valence    mass     pseudopotential
     C                 4.00    12.01100     C ( 1.00)

     24 Sym. Ops., with inversion, found



   Cartesian axes

     site n.     atom                  positions (alat units)
         1        C      tau(   1) = (   0.0000000   0.0000000   0.0000000  )
         2        C      tau(   2) = (  -0.0000000   0.5773503   0.0000000  )

     number of k points= 12482 (tetrahedron method)

     Number of k-points >= 100: set verbosity='high' to print them.

     Dense  grid:    33427 G-vectors     FFT dimensions: (  24,  24, 144)

     Estimated max dynamical RAM per process >      16.32 MB

     The potential is recalculated from file :
     ../tmp/_ph0/gr.save/charge-density

     Starting wfcs are    0 atomic +    8 random wfcs

     Band Structure Calculation
     Davidson diagonalization with overlap
     c_bands:  1 eigenvalues not converged

     ethr =  1.25E-10,  avg # of iterations = 36.3

     total cpu time spent up to now is      811.5 secs

     End of band structure calculation

     Number of k-points >= 100: set verbosity='high' to print the bands.

     the Fermi energy is    -1.7005 ev

     Writing config to output data dir ../tmp/_ph0/gr.save/ :
     XML data file
 
     [dfpt_tetra]  Dos(E_F)[/Ry] :   0.2835877E-01

     graphene no-degauss DFPT; stage=pilot lane=A label=K direction=K delta=0.00

     bravais-lattice index     =            4
     lattice parameter (alat)  =       4.6487  a.u.
     unit-cell volume          =     530.5041 (a.u.)^3
     number of atoms/cell      =            2
     number of atomic types    =            1
     kinetic-energy cut-off    =      60.0000  Ry
     charge density cut-off    =     240.0000  Ry
     convergence threshold     =      1.0E-14
     beta                      =       0.7000
     number of iterations used =            4
     Exchange-correlation= PBE
                           (   1   4   3   4   0   0   0)


     celldm(1)=    4.64873  celldm(2)=    0.00000  celldm(3)=    6.09756
     celldm(4)=    0.00000  celldm(5)=    0.00000  celldm(6)=    0.00000

     crystal axes: (cart. coord. in units of alat)
               a(1) = (  1.0000  0.0000  0.0000 )  
               a(2) = ( -0.5000  0.8660  0.0000 )  
               a(3) = (  0.0000  0.0000  6.0976 )  

     reciprocal axes: (cart. coord. in units 2 pi/alat)
               b(1) = (  1.0000  0.5774 -0.0000 )  
               b(2) = (  0.0000  1.1547  0.0000 )  
               b(3) = (  0.0000 -0.0000  0.1640 )  


     Atoms inside the unit cell: 

     Cartesian axes

     site n.  atom      mass           positions (alat units)
        1  C      12.0110   tau(    1) = (    0.00000    0.00000    0.00000  )
        2  C      12.0110   tau(    2) = (   -0.00000    0.57735    0.00000  )

     Computing dynamical matrix for 
                    q = (   0.3333333   0.5773503   0.0000000 )
 
     12 Sym.Ops. (no q -> -q+G )


     G cutoff =  131.3770  (  33427 G-vectors)     FFT grid: ( 24, 24,144)
     number of k points= 12482

     PseudoPot. # 1 for C  read from file:
     /root/phonon/pseudo/C_ONCV_PBE-1.2.upf
     MD5 check sum: 1a5f83a7b1f58d24996abe00ed223ac6
     Pseudo is Norm-conserving, Zval =  4.0
     Generated using ONCVPSP code by D. R. Hamann
     Using radial grid of  602 points,  4 beta functions with: 
                l(1) =   0
                l(2) =   0
                l(3) =   1
                l(4) =   1


     Atomic displacements:
     There are    4 irreducible representations

     Representation     1      2 modes -  To be done

     Representation     2      1 modes -  To be done

     Representation     3      1 modes -  To be done

     Representation     4      2 modes -  To be done


     Message from routine init_vloc:
     Interpolation table for Vloc re-allocated

     Alpha used in Ewald sum =   2.5000
     PHONON       :  14m38.72s CPU  14m51.87s WALL



     Representation #   1 modes #   1   2

     Self-consistent Calculation

      iter #   1 total cpu time :  1232.9 secs   av.it.:   3.2
      thresh= 1.000E-02 alpha_mix =  0.700 |ddv_scf|^2 =  7.062E-08

      iter #   2 total cpu time :  1580.2 secs   av.it.:   5.8
      thresh= 2.657E-05 alpha_mix =  0.700 |ddv_scf|^2 =  5.563E-10

      iter #   3 total cpu time :  1908.1 secs   av.it.:   5.6
      thresh= 2.359E-06 alpha_mix =  0.700 |ddv_scf|^2 =  2.803E-11

      iter #   4 total cpu time :  2207.4 secs   av.it.:   5.1
      thresh= 5.294E-07 alpha_mix =  0.700 |ddv_scf|^2 =  7.959E-15

     End of self-consistent calculation

     Convergence has been achieved 


     Representation #   2 mode #   3

     Self-consistent Calculation

      iter #   1 total cpu time :  2398.5 secs   av.it.:   3.0
      thresh= 1.000E-02 alpha_mix =  0.700 |ddv_scf|^2 =  9.765E-09

      iter #   2 total cpu time :  2550.4 secs   av.it.:   5.1
      thresh= 9.882E-06 alpha_mix =  0.700 |ddv_scf|^2 =  9.617E-10

      iter #   3 total cpu time :  2697.1 secs   av.it.:   5.0
      thresh= 3.101E-06 alpha_mix =  0.700 |ddv_scf|^2 =  1.120E-12

      iter #   4 total cpu time :  2854.0 secs   av.it.:   5.5
      thresh= 1.058E-07 alpha_mix =  0.700 |ddv_scf|^2 =  2.341E-15

     End of self-consistent calculation

     Convergence has been achieved 


     Representation #   3 mode #   4

     Self-consistent Calculation

      iter #   1 total cpu time :  3030.6 secs   av.it.:   3.6
      thresh= 1.000E-02 alpha_mix =  0.700 |ddv_scf|^2 =  3.037E-06

      iter #   2 total cpu time :  3188.6 secs   av.it.:   5.5
      thresh= 1.743E-04 alpha_mix =  0.700 |ddv_scf|^2 =  4.369E-07

      iter #   3 total cpu time :  3345.9 secs   av.it.:   5.3
      thresh= 6.610E-05 alpha_mix =  0.700 |ddv_scf|^2 =  2.728E-10

      iter #   4 total cpu time :  3501.6 secs   av.it.:   5.2
      thresh= 1.652E-06 alpha_mix =  0.700 |ddv_scf|^2 =  2.854E-12

      iter #   5 total cpu time :  3654.9 secs   av.it.:   5.3
      thresh= 1.689E-07 alpha_mix =  0.700 |ddv_scf|^2 =  1.873E-14

      iter #   6 total cpu time :  3811.5 secs   av.it.:   5.4
      thresh= 1.369E-08 alpha_mix =  0.700 |ddv_scf|^2 =  3.173E-16

     End of self-consistent calculation

     Convergence has been achieved 


     Representation #   4 modes #   5   6

     Self-consistent Calculation

      iter #   1 total cpu time :  4217.8 secs   av.it.:   3.8
      thresh= 1.000E-02 alpha_mix =  0.700 |ddv_scf|^2 =  8.337E-07

      iter #   2 total cpu time :  4570.5 secs   av.it.:   6.1
      thresh= 9.131E-05 alpha_mix =  0.700 |ddv_scf|^2 =  9.525E-07

      iter #   3 total cpu time :  4900.5 secs   av.it.:   5.9
      thresh= 9.760E-05 alpha_mix =  0.700 |ddv_scf|^2 =  1.242E-09

      iter #   4 total cpu time :  5223.0 secs   av.it.:   5.9
      thresh= 3.524E-06 alpha_mix =  0.700 |ddv_scf|^2 =  8.670E-12

      iter #   5 total cpu time :  5539.9 secs   av.it.:   5.7
      thresh= 2.944E-07 alpha_mix =  0.700 |ddv_scf|^2 =  4.254E-15

     End of self-consistent calculation

     Convergence has been achieved 
 
     Number of q in the star =    2
     List of q in the star:
          1   0.333333333   0.577350269   0.000000000
          2  -0.333333333  -0.577350269   0.000000000

     Diagonalizing the dynamical matrix

     q = (    0.333333333   0.577350269   0.000000000 ) 

 **************************************************************************
     freq (    1) =      16.316551 [THz] =     544.261553 [cm-1]
     freq (    2) =      16.316551 [THz] =     544.261554 [cm-1]
     freq (    3) =      30.130042 [THz] =    1005.030021 [cm-1]
     freq (    4) =      36.811002 [THz] =    1227.882865 [cm-1]
     freq (    5) =      36.811002 [THz] =    1227.882866 [cm-1]
     freq (    6) =      38.408351 [THz] =    1281.164692 [cm-1]
 **************************************************************************
 
     init_run     :      6.35s CPU      6.42s WALL (       1 calls)
     electrons    :    695.93s CPU    699.89s WALL (       1 calls)

     Called by init_run:
     wfcinit      :      0.00s CPU      0.00s WALL (       1 calls)
     potinit      :      0.02s CPU      0.02s WALL (       1 calls)
     hinit0       :      0.03s CPU      0.03s WALL (       1 calls)

     Called by electrons:
     c_bands      :    687.01s CPU    694.79s WALL (       1 calls)
     v_of_rho     :      0.07s CPU      0.06s WALL (       2 calls)

     Called by c_bands:
     init_us_2    :     60.03s CPU     64.02s WALL (  193471 calls)
     cegterg      :    648.77s CPU    649.06s WALL (   28180 calls)

     Called by *egterg:
     cdiaghg      :    197.61s CPU    210.76s WALL (  465740 calls)
                                      207.56s GPU  (  465740 calls)
     h_psi        :   1251.91s CPU   1233.84s WALL ( 2520224 calls)
     g_psi        :     10.99s CPU     11.49s WALL (  453258 calls)

     Called by h_psi:
     h_psi:calbec :     76.93s CPU     82.88s WALL ( 2520224 calls)
     vloc_psi     :    821.99s CPU    815.91s WALL ( 2520224 calls)
                                      801.26s GPU  ( 2520224 calls)
     add_vuspsi   :    241.69s CPU    259.95s WALL ( 2520224 calls)

     General routines
     calbec       :    104.32s CPU    121.53s WALL ( 2732418 calls)
     fft          :      0.50s CPU      0.53s WALL (     332 calls)
                                        0.01s GPU  (      23 calls)
     ffts         :      1.01s CPU      1.62s WALL (   37470 calls)
                                        1.39s GPU  (   37470 calls)
     fftw         :    155.15s CPU    482.68s WALL (10632384 calls)
                                      421.65s GPU  (10632384 calls)
     davcio       :    264.92s CPU    389.36s WALL (  858282 calls)
 
     Parallel routines
 
     PHONON       :      1h26m CPU      1h32m WALL

     INITIALIZATION: 
     phq_setup    :      5.08s CPU      5.10s WALL (       1 calls)
     phq_init     :     51.84s CPU     62.34s WALL (       1 calls)
 
     phq_init     :     51.84s CPU     62.34s WALL (       1 calls)
     init_vloc    :      0.03s CPU      0.03s WALL (       2 calls)
     init_us_1    :      0.00s CPU      0.00s WALL (       2 calls)
     init_us_2    :     60.03s CPU     64.02s WALL (  193471 calls)
 
     DYNAMICAL MATRIX:
     dynmat0      :     46.57s CPU     53.54s WALL (       1 calls)
     dynmat_us    :     46.55s CPU     53.52s WALL (       1 calls)
     d2ionq       :      0.02s CPU      0.01s WALL (       1 calls)
     phqscf       :   4310.09s CPU   4665.57s WALL (       1 calls)
     dynmatrix    :      0.04s CPU      0.10s WALL (       1 calls)
 
     phqscf       :   4310.09s CPU   4665.57s WALL (       1 calls)
     solve_linter :   4270.48s CPU   4610.79s WALL (       4 calls)
     dfpt_kernel  :   3909.42s CPU   4181.76s WALL (       4 calls)
     sth_kernel   :   3907.38s CPU   4178.35s WALL (      19 calls)
     h_prec       :     19.96s CPU     26.06s WALL (  118579 calls)
     apply_dpot_b :    197.52s CPU    256.20s WALL (  137302 calls)
     ortho        :    172.23s CPU    185.63s WALL (  174748 calls)
     cgsolve      :   2951.48s CPU   2971.64s WALL (  174748 calls)
     incdrhoscf   :    279.19s CPU    316.50s WALL (  174748 calls)
                                      315.12s GPU  (  174748 calls)
     dv_of_drho   :      0.81s CPU      1.45s WALL (      28 calls)
     mix_pot      :      0.31s CPU      0.59s WALL (      19 calls)
     drhodv       :     39.60s CPU     54.74s WALL (       4 calls)
     psymdvscf    :      0.85s CPU      1.08s WALL (      19 calls)
     com_dvloc    :      9.43s CPU     10.09s WALL (   37470 calls)
                                        9.99s GPU  (   37470 calls)
     addcore      :      0.01s CPU      0.01s WALL (       6 calls)
                                        0.01s GPU  (       6 calls)
 
     dvqpsi_us    :    289.26s CPU    359.33s WALL (   37446 calls)
                                      358.81s GPU  (   37446 calls)
     dvqpsi_us_on :    230.65s CPU    293.47s WALL (   37446 calls)
 
     add_vuspsi   :    241.69s CPU    259.95s WALL ( 2520224 calls)
 
 
      General routines
     calbec       :    104.32s CPU    121.53s WALL ( 2732418 calls)
     fft          :      0.50s CPU      0.53s WALL (     332 calls)
                                        0.01s GPU  (      23 calls)
     ffts         :      1.01s CPU      1.62s WALL (   37470 calls)
                                        1.39s GPU  (   37470 calls)
     fftw         :    155.15s CPU    482.68s WALL (10632384 calls)
                                      421.65s GPU  (10632384 calls)
     davcio       :    264.92s CPU    389.36s WALL (  858282 calls)
     write_rec    :      0.03s CPU      0.13s WALL (      23 calls)
 
      Additional routines
     ch_psi       :   1803.03s CPU   1746.92s WALL ( 2026304 calls)
     last         :    702.93s CPU    657.01s WALL ( 2026304 calls)
     Hesh         :     23.06s CPU     25.10s WALL ( 2026304 calls)
     ch_psi_all_k :    622.29s CPU    607.52s WALL ( 2026304 calls)
                                      594.52s GPU  ( 2026304 calls)
     h_psi_bgrp   :   1258.20s CPU   1238.95s WALL ( 2520224 calls)
     h_psi        :   1251.91s CPU   1233.84s WALL ( 2520224 calls)
     h_psi:pot    :   1180.25s CPU   1177.40s WALL ( 2520224 calls)
     h_psi:calbec :     76.93s CPU     82.88s WALL ( 2520224 calls)
     s_psi_bgrp   :     31.99s CPU     33.32s WALL ( 4227356 calls)
 
 
     PHONON       :      1h26m CPU      1h32m WALL

 
   This run was terminated on:  18:49:19  12Aug2026            

=------------------------------------------------------------------------------=
   JOB DONE.
=------------------------------------------------------------------------------=
Warning: ieee_divide_by_zero is signaling
Warning: ieee_underflow is signaling
Warning: ieee_inexact is signaling
FORTRAN STOP
