
     Program PHONON v.7.5 starts on 13Aug2026 at  9: 2: 3 

     This program is part of the open-source Quantum ESPRESSO suite
     for quantum simulation of materials; please cite
         "P. Giannozzi et al., J. Phys.:Condens. Matter 21 395502 (2009);
         "P. Giannozzi et al., J. Phys.:Condens. Matter 29 465901 (2017);
         "P. Giannozzi et al., J. Chem. Phys. 152 154105 (2020);
          URL http://www.quantum-espresso.org", 
     in publications or presentations arising from this work. More details at
     http://www.quantum-espresso.org/quote

     Parallel version (MPI & OpenMP), running on       4 processor cores
     Number of MPI processes:                 1
     Threads/MPI process:                     4

     MPI processes distributed on     1 nodes
     27187 MiB available memory on the printing compute node when the environment starts
 
     Reading input from ph.in

     Reading xml data from directory:

     ../tmp/gr.save/
 
     Subspace diagonalization in iterative solution of the eigenvalue problem:
     a serial algorithm will be used


     IMPORTANT: XC functional enforced from input :
     Exchange-correlation= PBE
                           (   1   4   3   4   0   0   0)
     Any further DFT definition will be discarded
     Please, verify this is what you really want

 
     G-vector sticks info
     --------------------
     sticks:   dense  smooth     PW     G-vecs:    dense   smooth      PW
     Sum         361     361    109                33427    33427    5779
 
     Using Slab Decomposition
 
     Reading collected, re-writing distributed wavefunctions in ../tmp/

     Number and degeneracy of irreps per q-point
       N         xq(1)         xq(2)         xq(3)   N irreps
       1   0.333333333   0.577350269   0.000000000       4
        2   1   1   2

     Calculation of q =    0.3333333   0.5773503   0.0000000
     [opt_tetra]  Optimized tetrahedron method is used.
 
     G-vector sticks info
     --------------------
     sticks:   dense  smooth     PW     G-vecs:    dense   smooth      PW
     Sum         361     361    139                33427    33427    7725
 
     Using Slab Decomposition
 

     Title: 
     graphene no-degauss DFPT; stage=convergence lane=A label=K direction=K delt


     bravais-lattice index     =            4
     lattice parameter (alat)  =       4.6487  a.u.
     unit-cell volume          =     530.5041 (a.u.)^3
     number of atoms/cell      =            2
     number of atomic types    =            1
     number of electrons       =         8.00
     number of Kohn-Sham states=            8
     kinetic-energy cutoff     =      60.0000  Ry
     charge density cutoff     =     240.0000  Ry
     Exchange-correlation= PBE
                           (   1   4   3   4   0   0   0)

     GPU acceleration is ACTIVE.  1 visible GPUs per MPI rank


     celldm(1)=   4.648726  celldm(2)=   0.000000  celldm(3)=   6.097561
     celldm(4)=   0.000000  celldm(5)=   0.000000  celldm(6)=   0.000000

     crystal axes: (cart. coord. in units of alat)
               a(1) = (   1.000000   0.000000   0.000000 )  
               a(2) = (  -0.500000   0.866025   0.000000 )  
               a(3) = (   0.000000   0.000000   6.097561 )  

     reciprocal axes: (cart. coord. in units 2 pi/alat)
               b(1) = (  1.000000  0.577350 -0.000000 )  
               b(2) = (  0.000000  1.154701  0.000000 )  
               b(3) = (  0.000000 -0.000000  0.164000 )  


     PseudoPot. # 1 for C  read from file:
     /root/phonon/pseudo/C_ONCV_PBE-1.2.upf
     MD5 check sum: 1a5f83a7b1f58d24996abe00ed223ac6
     Pseudo is Norm-conserving, Zval =  4.0
     Generated using ONCVPSP code by D. R. Hamann
     Using radial grid of  602 points,  4 beta functions with: 
                l(1) =   0
                l(2) =   0
                l(3) =   1
                l(4) =   1

     atomic species   valence    mass     pseudopotential
     C                 4.00    12.01100     C ( 1.00)

     24 Sym. Ops., with inversion, found



   Cartesian axes

     site n.     atom                  positions (alat units)
         1        C      tau(   1) = (   0.0000000   0.0000000   0.0000000  )
         2        C      tau(   2) = (  -0.0000000   0.5773503   0.0000000  )

     number of k points= 19442 (tetrahedron method)

     Number of k-points >= 100: set verbosity='high' to print them.

     Dense  grid:    33427 G-vectors     FFT dimensions: (  24,  24, 144)

     Estimated max dynamical RAM per process >      16.32 MB

     The potential is recalculated from file :
     ../tmp/_ph0/gr.save/charge-density

     Starting wfcs are    0 atomic +    8 random wfcs

     Band Structure Calculation
     Davidson diagonalization with overlap

     ethr =  1.25E-10,  avg # of iterations = 36.4

     total cpu time spent up to now is     1286.1 secs

     End of band structure calculation

     Number of k-points >= 100: set verbosity='high' to print the bands.

     the Fermi energy is    -1.7005 ev

     Writing config to output data dir ../tmp/_ph0/gr.save/ :
     XML data file
 
     [dfpt_tetra]  Dos(E_F)[/Ry] :   0.2270097E-01

     graphene no-degauss DFPT; stage=convergence lane=A label=K direction=K delt

     bravais-lattice index     =            4
     lattice parameter (alat)  =       4.6487  a.u.
     unit-cell volume          =     530.5041 (a.u.)^3
     number of atoms/cell      =            2
     number of atomic types    =            1
     kinetic-energy cut-off    =      60.0000  Ry
     charge density cut-off    =     240.0000  Ry
     convergence threshold     =      1.0E-14
     beta                      =       0.7000
     number of iterations used =            4
     Exchange-correlation= PBE
                           (   1   4   3   4   0   0   0)


     celldm(1)=    4.64873  celldm(2)=    0.00000  celldm(3)=    6.09756
     celldm(4)=    0.00000  celldm(5)=    0.00000  celldm(6)=    0.00000

     crystal axes: (cart. coord. in units of alat)
               a(1) = (  1.0000  0.0000  0.0000 )  
               a(2) = ( -0.5000  0.8660  0.0000 )  
               a(3) = (  0.0000  0.0000  6.0976 )  

     reciprocal axes: (cart. coord. in units 2 pi/alat)
               b(1) = (  1.0000  0.5774 -0.0000 )  
               b(2) = (  0.0000  1.1547  0.0000 )  
               b(3) = (  0.0000 -0.0000  0.1640 )  


     Atoms inside the unit cell: 

     Cartesian axes

     site n.  atom      mass           positions (alat units)
        1  C      12.0110   tau(    1) = (    0.00000    0.00000    0.00000  )
        2  C      12.0110   tau(    2) = (   -0.00000    0.57735    0.00000  )

     Computing dynamical matrix for 
                    q = (   0.3333333   0.5773503   0.0000000 )
 
     12 Sym.Ops. (no q -> -q+G )


     G cutoff =  131.3770  (  33427 G-vectors)     FFT grid: ( 24, 24,144)
     number of k points= 19442

     PseudoPot. # 1 for C  read from file:
     /root/phonon/pseudo/C_ONCV_PBE-1.2.upf
     MD5 check sum: 1a5f83a7b1f58d24996abe00ed223ac6
     Pseudo is Norm-conserving, Zval =  4.0
     Generated using ONCVPSP code by D. R. Hamann
     Using radial grid of  602 points,  4 beta functions with: 
                l(1) =   0
                l(2) =   0
                l(3) =   1
                l(4) =   1


     Atomic displacements:
     There are    4 irreducible representations

     Representation     1      2 modes -  To be done

     Representation     2      1 modes -  To be done

     Representation     3      1 modes -  To be done

     Representation     4      2 modes -  To be done


     Message from routine init_vloc:
     Interpolation table for Vloc re-allocated

     Alpha used in Ewald sum =   2.5000
     PHONON       :  23m 0.66s CPU  22m59.89s WALL



     Representation #   1 modes #   1   2

     Self-consistent Calculation

      iter #   1 total cpu time :  1762.9 secs   av.it.:   3.2
      thresh= 1.000E-02 alpha_mix =  0.700 |ddv_scf|^2 =  7.062E-08

      iter #   2 total cpu time :  2265.9 secs   av.it.:   5.8
      thresh= 2.657E-05 alpha_mix =  0.700 |ddv_scf|^2 =  5.563E-10

      iter #   3 total cpu time :  2762.2 secs   av.it.:   5.6
      thresh= 2.359E-06 alpha_mix =  0.700 |ddv_scf|^2 =  2.803E-11

      iter #   4 total cpu time :  3230.8 secs   av.it.:   5.1
      thresh= 5.294E-07 alpha_mix =  0.700 |ddv_scf|^2 =  7.960E-15

     End of self-consistent calculation

     Convergence has been achieved 


     Representation #   2 mode #   3

     Self-consistent Calculation

      iter #   1 total cpu time :  3455.1 secs   av.it.:   3.0
      thresh= 1.000E-02 alpha_mix =  0.700 |ddv_scf|^2 =  9.765E-09

      iter #   2 total cpu time :  3678.4 secs   av.it.:   5.1
      thresh= 9.882E-06 alpha_mix =  0.700 |ddv_scf|^2 =  9.617E-10

      iter #   3 total cpu time :  3901.0 secs   av.it.:   5.0
      thresh= 3.101E-06 alpha_mix =  0.700 |ddv_scf|^2 =  1.120E-12

      iter #   4 total cpu time :  4139.5 secs   av.it.:   5.5
      thresh= 1.058E-07 alpha_mix =  0.700 |ddv_scf|^2 =  2.341E-15

     End of self-consistent calculation

     Convergence has been achieved 


     Representation #   3 mode #   4

     Self-consistent Calculation

      iter #   1 total cpu time :  4357.5 secs   av.it.:   3.6
      thresh= 1.000E-02 alpha_mix =  0.700 |ddv_scf|^2 =  3.036E-06

      iter #   2 total cpu time :  4591.0 secs   av.it.:   5.5
      thresh= 1.743E-04 alpha_mix =  0.700 |ddv_scf|^2 =  4.366E-07

      iter #   3 total cpu time :  4820.8 secs   av.it.:   5.3
      thresh= 6.607E-05 alpha_mix =  0.700 |ddv_scf|^2 =  2.727E-10

      iter #   4 total cpu time :  5045.6 secs   av.it.:   5.2
      thresh= 1.651E-06 alpha_mix =  0.700 |ddv_scf|^2 =  2.854E-12

      iter #   5 total cpu time :  5274.3 secs   av.it.:   5.3
      thresh= 1.689E-07 alpha_mix =  0.700 |ddv_scf|^2 =  1.870E-14

      iter #   6 total cpu time :  5505.3 secs   av.it.:   5.4
      thresh= 1.367E-08 alpha_mix =  0.700 |ddv_scf|^2 =  3.171E-16

     End of self-consistent calculation

     Convergence has been achieved 


     Representation #   4 modes #   5   6

     Self-consistent Calculation

      iter #   1 total cpu time :  5955.3 secs   av.it.:   3.8
      thresh= 1.000E-02 alpha_mix =  0.700 |ddv_scf|^2 =  8.326E-07

      iter #   2 total cpu time :  6450.6 secs   av.it.:   6.1
      thresh= 9.125E-05 alpha_mix =  0.700 |ddv_scf|^2 =  9.490E-07

      iter #   3 total cpu time :  6928.7 secs   av.it.:   5.9
      thresh= 9.742E-05 alpha_mix =  0.700 |ddv_scf|^2 =  1.239E-09

      iter #   4 total cpu time :  7410.4 secs   av.it.:   5.9
      thresh= 3.520E-06 alpha_mix =  0.700 |ddv_scf|^2 =  8.659E-12

      iter #   5 total cpu time :  7896.1 secs   av.it.:   5.7
      thresh= 2.943E-07 alpha_mix =  0.700 |ddv_scf|^2 =  4.235E-15

     End of self-consistent calculation

     Convergence has been achieved 
 
     Number of q in the star =    2
     List of q in the star:
          1   0.333333333   0.577350269   0.000000000
          2  -0.333333333  -0.577350269   0.000000000

     Diagonalizing the dynamical matrix

     q = (    0.333333333   0.577350269   0.000000000 ) 

 **************************************************************************
     freq (    1) =      16.316624 [THz] =     544.263996 [cm-1]
     freq (    2) =      16.316624 [THz] =     544.263997 [cm-1]
     freq (    3) =      30.130058 [THz] =    1005.030557 [cm-1]
     freq (    4) =      36.811956 [THz] =    1227.914678 [cm-1]
     freq (    5) =      36.811956 [THz] =    1227.914679 [cm-1]
     freq (    6) =      38.425996 [THz] =    1281.753275 [cm-1]
 **************************************************************************
 
     init_run     :      8.70s CPU      8.86s WALL (       1 calls)
     electrons    :   1025.21s CPU   1032.29s WALL (       1 calls)

     Called by init_run:
     wfcinit      :      0.00s CPU      0.00s WALL (       1 calls)
     potinit      :      0.00s CPU      0.01s WALL (       1 calls)
     hinit0       :      0.01s CPU      0.02s WALL (       1 calls)

     Called by electrons:
     c_bands      :   1011.48s CPU   1025.39s WALL (       1 calls)
     v_of_rho     :      0.02s CPU      0.02s WALL (       2 calls)

     Called by c_bands:
     init_us_2    :     86.92s CPU     86.99s WALL (  301351 calls)
     cegterg      :    949.74s CPU    955.38s WALL (   43874 calls)

     Called by *egterg:
     cdiaghg      :    299.92s CPU    315.93s WALL (  726172 calls)
                                      311.10s GPU  (  726172 calls)
     h_psi        :   1861.79s CPU   1844.58s WALL ( 3926345 calls)
     g_psi        :     16.27s CPU     16.84s WALL (  706730 calls)

     Called by h_psi:
     h_psi:calbec :    108.94s CPU    115.14s WALL ( 3926345 calls)
     vloc_psi     :   1218.17s CPU   1223.95s WALL ( 3926345 calls)
                                     1201.58s GPU  ( 3926345 calls)
     add_vuspsi   :    371.11s CPU    392.39s WALL ( 3926345 calls)

     General routines
     calbec       :    147.46s CPU    151.51s WALL ( 4256859 calls)
     fft          :      0.49s CPU      0.50s WALL (     332 calls)
                                        0.01s GPU  (      23 calls)
     ffts         :      1.60s CPU      2.05s WALL (   58350 calls)
                                        1.71s GPU  (   58350 calls)
     fftw         :    218.59s CPU    738.22s WALL (16562706 calls)
                                      643.88s GPU  (16562706 calls)
     davcio       :    335.02s CPU    423.96s WALL ( 1336794 calls)
 
     Parallel routines
 
     PHONON       :      2h 8m CPU      2h12m WALL

     INITIALIZATION: 
     phq_setup    :      7.77s CPU      7.79s WALL (       1 calls)
     phq_init     :     75.30s CPU     70.82s WALL (       1 calls)
 
     phq_init     :     75.30s CPU     70.82s WALL (       1 calls)
     init_vloc    :      0.04s CPU      0.04s WALL (       2 calls)
     init_us_1    :      0.00s CPU      0.00s WALL (       2 calls)
     init_us_2    :     86.92s CPU     86.99s WALL (  301351 calls)
 
     DYNAMICAL MATRIX:
     dynmat0      :     67.65s CPU     58.99s WALL (       1 calls)
     dynmat_us    :     67.63s CPU     58.97s WALL (       1 calls)
     d2ionq       :      0.02s CPU      0.01s WALL (       1 calls)
     phqscf       :   6311.24s CPU   6537.72s WALL (       1 calls)
     dynmatrix    :      0.01s CPU      0.08s WALL (       1 calls)
 
     phqscf       :   6311.24s CPU   6537.72s WALL (       1 calls)
     solve_linter :   6252.39s CPU   6467.92s WALL (       4 calls)
     dfpt_kernel  :   5855.72s CPU   6161.41s WALL (       4 calls)
     sth_kernel   :   5853.96s CPU   6159.52s WALL (      19 calls)
     h_prec       :     30.77s CPU     38.38s WALL (  184699 calls)
     apply_dpot_b :    312.22s CPU    386.43s WALL (  213862 calls)
     ortho        :    252.89s CPU    273.11s WALL (  272188 calls)
     cgsolve      :   4430.81s CPU   4463.88s WALL (  272188 calls)
     incdrhoscf   :    434.81s CPU    483.33s WALL (  272188 calls)
                                      481.17s GPU  (  272188 calls)
     dv_of_drho   :      0.75s CPU      0.76s WALL (      28 calls)
     mix_pot      :      0.17s CPU      0.25s WALL (      19 calls)
     drhodv       :     58.84s CPU     69.78s WALL (       4 calls)
     psymdvscf    :      0.76s CPU      0.76s WALL (      19 calls)
     com_dvloc    :     18.09s CPU     13.54s WALL (   58350 calls)
                                       13.23s GPU  (   58350 calls)
     addcore      :      0.01s CPU      0.01s WALL (       6 calls)
                                        0.01s GPU  (       6 calls)
 
     dvqpsi_us    :    311.74s CPU    248.66s WALL (   58326 calls)
                                      248.06s GPU  (   58326 calls)
     dvqpsi_us_on :    197.41s CPU    156.52s WALL (   58326 calls)
 
     add_vuspsi   :    371.11s CPU    392.39s WALL ( 3926345 calls)
 
 
      General routines
     calbec       :    147.46s CPU    151.51s WALL ( 4256859 calls)
     fft          :      0.49s CPU      0.50s WALL (     332 calls)
                                        0.01s GPU  (      23 calls)
     ffts         :      1.60s CPU      2.05s WALL (   58350 calls)
                                        1.71s GPU  (   58350 calls)
     fftw         :    218.59s CPU    738.22s WALL (16562706 calls)
                                      643.88s GPU  (16562706 calls)
     davcio       :    335.02s CPU    423.96s WALL ( 1336794 calls)
     write_rec    :      0.03s CPU      0.09s WALL (      23 calls)
 
      Additional routines
     ch_psi       :   2672.95s CPU   2613.20s WALL ( 3156299 calls)
     last         :   1028.46s CPU    979.00s WALL ( 3156299 calls)
     Hesh         :     35.45s CPU     37.92s WALL ( 3156299 calls)
     ch_psi_all_k :    911.26s CPU    904.45s WALL ( 3156299 calls)
                                      884.89s GPU  ( 3156299 calls)
     h_psi_bgrp   :   1870.37s CPU   1852.35s WALL ( 3926345 calls)
     h_psi        :   1861.79s CPU   1844.58s WALL ( 3926345 calls)
     h_psi:pot    :   1756.76s CPU   1759.16s WALL ( 3926345 calls)
     h_psi:calbec :    108.94s CPU    115.14s WALL ( 3926345 calls)
     s_psi_bgrp   :     47.60s CPU     48.80s WALL ( 6584786 calls)
 
 
     PHONON       :      2h 8m CPU      2h12m WALL

 
   This run was terminated on:  11:14: 4  13Aug2026            

=------------------------------------------------------------------------------=
   JOB DONE.
=------------------------------------------------------------------------------=
Warning: ieee_divide_by_zero is signaling
Warning: ieee_underflow is signaling
Warning: ieee_inexact is signaling
FORTRAN STOP
