
     Program PHONON v.7.5 starts on 12Aug2026 at 18:22:34 

     This program is part of the open-source Quantum ESPRESSO suite
     for quantum simulation of materials; please cite
         "P. Giannozzi et al., J. Phys.:Condens. Matter 21 395502 (2009);
         "P. Giannozzi et al., J. Phys.:Condens. Matter 29 465901 (2017);
         "P. Giannozzi et al., J. Chem. Phys. 152 154105 (2020);
          URL http://www.quantum-espresso.org", 
     in publications or presentations arising from this work. More details at
     http://www.quantum-espresso.org/quote

     Parallel version (MPI & OpenMP), running on       8 processor cores
     Number of MPI processes:                 8
     Threads/MPI process:                     1

     MPI processes distributed on     1 nodes
     22613 MiB available memory on the printing compute node when the environment starts

     Reading input from ph.in

     Reading xml data from directory:

     ../tmp/gr.save/

     R & G space division:  proc/nbgrp/npool/nimage =       8
     Subspace diagonalization in iterative solution of the eigenvalue problem:
     a serial algorithm will be used


     IMPORTANT: XC functional enforced from input :
     Exchange-correlation= PBE
                           (   1   4   3   4   0   0   0)
     Any further DFT definition will be discarded
     Please, verify this is what you really want


     Parallelization info
     --------------------
     sticks:   dense  smooth     PW     G-vecs:    dense   smooth      PW
     Min          45      45     13                 4167     4167     709
     Max          46      46     14                 4184     4184     730
     Sum         361     361    109                33427    33427    5779

     Using Slab Decomposition

     Reading collected, re-writing distributed wavefunctions in ../tmp/

     Number and degeneracy of irreps per q-point
       N         xq(1)         xq(2)         xq(3)   N irreps
       1   0.335666667   0.573308817   0.000000000       6
     No degeneracy

     Calculation of q =    0.3356667   0.5733088   0.0000000
     [opt_tetra]  Optimized tetrahedron method is used.

     Parallelization info
     --------------------
     sticks:   dense  smooth     PW     G-vecs:    dense   smooth      PW
     Min          45      45     16                 4167     4167     963
     Max          46      46     18                 4184     4184     972
     Sum         361     361    139                33427    33427    7725

     Using Slab Decomposition


     Title: 
     graphene no-degauss DFPT; stage=pilot lane=B label=KM_d007 direction=KM del


     bravais-lattice index     =            4
     lattice parameter (alat)  =       4.6487  a.u.
     unit-cell volume          =     530.5041 (a.u.)^3
     number of atoms/cell      =            2
     number of atomic types    =            1
     number of electrons       =         8.00
     number of Kohn-Sham states=            8
     kinetic-energy cutoff     =      60.0000  Ry
     charge density cutoff     =     240.0000  Ry
     Exchange-correlation= PBE
                           (   1   4   3   4   0   0   0)

     celldm(1)=   4.648726  celldm(2)=   0.000000  celldm(3)=   6.097561
     celldm(4)=   0.000000  celldm(5)=   0.000000  celldm(6)=   0.000000

     crystal axes: (cart. coord. in units of alat)
               a(1) = (   1.000000   0.000000   0.000000 )  
               a(2) = (  -0.500000   0.866025   0.000000 )  
               a(3) = (   0.000000   0.000000   6.097561 )  

     reciprocal axes: (cart. coord. in units 2 pi/alat)
               b(1) = (  1.000000  0.577350 -0.000000 )  
               b(2) = (  0.000000  1.154701  0.000000 )  
               b(3) = (  0.000000 -0.000000  0.164000 )  


     PseudoPot. # 1 for C  read from file:
     /root/phonon/pseudo/C_ONCV_PBE-1.2.upf
     MD5 check sum: 1a5f83a7b1f58d24996abe00ed223ac6
     Pseudo is Norm-conserving, Zval =  4.0
     Generated using ONCVPSP code by D. R. Hamann
     Using radial grid of  602 points,  4 beta functions with: 
                l(1) =   0
                l(2) =   0
                l(3) =   1
                l(4) =   1

     atomic species   valence    mass     pseudopotential
     C                 4.00    12.01100     C ( 1.00)

     24 Sym. Ops., with inversion, found



   Cartesian axes

     site n.     atom                  positions (alat units)
         1        C      tau(   1) = (   0.0000000   0.0000000   0.0000000  )
         2        C      tau(   2) = (  -0.0000000   0.5773503   0.0000000  )

     number of k points= 37056 (tetrahedron method)

     Number of k-points >= 100: set verbosity='high' to print them.

     Dense  grid:    33427 G-vectors     FFT dimensions: (  24,  24, 144)

     Estimated max dynamical RAM per process >       2.42 MB

     Estimated total dynamical RAM >      19.37 MB

     The potential is recalculated from file :
     ../tmp/_ph0/gr.save/charge-density

     Starting wfcs are    0 atomic +    8 random wfcs

     Band Structure Calculation
     Davidson diagonalization with overlap
     c_bands:  1 eigenvalues not converged

     ethr =  1.25E-10,  avg # of iterations = 36.3

     total cpu time spent up to now is     3844.7 secs

     End of band structure calculation

     Number of k-points >= 100: set verbosity='high' to print the bands.

     the Fermi energy is    -1.7005 ev

     Writing config to output data dir ../tmp/_ph0/gr.save/ :
     XML data file
 
     [dfpt_tetra]  Dos(E_F)[/Ry] :   0.2835878E-01

     graphene no-degauss DFPT; stage=pilot lane=B label=KM_d007 direction=KM del

     bravais-lattice index     =            4
     lattice parameter (alat)  =       4.6487  a.u.
     unit-cell volume          =     530.5041 (a.u.)^3
     number of atoms/cell      =            2
     number of atomic types    =            1
     kinetic-energy cut-off    =      60.0000  Ry
     charge density cut-off    =     240.0000  Ry
     convergence threshold     =      1.0E-14
     beta                      =       0.7000
     number of iterations used =            4
     Exchange-correlation= PBE
                           (   1   4   3   4   0   0   0)


     celldm(1)=    4.64873  celldm(2)=    0.00000  celldm(3)=    6.09756
     celldm(4)=    0.00000  celldm(5)=    0.00000  celldm(6)=    0.00000

     crystal axes: (cart. coord. in units of alat)
               a(1) = (  1.0000  0.0000  0.0000 )  
               a(2) = ( -0.5000  0.8660  0.0000 )  
               a(3) = (  0.0000  0.0000  6.0976 )  

     reciprocal axes: (cart. coord. in units 2 pi/alat)
               b(1) = (  1.0000  0.5774 -0.0000 )  
               b(2) = (  0.0000  1.1547  0.0000 )  
               b(3) = (  0.0000 -0.0000  0.1640 )  


     Atoms inside the unit cell: 

     Cartesian axes

     site n.  atom      mass           positions (alat units)
        1  C      12.0110   tau(    1) = (    0.00000    0.00000    0.00000  )
        2  C      12.0110   tau(    2) = (   -0.00000    0.57735    0.00000  )

     Computing dynamical matrix for 
                    q = (   0.3356667   0.5733088   0.0000000 )

      4 Sym.Ops. (no q -> -q+G )


     G cutoff =  131.3770  (   4183 G-vectors)     FFT grid: ( 24, 24,144)
     number of k points= 37056

     PseudoPot. # 1 for C  read from file:
     /root/phonon/pseudo/C_ONCV_PBE-1.2.upf
     MD5 check sum: 1a5f83a7b1f58d24996abe00ed223ac6
     Pseudo is Norm-conserving, Zval =  4.0
     Generated using ONCVPSP code by D. R. Hamann
     Using radial grid of  602 points,  4 beta functions with: 
                l(1) =   0
                l(2) =   0
                l(3) =   1
                l(4) =   1


     Atomic displacements:
     There are    6 irreducible representations

     Representation     1      1 modes -  To be done

     Representation     2      1 modes -  To be done

     Representation     3      1 modes -  To be done

     Representation     4      1 modes -  To be done

     Representation     5      1 modes -  To be done

     Representation     6      1 modes -  To be done


     Message from routine init_vloc:
     Interpolation table for Vloc re-allocated

     Alpha used in Ewald sum =   2.5000
     PHONON       :  58m46.00s CPU      1h 4m WALL



     Representation #   1 mode #   1

     Self-consistent Calculation

      iter #   1 total cpu time :  4344.9 secs   av.it.:   3.6
      thresh= 1.000E-02 alpha_mix =  0.700 |ddv_scf|^2 =  1.576E-06

      iter #   2 total cpu time :  4926.9 secs   av.it.:   5.8
      thresh= 1.255E-04 alpha_mix =  0.700 |ddv_scf|^2 =  1.783E-06

      iter #   3 total cpu time :  5475.0 secs   av.it.:   5.4
      thresh= 1.335E-04 alpha_mix =  0.700 |ddv_scf|^2 =  2.635E-09

      iter #   4 total cpu time :  6048.9 secs   av.it.:   5.4
      thresh= 5.133E-06 alpha_mix =  0.700 |ddv_scf|^2 =  3.365E-11

      iter #   5 total cpu time :  6595.0 secs   av.it.:   5.3
      thresh= 5.801E-07 alpha_mix =  0.700 |ddv_scf|^2 =  1.088E-14

      iter #   6 total cpu time :  7172.3 secs   av.it.:   5.6
      thresh= 1.043E-08 alpha_mix =  0.700 |ddv_scf|^2 =  6.204E-16

     End of self-consistent calculation

     Convergence has been achieved 


     Representation #   2 mode #   2

     Self-consistent Calculation

      iter #   1 total cpu time :  7662.2 secs   av.it.:   3.8
      thresh= 1.000E-02 alpha_mix =  0.700 |ddv_scf|^2 =  3.167E-06

      iter #   2 total cpu time :  8214.0 secs   av.it.:   5.8
      thresh= 1.780E-04 alpha_mix =  0.700 |ddv_scf|^2 =  1.546E-06

      iter #   3 total cpu time :  8749.8 secs   av.it.:   5.6
      thresh= 1.243E-04 alpha_mix =  0.700 |ddv_scf|^2 =  9.581E-08

      iter #   4 total cpu time :  9276.0 secs   av.it.:   5.4
      thresh= 3.095E-05 alpha_mix =  0.700 |ddv_scf|^2 =  1.998E-10

      iter #   5 total cpu time :  9806.2 secs   av.it.:   5.5
      thresh= 1.413E-06 alpha_mix =  0.700 |ddv_scf|^2 =  6.032E-12

      iter #   6 total cpu time : 10362.8 secs   av.it.:   5.4
      thresh= 2.456E-07 alpha_mix =  0.700 |ddv_scf|^2 =  1.149E-14

      iter #   7 total cpu time : 10945.5 secs   av.it.:   5.6
      thresh= 1.072E-08 alpha_mix =  0.700 |ddv_scf|^2 =  7.272E-16

     End of self-consistent calculation

     Convergence has been achieved 


     Representation #   3 mode #   3

     Self-consistent Calculation

      iter #   1 total cpu time : 11424.9 secs   av.it.:   3.2
      thresh= 1.000E-02 alpha_mix =  0.700 |ddv_scf|^2 =  2.772E-07

      iter #   2 total cpu time : 12008.0 secs   av.it.:   5.4
      thresh= 5.265E-05 alpha_mix =  0.700 |ddv_scf|^2 =  2.139E-09

      iter #   3 total cpu time : 12570.1 secs   av.it.:   5.2
      thresh= 4.625E-06 alpha_mix =  0.700 |ddv_scf|^2 =  1.114E-10

      iter #   4 total cpu time : 13086.1 secs   av.it.:   4.6
      thresh= 1.056E-06 alpha_mix =  0.700 |ddv_scf|^2 =  3.168E-14

      iter #   5 total cpu time : 13642.3 secs   av.it.:   5.1
      thresh= 1.780E-08 alpha_mix =  0.700 |ddv_scf|^2 =  5.278E-16

     End of self-consistent calculation

     Convergence has been achieved 


     Representation #   4 mode #   4

     Self-consistent Calculation

      iter #   1 total cpu time : 14127.0 secs   av.it.:   3.2
      thresh= 1.000E-02 alpha_mix =  0.700 |ddv_scf|^2 =  2.878E-07

      iter #   2 total cpu time : 14704.9 secs   av.it.:   5.4
      thresh= 5.365E-05 alpha_mix =  0.700 |ddv_scf|^2 =  2.315E-09

      iter #   3 total cpu time : 15266.7 secs   av.it.:   5.2
      thresh= 4.812E-06 alpha_mix =  0.700 |ddv_scf|^2 =  1.127E-10

      iter #   4 total cpu time : 15792.9 secs   av.it.:   4.6
      thresh= 1.062E-06 alpha_mix =  0.700 |ddv_scf|^2 =  3.206E-14

      iter #   5 total cpu time : 16347.2 secs   av.it.:   5.1
      thresh= 1.790E-08 alpha_mix =  0.700 |ddv_scf|^2 =  5.733E-16

     End of self-consistent calculation

     Convergence has been achieved 


     Representation #   5 mode #   5

     Self-consistent Calculation

      iter #   1 total cpu time : 16849.1 secs   av.it.:   3.9
      thresh= 1.000E-02 alpha_mix =  0.700 |ddv_scf|^2 =  3.129E-06

      iter #   2 total cpu time : 17449.3 secs   av.it.:   5.8
      thresh= 1.769E-04 alpha_mix =  0.700 |ddv_scf|^2 =  2.518E-06

      iter #   3 total cpu time : 17989.7 secs   av.it.:   5.4
      thresh= 1.587E-04 alpha_mix =  0.700 |ddv_scf|^2 =  4.721E-08

      iter #   4 total cpu time : 18534.1 secs   av.it.:   5.4
      thresh= 2.173E-05 alpha_mix =  0.700 |ddv_scf|^2 =  3.090E-10

      iter #   5 total cpu time : 19100.4 secs   av.it.:   5.5
      thresh= 1.758E-06 alpha_mix =  0.700 |ddv_scf|^2 =  7.771E-12

      iter #   6 total cpu time : 19662.3 secs   av.it.:   5.4
      thresh= 2.788E-07 alpha_mix =  0.700 |ddv_scf|^2 =  6.860E-15

     End of self-consistent calculation

     Convergence has been achieved 


     Representation #   6 mode #   6

     Self-consistent Calculation

      iter #   1 total cpu time : 20155.1 secs   av.it.:   3.6
      thresh= 1.000E-02 alpha_mix =  0.700 |ddv_scf|^2 =  1.768E-06

      iter #   2 total cpu time : 20757.8 secs   av.it.:   5.8
      thresh= 1.330E-04 alpha_mix =  0.700 |ddv_scf|^2 =  2.002E-06

      iter #   3 total cpu time : 21311.1 secs   av.it.:   5.4
      thresh= 1.415E-04 alpha_mix =  0.700 |ddv_scf|^2 =  2.875E-09

      iter #   4 total cpu time : 21868.4 secs   av.it.:   5.4
      thresh= 5.362E-06 alpha_mix =  0.700 |ddv_scf|^2 =  3.394E-11

      iter #   5 total cpu time : 22421.8 secs   av.it.:   5.4
      thresh= 5.825E-07 alpha_mix =  0.700 |ddv_scf|^2 =  1.156E-14

      iter #   6 total cpu time : 22978.3 secs   av.it.:   5.6
      thresh= 1.075E-08 alpha_mix =  0.700 |ddv_scf|^2 =  6.407E-16

     End of self-consistent calculation

     Convergence has been achieved 

     Number of q in the star =    6
     List of q in the star:
          1   0.335666667   0.573308817   0.000000000
          2  -0.328666667   0.577350269   0.000000000
          3   0.664333333  -0.004041452   0.000000000
          4  -0.664333333   0.004041452   0.000000000
          5   0.328666667  -0.577350269   0.000000000
          6   0.664333333   0.004041452   0.000000000

     Diagonalizing the dynamical matrix

     q = (    0.335666667   0.573308817   0.000000000 ) 

 **************************************************************************
     freq (    1) =      16.218820 [THz] =     541.001591 [cm-1]
     freq (    2) =      16.407255 [THz] =     547.287115 [cm-1]
     freq (    3) =      30.123910 [THz] =    1004.825467 [cm-1]
     freq (    4) =      36.723974 [THz] =    1224.979923 [cm-1]
     freq (    5) =      36.899492 [THz] =    1230.834556 [cm-1]
     freq (    6) =      38.652428 [THz] =    1289.306229 [cm-1]
 **************************************************************************

     init_run     :      4.24s CPU      4.31s WALL (       1 calls)
     electrons    :   3455.90s CPU   3812.65s WALL (       1 calls)

     Called by init_run:
     wfcinit      :      0.00s CPU      0.00s WALL (       1 calls)
     potinit      :      0.01s CPU      0.01s WALL (       1 calls)
     hinit0       :      0.06s CPU      0.06s WALL (       1 calls)

     Called by electrons:
     c_bands      :   3454.31s CPU   3811.03s WALL (       1 calls)
     v_of_rho     :      0.02s CPU      0.02s WALL (       2 calls)

     Called by c_bands:
     init_us_2    :    116.26s CPU    134.89s WALL (  944928 calls)
     cegterg      :   3312.81s CPU   3651.62s WALL (   83602 calls)

     Called by *egterg:
     cdiaghg      :    301.59s CPU    330.03s WALL ( 1382364 calls)
     h_psi        :  13969.15s CPU  15622.01s WALL ( 8951643 calls)
     g_psi        :     29.88s CPU     32.84s WALL ( 1345308 calls)

     Called by h_psi:
     h_psi:calbec :    834.26s CPU    930.77s WALL ( 8951643 calls)
     vloc_psi     :  12848.85s CPU  14372.46s WALL ( 8951643 calls)
                                        0.00s GPU  ( 8951643 calls)
     add_vuspsi   :    207.52s CPU    232.74s WALL ( 8951643 calls)

     General routines
     calbec       :    868.79s CPU    969.79s WALL ( 9581595 calls)
     fft          :      0.48s CPU      0.49s WALL (     409 calls)
     ffts         :     44.49s CPU     50.95s WALL (  111204 calls)
     fftw         :  15296.18s CPU  17221.42s WALL (92789226 calls)
     davcio       :    262.27s CPU    448.46s WALL ( 3560761 calls)

     Parallel routines

     PHONON       :      5h38m CPU      6h23m WALL

     INITIALIZATION: 
     phq_setup    :      1.22s CPU      1.29s WALL (       1 calls)
     phq_init     :     25.32s CPU     27.55s WALL (       1 calls)

     phq_init     :     25.32s CPU     27.55s WALL (       1 calls)
     init_vloc    :      0.08s CPU      0.08s WALL (       2 calls)
     init_us_1    :      0.00s CPU      0.00s WALL (       2 calls)
     init_us_2    :    116.26s CPU    134.89s WALL (  944928 calls)

     DYNAMICAL MATRIX:
     dynmat0      :     16.43s CPU     17.25s WALL (       1 calls)
     dynmat_us    :     16.43s CPU     17.24s WALL (       1 calls)
     d2ionq       :      0.00s CPU      0.00s WALL (       1 calls)
     phqscf       :  16788.34s CPU  19111.94s WALL (       1 calls)
     dynmatrix    :      0.00s CPU      0.06s WALL (       1 calls)

     phqscf       :  16788.34s CPU  19111.94s WALL (       1 calls)
     solve_linter :  16687.36s CPU  18993.50s WALL (       6 calls)
     dfpt_kernel  :  16234.71s CPU  18434.17s WALL (       6 calls)
     sth_kernel   :  16233.73s CPU  18432.53s WALL (      35 calls)
     h_prec       :    160.75s CPU    183.99s WALL (  648480 calls)
     apply_dpot_b :   1522.52s CPU   1786.00s WALL (  537312 calls)
     ortho        :     96.85s CPU    112.80s WALL (  648480 calls)
     cgsolve      :  12205.53s CPU  13681.92s WALL (  648480 calls)
     incdrhoscf   :   1917.10s CPU   2181.46s WALL (  648480 calls)
                                        0.00s GPU  (  648480 calls)
     dv_of_drho   :      0.25s CPU      0.26s WALL (      35 calls)
     mix_pot      :      0.15s CPU      0.33s WALL (      35 calls)
     drhodv       :    100.98s CPU    118.35s WALL (       6 calls)
     psymdvscf    :      0.49s CPU      0.68s WALL (      35 calls)
     com_dvloc    :     59.72s CPU     68.67s WALL (  111204 calls)
                                        0.00s GPU  (  111204 calls)
     addcore      :      0.00s CPU      0.00s WALL (       6 calls)
                                        0.00s GPU  (       6 calls)

     dvqpsi_us    :    418.41s CPU    478.67s WALL (  111168 calls)
                                        0.00s GPU  (  111168 calls)
     dvqpsi_us_on :     29.73s CPU     33.49s WALL (  111168 calls)

     add_vuspsi   :    207.52s CPU    232.74s WALL ( 8951643 calls)


      General routines
     calbec       :    868.79s CPU    969.79s WALL ( 9581595 calls)
     fft          :      0.48s CPU      0.49s WALL (     409 calls)
     ffts         :     44.49s CPU     50.95s WALL (  111204 calls)
     fftw         :  15296.18s CPU  17221.42s WALL (92789226 calls)
     davcio       :    262.27s CPU    448.46s WALL ( 3560761 calls)
     write_rec    :      0.04s CPU      0.29s WALL (      41 calls)

      Additional routines
     ch_psi       :  11806.13s CPU  13236.15s WALL ( 7485677 calls)
     last         :    480.98s CPU    535.78s WALL ( 7485677 calls)
     Hesh         :     33.41s CPU     37.98s WALL ( 7485677 calls)
     ch_psi_all_k :    427.77s CPU    476.70s WALL ( 7485677 calls)
                                        0.00s GPU  ( 7485677 calls)
     h_psi_bgrp   :  13981.86s CPU  15635.49s WALL ( 8951643 calls)
     h_psi        :  13969.15s CPU  15622.01s WALL ( 8951643 calls)
     h_psi:pot    :  13919.30s CPU  15565.62s WALL ( 8951643 calls)
     h_psi:calbec :    834.26s CPU    930.77s WALL ( 8951643 calls)
     s_psi_bgrp   :     62.48s CPU     70.03s WALL (15619834 calls)


     PHONON       :      5h38m CPU      6h23m WALL


   This run was terminated on:   0:45:58  13Aug2026            

=------------------------------------------------------------------------------=
   JOB DONE.
=------------------------------------------------------------------------------=
