                                                                                      
                                       ``:oss/                                        
                           `.+s+.     .+ys--yh+     `./ss+.                           
                          -sh//yy+`   +yy   +yy    -+h+-oyy                           
                          -yh- .oyy/.-sh.   .syo-.:sy-  /yh                           
                 `.-.`    `yh+   -oyyyo.     `/syys:    oys      `.`                  
               `/+ssys+-` `sh+      `                   oys`   .:osyo`                
               -yh- ./syyooyo`                          .sys+/oyo--yh/                
               `yy+    .-:-.                             `-/+/:`  -sh-                
                /yh.                                              oys                 
          ``..---hho---------`   .---------..`      `.-----.`    -hd+---.             
       `./osmNMMMMMMMMMMMMMMMs. +NNMMMMMMMMNNmh+.   yNMMMMMNm-  oNMMMMMNmo++:`        
       +sy--/sdMMMhyyyyyyyNMMh- .oyNMMmyyyyyhNMMm+` -yMMMdyyo:` .oyyNMMNhs+syy`       
       -yy/   /MMM+.`-+/``mMMy-   `mMMh:`````.dMMN:` `MMMy-`-dhhy```mMMy:``+hs        
        -yy+` /MMMo:-mMM+`-oo/.    mMMh:     `dMMN/`  dMMm:`dMMMMy..MMMo-.+yo`        
         .sys`/MMMMNNMMMs-         mMMmyooooymMMNo:   oMMM/sMMMMMM++MMN//oh:          
          `sh+/MMMhyyMMMs- `-`     mMMMMMMMMMNmy+-`   -MMMhMMMsmMMmdMMd/yy+           
    `-/+++oyy-/MMM+.`/hh/.`mNm:`   mMMd+/////:-.`      NMMMMMd/:NMMMMMy:/yyo/:.`      
   +os+//:-..-oMMMo:--:::-/MMMo. .-mMMd+---`           hMMMMN+. oMMMMMo. `-+osyso:`   
   syo     `mNMMMMMNNNNNNNNMMMo.oNNMMMMMNNNN:`         +MMMMs:`  dMMMN/`     ``:syo   
   /yh`     :syyyyyyyyyyyyyyyy+.`+syyyyyyyyo:`         .oyys:`   .oyys:`        +yh   
   -yh-        ````````````````    `````````              ``        ``          oys   
   -+h/------------------------::::::::://////++++++++++++++++++++++///////::::/yd:   
   shdddddddddddddddddddddddddddddhhhhhhhhyyyyyssssssssssssssssyyyyyyyhhhhhhhddddh`   
                                                                                      
 Lee, H., Poncé, S., Bushick, K., Hajinazar, S., Lafuente-Bartolome, J.,Leveillee, J.,
    Lian, C., Lihm, J., Macheda, F., Mori, H., Paudyal, H., Sio, W., Tiwari, S.,      
 Zacharias, M., Zhang, X., Bonini, N., Kioupakis, E., Margine, E.R., and Giustino F., 
                                                     npj Comput Mater 9, 156 (2023)   
                                                                                      

     Program EPW v.6.0 starts on  6Aug2026 at 12: 2:49 

     This program is part of the open-source Quantum ESPRESSO suite
     for quantum simulation of materials; please cite
         "P. Giannozzi et al., J. Phys.:Condens. Matter 21 395502 (2009);
         "P. Giannozzi et al., J. Phys.:Condens. Matter 29 465901 (2017);
         "P. Giannozzi et al., J. Chem. Phys. 152 154105 (2020);
          URL http://www.quantum-espresso.org", 
     in publications or presentations arising from this work. More details at
     http://www.quantum-espresso.org/quote

     Parallel version (MPI & OpenMP), running on       2 processor cores
     Number of MPI processes:                 1
     Threads/MPI process:                     2

     MPI processes distributed on     1 nodes
     27414 MiB available memory on the printing compute node when the environment starts

     Reading input from epw.in

     Reading supplied temperature list.
                      
     ------------------------------------------------------------------------ 
                   RESTART - RESTART - RESTART - RESTART                         
     Restart is done without reading PWSCF save file.                  
     Be aware that some consistency checks are therefore not done.                  
     ------------------------------------------------------------------------ 
                      

     --                                                                         

     bravais-lattice index     =            0
     lattice parameter (a_0)   =       0.0000  a.u.
     unit-cell volume          =       0.0000 (a.u.)^3
     number of atoms/cell      =            0
     number of atomic types    =            0
     kinetic-energy cut-off    =       0.0000  Ry
     charge density cut-off    =       0.0000  Ry
     Exchange-correlation= not set
                           (  -1  -1  -1  -1  -1  -1  -1)


     celldm(1)=    0.00000  celldm(2)=    0.00000  celldm(3)=    0.00000
     celldm(4)=    0.00000  celldm(5)=    0.00000  celldm(6)=    0.00000

     crystal axes: (cart. coord. in units of a_0)
               a(1) = (  0.0000  0.0000  0.0000 )  
               a(2) = (  0.0000  0.0000  0.0000 )  
               a(3) = (  0.0000  0.0000  0.0000 )  

     reciprocal axes: (cart. coord. in units 2 pi/a_0)
               b(1) = (  0.0000  0.0000  0.0000 )  
               b(2) = (  0.0000  0.0000  0.0000 )  
               b(3) = (  0.0000  0.0000  0.0000 )  


     Atoms inside the unit cell: 

   Cartesian axes

     site n.  atom      mass           positions (a_0 units)


     No symmetry!

     G cutoff =    0.0000  (      0 G-vectors)     FFT grid: (  0,  0,  0)
     number of k points=    0
                       cart. coord. in units 2pi/a_0
     EPW          :      0.00s CPU      0.00s WALL

     EPW          :      0.00s CPU      0.00s WALL


     -------------------------------------------------------------------
     Using graphene.ukk from disk
     -------------------------------------------------------------------

     HDF5 is used in the current build. Exciton-phonon coupling calculations are enabled.
     Symmetries of Bravais lattice:  24
     Symmetries of crystal:          24

     Do not need to read .epb files; read .fmt files


     Band disentanglement is used: nbndsub =    2
     Use zone-centred Wigner-Seitz cells 
     Number of WS vectors for electrons      157
     Number of WS vectors for phonons       43
     Number of WS vectors for electron-phonon       43
     Maximum number of cores for efficient parallelization      258
     Results may improve by using use_ws == .TRUE. 

     Reading Hamiltonian, Dynamical matrix and EP vertex in Wann rep from file


     Finished reading Wann rep data from file

     ===================================================================
     Memory usage:  VmHWM =        53Mb
                   VmPeak =      5185Mb
     ===================================================================
     
     Using q-mesh file: ./qpoints.dat
     Size of q point mesh for interpolation:          9
     Using uniform k-mesh:   720  720    1
     Size of k point mesh for interpolation:     518400
     Max number of k points per pool:           518400

     Fermi energy coarse grid =  -2.956083 eV

     ===================================================================

     Fermi energy is read from the input file: Ef =  -2.956100 eV

     ===================================================================

              ibndmin =     1  ebndmin =    -8.956 eV
              ibndmax =     2  ebndmax =     3.044 eV


     Number of ep-matrix elements per pool :     12441600 ~=   94.92 Mb (@ 8 bytes/ DP)
     We only need to compute        9 q-points
      

     ===================================================================
     Phonon (Imaginary) Self-Energy in the Migdal Approximation
     ===================================================================


     Fermi Surface thickness =   6.000000 eV

     Golden Rule strictly enforced with T =   0.038778 eV

     On- and Off-shell dynamical frequency renormalization will be performed using:

      Omega^2 = omega^2 + 2omega(Re[Pi(Omega,T_low)]- Pi[0,T_high]).
     Smearing type for the static self-energy: Fermi-Dirac
     smearing value for the static self-energy: T_high =   0.020000 Ry.
     Gaussian Broadening:   0.010000 eV, ngauss=   1
     DOS =  0.000763 states/spin/eV/Unit Cell at Ef= -2.956100 eV

     ismear =     1 iq =       1 coord.:   0.00000  0.00000  0.00000 wt:   0.11111 Temp:  450.000K
     -------------------------------------------------------------------
     lambda___(   1 )=       0.000000   gamma___=       0.000000 meV  omega=     -0.0000 meV   on_shell_Omega=      0.0000 meV  off_shell_Omega=      0.0000 meV
     lambda_tr(   1 )=       0.000000   gamma_tr=       0.000000 meV  omega=     -0.0000 meV   on_shell_Omega=      0.0000 meV  off_shell_Omega=      0.0000 meV
     lambda___(   2 )=       0.000000   gamma___=       0.000000 meV  omega=      0.0000 meV   on_shell_Omega=      0.0000 meV  off_shell_Omega=      0.0000 meV
     lambda_tr(   2 )=       0.000000   gamma_tr=       0.000000 meV  omega=      0.0000 meV   on_shell_Omega=      0.0000 meV  off_shell_Omega=      0.0000 meV
     lambda___(   3 )=       0.000000   gamma___=       0.000000 meV  omega=      0.0000 meV   on_shell_Omega=      0.0000 meV  off_shell_Omega=      0.0000 meV
     lambda_tr(   3 )=       0.000000   gamma_tr=       0.000000 meV  omega=      0.0000 meV   on_shell_Omega=      0.0000 meV  off_shell_Omega=      0.0000 meV
     lambda___(   4 )=       0.000143   gamma___=       0.000004 meV  omega=    108.6719 meV   on_shell_Omega=    108.6718 meV  off_shell_Omega=    108.6718 meV
     lambda_tr(   4 )=       0.000283   gamma_tr=       0.000008 meV  omega=    108.6719 meV   on_shell_Omega=    108.6718 meV  off_shell_Omega=    108.6718 meV
     lambda___(   5 )=      10.861824   gamma___=       0.973427 meV  omega=    193.3486 meV   on_shell_Omega=    193.3839 meV  off_shell_Omega=    193.3839 meV
     lambda_tr(   5 )=      21.352785   gamma_tr=       1.913618 meV  omega=    193.3486 meV   on_shell_Omega=    193.3839 meV  off_shell_Omega=    193.3839 meV
     lambda___(   6 )=      10.861824   gamma___=       0.973427 meV  omega=    193.3486 meV   on_shell_Omega=    193.6535 meV  off_shell_Omega=    193.6790 meV
     lambda_tr(   6 )=      21.352785   gamma_tr=       1.913618 meV  omega=    193.3486 meV   on_shell_Omega=    193.6535 meV  off_shell_Omega=    193.6790 meV
     lambda___( tot )=      21.723791
     lambda_tr( tot )=      42.705852
     -------------------------------------------------------------------


     Number of (k,k+q) pairs on the Fermi surface:   518400 out of   518400


     ===================================================================
     Phonon Spectral Function Self-Energy in the Migdal Approximation (on the fly)
     ===================================================================


     Fermi Surface thickness =   6.000000 eV

     Golden Rule strictly enforced with T =   0.038778 eV


     Real and Imaginary part of the phonon self-energy (omega=0) without gamma0.
     Omega(   1 )=  -0.0000 eV   Re[Pi]=       0.000000 meV Im[Pi]=       0.000000 meV
     Omega(   2 )=   0.0000 eV   Re[Pi]=       0.000000 meV Im[Pi]=       0.000000 meV
     Omega(   3 )=   0.0000 eV   Re[Pi]=       0.000000 meV Im[Pi]=       0.000000 meV
     Omega(   4 )=   0.1087 eV   Re[Pi]=      -0.000933 meV Im[Pi]=      -0.000000 meV
     Omega(   5 )=   0.1933 eV   Re[Pi]=     -25.588389 meV Im[Pi]=      -0.000000 meV
     Omega(   6 )=   0.1933 eV   Re[Pi]=     -24.976623 meV Im[Pi]=       0.000000 meV
     -------------------------------------------------------------------


     ismear =     1 iq =       2 coord.:   0.00278  0.00278  0.00000 wt:   0.11111 Temp:  450.000K
     -------------------------------------------------------------------
     lambda___(   1 )=       0.000000   gamma___=       0.000000 meV  omega=     -0.0461 meV   on_shell_Omega=      0.0461 meV  off_shell_Omega=      0.0461 meV
     lambda_tr(   1 )=       0.000000   gamma_tr=       0.000000 meV  omega=     -0.0461 meV   on_shell_Omega=      0.0461 meV  off_shell_Omega=      0.0461 meV
     lambda___(   2 )=       8.001947   gamma___=       0.000032 meV  omega=      1.2858 meV   on_shell_Omega=     -0.8031 meV  off_shell_Omega=      3.7569 meV
     lambda_tr(   2 )=       1.914575   gamma_tr=       0.000008 meV  omega=      1.2858 meV   on_shell_Omega=     -0.8031 meV  off_shell_Omega=      3.7569 meV
     lambda___(   3 )=       2.163645   gamma___=       0.000021 meV  omega=      1.9933 meV   on_shell_Omega=      1.3341 meV  off_shell_Omega=      1.3081 meV
     lambda_tr(   3 )=       0.576704   gamma_tr=       0.000005 meV  omega=      1.9933 meV   on_shell_Omega=      1.3341 meV  off_shell_Omega=      1.3081 meV
     lambda___(   4 )=       0.000198   gamma___=       0.000006 meV  omega=    108.6697 meV   on_shell_Omega=    108.6696 meV  off_shell_Omega=    108.6696 meV
     lambda_tr(   4 )=       0.000312   gamma_tr=       0.000009 meV  omega=    108.6697 meV   on_shell_Omega=    108.6696 meV  off_shell_Omega=    108.6696 meV
     lambda___(   5 )=       9.446756   gamma___=       0.846583 meV  omega=    193.3454 meV   on_shell_Omega=    193.5580 meV  off_shell_Omega=    193.4398 meV
     lambda_tr(   5 )=      16.904014   gamma_tr=       1.514874 meV  omega=    193.3454 meV   on_shell_Omega=    193.5580 meV  off_shell_Omega=    193.4398 meV
     lambda___(   6 )=       9.079000   gamma___=       0.813747 meV  omega=    193.3598 meV   on_shell_Omega=    193.4698 meV  off_shell_Omega=    193.4698 meV
     lambda_tr(   6 )=      17.343533   gamma_tr=       1.554493 meV  omega=    193.3598 meV   on_shell_Omega=    193.4698 meV  off_shell_Omega=    193.4698 meV
     lambda___( tot )=      28.691546
     lambda_tr( tot )=      36.739138
     -------------------------------------------------------------------


     Number of (k,k+q) pairs on the Fermi surface:   518400 out of   518400



     Real and Imaginary part of the phonon self-energy (omega=0) without gamma0.
     Omega(   1 )=  -0.0000 eV   Re[Pi]=       0.000000 meV Im[Pi]=       0.000000 meV
     Omega(   2 )=   0.0013 eV   Re[Pi]=    -200.829807 meV Im[Pi]=      -0.000001 meV
     Omega(   3 )=   0.0020 eV   Re[Pi]=    -129.424738 meV Im[Pi]=      -0.000001 meV
     Omega(   4 )=   0.1087 eV   Re[Pi]=      -0.001374 meV Im[Pi]=      -0.000000 meV
     Omega(   5 )=   0.1933 eV   Re[Pi]=     -25.454518 meV Im[Pi]=       0.000011 meV
     Omega(   6 )=   0.1934 eV   Re[Pi]=     -25.606627 meV Im[Pi]=      -0.000042 meV
     -------------------------------------------------------------------


     ismear =     1 iq =       3 coord.:   0.00833  0.00833  0.00000 wt:   0.11111 Temp:  450.000K
     -------------------------------------------------------------------
     lambda___(   1 )=       0.000000   gamma___=       0.000000 meV  omega=     -0.1258 meV   on_shell_Omega=      0.1258 meV  off_shell_Omega=     -0.2202 meV
     lambda_tr(   1 )=       0.000000   gamma_tr=       0.000000 meV  omega=     -0.1258 meV   on_shell_Omega=      0.1258 meV  off_shell_Omega=     -0.2202 meV
     lambda___(   2 )=       1.277747   gamma___=       0.000046 meV  omega=      3.8568 meV   on_shell_Omega=      3.5477 meV  off_shell_Omega=      3.4349 meV
     lambda_tr(   2 )=       1.142934   gamma_tr=       0.000041 meV  omega=      3.8568 meV   on_shell_Omega=      3.5477 meV  off_shell_Omega=      3.4349 meV
     lambda___(   3 )=       0.327121   gamma___=       0.000028 meV  omega=      5.9783 meV   on_shell_Omega=      5.7908 meV  off_shell_Omega=      5.7915 meV
     lambda_tr(   3 )=       0.337445   gamma_tr=       0.000029 meV  omega=      5.9783 meV   on_shell_Omega=      5.7908 meV  off_shell_Omega=      5.7915 meV
     lambda___(   4 )=       0.000330   gamma___=       0.000009 meV  omega=    108.6521 meV   on_shell_Omega=    108.6521 meV  off_shell_Omega=    108.6521 meV
     lambda_tr(   4 )=       0.000346   gamma_tr=       0.000010 meV  omega=    108.6521 meV   on_shell_Omega=    108.6521 meV  off_shell_Omega=    108.6521 meV
     lambda___(   5 )=      33.547017   gamma___=       3.005572 meV  omega=    193.3202 meV   on_shell_Omega=    192.4826 meV  off_shell_Omega=    192.4706 meV
     lambda_tr(   5 )=       6.319409   gamma_tr=       0.566174 meV  omega=    193.3202 meV   on_shell_Omega=    192.4826 meV  off_shell_Omega=    192.4706 meV
     lambda___(   6 )=       2.497023   gamma___=       0.224013 meV  omega=    193.4489 meV   on_shell_Omega=    193.9937 meV  off_shell_Omega=    194.0156 meV
     lambda_tr(   6 )=       1.646685   gamma_tr=       0.147728 meV  omega=    193.4489 meV   on_shell_Omega=    193.9937 meV  off_shell_Omega=    194.0156 meV
     lambda___( tot )=      37.649238
     lambda_tr( tot )=       9.446820
     -------------------------------------------------------------------


     Number of (k,k+q) pairs on the Fermi surface:   518400 out of   518400



     Real and Imaginary part of the phonon self-energy (omega=0) without gamma0.
     Omega(   1 )=  -0.0001 eV   Re[Pi]=       0.000000 meV Im[Pi]=       0.000000 meV
     Omega(   2 )=   0.0039 eV   Re[Pi]=     -67.067350 meV Im[Pi]=       0.000009 meV
     Omega(   3 )=   0.0060 eV   Re[Pi]=     -43.500522 meV Im[Pi]=       0.000000 meV
     Omega(   4 )=   0.1087 eV   Re[Pi]=      -0.004957 meV Im[Pi]=      -0.000000 meV
     Omega(   5 )=   0.1933 eV   Re[Pi]=     -25.457080 meV Im[Pi]=       0.000001 meV
     Omega(   6 )=   0.1934 eV   Re[Pi]=     -24.982600 meV Im[Pi]=      -0.000410 meV
     -------------------------------------------------------------------


     ismear =     1 iq =       4 coord.:   0.01944  0.01944  0.00000 wt:   0.11111 Temp:  450.000K
     -------------------------------------------------------------------
     lambda___(   1 )=   -6514.574302   gamma___=      -0.000053 meV  omega=      0.0582 meV   on_shell_Omega=     -0.1803 meV  off_shell_Omega=      0.1019 meV
     lambda_tr(   1 )=  -14044.536490   gamma_tr=      -0.000114 meV  omega=      0.0582 meV   on_shell_Omega=     -0.1803 meV  off_shell_Omega=      0.1019 meV
     lambda___(   2 )=       0.133902   gamma___=       0.000026 meV  omega=      8.9920 meV   on_shell_Omega=      8.8888 meV  off_shell_Omega=      8.8888 meV
     lambda_tr(   2 )=       0.225102   gamma_tr=       0.000044 meV  omega=      8.9920 meV   on_shell_Omega=      8.8888 meV  off_shell_Omega=      8.8888 meV
     lambda___(   3 )=       0.030112   gamma___=       0.000014 meV  omega=     13.9305 meV   on_shell_Omega=     13.8551 meV  off_shell_Omega=     13.8551 meV
     lambda_tr(   3 )=       0.054707   gamma_tr=       0.000025 meV  omega=     13.9305 meV   on_shell_Omega=     13.8551 meV  off_shell_Omega=     13.8551 meV
     lambda___(   4 )=       0.000086   gamma___=       0.000002 meV  omega=    108.5639 meV   on_shell_Omega=    108.5644 meV  off_shell_Omega=    108.5644 meV
     lambda_tr(   4 )=       0.000146   gamma_tr=       0.000004 meV  omega=    108.5639 meV   on_shell_Omega=    108.5644 meV  off_shell_Omega=    108.5644 meV
     lambda___(   5 )=       0.016531   gamma___=       0.001479 meV  omega=    193.1908 meV   on_shell_Omega=    192.9427 meV  off_shell_Omega=    192.8135 meV
     lambda_tr(   5 )=       0.021263   gamma_tr=       0.001902 meV  omega=    193.1908 meV   on_shell_Omega=    192.9427 meV  off_shell_Omega=    192.8135 meV
     lambda___(   6 )=       0.483673   gamma___=       0.043585 meV  omega=    193.8809 meV   on_shell_Omega=    195.1005 meV  off_shell_Omega=    195.1589 meV
     lambda_tr(   6 )=       0.729061   gamma_tr=       0.065698 meV  omega=    193.8809 meV   on_shell_Omega=    195.1005 meV  off_shell_Omega=    195.1589 meV
     lambda___( tot )=   -6513.909998
     lambda_tr( tot )=  -14043.506212
     -------------------------------------------------------------------


     Number of (k,k+q) pairs on the Fermi surface:   518400 out of   518400



     Real and Imaginary part of the phonon self-energy (omega=0) without gamma0.
     Omega(   1 )=   0.0001 eV   Re[Pi]=   -7021.159760 meV Im[Pi]=       0.000057 meV
     Omega(   2 )=   0.0090 eV   Re[Pi]=     -28.936623 meV Im[Pi]=      -0.000000 meV
     Omega(   3 )=   0.0139 eV   Re[Pi]=     -19.375673 meV Im[Pi]=       0.000001 meV
     Omega(   4 )=   0.1086 eV   Re[Pi]=      -0.020845 meV Im[Pi]=       0.000000 meV
     Omega(   5 )=   0.1932 eV   Re[Pi]=     -25.424490 meV Im[Pi]=       0.000000 meV
     Omega(   6 )=   0.1939 eV   Re[Pi]=     -23.338648 meV Im[Pi]=       0.000139 meV
     -------------------------------------------------------------------


     ismear =     1 iq =       5 coord.:   0.32778  0.32778  0.00000 wt:   0.11111 Temp:  450.000K
     -------------------------------------------------------------------
     lambda___(   1 )=       0.000498   gamma___=       0.000005 meV  omega=     64.7967 meV   on_shell_Omega=     64.8269 meV  off_shell_Omega=     64.8269 meV
     lambda_tr(   1 )=       0.000301   gamma_tr=       0.000003 meV  omega=     64.7967 meV   on_shell_Omega=     64.8269 meV  off_shell_Omega=     64.8269 meV
     lambda___(   2 )=       0.000558   gamma___=       0.000006 meV  omega=     66.7946 meV   on_shell_Omega=     66.8313 meV  off_shell_Omega=     66.8313 meV
     lambda_tr(   2 )=       0.000348   gamma_tr=       0.000004 meV  omega=     66.7946 meV   on_shell_Omega=     66.8313 meV  off_shell_Omega=     66.8313 meV
     lambda___(   3 )=       0.003406   gamma___=       0.000125 meV  omega=    123.6349 meV   on_shell_Omega=    123.6348 meV  off_shell_Omega=    123.6348 meV
     lambda_tr(   3 )=       0.000675   gamma_tr=       0.000025 meV  omega=    123.6349 meV   on_shell_Omega=    123.6348 meV  off_shell_Omega=    123.6348 meV
     lambda___(   4 )=       0.247494   gamma___=       0.013465 meV  omega=    150.6459 meV   on_shell_Omega=    150.6768 meV  off_shell_Omega=    150.6768 meV
     lambda_tr(   4 )=       0.355437   gamma_tr=       0.019337 meV  omega=    150.6459 meV   on_shell_Omega=    150.6768 meV  off_shell_Omega=    150.6768 meV
     lambda___(   5 )=       0.671246   gamma___=       0.037421 meV  omega=    152.4965 meV   on_shell_Omega=    152.5402 meV  off_shell_Omega=    152.5402 meV
     lambda_tr(   5 )=       0.555653   gamma_tr=       0.030977 meV  omega=    152.4965 meV   on_shell_Omega=    152.5402 meV  off_shell_Omega=    152.5402 meV
     lambda___(   6 )=      14.926310   gamma___=       0.946142 meV  omega=    162.6082 meV   on_shell_Omega=    157.5204 meV  off_shell_Omega=    157.5267 meV
     lambda_tr(   6 )=      19.907438   gamma_tr=       1.261884 meV  omega=    162.6082 meV   on_shell_Omega=    157.5204 meV  off_shell_Omega=    157.5267 meV
     lambda___( tot )=      15.849513
     lambda_tr( tot )=      20.819852
     -------------------------------------------------------------------


     Number of (k,k+q) pairs on the Fermi surface:   518400 out of   518400



     Real and Imaginary part of the phonon self-energy (omega=0) without gamma0.
     Omega(   1 )=   0.0648 eV   Re[Pi]=      -5.191670 meV Im[Pi]=      -0.000000 meV
     Omega(   2 )=   0.0668 eV   Re[Pi]=      -4.689572 meV Im[Pi]=      -0.000000 meV
     Omega(   3 )=   0.1236 eV   Re[Pi]=      -0.019403 meV Im[Pi]=      -0.000000 meV
     Omega(   4 )=   0.1506 eV   Re[Pi]=      -5.617342 meV Im[Pi]=      -0.000076 meV
     Omega(   5 )=   0.1525 eV   Re[Pi]=      -5.632914 meV Im[Pi]=       0.000000 meV
     Omega(   6 )=   0.1626 eV   Re[Pi]=     -50.605107 meV Im[Pi]=      -0.000895 meV
     -------------------------------------------------------------------


     ismear =     1 iq =       6 coord.:   0.33056  0.33056  0.00000 wt:   0.11111 Temp:  450.000K
     -------------------------------------------------------------------
     lambda___(   1 )=       0.001629   gamma___=       0.000017 meV  omega=     65.3000 meV   on_shell_Omega=     65.3291 meV  off_shell_Omega=     65.3291 meV
     lambda_tr(   1 )=       0.000112   gamma_tr=       0.000001 meV  omega=     65.3000 meV   on_shell_Omega=     65.3291 meV  off_shell_Omega=     65.3291 meV
     lambda___(   2 )=       0.001182   gamma___=       0.000012 meV  omega=     66.2864 meV   on_shell_Omega=     66.3244 meV  off_shell_Omega=     66.3244 meV
     lambda_tr(   2 )=       0.000094   gamma_tr=       0.000001 meV  omega=     66.2864 meV   on_shell_Omega=     66.3244 meV  off_shell_Omega=     66.3244 meV
     lambda___(   3 )=       0.000407   gamma___=       0.000015 meV  omega=    123.7551 meV   on_shell_Omega=    123.7551 meV  off_shell_Omega=    123.7551 meV
     lambda_tr(   3 )=       0.000673   gamma_tr=       0.000025 meV  omega=    123.7551 meV   on_shell_Omega=    123.7551 meV  off_shell_Omega=    123.7551 meV
     lambda___(   4 )=       0.412185   gamma___=       0.022555 meV  omega=    151.0835 meV   on_shell_Omega=    151.1059 meV  off_shell_Omega=    151.1059 meV
     lambda_tr(   4 )=       0.776118   gamma_tr=       0.042470 meV  omega=    151.0835 meV   on_shell_Omega=    151.1059 meV  off_shell_Omega=    151.1059 meV
     lambda___(   5 )=       0.425739   gamma___=       0.023572 meV  omega=    151.9731 meV   on_shell_Omega=    152.0135 meV  off_shell_Omega=    152.0135 meV
     lambda_tr(   5 )=       0.720321   gamma_tr=       0.039882 meV  omega=    151.9731 meV   on_shell_Omega=    152.0135 meV  off_shell_Omega=    152.0135 meV
     lambda___(   6 )=      22.681923   gamma___=       1.436987 meV  omega=    162.5650 meV   on_shell_Omega=    157.1603 meV  off_shell_Omega=    157.2864 meV
     lambda_tr(   6 )=      41.857444   gamma_tr=       2.651829 meV  omega=    162.5650 meV   on_shell_Omega=    157.1603 meV  off_shell_Omega=    157.2864 meV
     lambda___( tot )=      23.523065
     lambda_tr( tot )=      43.354762
     -------------------------------------------------------------------


     Number of (k,k+q) pairs on the Fermi surface:   518400 out of   518400



     Real and Imaginary part of the phonon self-energy (omega=0) without gamma0.
     Omega(   1 )=   0.0653 eV   Re[Pi]=      -5.072865 meV Im[Pi]=      -0.000000 meV
     Omega(   2 )=   0.0663 eV   Re[Pi]=      -4.804180 meV Im[Pi]=      -0.000000 meV
     Omega(   3 )=   0.1238 eV   Re[Pi]=      -0.005845 meV Im[Pi]=      -0.000000 meV
     Omega(   4 )=   0.1511 eV   Re[Pi]=      -5.626946 meV Im[Pi]=      -0.000003 meV
     Omega(   5 )=   0.1520 eV   Re[Pi]=      -5.628525 meV Im[Pi]=      -0.000001 meV
     Omega(   6 )=   0.1626 eV   Re[Pi]=     -51.121721 meV Im[Pi]=      -0.000239 meV
     -------------------------------------------------------------------


     ismear =     1 iq =       7 coord.:   0.33333  0.33333  0.00000 wt:   0.11111 Temp:  450.000K
     -------------------------------------------------------------------
     lambda___(   1 )=       0.000174   gamma___=       0.000002 meV  omega=     65.7923 meV   on_shell_Omega=     65.8203 meV  off_shell_Omega=     65.8203 meV
     lambda_tr(   1 )=       0.000299   gamma_tr=       0.000003 meV  omega=     65.7923 meV   on_shell_Omega=     65.8203 meV  off_shell_Omega=     65.8203 meV
     lambda___(   2 )=       0.000174   gamma___=       0.000002 meV  omega=     65.7923 meV   on_shell_Omega=     65.8315 meV  off_shell_Omega=     65.8315 meV
     lambda_tr(   2 )=       0.000299   gamma_tr=       0.000003 meV  omega=     65.7923 meV   on_shell_Omega=     65.8315 meV  off_shell_Omega=     65.8315 meV
     lambda___(   3 )=       0.000000   gamma___=       0.000000 meV  omega=    123.7972 meV   on_shell_Omega=    123.7972 meV  off_shell_Omega=    123.7972 meV
     lambda_tr(   3 )=       0.000000   gamma_tr=       0.000000 meV  omega=    123.7972 meV   on_shell_Omega=    123.7972 meV  off_shell_Omega=    123.7972 meV
     lambda___(   4 )=       0.392591   gamma___=       0.021605 meV  omega=    151.5135 meV   on_shell_Omega=    151.5335 meV  off_shell_Omega=    151.5335 meV
     lambda_tr(   4 )=       0.771067   gamma_tr=       0.042434 meV  omega=    151.5135 meV   on_shell_Omega=    151.5335 meV  off_shell_Omega=    151.5335 meV
     lambda___(   5 )=       0.392591   gamma___=       0.021605 meV  omega=    151.5135 meV   on_shell_Omega=    151.5473 meV  off_shell_Omega=    151.5473 meV
     lambda_tr(   5 )=       0.771067   gamma_tr=       0.042434 meV  omega=    151.5135 meV   on_shell_Omega=    151.5473 meV  off_shell_Omega=    151.5473 meV
     lambda___(   6 )=      33.857771   gamma___=       2.144616 meV  omega=    162.5497 meV   on_shell_Omega=    157.1380 meV  off_shell_Omega=    157.0732 meV
     lambda_tr(   6 )=      66.527744   gamma_tr=       4.213995 meV  omega=    162.5497 meV   on_shell_Omega=    157.1380 meV  off_shell_Omega=    157.0732 meV
     lambda___( tot )=      34.643301
     lambda_tr( tot )=      68.070476
     -------------------------------------------------------------------


     Number of (k,k+q) pairs on the Fermi surface:   518400 out of   518400



     Real and Imaginary part of the phonon self-energy (omega=0) without gamma0.
     Omega(   1 )=   0.0658 eV   Re[Pi]=      -4.955968 meV Im[Pi]=      -0.000000 meV
     Omega(   2 )=   0.0658 eV   Re[Pi]=      -4.918867 meV Im[Pi]=       0.000000 meV
     Omega(   3 )=   0.1238 eV   Re[Pi]=      -0.000975 meV Im[Pi]=       0.000000 meV
     Omega(   4 )=   0.1515 eV   Re[Pi]=      -5.630555 meV Im[Pi]=       0.000330 meV
     Omega(   5 )=   0.1515 eV   Re[Pi]=      -5.606516 meV Im[Pi]=      -0.000855 meV
     Omega(   6 )=   0.1625 eV   Re[Pi]=     -51.359093 meV Im[Pi]=      -0.000019 meV
     -------------------------------------------------------------------


     ismear =     1 iq =       8 coord.:   0.33611  0.33611  0.00000 wt:   0.11111 Temp:  450.000K
     -------------------------------------------------------------------
     lambda___(   1 )=       0.001182   gamma___=       0.000012 meV  omega=     65.3129 meV   on_shell_Omega=     65.3532 meV  off_shell_Omega=     65.3532 meV
     lambda_tr(   1 )=       0.000130   gamma_tr=       0.000001 meV  omega=     65.3129 meV   on_shell_Omega=     65.3532 meV  off_shell_Omega=     65.3532 meV
     lambda___(   2 )=       0.001310   gamma___=       0.000014 meV  omega=     66.2736 meV   on_shell_Omega=     66.3006 meV  off_shell_Omega=     66.3006 meV
     lambda_tr(   2 )=       0.000180   gamma_tr=       0.000002 meV  omega=     66.2736 meV   on_shell_Omega=     66.3006 meV  off_shell_Omega=     66.3006 meV
     lambda___(   3 )=       0.000436   gamma___=       0.000016 meV  omega=    123.7571 meV   on_shell_Omega=    123.7571 meV  off_shell_Omega=    123.7571 meV
     lambda_tr(   3 )=       0.000702   gamma_tr=       0.000026 meV  omega=    123.7571 meV   on_shell_Omega=    123.7571 meV  off_shell_Omega=    123.7571 meV
     lambda___(   4 )=       0.454383   gamma___=       0.024877 meV  omega=    151.1219 meV   on_shell_Omega=    151.1603 meV  off_shell_Omega=    151.1603 meV
     lambda_tr(   4 )=       0.768580   gamma_tr=       0.042079 meV  omega=    151.1219 meV   on_shell_Omega=    151.1603 meV  off_shell_Omega=    151.1603 meV
     lambda___(   5 )=       0.313127   gamma___=       0.017329 meV  omega=    151.9361 meV   on_shell_Omega=    151.9608 meV  off_shell_Omega=    151.9608 meV
     lambda_tr(   5 )=       0.571503   gamma_tr=       0.031627 meV  omega=    151.9361 meV   on_shell_Omega=    151.9608 meV  off_shell_Omega=    151.9608 meV
     lambda___(   6 )=      23.829942   gamma___=       1.509673 meV  omega=    162.5625 meV   on_shell_Omega=    157.1040 meV  off_shell_Omega=    157.0856 meV
     lambda_tr(   6 )=      43.179591   gamma_tr=       2.735511 meV  omega=    162.5625 meV   on_shell_Omega=    157.1040 meV  off_shell_Omega=    157.0856 meV
     lambda___( tot )=      24.600380
     lambda_tr( tot )=      44.520685
     -------------------------------------------------------------------


     Number of (k,k+q) pairs on the Fermi surface:   518400 out of   518400



     Real and Imaginary part of the phonon self-energy (omega=0) without gamma0.
     Omega(   1 )=   0.0653 eV   Re[Pi]=      -5.033385 meV Im[Pi]=      -0.000000 meV
     Omega(   2 )=   0.0663 eV   Re[Pi]=      -4.840997 meV Im[Pi]=      -0.000000 meV
     Omega(   3 )=   0.1238 eV   Re[Pi]=      -0.005968 meV Im[Pi]=       0.000000 meV
     Omega(   4 )=   0.1511 eV   Re[Pi]=      -5.606689 meV Im[Pi]=       0.000004 meV
     Omega(   5 )=   0.1519 eV   Re[Pi]=      -5.653166 meV Im[Pi]=       0.000099 meV
     Omega(   6 )=   0.1626 eV   Re[Pi]=     -51.142774 meV Im[Pi]=      -0.000423 meV
     -------------------------------------------------------------------


     ismear =     1 iq =       9 coord.:   0.33889  0.33889  0.00000 wt:   0.11111 Temp:  450.000K
     -------------------------------------------------------------------
     lambda___(   1 )=       0.000610   gamma___=       0.000006 meV  omega=     64.8486 meV   on_shell_Omega=     64.8900 meV  off_shell_Omega=     64.8900 meV
     lambda_tr(   1 )=       0.000579   gamma_tr=       0.000006 meV  omega=     64.8486 meV   on_shell_Omega=     64.8900 meV  off_shell_Omega=     64.8900 meV
     lambda___(   2 )=       0.000462   gamma___=       0.000005 meV  omega=     66.7439 meV   on_shell_Omega=     66.7698 meV  off_shell_Omega=     66.7698 meV
     lambda_tr(   2 )=       0.000331   gamma_tr=       0.000004 meV  omega=     66.7439 meV   on_shell_Omega=     66.7698 meV  off_shell_Omega=     66.7698 meV
     lambda___(   3 )=       0.002455   gamma___=       0.000090 meV  omega=    123.6319 meV   on_shell_Omega=    123.6318 meV  off_shell_Omega=    123.6318 meV
     lambda_tr(   3 )=       0.000698   gamma_tr=       0.000026 meV  omega=    123.6319 meV   on_shell_Omega=    123.6318 meV  off_shell_Omega=    123.6318 meV
     lambda___(   4 )=       1.324220   gamma___=       0.072192 meV  omega=    150.8014 meV   on_shell_Omega=    150.8403 meV  off_shell_Omega=    150.8403 meV
     lambda_tr(   4 )=       0.679414   gamma_tr=       0.037039 meV  omega=    150.8014 meV   on_shell_Omega=    150.8403 meV  off_shell_Omega=    150.8403 meV
     lambda___(   5 )=       0.173253   gamma___=       0.009640 meV  omega=    152.3517 meV   on_shell_Omega=    152.3868 meV  off_shell_Omega=    152.3868 meV
     lambda_tr(   5 )=       0.178078   gamma_tr=       0.009909 meV  omega=    152.3517 meV   on_shell_Omega=    152.3868 meV  off_shell_Omega=    152.3868 meV
     lambda___(   6 )=      13.356322   gamma___=       0.846575 meV  omega=    162.6035 meV   on_shell_Omega=    157.4873 meV  off_shell_Omega=    157.5221 meV
     lambda_tr(   6 )=      15.608541   gamma_tr=       0.989329 meV  omega=    162.6035 meV   on_shell_Omega=    157.4873 meV  off_shell_Omega=    157.5221 meV
     lambda___( tot )=      14.857321
     lambda_tr( tot )=      16.467642
     -------------------------------------------------------------------


     Number of (k,k+q) pairs on the Fermi surface:   518400 out of   518400



     Real and Imaginary part of the phonon self-energy (omega=0) without gamma0.
     Omega(   1 )=   0.0648 eV   Re[Pi]=      -5.147434 meV Im[Pi]=      -0.000000 meV
     Omega(   2 )=   0.0667 eV   Re[Pi]=      -4.727991 meV Im[Pi]=       0.000000 meV
     Omega(   3 )=   0.1236 eV   Re[Pi]=      -0.021486 meV Im[Pi]=       0.000000 meV
     Omega(   4 )=   0.1508 eV   Re[Pi]=      -5.587631 meV Im[Pi]=       0.000001 meV
     Omega(   5 )=   0.1524 eV   Re[Pi]=      -5.673863 meV Im[Pi]=      -0.000160 meV
     Omega(   6 )=   0.1626 eV   Re[Pi]=     -50.612411 meV Im[Pi]=      -0.001744 meV
     -------------------------------------------------------------------

     ===================================================================
     Memory usage:  VmHWM =       565Mb
                   VmPeak =      5602Mb
     ===================================================================


     Unfolding on the coarse grid
     elphon_wrap  :      0.00s CPU      0.00s WALL (       1 calls)

     INITIALIZATION: 




     Electron-Phonon interpolation
     ep-interp    :    325.04s CPU    353.02s WALL (       9 calls)
     PH SELF-ENER :     17.56s CPU     17.56s WALL (       9 calls)

     wigner_seitz :      0.00s CPU      0.00s WALL (       1 calls)
     DynW2B       :      0.00s CPU      0.00s WALL (       9 calls)
     HamW2B       :     29.35s CPU     32.29s WALL (10886400 calls)
     ephW2Bp      :      0.01s CPU      0.01s WALL (       9 calls)
     ephW2B       :     31.41s CPU     34.65s WALL ( 4665600 calls)
     vmeW2B       :    131.86s CPU    145.01s WALL ( 9331200 calls)



     Total program execution
     EPW          :   5m40.68s CPU   6m10.25s WALL

     % Copyright (C) 2016-2023 EPW-Collaboration                                    
                                                                                    
     ===============================================================================
     Please consider citing the following papers.                                   
                                                                                                 
     % Paper describing the method on which EPW relies                                           
       F. Giustino and M. L. Cohen and S. G. Louie, Phys. Rev. B 76, 165108 (2007)               
                                                                                                 
     % Papers describing the EPW software                                                        
       H. Lee et al., npj Comput. Mater. 9, 156 (2023)                                           
       S. Ponc\'e, E.R. Margine, C. Verdi and F. Giustino, Comput. Phys. Commun. 209, 116 (2016) 
       J. Noffsinger et al., Comput. Phys. Commun. 181, 2140 (2010)                              
                                                                                                 
                                                                                    
     For your convenience, this information is also reported in the                 
     functionality-dependent EPW.bib file.                                          
     ===============================================================================
                                                                                    
