                                                                                      
                                       ``:oss/                                        
                           `.+s+.     .+ys--yh+     `./ss+.                           
                          -sh//yy+`   +yy   +yy    -+h+-oyy                           
                          -yh- .oyy/.-sh.   .syo-.:sy-  /yh                           
                 `.-.`    `yh+   -oyyyo.     `/syys:    oys      `.`                  
               `/+ssys+-` `sh+      `                   oys`   .:osyo`                
               -yh- ./syyooyo`                          .sys+/oyo--yh/                
               `yy+    .-:-.                             `-/+/:`  -sh-                
                /yh.                                              oys                 
          ``..---hho---------`   .---------..`      `.-----.`    -hd+---.             
       `./osmNMMMMMMMMMMMMMMMs. +NNMMMMMMMMNNmh+.   yNMMMMMNm-  oNMMMMMNmo++:`        
       +sy--/sdMMMhyyyyyyyNMMh- .oyNMMmyyyyyhNMMm+` -yMMMdyyo:` .oyyNMMNhs+syy`       
       -yy/   /MMM+.`-+/``mMMy-   `mMMh:`````.dMMN:` `MMMy-`-dhhy```mMMy:``+hs        
        -yy+` /MMMo:-mMM+`-oo/.    mMMh:     `dMMN/`  dMMm:`dMMMMy..MMMo-.+yo`        
         .sys`/MMMMNNMMMs-         mMMmyooooymMMNo:   oMMM/sMMMMMM++MMN//oh:          
          `sh+/MMMhyyMMMs- `-`     mMMMMMMMMMNmy+-`   -MMMhMMMsmMMmdMMd/yy+           
    `-/+++oyy-/MMM+.`/hh/.`mNm:`   mMMd+/////:-.`      NMMMMMd/:NMMMMMy:/yyo/:.`      
   +os+//:-..-oMMMo:--:::-/MMMo. .-mMMd+---`           hMMMMN+. oMMMMMo. `-+osyso:`   
   syo     `mNMMMMMNNNNNNNNMMMo.oNNMMMMMNNNN:`         +MMMMs:`  dMMMN/`     ``:syo   
   /yh`     :syyyyyyyyyyyyyyyy+.`+syyyyyyyyo:`         .oyys:`   .oyys:`        +yh   
   -yh-        ````````````````    `````````              ``        ``          oys   
   -+h/------------------------::::::::://////++++++++++++++++++++++///////::::/yd:   
   shdddddddddddddddddddddddddddddhhhhhhhhyyyyyssssssssssssssssyyyyyyyhhhhhhhddddh`   
                                                                                      
 Lee, H., Poncé, S., Bushick, K., Hajinazar, S., Lafuente-Bartolome, J.,Leveillee, J.,
    Lian, C., Lihm, J., Macheda, F., Mori, H., Paudyal, H., Sio, W., Tiwari, S.,      
 Zacharias, M., Zhang, X., Bonini, N., Kioupakis, E., Margine, E.R., and Giustino F., 
                                                     npj Comput Mater 9, 156 (2023)   
                                                                                      

     Program EPW v.6.0 starts on  6Aug2026 at 11:40:15 

     This program is part of the open-source Quantum ESPRESSO suite
     for quantum simulation of materials; please cite
         "P. Giannozzi et al., J. Phys.:Condens. Matter 21 395502 (2009);
         "P. Giannozzi et al., J. Phys.:Condens. Matter 29 465901 (2017);
         "P. Giannozzi et al., J. Chem. Phys. 152 154105 (2020);
          URL http://www.quantum-espresso.org", 
     in publications or presentations arising from this work. More details at
     http://www.quantum-espresso.org/quote

     Parallel version (MPI & OpenMP), running on       2 processor cores
     Number of MPI processes:                 1
     Threads/MPI process:                     2

     MPI processes distributed on     1 nodes
     27467 MiB available memory on the printing compute node when the environment starts

     Reading input from epw.in

     Reading supplied temperature list.
                      
     ------------------------------------------------------------------------ 
                   RESTART - RESTART - RESTART - RESTART                         
     Restart is done without reading PWSCF save file.                  
     Be aware that some consistency checks are therefore not done.                  
     ------------------------------------------------------------------------ 
                      

     --                                                                         

     bravais-lattice index     =            0
     lattice parameter (a_0)   =       0.0000  a.u.
     unit-cell volume          =       0.0000 (a.u.)^3
     number of atoms/cell      =            0
     number of atomic types    =            0
     kinetic-energy cut-off    =       0.0000  Ry
     charge density cut-off    =       0.0000  Ry
     Exchange-correlation= not set
                           (  -1  -1  -1  -1  -1  -1  -1)


     celldm(1)=    0.00000  celldm(2)=    0.00000  celldm(3)=    0.00000
     celldm(4)=    0.00000  celldm(5)=    0.00000  celldm(6)=    0.00000

     crystal axes: (cart. coord. in units of a_0)
               a(1) = (  0.0000  0.0000  0.0000 )  
               a(2) = (  0.0000  0.0000  0.0000 )  
               a(3) = (  0.0000  0.0000  0.0000 )  

     reciprocal axes: (cart. coord. in units 2 pi/a_0)
               b(1) = (  0.0000  0.0000  0.0000 )  
               b(2) = (  0.0000  0.0000  0.0000 )  
               b(3) = (  0.0000  0.0000  0.0000 )  


     Atoms inside the unit cell: 

   Cartesian axes

     site n.  atom      mass           positions (a_0 units)


     No symmetry!

     G cutoff =    0.0000  (      0 G-vectors)     FFT grid: (  0,  0,  0)
     number of k points=    0
                       cart. coord. in units 2pi/a_0
     EPW          :      0.00s CPU      0.00s WALL

     EPW          :      0.00s CPU      0.00s WALL


     -------------------------------------------------------------------
     Using graphene.ukk from disk
     -------------------------------------------------------------------

     HDF5 is used in the current build. Exciton-phonon coupling calculations are enabled.
     Symmetries of Bravais lattice:  24
     Symmetries of crystal:          24

     Do not need to read .epb files; read .fmt files


     Band disentanglement is used: nbndsub =    2
     Use zone-centred Wigner-Seitz cells 
     Number of WS vectors for electrons      157
     Number of WS vectors for phonons       43
     Number of WS vectors for electron-phonon       43
     Maximum number of cores for efficient parallelization      258
     Results may improve by using use_ws == .TRUE. 

     Reading Hamiltonian, Dynamical matrix and EP vertex in Wann rep from file


     Finished reading Wann rep data from file

     ===================================================================
     Memory usage:  VmHWM =        53Mb
                   VmPeak =      5185Mb
     ===================================================================
     
     Using q-mesh file: ./qpoints.dat
     Size of q point mesh for interpolation:          9
     Using uniform k-mesh:   360  360    1
     Size of k point mesh for interpolation:     129600
     Max number of k points per pool:           129600

     Fermi energy coarse grid =  -2.956083 eV

     ===================================================================

     Fermi energy is read from the input file: Ef =  -2.956100 eV

     ===================================================================

              ibndmin =     1  ebndmin =    -8.956 eV
              ibndmax =     2  ebndmax =     3.044 eV


     Number of ep-matrix elements per pool :      3110400 ~=   23.73 Mb (@ 8 bytes/ DP)
     We only need to compute        9 q-points
      

     ===================================================================
     Phonon (Imaginary) Self-Energy in the Migdal Approximation
     ===================================================================


     Fermi Surface thickness =   6.000000 eV

     Golden Rule strictly enforced with T =   0.038778 eV

     On- and Off-shell dynamical frequency renormalization will be performed using:

      Omega^2 = omega^2 + 2omega(Re[Pi(Omega,T_low)]- Pi[0,T_high]).
     Smearing type for the static self-energy: Fermi-Dirac
     smearing value for the static self-energy: T_high =   0.020000 Ry.
     Gaussian Broadening:   0.010000 eV, ngauss=   1
     DOS =  0.000067 states/spin/eV/Unit Cell at Ef= -2.956100 eV

     ismear =     1 iq =       1 coord.:   0.00000  0.00000  0.00000 wt:   0.11111 Temp:  450.000K
     -------------------------------------------------------------------
     lambda___(   1 )=       0.000000   gamma___=       0.000000 meV  omega=     -0.0000 meV   on_shell_Omega=      0.0000 meV  off_shell_Omega=      0.0000 meV
     lambda_tr(   1 )=       0.000000   gamma_tr=       0.000000 meV  omega=     -0.0000 meV   on_shell_Omega=      0.0000 meV  off_shell_Omega=      0.0000 meV
     lambda___(   2 )=       0.000000   gamma___=       0.000000 meV  omega=      0.0000 meV   on_shell_Omega=      0.0000 meV  off_shell_Omega=      0.0000 meV
     lambda_tr(   2 )=       0.000000   gamma_tr=       0.000000 meV  omega=      0.0000 meV   on_shell_Omega=      0.0000 meV  off_shell_Omega=      0.0000 meV
     lambda___(   3 )=       0.000000   gamma___=       0.000000 meV  omega=      0.0000 meV   on_shell_Omega=      0.0000 meV  off_shell_Omega=      0.0000 meV
     lambda_tr(   3 )=       0.000000   gamma_tr=       0.000000 meV  omega=      0.0000 meV   on_shell_Omega=      0.0000 meV  off_shell_Omega=      0.0000 meV
     lambda___(   4 )=       0.000222   gamma___=       0.000001 meV  omega=    108.6719 meV   on_shell_Omega=    108.6718 meV  off_shell_Omega=    108.6718 meV
     lambda_tr(   4 )=       0.000438   gamma_tr=       0.000001 meV  omega=    108.6719 meV   on_shell_Omega=    108.6718 meV  off_shell_Omega=    108.6718 meV
     lambda___(   5 )=     234.663418   gamma___=       1.841597 meV  omega=    193.3486 meV   on_shell_Omega=    193.3365 meV  off_shell_Omega=    193.3365 meV
     lambda_tr(   5 )=     461.222683   gamma_tr=       3.619595 meV  omega=    193.3486 meV   on_shell_Omega=    193.3365 meV  off_shell_Omega=    193.3365 meV
     lambda___(   6 )=     234.663418   gamma___=       1.841597 meV  omega=    193.3486 meV   on_shell_Omega=    193.5455 meV  off_shell_Omega=    193.4430 meV
     lambda_tr(   6 )=     461.222683   gamma_tr=       3.619595 meV  omega=    193.3486 meV   on_shell_Omega=    193.5455 meV  off_shell_Omega=    193.4430 meV
     lambda___( tot )=     469.327057
     lambda_tr( tot )=     922.445804
     -------------------------------------------------------------------


     Number of (k,k+q) pairs on the Fermi surface:   129600 out of   129600


     ismear =     1 iq =       2 coord.:   0.00278  0.00278  0.00000 wt:   0.11111 Temp:  450.000K
     -------------------------------------------------------------------
     lambda___(   1 )=       0.000000   gamma___=       0.000000 meV  omega=     -0.0461 meV   on_shell_Omega=      0.0461 meV  off_shell_Omega=      0.0461 meV
     lambda_tr(   1 )=       0.000000   gamma_tr=       0.000000 meV  omega=     -0.0461 meV   on_shell_Omega=      0.0461 meV  off_shell_Omega=      0.0461 meV
     lambda___(   2 )=      85.865597   gamma___=       0.000030 meV  omega=      1.2858 meV   on_shell_Omega=     -0.8029 meV  off_shell_Omega=      3.7569 meV
     lambda_tr(   2 )=      21.944690   gamma_tr=       0.000008 meV  omega=      1.2858 meV   on_shell_Omega=     -0.8029 meV  off_shell_Omega=      3.7569 meV
     lambda___(   3 )=      17.760383   gamma___=       0.000015 meV  omega=      1.9933 meV   on_shell_Omega=      1.3342 meV  off_shell_Omega=      1.3081 meV
     lambda_tr(   3 )=       3.441930   gamma_tr=       0.000003 meV  omega=      1.9933 meV   on_shell_Omega=      1.3342 meV  off_shell_Omega=      1.3081 meV
     lambda___(   4 )=       0.003177   gamma___=       0.000008 meV  omega=    108.6697 meV   on_shell_Omega=    108.6696 meV  off_shell_Omega=    108.6696 meV
     lambda_tr(   4 )=       0.004770   gamma_tr=       0.000012 meV  omega=    108.6697 meV   on_shell_Omega=    108.6696 meV  off_shell_Omega=    108.6696 meV
     lambda___(   5 )=     104.658085   gamma___=       0.821312 meV  omega=    193.3454 meV   on_shell_Omega=    193.7890 meV  off_shell_Omega=    193.9119 meV
     lambda_tr(   5 )=     185.674021   gamma_tr=       1.457090 meV  omega=    193.3454 meV   on_shell_Omega=    193.7890 meV  off_shell_Omega=    193.9119 meV
     lambda___(   6 )=     104.846511   gamma___=       0.822912 meV  omega=    193.3598 meV   on_shell_Omega=    193.4331 meV  off_shell_Omega=    193.4331 meV
     lambda_tr(   6 )=     205.133826   gamma_tr=       1.610041 meV  omega=    193.3598 meV   on_shell_Omega=    193.4331 meV  off_shell_Omega=    193.4331 meV
     lambda___( tot )=     313.133752
     lambda_tr( tot )=     416.199237
     -------------------------------------------------------------------


     Number of (k,k+q) pairs on the Fermi surface:   129600 out of   129600


     ismear =     1 iq =       3 coord.:   0.00833  0.00833  0.00000 wt:   0.11111 Temp:  450.000K
     -------------------------------------------------------------------
     lambda___(   1 )=       0.000000   gamma___=       0.000000 meV  omega=     -0.1258 meV   on_shell_Omega=      0.1258 meV  off_shell_Omega=     -0.2202 meV
     lambda_tr(   1 )=       0.000000   gamma_tr=       0.000000 meV  omega=     -0.1258 meV   on_shell_Omega=      0.1258 meV  off_shell_Omega=     -0.2202 meV
     lambda___(   2 )=      19.107345   gamma___=       0.000060 meV  omega=      3.8568 meV   on_shell_Omega=      3.5478 meV  off_shell_Omega=      3.4349 meV
     lambda_tr(   2 )=      17.094526   gamma_tr=       0.000053 meV  omega=      3.8568 meV   on_shell_Omega=      3.5478 meV  off_shell_Omega=      3.4349 meV
     lambda___(   3 )=       4.759451   gamma___=       0.000036 meV  omega=      5.9783 meV   on_shell_Omega=      5.7908 meV  off_shell_Omega=      5.7915 meV
     lambda_tr(   3 )=       5.062808   gamma_tr=       0.000038 meV  omega=      5.9783 meV   on_shell_Omega=      5.7908 meV  off_shell_Omega=      5.7915 meV
     lambda___(   4 )=       0.004457   gamma___=       0.000011 meV  omega=    108.6521 meV   on_shell_Omega=    108.6521 meV  off_shell_Omega=    108.6521 meV
     lambda_tr(   4 )=       0.004993   gamma_tr=       0.000012 meV  omega=    108.6521 meV   on_shell_Omega=    108.6521 meV  off_shell_Omega=    108.6521 meV
     lambda___(   5 )=     391.531967   gamma___=       3.071772 meV  omega=    193.3202 meV   on_shell_Omega=    192.5262 meV  off_shell_Omega=    192.4706 meV
     lambda_tr(   5 )=      81.573006   gamma_tr=       0.639983 meV  omega=    193.3202 meV   on_shell_Omega=    192.5262 meV  off_shell_Omega=    192.4706 meV
     lambda___(   6 )=      38.509431   gamma___=       0.302529 meV  omega=    193.4489 meV   on_shell_Omega=    194.0312 meV  off_shell_Omega=    194.0156 meV
     lambda_tr(   6 )=      30.088603   gamma_tr=       0.236375 meV  omega=    193.4489 meV   on_shell_Omega=    194.0312 meV  off_shell_Omega=    194.0156 meV
     lambda___( tot )=     453.912652
     lambda_tr( tot )=     133.823937
     -------------------------------------------------------------------


     Number of (k,k+q) pairs on the Fermi surface:   129600 out of   129600


     ismear =     1 iq =       4 coord.:   0.01944  0.01944  0.00000 wt:   0.11111 Temp:  450.000K
     -------------------------------------------------------------------
     lambda___(   1 )=    6280.063884   gamma___=       0.000004 meV  omega=      0.0582 meV   on_shell_Omega=     -0.1804 meV  off_shell_Omega=      0.1019 meV
     lambda_tr(   1 )=   -4088.513599   gamma_tr=      -0.000003 meV  omega=      0.0582 meV   on_shell_Omega=     -0.1804 meV  off_shell_Omega=      0.1019 meV
     lambda___(   2 )=       1.228775   gamma___=       0.000021 meV  omega=      8.9920 meV   on_shell_Omega=      8.8887 meV  off_shell_Omega=      8.8887 meV
     lambda_tr(   2 )=       2.011723   gamma_tr=       0.000034 meV  omega=      8.9920 meV   on_shell_Omega=      8.8887 meV  off_shell_Omega=      8.8887 meV
     lambda___(   3 )=       0.296361   gamma___=       0.000012 meV  omega=     13.9305 meV   on_shell_Omega=     13.8551 meV  off_shell_Omega=     13.8551 meV
     lambda_tr(   3 )=       0.530494   gamma_tr=       0.000022 meV  omega=     13.9305 meV   on_shell_Omega=     13.8551 meV  off_shell_Omega=     13.8551 meV
     lambda___(   4 )=       0.001361   gamma___=       0.000003 meV  omega=    108.5639 meV   on_shell_Omega=    108.5644 meV  off_shell_Omega=    108.5644 meV
     lambda_tr(   4 )=       0.002418   gamma_tr=       0.000006 meV  omega=    108.5639 meV   on_shell_Omega=    108.5644 meV  off_shell_Omega=    108.5644 meV
     lambda___(   5 )=       0.230731   gamma___=       0.001808 meV  omega=    193.1908 meV   on_shell_Omega=    192.9425 meV  off_shell_Omega=    192.8135 meV
     lambda_tr(   5 )=       0.296740   gamma_tr=       0.002325 meV  omega=    193.1908 meV   on_shell_Omega=    192.9425 meV  off_shell_Omega=    192.8135 meV
     lambda___(   6 )=       4.602295   gamma___=       0.036317 meV  omega=    193.8809 meV   on_shell_Omega=    195.0987 meV  off_shell_Omega=    195.1589 meV
     lambda_tr(   6 )=       6.606904   gamma_tr=       0.052136 meV  omega=    193.8809 meV   on_shell_Omega=    195.0987 meV  off_shell_Omega=    195.1589 meV
     lambda___( tot )=    6286.423407
     lambda_tr( tot )=   -4079.065320
     -------------------------------------------------------------------


     Number of (k,k+q) pairs on the Fermi surface:   129600 out of   129600


     ismear =     1 iq =       5 coord.:   0.32778  0.32778  0.00000 wt:   0.11111 Temp:  450.000K
     -------------------------------------------------------------------
     lambda___(   1 )=       0.006095   gamma___=       0.000005 meV  omega=     64.7967 meV   on_shell_Omega=     64.8269 meV  off_shell_Omega=     64.8269 meV
     lambda_tr(   1 )=       0.004265   gamma_tr=       0.000004 meV  omega=     64.7967 meV   on_shell_Omega=     64.8269 meV  off_shell_Omega=     64.8269 meV
     lambda___(   2 )=       0.006490   gamma___=       0.000006 meV  omega=     66.7946 meV   on_shell_Omega=     66.8313 meV  off_shell_Omega=     66.8313 meV
     lambda_tr(   2 )=       0.004373   gamma_tr=       0.000004 meV  omega=     66.7946 meV   on_shell_Omega=     66.8313 meV  off_shell_Omega=     66.8313 meV
     lambda___(   3 )=       0.045606   gamma___=       0.000146 meV  omega=    123.6349 meV   on_shell_Omega=    123.6348 meV  off_shell_Omega=    123.6348 meV
     lambda_tr(   3 )=       0.018290   gamma_tr=       0.000059 meV  omega=    123.6349 meV   on_shell_Omega=    123.6348 meV  off_shell_Omega=    123.6348 meV
     lambda___(   4 )=       0.436320   gamma___=       0.002079 meV  omega=    150.6459 meV   on_shell_Omega=    150.6773 meV  off_shell_Omega=    150.6773 meV
     lambda_tr(   4 )=       0.528286   gamma_tr=       0.002517 meV  omega=    150.6459 meV   on_shell_Omega=    150.6773 meV  off_shell_Omega=    150.6773 meV
     lambda___(   5 )=       5.069962   gamma___=       0.024751 meV  omega=    152.4965 meV   on_shell_Omega=    152.5385 meV  off_shell_Omega=    152.5385 meV
     lambda_tr(   5 )=       3.856436   gamma_tr=       0.018827 meV  omega=    152.4965 meV   on_shell_Omega=    152.5385 meV  off_shell_Omega=    152.5385 meV
     lambda___(   6 )=     173.915009   gamma___=       0.965360 meV  omega=    162.6082 meV   on_shell_Omega=    157.3059 meV  off_shell_Omega=    157.3282 meV
     lambda_tr(   6 )=     219.602151   gamma_tr=       1.218959 meV  omega=    162.6082 meV   on_shell_Omega=    157.3059 meV  off_shell_Omega=    157.3282 meV
     lambda___( tot )=     179.479483
     lambda_tr( tot )=     224.013801
     -------------------------------------------------------------------


     Number of (k,k+q) pairs on the Fermi surface:   129600 out of   129600


     ismear =     1 iq =       6 coord.:   0.33056  0.33056  0.00000 wt:   0.11111 Temp:  450.000K
     -------------------------------------------------------------------
     lambda___(   1 )=       0.020643   gamma___=       0.000018 meV  omega=     65.3000 meV   on_shell_Omega=     65.3291 meV  off_shell_Omega=     65.3291 meV
     lambda_tr(   1 )=       0.004234   gamma_tr=       0.000004 meV  omega=     65.3000 meV   on_shell_Omega=     65.3291 meV  off_shell_Omega=     65.3291 meV
     lambda___(   2 )=       0.014733   gamma___=       0.000014 meV  omega=     66.2864 meV   on_shell_Omega=     66.3244 meV  off_shell_Omega=     66.3244 meV
     lambda_tr(   2 )=       0.002619   gamma_tr=       0.000002 meV  omega=     66.2864 meV   on_shell_Omega=     66.3244 meV  off_shell_Omega=     66.3244 meV
     lambda___(   3 )=       0.007642   gamma___=       0.000025 meV  omega=    123.7551 meV   on_shell_Omega=    123.7551 meV  off_shell_Omega=    123.7551 meV
     lambda_tr(   3 )=       0.012590   gamma_tr=       0.000040 meV  omega=    123.7551 meV   on_shell_Omega=    123.7551 meV  off_shell_Omega=    123.7551 meV
     lambda___(   4 )=       0.370449   gamma___=       0.001775 meV  omega=    151.0835 meV   on_shell_Omega=    151.1105 meV  off_shell_Omega=    151.1105 meV
     lambda_tr(   4 )=       0.709966   gamma_tr=       0.003402 meV  omega=    151.0835 meV   on_shell_Omega=    151.1105 meV  off_shell_Omega=    151.1105 meV
     lambda___(   5 )=       0.310421   gamma___=       0.001505 meV  omega=    151.9731 meV   on_shell_Omega=    152.0058 meV  off_shell_Omega=    152.0058 meV
     lambda_tr(   5 )=       0.554584   gamma_tr=       0.002689 meV  omega=    151.9731 meV   on_shell_Omega=    152.0058 meV  off_shell_Omega=    152.0058 meV
     lambda___(   6 )=     200.635515   gamma___=       1.113087 meV  omega=    162.5650 meV   on_shell_Omega=    156.6012 meV  off_shell_Omega=    156.8895 meV
     lambda_tr(   6 )=     365.027568   gamma_tr=       2.025102 meV  omega=    162.5650 meV   on_shell_Omega=    156.6012 meV  off_shell_Omega=    156.8895 meV
     lambda___( tot )=     201.359404
     lambda_tr( tot )=     366.311561
     -------------------------------------------------------------------


     Number of (k,k+q) pairs on the Fermi surface:   129600 out of   129600


     ismear =     1 iq =       7 coord.:   0.33333  0.33333  0.00000 wt:   0.11111 Temp:  450.000K
     -------------------------------------------------------------------
     lambda___(   1 )=       0.003344   gamma___=       0.000003 meV  omega=     65.7923 meV   on_shell_Omega=     65.8203 meV  off_shell_Omega=     65.8203 meV
     lambda_tr(   1 )=       0.006084   gamma_tr=       0.000006 meV  omega=     65.7923 meV   on_shell_Omega=     65.8203 meV  off_shell_Omega=     65.8203 meV
     lambda___(   2 )=       0.003344   gamma___=       0.000003 meV  omega=     65.7923 meV   on_shell_Omega=     65.8315 meV  off_shell_Omega=     65.8315 meV
     lambda_tr(   2 )=       0.006084   gamma_tr=       0.000006 meV  omega=     65.7923 meV   on_shell_Omega=     65.8315 meV  off_shell_Omega=     65.8315 meV
     lambda___(   3 )=       0.000001   gamma___=       0.000000 meV  omega=    123.7972 meV   on_shell_Omega=    123.7972 meV  off_shell_Omega=    123.7972 meV
     lambda_tr(   3 )=       0.000003   gamma_tr=       0.000000 meV  omega=    123.7972 meV   on_shell_Omega=    123.7972 meV  off_shell_Omega=    123.7972 meV
     lambda___(   4 )=       7.045499   gamma___=       0.033953 meV  omega=    151.5135 meV   on_shell_Omega=    151.5492 meV  off_shell_Omega=    151.5492 meV
     lambda_tr(   4 )=      13.828054   gamma_tr=       0.066639 meV  omega=    151.5135 meV   on_shell_Omega=    151.5492 meV  off_shell_Omega=    151.5492 meV
     lambda___(   5 )=       7.045499   gamma___=       0.033953 meV  omega=    151.5135 meV   on_shell_Omega=    151.5629 meV  off_shell_Omega=    151.5629 meV
     lambda_tr(   5 )=      13.828054   gamma_tr=       0.066639 meV  omega=    151.5135 meV   on_shell_Omega=    151.5629 meV  off_shell_Omega=    151.5629 meV
     lambda___(   6 )=      35.638284   gamma___=       0.197677 meV  omega=    162.5497 meV   on_shell_Omega=    157.5166 meV  off_shell_Omega=    157.8669 meV
     lambda_tr(   6 )=      69.925250   gamma_tr=       0.387859 meV  omega=    162.5497 meV   on_shell_Omega=    157.5166 meV  off_shell_Omega=    157.8669 meV
     lambda___( tot )=      49.735971
     lambda_tr( tot )=      97.593529
     -------------------------------------------------------------------


     Number of (k,k+q) pairs on the Fermi surface:   129600 out of   129600


     ismear =     1 iq =       8 coord.:   0.33611  0.33611  0.00000 wt:   0.11111 Temp:  450.000K
     -------------------------------------------------------------------
     lambda___(   1 )=       0.015714   gamma___=       0.000014 meV  omega=     65.3129 meV   on_shell_Omega=     65.3532 meV  off_shell_Omega=     65.3532 meV
     lambda_tr(   1 )=       0.004089   gamma_tr=       0.000004 meV  omega=     65.3129 meV   on_shell_Omega=     65.3532 meV  off_shell_Omega=     65.3532 meV
     lambda___(   2 )=       0.017312   gamma___=       0.000016 meV  omega=     66.2736 meV   on_shell_Omega=     66.3006 meV  off_shell_Omega=     66.3006 meV
     lambda_tr(   2 )=       0.005161   gamma_tr=       0.000005 meV  omega=     66.2736 meV   on_shell_Omega=     66.3006 meV  off_shell_Omega=     66.3006 meV
     lambda___(   3 )=       0.007969   gamma___=       0.000026 meV  omega=    123.7571 meV   on_shell_Omega=    123.7571 meV  off_shell_Omega=    123.7571 meV
     lambda_tr(   3 )=       0.012407   gamma_tr=       0.000040 meV  omega=    123.7571 meV   on_shell_Omega=    123.7571 meV  off_shell_Omega=    123.7571 meV
     lambda___(   4 )=       0.845992   gamma___=       0.004056 meV  omega=    151.1219 meV   on_shell_Omega=    151.1514 meV  off_shell_Omega=    151.1514 meV
     lambda_tr(   4 )=       1.477203   gamma_tr=       0.007082 meV  omega=    151.1219 meV   on_shell_Omega=    151.1514 meV  off_shell_Omega=    151.1514 meV
     lambda___(   5 )=       1.009110   gamma___=       0.004890 meV  omega=    151.9361 meV   on_shell_Omega=    151.9667 meV  off_shell_Omega=    151.9667 meV
     lambda_tr(   5 )=       1.849012   gamma_tr=       0.008960 meV  omega=    151.9361 meV   on_shell_Omega=    151.9667 meV  off_shell_Omega=    151.9667 meV
     lambda___(   6 )=     259.625781   gamma___=       1.440311 meV  omega=    162.5625 meV   on_shell_Omega=    156.7000 meV  off_shell_Omega=    156.8871 meV
     lambda_tr(   6 )=     455.245309   gamma_tr=       2.525538 meV  omega=    162.5625 meV   on_shell_Omega=    156.7000 meV  off_shell_Omega=    156.8871 meV
     lambda___( tot )=     261.521878
     lambda_tr( tot )=     458.593181
     -------------------------------------------------------------------


     Number of (k,k+q) pairs on the Fermi surface:   129600 out of   129600


     ismear =     1 iq =       9 coord.:   0.33889  0.33889  0.00000 wt:   0.11111 Temp:  450.000K
     -------------------------------------------------------------------
     lambda___(   1 )=       0.008919   gamma___=       0.000008 meV  omega=     64.8486 meV   on_shell_Omega=     64.8900 meV  off_shell_Omega=     64.8900 meV
     lambda_tr(   1 )=       0.010632   gamma_tr=       0.000009 meV  omega=     64.8486 meV   on_shell_Omega=     64.8900 meV  off_shell_Omega=     64.8900 meV
     lambda___(   2 )=       0.006046   gamma___=       0.000006 meV  omega=     66.7439 meV   on_shell_Omega=     66.7698 meV  off_shell_Omega=     66.7698 meV
     lambda_tr(   2 )=       0.005220   gamma_tr=       0.000005 meV  omega=     66.7439 meV   on_shell_Omega=     66.7698 meV  off_shell_Omega=     66.7698 meV
     lambda___(   3 )=       0.029089   gamma___=       0.000093 meV  omega=    123.6319 meV   on_shell_Omega=    123.6318 meV  off_shell_Omega=    123.6318 meV
     lambda_tr(   3 )=       0.012673   gamma_tr=       0.000041 meV  omega=    123.6319 meV   on_shell_Omega=    123.6318 meV  off_shell_Omega=    123.6318 meV
     lambda___(   4 )=      10.739698   gamma___=       0.051271 meV  omega=    150.8014 meV   on_shell_Omega=    150.8448 meV  off_shell_Omega=    150.8448 meV
     lambda_tr(   4 )=       3.794114   gamma_tr=       0.018113 meV  omega=    150.8014 meV   on_shell_Omega=    150.8448 meV  off_shell_Omega=    150.8448 meV
     lambda___(   5 )=       0.433180   gamma___=       0.002111 meV  omega=    152.3517 meV   on_shell_Omega=    152.3893 meV  off_shell_Omega=    152.3893 meV
     lambda_tr(   5 )=       0.344096   gamma_tr=       0.001677 meV  omega=    152.3517 meV   on_shell_Omega=    152.3893 meV  off_shell_Omega=    152.3893 meV
     lambda___(   6 )=     131.863222   gamma___=       0.731898 meV  omega=    162.6035 meV   on_shell_Omega=    157.3138 meV  off_shell_Omega=    157.5221 meV
     lambda_tr(   6 )=     143.536740   gamma_tr=       0.796691 meV  omega=    162.6035 meV   on_shell_Omega=    157.3138 meV  off_shell_Omega=    157.5221 meV
     lambda___( tot )=     143.080155
     lambda_tr( tot )=     147.703477
     -------------------------------------------------------------------


     Number of (k,k+q) pairs on the Fermi surface:   129600 out of   129600

     ===================================================================
     Memory usage:  VmHWM =       183Mb
                   VmPeak =      5217Mb
     ===================================================================


     Unfolding on the coarse grid
     elphon_wrap  :      0.00s CPU      0.00s WALL (       1 calls)

     INITIALIZATION: 




     Electron-Phonon interpolation
     ep-interp    :     78.63s CPU     85.39s WALL (       9 calls)
     PH SELF-ENER :      2.99s CPU      2.99s WALL (       9 calls)

     wigner_seitz :      0.00s CPU      0.00s WALL (       1 calls)
     DynW2B       :      0.00s CPU      0.00s WALL (       9 calls)
     HamW2B       :      7.39s CPU      8.15s WALL ( 2721600 calls)
     ephW2Bp      :      0.01s CPU      0.01s WALL (       9 calls)
     ephW2B       :      7.17s CPU      7.90s WALL ( 1166400 calls)
     vmeW2B       :     32.34s CPU     35.54s WALL ( 2332800 calls)



     Total program execution
     EPW          :   1m22.59s CPU   1m29.74s WALL

     % Copyright (C) 2016-2023 EPW-Collaboration                                    
                                                                                    
     ===============================================================================
     Please consider citing the following papers.                                   
                                                                                                 
     % Paper describing the method on which EPW relies                                           
       F. Giustino and M. L. Cohen and S. G. Louie, Phys. Rev. B 76, 165108 (2007)               
                                                                                                 
     % Papers describing the EPW software                                                        
       H. Lee et al., npj Comput. Mater. 9, 156 (2023)                                           
       S. Ponc\'e, E.R. Margine, C. Verdi and F. Giustino, Comput. Phys. Commun. 209, 116 (2016) 
       J. Noffsinger et al., Comput. Phys. Commun. 181, 2140 (2010)                              
                                                                                                 
                                                                                    
     For your convenience, this information is also reported in the                 
     functionality-dependent EPW.bib file.                                          
     ===============================================================================
                                                                                    
