
     Program PHONON v.7.5 starts on 13Aug2026 at  2:35:16 

     This program is part of the open-source Quantum ESPRESSO suite
     for quantum simulation of materials; please cite
         "P. Giannozzi et al., J. Phys.:Condens. Matter 21 395502 (2009);
         "P. Giannozzi et al., J. Phys.:Condens. Matter 29 465901 (2017);
         "P. Giannozzi et al., J. Chem. Phys. 152 154105 (2020);
          URL http://www.quantum-espresso.org", 
     in publications or presentations arising from this work. More details at
     http://www.quantum-espresso.org/quote

     Parallel version (MPI & OpenMP), running on       4 processor cores
     Number of MPI processes:                 1
     Threads/MPI process:                     4

     MPI processes distributed on     1 nodes
     20231 MiB available memory on the printing compute node when the environment starts
 
     Reading input from ph.in

     Reading xml data from directory:

     ../tmp/gr.save/
 
     Subspace diagonalization in iterative solution of the eigenvalue problem:
     a serial algorithm will be used


     IMPORTANT: XC functional enforced from input :
     Exchange-correlation= PBE
                           (   1   4   3   4   0   0   0)
     Any further DFT definition will be discarded
     Please, verify this is what you really want

 
     G-vector sticks info
     --------------------
     sticks:   dense  smooth     PW     G-vecs:    dense   smooth      PW
     Sum         361     361    109                33427    33427    5779
 
     Using Slab Decomposition
 
     Reading collected, re-writing distributed wavefunctions in ../tmp/

     Number and degeneracy of irreps per q-point
       N         xq(1)         xq(2)         xq(3)   N irreps
       1   0.335666667   0.573308817   0.000000000       6
     No degeneracy

     Calculation of q =    0.3356667   0.5733088   0.0000000
     [opt_tetra]  Optimized tetrahedron method is used.
 
     G-vector sticks info
     --------------------
     sticks:   dense  smooth     PW     G-vecs:    dense   smooth      PW
     Sum         361     361    139                33427    33427    7725
 
     Using Slab Decomposition
 

     Title: 
     graphene no-degauss DFPT; stage=pilot lane=B label=KM_d007 direction=KM del


     bravais-lattice index     =            4
     lattice parameter (alat)  =       4.6487  a.u.
     unit-cell volume          =     530.5041 (a.u.)^3
     number of atoms/cell      =            2
     number of atomic types    =            1
     number of electrons       =         8.00
     number of Kohn-Sham states=            8
     kinetic-energy cutoff     =      60.0000  Ry
     charge density cutoff     =     240.0000  Ry
     Exchange-correlation= PBE
                           (   1   4   3   4   0   0   0)

     GPU acceleration is ACTIVE.  1 visible GPUs per MPI rank


     celldm(1)=   4.648726  celldm(2)=   0.000000  celldm(3)=   6.097561
     celldm(4)=   0.000000  celldm(5)=   0.000000  celldm(6)=   0.000000

     crystal axes: (cart. coord. in units of alat)
               a(1) = (   1.000000   0.000000   0.000000 )  
               a(2) = (  -0.500000   0.866025   0.000000 )  
               a(3) = (   0.000000   0.000000   6.097561 )  

     reciprocal axes: (cart. coord. in units 2 pi/alat)
               b(1) = (  1.000000  0.577350 -0.000000 )  
               b(2) = (  0.000000  1.154701  0.000000 )  
               b(3) = (  0.000000 -0.000000  0.164000 )  


     PseudoPot. # 1 for C  read from file:
     /root/phonon/pseudo/C_ONCV_PBE-1.2.upf
     MD5 check sum: 1a5f83a7b1f58d24996abe00ed223ac6
     Pseudo is Norm-conserving, Zval =  4.0
     Generated using ONCVPSP code by D. R. Hamann
     Using radial grid of  602 points,  4 beta functions with: 
                l(1) =   0
                l(2) =   0
                l(3) =   1
                l(4) =   1

     atomic species   valence    mass     pseudopotential
     C                 4.00    12.01100     C ( 1.00)

     24 Sym. Ops., with inversion, found



   Cartesian axes

     site n.     atom                  positions (alat units)
         1        C      tau(   1) = (   0.0000000   0.0000000   0.0000000  )
         2        C      tau(   2) = (  -0.0000000   0.5773503   0.0000000  )

     number of k points= 37056 (tetrahedron method)

     Number of k-points >= 100: set verbosity='high' to print them.

     Dense  grid:    33427 G-vectors     FFT dimensions: (  24,  24, 144)

     Estimated max dynamical RAM per process >      16.32 MB

     The potential is recalculated from file :
     ../tmp/_ph0/gr.save/charge-density

     Starting wfcs are    0 atomic +    8 random wfcs

     Band Structure Calculation
     Davidson diagonalization with overlap
     c_bands:  1 eigenvalues not converged

     ethr =  1.25E-10,  avg # of iterations = 36.3

     total cpu time spent up to now is     2140.4 secs

     End of band structure calculation

     Number of k-points >= 100: set verbosity='high' to print the bands.

     the Fermi energy is    -1.7005 ev

     Writing config to output data dir ../tmp/_ph0/gr.save/ :
     XML data file
 
     [dfpt_tetra]  Dos(E_F)[/Ry] :   0.2835878E-01

     graphene no-degauss DFPT; stage=pilot lane=B label=KM_d007 direction=KM del

     bravais-lattice index     =            4
     lattice parameter (alat)  =       4.6487  a.u.
     unit-cell volume          =     530.5041 (a.u.)^3
     number of atoms/cell      =            2
     number of atomic types    =            1
     kinetic-energy cut-off    =      60.0000  Ry
     charge density cut-off    =     240.0000  Ry
     convergence threshold     =      1.0E-14
     beta                      =       0.7000
     number of iterations used =            4
     Exchange-correlation= PBE
                           (   1   4   3   4   0   0   0)


     celldm(1)=    4.64873  celldm(2)=    0.00000  celldm(3)=    6.09756
     celldm(4)=    0.00000  celldm(5)=    0.00000  celldm(6)=    0.00000

     crystal axes: (cart. coord. in units of alat)
               a(1) = (  1.0000  0.0000  0.0000 )  
               a(2) = ( -0.5000  0.8660  0.0000 )  
               a(3) = (  0.0000  0.0000  6.0976 )  

     reciprocal axes: (cart. coord. in units 2 pi/alat)
               b(1) = (  1.0000  0.5774 -0.0000 )  
               b(2) = (  0.0000  1.1547  0.0000 )  
               b(3) = (  0.0000 -0.0000  0.1640 )  


     Atoms inside the unit cell: 

     Cartesian axes

     site n.  atom      mass           positions (alat units)
        1  C      12.0110   tau(    1) = (    0.00000    0.00000    0.00000  )
        2  C      12.0110   tau(    2) = (   -0.00000    0.57735    0.00000  )

     Computing dynamical matrix for 
                    q = (   0.3356667   0.5733088   0.0000000 )
 
      4 Sym.Ops. (no q -> -q+G )


     G cutoff =  131.3770  (  33427 G-vectors)     FFT grid: ( 24, 24,144)
     number of k points= 37056

     PseudoPot. # 1 for C  read from file:
     /root/phonon/pseudo/C_ONCV_PBE-1.2.upf
     MD5 check sum: 1a5f83a7b1f58d24996abe00ed223ac6
     Pseudo is Norm-conserving, Zval =  4.0
     Generated using ONCVPSP code by D. R. Hamann
     Using radial grid of  602 points,  4 beta functions with: 
                l(1) =   0
                l(2) =   0
                l(3) =   1
                l(4) =   1


     Atomic displacements:
     There are    6 irreducible representations

     Representation     1      1 modes -  To be done

     Representation     2      1 modes -  To be done

     Representation     3      1 modes -  To be done

     Representation     4      1 modes -  To be done

     Representation     5      1 modes -  To be done

     Representation     6      1 modes -  To be done


     Message from routine init_vloc:
     Interpolation table for Vloc re-allocated

     Alpha used in Ewald sum =   2.5000
     PHONON       :  38m 0.20s CPU  38m 6.04s WALL



     Representation #   1 mode #   1

     Self-consistent Calculation

      iter #   1 total cpu time :  2691.1 secs   av.it.:   3.6
      thresh= 1.000E-02 alpha_mix =  0.700 |ddv_scf|^2 =  1.576E-06

      iter #   2 total cpu time :  3186.2 secs   av.it.:   5.8
      thresh= 1.255E-04 alpha_mix =  0.700 |ddv_scf|^2 =  1.783E-06

      iter #   3 total cpu time :  3649.9 secs   av.it.:   5.4
      thresh= 1.335E-04 alpha_mix =  0.700 |ddv_scf|^2 =  2.642E-09

      iter #   4 total cpu time :  4118.7 secs   av.it.:   5.4
      thresh= 5.140E-06 alpha_mix =  0.700 |ddv_scf|^2 =  3.404E-11

      iter #   5 total cpu time :  4584.5 secs   av.it.:   5.3
      thresh= 5.834E-07 alpha_mix =  0.700 |ddv_scf|^2 =  1.087E-14

      iter #   6 total cpu time :  5068.1 secs   av.it.:   5.6
      thresh= 1.042E-08 alpha_mix =  0.700 |ddv_scf|^2 =  6.210E-16

     End of self-consistent calculation

     Convergence has been achieved 


     Representation #   2 mode #   2

     Self-consistent Calculation

      iter #   1 total cpu time :  5536.1 secs   av.it.:   3.8
      thresh= 1.000E-02 alpha_mix =  0.700 |ddv_scf|^2 =  3.167E-06

      iter #   2 total cpu time :  6020.5 secs   av.it.:   5.8
      thresh= 1.780E-04 alpha_mix =  0.700 |ddv_scf|^2 =  1.546E-06

      iter #   3 total cpu time :  6497.1 secs   av.it.:   5.6
      thresh= 1.243E-04 alpha_mix =  0.700 |ddv_scf|^2 =  9.582E-08

      iter #   4 total cpu time :  6962.4 secs   av.it.:   5.4
      thresh= 3.095E-05 alpha_mix =  0.700 |ddv_scf|^2 =  2.009E-10

      iter #   5 total cpu time :  7430.8 secs   av.it.:   5.5
      thresh= 1.417E-06 alpha_mix =  0.700 |ddv_scf|^2 =  6.078E-12

      iter #   6 total cpu time :  7901.2 secs   av.it.:   5.4
      thresh= 2.465E-07 alpha_mix =  0.700 |ddv_scf|^2 =  1.148E-14

      iter #   7 total cpu time :  8370.9 secs   av.it.:   5.6
      thresh= 1.072E-08 alpha_mix =  0.700 |ddv_scf|^2 =  7.276E-16

     End of self-consistent calculation

     Convergence has been achieved 


     Representation #   3 mode #   3

     Self-consistent Calculation

      iter #   1 total cpu time :  8819.9 secs   av.it.:   3.2
      thresh= 1.000E-02 alpha_mix =  0.700 |ddv_scf|^2 =  2.773E-07

      iter #   2 total cpu time :  9311.4 secs   av.it.:   5.4
      thresh= 5.265E-05 alpha_mix =  0.700 |ddv_scf|^2 =  2.140E-09

      iter #   3 total cpu time :  9779.7 secs   av.it.:   5.2
      thresh= 4.626E-06 alpha_mix =  0.700 |ddv_scf|^2 =  1.115E-10

      iter #   4 total cpu time : 10214.1 secs   av.it.:   4.6
      thresh= 1.056E-06 alpha_mix =  0.700 |ddv_scf|^2 =  3.170E-14

      iter #   5 total cpu time : 10674.5 secs   av.it.:   5.1
      thresh= 1.780E-08 alpha_mix =  0.700 |ddv_scf|^2 =  5.279E-16

     End of self-consistent calculation

     Convergence has been achieved 


     Representation #   4 mode #   4

     Self-consistent Calculation

      iter #   1 total cpu time : 11118.3 secs   av.it.:   3.2
      thresh= 1.000E-02 alpha_mix =  0.700 |ddv_scf|^2 =  2.879E-07

      iter #   2 total cpu time : 11610.6 secs   av.it.:   5.4
      thresh= 5.365E-05 alpha_mix =  0.700 |ddv_scf|^2 =  2.316E-09

      iter #   3 total cpu time : 12084.4 secs   av.it.:   5.2
      thresh= 4.813E-06 alpha_mix =  0.700 |ddv_scf|^2 =  1.128E-10

      iter #   4 total cpu time : 12515.1 secs   av.it.:   4.6
      thresh= 1.062E-06 alpha_mix =  0.700 |ddv_scf|^2 =  3.207E-14

      iter #   5 total cpu time : 12974.7 secs   av.it.:   5.1
      thresh= 1.791E-08 alpha_mix =  0.700 |ddv_scf|^2 =  5.734E-16

     End of self-consistent calculation

     Convergence has been achieved 


     Representation #   5 mode #   5

     Self-consistent Calculation

      iter #   1 total cpu time : 13457.1 secs   av.it.:   3.9
      thresh= 1.000E-02 alpha_mix =  0.700 |ddv_scf|^2 =  3.129E-06

      iter #   2 total cpu time : 13948.4 secs   av.it.:   5.8
      thresh= 1.769E-04 alpha_mix =  0.700 |ddv_scf|^2 =  2.518E-06

      iter #   3 total cpu time : 14415.4 secs   av.it.:   5.4
      thresh= 1.587E-04 alpha_mix =  0.700 |ddv_scf|^2 =  4.722E-08

      iter #   4 total cpu time : 14881.0 secs   av.it.:   5.4
      thresh= 2.173E-05 alpha_mix =  0.700 |ddv_scf|^2 =  3.101E-10

      iter #   5 total cpu time : 15351.8 secs   av.it.:   5.5
      thresh= 1.761E-06 alpha_mix =  0.700 |ddv_scf|^2 =  7.847E-12

      iter #   6 total cpu time : 15825.3 secs   av.it.:   5.4
      thresh= 2.801E-07 alpha_mix =  0.700 |ddv_scf|^2 =  6.857E-15

     End of self-consistent calculation

     Convergence has been achieved 


     Representation #   6 mode #   6

     Self-consistent Calculation

      iter #   1 total cpu time : 16295.6 secs   av.it.:   3.6
      thresh= 1.000E-02 alpha_mix =  0.700 |ddv_scf|^2 =  1.768E-06

      iter #   2 total cpu time : 16780.0 secs   av.it.:   5.8
      thresh= 1.330E-04 alpha_mix =  0.700 |ddv_scf|^2 =  2.002E-06

      iter #   3 total cpu time : 17256.5 secs   av.it.:   5.4
      thresh= 1.415E-04 alpha_mix =  0.700 |ddv_scf|^2 =  2.882E-09

      iter #   4 total cpu time : 17734.2 secs   av.it.:   5.4
      thresh= 5.369E-06 alpha_mix =  0.700 |ddv_scf|^2 =  3.433E-11

      iter #   5 total cpu time : 18203.2 secs   av.it.:   5.4
      thresh= 5.859E-07 alpha_mix =  0.700 |ddv_scf|^2 =  1.155E-14

      iter #   6 total cpu time : 18689.0 secs   av.it.:   5.6
      thresh= 1.075E-08 alpha_mix =  0.700 |ddv_scf|^2 =  6.414E-16

     End of self-consistent calculation

     Convergence has been achieved 
 
     Number of q in the star =    6
     List of q in the star:
          1   0.335666667   0.573308817   0.000000000
          2  -0.328666667   0.577350269   0.000000000
          3   0.664333333  -0.004041452   0.000000000
          4  -0.664333333   0.004041452   0.000000000
          5   0.328666667  -0.577350269   0.000000000
          6   0.664333333   0.004041452   0.000000000

     Diagonalizing the dynamical matrix

     q = (    0.335666667   0.573308817   0.000000000 ) 

 **************************************************************************
     freq (    1) =      16.218819 [THz] =     541.001577 [cm-1]
     freq (    2) =      16.407255 [THz] =     547.287104 [cm-1]
     freq (    3) =      30.123912 [THz] =    1004.825558 [cm-1]
     freq (    4) =      36.723976 [THz] =    1224.979996 [cm-1]
     freq (    5) =      36.899489 [THz] =    1230.834475 [cm-1]
     freq (    6) =      38.652429 [THz] =    1289.306246 [cm-1]
 **************************************************************************
 
     init_run     :     16.88s CPU     17.17s WALL (       1 calls)
     electrons    :   2007.60s CPU   2024.23s WALL (       1 calls)

     Called by init_run:
     wfcinit      :      0.00s CPU      0.00s WALL (       1 calls)
     potinit      :      0.01s CPU      0.01s WALL (       1 calls)
     hinit0       :      0.01s CPU      0.01s WALL (       1 calls)

     Called by electrons:
     c_bands      :   1998.53s CPU   2019.66s WALL (       1 calls)
     v_of_rho     :      0.02s CPU      0.02s WALL (       2 calls)

     Called by c_bands:
     init_us_2    :    244.10s CPU    257.28s WALL (  944928 calls)
     cegterg      :   1860.51s CPU   1868.56s WALL (   83663 calls)

     Called by *egterg:
     cdiaghg      :    581.45s CPU    613.00s WALL ( 1381997 calls)
                                      603.22s GPU  ( 1381997 calls)
     h_psi        :   4272.35s CPU   4254.69s WALL ( 8951339 calls)
     g_psi        :     32.65s CPU     33.75s WALL ( 1344941 calls)

     Called by h_psi:
     h_psi:calbec :    234.07s CPU    248.31s WALL ( 8951339 calls)
     vloc_psi     :   2813.99s CPU   2850.14s WALL ( 8951339 calls)
                                     2795.95s GPU  ( 8951339 calls)
     add_vuspsi   :    841.70s CPU    893.38s WALL ( 8951339 calls)

     General routines
     calbec       :    302.22s CPU    312.85s WALL ( 9581291 calls)
     fft          :      0.59s CPU      0.61s WALL (     409 calls)
                                        0.01s GPU  (      23 calls)
     ffts         :      2.46s CPU      3.77s WALL (  111204 calls)
                                        3.08s GPU  (  111204 calls)
     fftw         :    503.41s CPU   1727.16s WALL (38654038 calls)
                                     1489.40s GPU  (38654038 calls)
     davcio       :   1025.40s CPU   1425.48s WALL ( 3560761 calls)
 
     Parallel routines
 
     PHONON       :      4h54m CPU      5h12m WALL

     INITIALIZATION: 
     phq_setup    :      4.98s CPU      5.00s WALL (       1 calls)
     phq_init     :    141.70s CPU    131.91s WALL (       1 calls)
 
     phq_init     :    141.70s CPU    131.91s WALL (       1 calls)
     init_vloc    :      0.03s CPU      0.03s WALL (       2 calls)
     init_us_1    :      0.00s CPU      0.00s WALL (       2 calls)
     init_us_2    :    244.10s CPU    257.28s WALL (  944928 calls)
 
     DYNAMICAL MATRIX:
     dynmat0      :    126.56s CPU    109.94s WALL (       1 calls)
     dynmat_us    :    126.55s CPU    109.93s WALL (       1 calls)
     d2ionq       :      0.01s CPU      0.01s WALL (       1 calls)
     phqscf       :  15364.30s CPU  16435.42s WALL (       1 calls)
     dynmatrix    :      0.05s CPU      0.11s WALL (       1 calls)
 
     phqscf       :  15364.30s CPU  16435.42s WALL (       1 calls)
     solve_linter :  15229.33s CPU  16239.64s WALL (       6 calls)
     dfpt_kernel  :  14449.58s CPU  15596.10s WALL (       6 calls)
     sth_kernel   :  14447.59s CPU  15592.06s WALL (      35 calls)
     h_prec       :     88.50s CPU    116.45s WALL (  648480 calls)
     apply_dpot_b :    713.47s CPU    990.67s WALL (  537312 calls)
     ortho        :    585.75s CPU    663.77s WALL (  648480 calls)
     cgsolve      :  10742.45s CPU  10887.34s WALL (  648480 calls)
     incdrhoscf   :   1084.53s CPU   1199.86s WALL (  648480 calls)
                                     1194.34s GPU  (  648480 calls)
     dv_of_drho   :      0.95s CPU      2.14s WALL (      35 calls)
     mix_pot      :      0.52s CPU      0.82s WALL (      35 calls)
     drhodv       :    134.96s CPU    195.74s WALL (       6 calls)
     psymdvscf    :      0.42s CPU      0.72s WALL (      35 calls)
     com_dvloc    :     30.99s CPU     25.50s WALL (  111204 calls)
                                       24.88s GPU  (  111204 calls)
     addcore      :      0.01s CPU      0.02s WALL (       6 calls)
                                        0.02s GPU  (       6 calls)
 
     dvqpsi_us    :    565.38s CPU    480.12s WALL (  111168 calls)
                                      479.01s GPU  (  111168 calls)
     dvqpsi_us_on :    359.61s CPU    299.56s WALL (  111168 calls)
 
     add_vuspsi   :    841.70s CPU    893.38s WALL ( 8951339 calls)
 
 
      General routines
     calbec       :    302.22s CPU    312.85s WALL ( 9581291 calls)
     fft          :      0.59s CPU      0.61s WALL (     409 calls)
                                        0.01s GPU  (      23 calls)
     ffts         :      2.46s CPU      3.77s WALL (  111204 calls)
                                        3.08s GPU  (  111204 calls)
     fftw         :    503.41s CPU   1727.16s WALL (38654038 calls)
                                     1489.40s GPU  (38654038 calls)
     davcio       :   1025.40s CPU   1425.48s WALL ( 3560761 calls)
     write_rec    :      0.07s CPU      0.18s WALL (      41 calls)
 
      Additional routines
     ch_psi       :   6432.05s CPU   6326.62s WALL ( 7485679 calls)
     last         :   2516.44s CPU   2407.08s WALL ( 7485679 calls)
     Hesh         :     86.80s CPU     93.19s WALL ( 7485679 calls)
     ch_psi_all_k :   2224.17s CPU   2226.00s WALL ( 7485679 calls)
                                     2176.70s GPU  ( 7485679 calls)
     h_psi_bgrp   :   4291.73s CPU   4271.98s WALL ( 8951339 calls)
     h_psi        :   4272.35s CPU   4254.69s WALL ( 8951339 calls)
     h_psi:pot    :   4028.24s CPU   4056.18s WALL ( 8951339 calls)
     h_psi:calbec :    234.07s CPU    248.31s WALL ( 8951339 calls)
     s_psi_bgrp   :    114.45s CPU    119.21s WALL (15619838 calls)
 
 
     PHONON       :      4h54m CPU      5h12m WALL

 
   This run was terminated on:   7:47:20  13Aug2026            

=------------------------------------------------------------------------------=
   JOB DONE.
=------------------------------------------------------------------------------=
Warning: ieee_divide_by_zero is signaling
Warning: ieee_underflow is signaling
Warning: ieee_inexact is signaling
FORTRAN STOP
