
     Program PHONON v.7.5 starts on 13Aug2026 at 11:17:46 

     This program is part of the open-source Quantum ESPRESSO suite
     for quantum simulation of materials; please cite
         "P. Giannozzi et al., J. Phys.:Condens. Matter 21 395502 (2009);
         "P. Giannozzi et al., J. Phys.:Condens. Matter 29 465901 (2017);
         "P. Giannozzi et al., J. Chem. Phys. 152 154105 (2020);
          URL http://www.quantum-espresso.org", 
     in publications or presentations arising from this work. More details at
     http://www.quantum-espresso.org/quote

     Parallel version (MPI & OpenMP), running on       4 processor cores
     Number of MPI processes:                 1
     Threads/MPI process:                     4

     MPI processes distributed on     1 nodes
     20767 MiB available memory on the printing compute node when the environment starts
 
     Reading input from ph.in

     Reading xml data from directory:

     ../tmp/gr.save/
 
     Subspace diagonalization in iterative solution of the eigenvalue problem:
     a serial algorithm will be used


     IMPORTANT: XC functional enforced from input :
     Exchange-correlation= PBE
                           (   1   4   3   4   0   0   0)
     Any further DFT definition will be discarded
     Please, verify this is what you really want

 
     G-vector sticks info
     --------------------
     sticks:   dense  smooth     PW     G-vecs:    dense   smooth      PW
     Sum         361     361    109                33427    33427    5779
 
     Using Slab Decomposition
 
     Reading collected, re-writing distributed wavefunctions in ../tmp/

     Number and degeneracy of irreps per q-point
       N         xq(1)         xq(2)         xq(3)   N irreps
       1   0.335666667   0.573308817   0.000000000       6
     No degeneracy

     Calculation of q =    0.3356667   0.5733088   0.0000000
     [opt_tetra]  Optimized tetrahedron method is used.
 
     G-vector sticks info
     --------------------
     sticks:   dense  smooth     PW     G-vecs:    dense   smooth      PW
     Sum         361     361    139                33427    33427    7725
 
     Using Slab Decomposition
 

     Title: 
     graphene no-degauss DFPT; stage=convergence lane=B label=KM_d007 direction=


     bravais-lattice index     =            4
     lattice parameter (alat)  =       4.6487  a.u.
     unit-cell volume          =     530.5041 (a.u.)^3
     number of atoms/cell      =            2
     number of atomic types    =            1
     number of electrons       =         8.00
     number of Kohn-Sham states=            8
     kinetic-energy cutoff     =      60.0000  Ry
     charge density cutoff     =     240.0000  Ry
     Exchange-correlation= PBE
                           (   1   4   3   4   0   0   0)

     GPU acceleration is ACTIVE.  1 visible GPUs per MPI rank


     celldm(1)=   4.648726  celldm(2)=   0.000000  celldm(3)=   6.097561
     celldm(4)=   0.000000  celldm(5)=   0.000000  celldm(6)=   0.000000

     crystal axes: (cart. coord. in units of alat)
               a(1) = (   1.000000   0.000000   0.000000 )  
               a(2) = (  -0.500000   0.866025   0.000000 )  
               a(3) = (   0.000000   0.000000   6.097561 )  

     reciprocal axes: (cart. coord. in units 2 pi/alat)
               b(1) = (  1.000000  0.577350 -0.000000 )  
               b(2) = (  0.000000  1.154701  0.000000 )  
               b(3) = (  0.000000 -0.000000  0.164000 )  


     PseudoPot. # 1 for C  read from file:
     /root/phonon/pseudo/C_ONCV_PBE-1.2.upf
     MD5 check sum: 1a5f83a7b1f58d24996abe00ed223ac6
     Pseudo is Norm-conserving, Zval =  4.0
     Generated using ONCVPSP code by D. R. Hamann
     Using radial grid of  602 points,  4 beta functions with: 
                l(1) =   0
                l(2) =   0
                l(3) =   1
                l(4) =   1

     atomic species   valence    mass     pseudopotential
     C                 4.00    12.01100     C ( 1.00)

     24 Sym. Ops., with inversion, found



   Cartesian axes

     site n.     atom                  positions (alat units)
         1        C      tau(   1) = (   0.0000000   0.0000000   0.0000000  )
         2        C      tau(   2) = (  -0.0000000   0.5773503   0.0000000  )

     number of k points= 57840 (tetrahedron method)

     Number of k-points >= 100: set verbosity='high' to print them.

     Dense  grid:    33427 G-vectors     FFT dimensions: (  24,  24, 144)

     Estimated max dynamical RAM per process >      16.32 MB

     The potential is recalculated from file :
     ../tmp/_ph0/gr.save/charge-density

     Starting wfcs are    0 atomic +    8 random wfcs

     Band Structure Calculation
     Davidson diagonalization with overlap
     c_bands:  1 eigenvalues not converged

     ethr =  1.25E-10,  avg # of iterations = 36.4

     total cpu time spent up to now is     3448.3 secs

     End of band structure calculation

     Number of k-points >= 100: set verbosity='high' to print the bands.

     the Fermi energy is    -1.7005 ev

     Writing config to output data dir ../tmp/_ph0/gr.save/ :
     XML data file
 
     [dfpt_tetra]  Dos(E_F)[/Ry] :   0.2270098E-01

     graphene no-degauss DFPT; stage=convergence lane=B label=KM_d007 direction=

     bravais-lattice index     =            4
     lattice parameter (alat)  =       4.6487  a.u.
     unit-cell volume          =     530.5041 (a.u.)^3
     number of atoms/cell      =            2
     number of atomic types    =            1
     kinetic-energy cut-off    =      60.0000  Ry
     charge density cut-off    =     240.0000  Ry
     convergence threshold     =      1.0E-14
     beta                      =       0.7000
     number of iterations used =            4
     Exchange-correlation= PBE
                           (   1   4   3   4   0   0   0)


     celldm(1)=    4.64873  celldm(2)=    0.00000  celldm(3)=    6.09756
     celldm(4)=    0.00000  celldm(5)=    0.00000  celldm(6)=    0.00000

     crystal axes: (cart. coord. in units of alat)
               a(1) = (  1.0000  0.0000  0.0000 )  
               a(2) = ( -0.5000  0.8660  0.0000 )  
               a(3) = (  0.0000  0.0000  6.0976 )  

     reciprocal axes: (cart. coord. in units 2 pi/alat)
               b(1) = (  1.0000  0.5774 -0.0000 )  
               b(2) = (  0.0000  1.1547  0.0000 )  
               b(3) = (  0.0000 -0.0000  0.1640 )  


     Atoms inside the unit cell: 

     Cartesian axes

     site n.  atom      mass           positions (alat units)
        1  C      12.0110   tau(    1) = (    0.00000    0.00000    0.00000  )
        2  C      12.0110   tau(    2) = (   -0.00000    0.57735    0.00000  )

     Computing dynamical matrix for 
                    q = (   0.3356667   0.5733088   0.0000000 )
 
      4 Sym.Ops. (no q -> -q+G )


     G cutoff =  131.3770  (  33427 G-vectors)     FFT grid: ( 24, 24,144)
     number of k points= 57840

     PseudoPot. # 1 for C  read from file:
     /root/phonon/pseudo/C_ONCV_PBE-1.2.upf
     MD5 check sum: 1a5f83a7b1f58d24996abe00ed223ac6
     Pseudo is Norm-conserving, Zval =  4.0
     Generated using ONCVPSP code by D. R. Hamann
     Using radial grid of  602 points,  4 beta functions with: 
                l(1) =   0
                l(2) =   0
                l(3) =   1
                l(4) =   1


     Atomic displacements:
     There are    6 irreducible representations

     Representation     1      1 modes -  To be done

     Representation     2      1 modes -  To be done

     Representation     3      1 modes -  To be done

     Representation     4      1 modes -  To be done

     Representation     5      1 modes -  To be done

     Representation     6      1 modes -  To be done


     Message from routine init_vloc:
     Interpolation table for Vloc re-allocated

     Alpha used in Ewald sum =   2.5000
     PHONON       :      1h 1m CPU      1h 1m WALL



     Representation #   1 mode #   1

     Self-consistent Calculation

      iter #   1 total cpu time :  4369.4 secs   av.it.:   3.6
      thresh= 1.000E-02 alpha_mix =  0.700 |ddv_scf|^2 =  1.576E-06

      iter #   2 total cpu time :  5174.1 secs   av.it.:   5.8
      thresh= 1.255E-04 alpha_mix =  0.700 |ddv_scf|^2 =  1.784E-06

      iter #   3 total cpu time :  5948.3 secs   av.it.:   5.4
      thresh= 1.336E-04 alpha_mix =  0.700 |ddv_scf|^2 =  2.644E-09

      iter #   4 total cpu time :  6716.7 secs   av.it.:   5.4
      thresh= 5.142E-06 alpha_mix =  0.700 |ddv_scf|^2 =  3.405E-11

      iter #   5 total cpu time :  7480.5 secs   av.it.:   5.3
      thresh= 5.835E-07 alpha_mix =  0.700 |ddv_scf|^2 =  1.087E-14

      iter #   6 total cpu time :  8275.0 secs   av.it.:   5.6
      thresh= 1.043E-08 alpha_mix =  0.700 |ddv_scf|^2 =  6.213E-16

     End of self-consistent calculation

     Convergence has been achieved 


     Representation #   2 mode #   2

     Self-consistent Calculation

      iter #   1 total cpu time :  9103.1 secs   av.it.:   3.8
      thresh= 1.000E-02 alpha_mix =  0.700 |ddv_scf|^2 =  3.166E-06

      iter #   2 total cpu time :  9919.8 secs   av.it.:   5.8
      thresh= 1.779E-04 alpha_mix =  0.700 |ddv_scf|^2 =  1.545E-06

      iter #   3 total cpu time : 10707.8 secs   av.it.:   5.6
      thresh= 1.243E-04 alpha_mix =  0.700 |ddv_scf|^2 =  9.573E-08

      iter #   4 total cpu time : 11491.9 secs   av.it.:   5.4
      thresh= 3.094E-05 alpha_mix =  0.700 |ddv_scf|^2 =  2.008E-10

      iter #   5 total cpu time : 12283.1 secs   av.it.:   5.5
      thresh= 1.417E-06 alpha_mix =  0.700 |ddv_scf|^2 =  6.076E-12

      iter #   6 total cpu time : 13062.2 secs   av.it.:   5.4
      thresh= 2.465E-07 alpha_mix =  0.700 |ddv_scf|^2 =  1.148E-14

      iter #   7 total cpu time : 13844.2 secs   av.it.:   5.6
      thresh= 1.071E-08 alpha_mix =  0.700 |ddv_scf|^2 =  7.270E-16

     End of self-consistent calculation

     Convergence has been achieved 


     Representation #   3 mode #   3

     Self-consistent Calculation

      iter #   1 total cpu time : 14601.6 secs   av.it.:   3.2
      thresh= 1.000E-02 alpha_mix =  0.700 |ddv_scf|^2 =  2.773E-07

      iter #   2 total cpu time : 15431.3 secs   av.it.:   5.4
      thresh= 5.265E-05 alpha_mix =  0.700 |ddv_scf|^2 =  2.140E-09

      iter #   3 total cpu time : 16223.2 secs   av.it.:   5.2
      thresh= 4.626E-06 alpha_mix =  0.700 |ddv_scf|^2 =  1.115E-10

      iter #   4 total cpu time : 16940.8 secs   av.it.:   4.6
      thresh= 1.056E-06 alpha_mix =  0.700 |ddv_scf|^2 =  3.170E-14

      iter #   5 total cpu time : 17711.7 secs   av.it.:   5.1
      thresh= 1.780E-08 alpha_mix =  0.700 |ddv_scf|^2 =  5.280E-16

     End of self-consistent calculation

     Convergence has been achieved 


     Representation #   4 mode #   4

     Self-consistent Calculation

      iter #   1 total cpu time : 18472.7 secs   av.it.:   3.2
      thresh= 1.000E-02 alpha_mix =  0.700 |ddv_scf|^2 =  2.879E-07

      iter #   2 total cpu time : 19281.0 secs   av.it.:   5.4
      thresh= 5.365E-05 alpha_mix =  0.700 |ddv_scf|^2 =  2.316E-09

      iter #   3 total cpu time : 20059.6 secs   av.it.:   5.2
      thresh= 4.813E-06 alpha_mix =  0.700 |ddv_scf|^2 =  1.128E-10

      iter #   4 total cpu time : 20776.2 secs   av.it.:   4.6
      thresh= 1.062E-06 alpha_mix =  0.700 |ddv_scf|^2 =  3.207E-14

      iter #   5 total cpu time : 21537.6 secs   av.it.:   5.1
      thresh= 1.791E-08 alpha_mix =  0.700 |ddv_scf|^2 =  5.739E-16

     End of self-consistent calculation

     Convergence has been achieved 


     Representation #   5 mode #   5

     Self-consistent Calculation

      iter #   1 total cpu time : 22383.7 secs   av.it.:   3.9
      thresh= 1.000E-02 alpha_mix =  0.700 |ddv_scf|^2 =  3.129E-06

      iter #   2 total cpu time : 23215.0 secs   av.it.:   5.8
      thresh= 1.769E-04 alpha_mix =  0.700 |ddv_scf|^2 =  2.516E-06

      iter #   3 total cpu time : 24001.4 secs   av.it.:   5.4
      thresh= 1.586E-04 alpha_mix =  0.700 |ddv_scf|^2 =  4.719E-08

      iter #   4 total cpu time : 24790.6 secs   av.it.:   5.4
      thresh= 2.172E-05 alpha_mix =  0.700 |ddv_scf|^2 =  3.099E-10

      iter #   5 total cpu time : 25584.9 secs   av.it.:   5.5
      thresh= 1.760E-06 alpha_mix =  0.700 |ddv_scf|^2 =  7.844E-12

      iter #   6 total cpu time : 26364.0 secs   av.it.:   5.4
      thresh= 2.801E-07 alpha_mix =  0.700 |ddv_scf|^2 =  6.855E-15

     End of self-consistent calculation

     Convergence has been achieved 


     Representation #   6 mode #   6

     Self-consistent Calculation

      iter #   1 total cpu time : 27194.6 secs   av.it.:   3.6
      thresh= 1.000E-02 alpha_mix =  0.700 |ddv_scf|^2 =  1.769E-06

      iter #   2 total cpu time : 28005.9 secs   av.it.:   5.8
      thresh= 1.330E-04 alpha_mix =  0.700 |ddv_scf|^2 =  2.004E-06

      iter #   3 total cpu time : 28780.9 secs   av.it.:   5.4
      thresh= 1.416E-04 alpha_mix =  0.700 |ddv_scf|^2 =  2.884E-09

      iter #   4 total cpu time : 29544.3 secs   av.it.:   5.4
      thresh= 5.370E-06 alpha_mix =  0.700 |ddv_scf|^2 =  3.434E-11

      iter #   5 total cpu time : 30298.6 secs   av.it.:   5.4
      thresh= 5.860E-07 alpha_mix =  0.700 |ddv_scf|^2 =  1.156E-14

      iter #   6 total cpu time : 31077.0 secs   av.it.:   5.6
      thresh= 1.075E-08 alpha_mix =  0.700 |ddv_scf|^2 =  6.417E-16

     End of self-consistent calculation

     Convergence has been achieved 
 
     Number of q in the star =    6
     List of q in the star:
          1   0.335666667   0.573308817   0.000000000
          2  -0.328666667   0.577350269   0.000000000
          3   0.664333333  -0.004041452   0.000000000
          4  -0.664333333   0.004041452   0.000000000
          5   0.328666667  -0.577350269   0.000000000
          6   0.664333333   0.004041452   0.000000000

     Diagonalizing the dynamical matrix

     q = (    0.335666667   0.573308817   0.000000000 ) 

 **************************************************************************
     freq (    1) =      16.218869 [THz] =     541.003224 [cm-1]
     freq (    2) =      16.407252 [THz] =     547.287029 [cm-1]
     freq (    3) =      30.123774 [THz] =    1004.820955 [cm-1]
     freq (    4) =      36.723699 [THz] =    1224.970731 [cm-1]
     freq (    5) =      36.899573 [THz] =    1230.837283 [cm-1]
     freq (    6) =      38.653902 [THz] =    1289.355387 [cm-1]
 **************************************************************************
 
     init_run     :     26.33s CPU     26.81s WALL (       1 calls)
     electrons    :   3153.43s CPU   3182.45s WALL (       1 calls)

     Called by init_run:
     wfcinit      :      0.00s CPU      0.00s WALL (       1 calls)
     potinit      :      0.01s CPU      0.01s WALL (       1 calls)
     hinit0       :      0.01s CPU      0.01s WALL (       1 calls)

     Called by electrons:
     c_bands      :   3139.32s CPU   3175.32s WALL (       1 calls)
     v_of_rho     :      0.02s CPU      0.02s WALL (       2 calls)

     Called by c_bands:
     init_us_2    :    399.60s CPU    431.95s WALL ( 1474920 calls)
     cegterg      :   2880.80s CPU   2893.92s WALL (  130529 calls)

     Called by *egterg:
     cdiaghg      :    900.97s CPU    949.40s WALL ( 2160615 calls)
                                      934.27s GPU  ( 2160615 calls)
     h_psi        :   6739.59s CPU   6708.19s WALL (13975644 calls)
     g_psi        :     50.72s CPU     52.41s WALL ( 2102775 calls)

     Called by h_psi:
     h_psi:calbec :    383.85s CPU    408.50s WALL (13975644 calls)
     vloc_psi     :   4413.52s CPU   4464.41s WALL (13975644 calls)
                                     4379.27s GPU  (13975644 calls)
     add_vuspsi   :   1335.29s CPU   1420.75s WALL (13975644 calls)

     General routines
     calbec       :    474.19s CPU    489.10s WALL (14958924 calls)
     fft          :      0.61s CPU      0.65s WALL (     409 calls)
                                        0.03s GPU  (      23 calls)
     ffts         :      3.71s CPU      6.16s WALL (  173556 calls)
                                        5.08s GPU  (  173556 calls)
     fftw         :    798.95s CPU   2702.60s WALL (60341688 calls)
                                     2326.53s GPU  (60341688 calls)
     davcio       :   1839.85s CPU   3509.38s WALL ( 5557777 calls)
 
     Parallel routines
 
     PHONON       :      7h50m CPU      8h38m WALL

     INITIALIZATION: 
     phq_setup    :      7.75s CPU      7.81s WALL (       1 calls)
     phq_init     :    213.92s CPU    204.95s WALL (       1 calls)
 
     phq_init     :    213.92s CPU    204.95s WALL (       1 calls)
     init_vloc    :      0.03s CPU      0.04s WALL (       2 calls)
     init_us_1    :      0.00s CPU      0.00s WALL (       2 calls)
     init_us_2    :    399.60s CPU    431.95s WALL ( 1474920 calls)
 
     DYNAMICAL MATRIX:
     dynmat0      :    188.89s CPU    156.23s WALL (       1 calls)
     dynmat_us    :    188.87s CPU    156.21s WALL (       1 calls)
     d2ionq       :      0.02s CPU      0.02s WALL (       1 calls)
     phqscf       :  24566.59s CPU  27446.32s WALL (       1 calls)
     dynmatrix    :      0.02s CPU      0.10s WALL (       1 calls)
 
     phqscf       :  24566.59s CPU  27446.32s WALL (       1 calls)
     solve_linter :  24352.37s CPU  27136.47s WALL (       6 calls)
     dfpt_kernel  :  23045.02s CPU  25882.33s WALL (       6 calls)
     sth_kernel   :  23043.10s CPU  25879.55s WALL (      35 calls)
     h_prec       :    150.62s CPU    203.19s WALL ( 1012200 calls)
     apply_dpot_b :   1082.21s CPU   1583.55s WALL (  838680 calls)
     ortho        :    951.20s CPU   1080.12s WALL ( 1012200 calls)
     cgsolve      :  17023.03s CPU  17240.15s WALL ( 1012200 calls)
     incdrhoscf   :   1699.72s CPU   1894.32s WALL ( 1012200 calls)
                                     1885.67s GPU  ( 1012200 calls)
     dv_of_drho   :      0.94s CPU      0.96s WALL (      35 calls)
     mix_pot      :      0.44s CPU      0.62s WALL (      35 calls)
     drhodv       :    214.22s CPU    309.81s WALL (       6 calls)
     psymdvscf    :      0.44s CPU      0.47s WALL (      35 calls)
     com_dvloc    :     43.16s CPU     41.30s WALL (  173556 calls)
                                       40.34s GPU  (  173556 calls)
     addcore      :      0.01s CPU      0.03s WALL (       6 calls)
                                        0.03s GPU  (       6 calls)
 
     dvqpsi_us    :    905.58s CPU    857.40s WALL (  173520 calls)
                                      855.52s GPU  (  173520 calls)
     dvqpsi_us_on :    625.73s CPU    569.01s WALL (  173520 calls)
 
     add_vuspsi   :   1335.29s CPU   1420.75s WALL (13975644 calls)
 
 
      General routines
     calbec       :    474.19s CPU    489.10s WALL (14958924 calls)
     fft          :      0.61s CPU      0.65s WALL (     409 calls)
                                        0.03s GPU  (      23 calls)
     ffts         :      3.71s CPU      6.16s WALL (  173556 calls)
                                        5.08s GPU  (  173556 calls)
     fftw         :    798.95s CPU   2702.60s WALL (60341688 calls)
                                     2326.53s GPU  (60341688 calls)
     davcio       :   1839.85s CPU   3509.38s WALL ( 5557777 calls)
     write_rec    :      0.06s CPU      0.72s WALL (      41 calls)
 
      Additional routines
     ch_psi       :  10192.84s CPU  10018.99s WALL (11684500 calls)
     last         :   3984.34s CPU   3809.13s WALL (11684500 calls)
     Hesh         :    136.26s CPU    146.46s WALL (11684500 calls)
     ch_psi_all_k :   3530.76s CPU   3523.41s WALL (11684500 calls)
                                     3445.71s GPU  (11684500 calls)
     h_psi_bgrp   :   6769.78s CPU   6735.65s WALL (13975644 calls)
     h_psi        :   6739.59s CPU   6708.19s WALL (13975644 calls)
     h_psi:pot    :   6356.05s CPU   6397.41s WALL (13975644 calls)
     h_psi:calbec :    383.85s CPU    408.50s WALL (13975644 calls)
     s_psi_bgrp   :    183.33s CPU    188.84s WALL (24381200 calls)
 
 
     PHONON       :      7h50m CPU      8h38m WALL

 
   This run was terminated on:  19:56:37  13Aug2026            

=------------------------------------------------------------------------------=
   JOB DONE.
=------------------------------------------------------------------------------=
Warning: ieee_divide_by_zero is signaling
Warning: ieee_underflow is signaling
Warning: ieee_inexact is signaling
FORTRAN STOP
