                                                                                      
                                       ``:oss/                                        
                           `.+s+.     .+ys--yh+     `./ss+.                           
                          -sh//yy+`   +yy   +yy    -+h+-oyy                           
                          -yh- .oyy/.-sh.   .syo-.:sy-  /yh                           
                 `.-.`    `yh+   -oyyyo.     `/syys:    oys      `.`                  
               `/+ssys+-` `sh+      `                   oys`   .:osyo`                
               -yh- ./syyooyo`                          .sys+/oyo--yh/                
               `yy+    .-:-.                             `-/+/:`  -sh-                
                /yh.                                              oys                 
          ``..---hho---------`   .---------..`      `.-----.`    -hd+---.             
       `./osmNMMMMMMMMMMMMMMMs. +NNMMMMMMMMNNmh+.   yNMMMMMNm-  oNMMMMMNmo++:`        
       +sy--/sdMMMhyyyyyyyNMMh- .oyNMMmyyyyyhNMMm+` -yMMMdyyo:` .oyyNMMNhs+syy`       
       -yy/   /MMM+.`-+/``mMMy-   `mMMh:`````.dMMN:` `MMMy-`-dhhy```mMMy:``+hs        
        -yy+` /MMMo:-mMM+`-oo/.    mMMh:     `dMMN/`  dMMm:`dMMMMy..MMMo-.+yo`        
         .sys`/MMMMNNMMMs-         mMMmyooooymMMNo:   oMMM/sMMMMMM++MMN//oh:          
          `sh+/MMMhyyMMMs- `-`     mMMMMMMMMMNmy+-`   -MMMhMMMsmMMmdMMd/yy+           
    `-/+++oyy-/MMM+.`/hh/.`mNm:`   mMMd+/////:-.`      NMMMMMd/:NMMMMMy:/yyo/:.`      
   +os+//:-..-oMMMo:--:::-/MMMo. .-mMMd+---`           hMMMMN+. oMMMMMo. `-+osyso:`   
   syo     `mNMMMMMNNNNNNNNMMMo.oNNMMMMMNNNN:`         +MMMMs:`  dMMMN/`     ``:syo   
   /yh`     :syyyyyyyyyyyyyyyy+.`+syyyyyyyyo:`         .oyys:`   .oyys:`        +yh   
   -yh-        ````````````````    `````````              ``        ``          oys   
   -+h/------------------------::::::::://////++++++++++++++++++++++///////::::/yd:   
   shdddddddddddddddddddddddddddddhhhhhhhhyyyyyssssssssssssssssyyyyyyyhhhhhhhddddh`   
                                                                                      
 Lee, H., Poncé, S., Bushick, K., Hajinazar, S., Lafuente-Bartolome, J.,Leveillee, J.,
    Lian, C., Lihm, J., Macheda, F., Mori, H., Paudyal, H., Sio, W., Tiwari, S.,      
 Zacharias, M., Zhang, X., Bonini, N., Kioupakis, E., Margine, E.R., and Giustino F., 
                                                     npj Comput Mater 9, 156 (2023)   
                                                                                      

     Program EPW v.6.0 starts on  6Aug2026 at 12:14:24 

     This program is part of the open-source Quantum ESPRESSO suite
     for quantum simulation of materials; please cite
         "P. Giannozzi et al., J. Phys.:Condens. Matter 21 395502 (2009);
         "P. Giannozzi et al., J. Phys.:Condens. Matter 29 465901 (2017);
         "P. Giannozzi et al., J. Chem. Phys. 152 154105 (2020);
          URL http://www.quantum-espresso.org", 
     in publications or presentations arising from this work. More details at
     http://www.quantum-espresso.org/quote

     Parallel version (MPI & OpenMP), running on       2 processor cores
     Number of MPI processes:                 1
     Threads/MPI process:                     2

     MPI processes distributed on     1 nodes
     27341 MiB available memory on the printing compute node when the environment starts

     Reading input from epw.in

     Reading supplied temperature list.
                      
     ------------------------------------------------------------------------ 
                   RESTART - RESTART - RESTART - RESTART                         
     Restart is done without reading PWSCF save file.                  
     Be aware that some consistency checks are therefore not done.                  
     ------------------------------------------------------------------------ 
                      

     --                                                                         

     bravais-lattice index     =            0
     lattice parameter (a_0)   =       0.0000  a.u.
     unit-cell volume          =       0.0000 (a.u.)^3
     number of atoms/cell      =            0
     number of atomic types    =            0
     kinetic-energy cut-off    =       0.0000  Ry
     charge density cut-off    =       0.0000  Ry
     Exchange-correlation= not set
                           (  -1  -1  -1  -1  -1  -1  -1)


     celldm(1)=    0.00000  celldm(2)=    0.00000  celldm(3)=    0.00000
     celldm(4)=    0.00000  celldm(5)=    0.00000  celldm(6)=    0.00000

     crystal axes: (cart. coord. in units of a_0)
               a(1) = (  0.0000  0.0000  0.0000 )  
               a(2) = (  0.0000  0.0000  0.0000 )  
               a(3) = (  0.0000  0.0000  0.0000 )  

     reciprocal axes: (cart. coord. in units 2 pi/a_0)
               b(1) = (  0.0000  0.0000  0.0000 )  
               b(2) = (  0.0000  0.0000  0.0000 )  
               b(3) = (  0.0000  0.0000  0.0000 )  


     Atoms inside the unit cell: 

   Cartesian axes

     site n.  atom      mass           positions (a_0 units)


     No symmetry!

     G cutoff =    0.0000  (      0 G-vectors)     FFT grid: (  0,  0,  0)
     number of k points=    0
                       cart. coord. in units 2pi/a_0
     EPW          :      0.00s CPU      0.00s WALL

     EPW          :      0.00s CPU      0.00s WALL


     -------------------------------------------------------------------
     Using graphene.ukk from disk
     -------------------------------------------------------------------

     HDF5 is used in the current build. Exciton-phonon coupling calculations are enabled.
     Symmetries of Bravais lattice:  24
     Symmetries of crystal:          24

     Do not need to read .epb files; read .fmt files


     Band disentanglement is used: nbndsub =    2
     Use zone-centred Wigner-Seitz cells 
     Number of WS vectors for electrons      157
     Number of WS vectors for phonons       43
     Number of WS vectors for electron-phonon       43
     Maximum number of cores for efficient parallelization      258
     Results may improve by using use_ws == .TRUE. 

     Reading Hamiltonian, Dynamical matrix and EP vertex in Wann rep from file


     Finished reading Wann rep data from file

     ===================================================================
     Memory usage:  VmHWM =        53Mb
                   VmPeak =      5185Mb
     ===================================================================
     
     Using q-mesh file: ./qpoints.dat
     Size of q point mesh for interpolation:          9
     Using uniform k-mesh:   720  720    1
     Size of k point mesh for interpolation:     518400
     Max number of k points per pool:           518400

     Fermi energy coarse grid =  -2.956083 eV

     ===================================================================

     Fermi energy is read from the input file: Ef =  -2.956100 eV

     ===================================================================

              ibndmin =     1  ebndmin =    -8.956 eV
              ibndmax =     2  ebndmax =     3.044 eV


     Number of ep-matrix elements per pool :     12441600 ~=   94.92 Mb (@ 8 bytes/ DP)
     We only need to compute        9 q-points
      

     ===================================================================
     Phonon (Imaginary) Self-Energy in the Migdal Approximation
     ===================================================================


     Fermi Surface thickness =   6.000000 eV

     Golden Rule strictly enforced with T =   0.038778 eV

     On- and Off-shell dynamical frequency renormalization will be performed using:

      Omega^2 = omega^2 + 2omega(Re[Pi(Omega,T_low)]- Pi[0,T_high]).
     Smearing type for the static self-energy: Fermi-Dirac
     smearing value for the static self-energy: T_high =   0.020000 Ry.
     Gaussian Broadening:   0.005000 eV, ngauss=   1
     DOS = -0.000189 states/spin/eV/Unit Cell at Ef= -2.956100 eV

     ismear =     1 iq =       1 coord.:   0.00000  0.00000  0.00000 wt:   0.11111 Temp:  450.000K
     -------------------------------------------------------------------
     lambda___(   1 )=       0.000000   gamma___=       0.000000 meV  omega=     -0.0000 meV   on_shell_Omega=      0.0000 meV  off_shell_Omega=      0.0000 meV
     lambda_tr(   1 )=       0.000000   gamma_tr=       0.000000 meV  omega=     -0.0000 meV   on_shell_Omega=      0.0000 meV  off_shell_Omega=      0.0000 meV
     lambda___(   2 )=       0.000000   gamma___=       0.000000 meV  omega=      0.0000 meV   on_shell_Omega=      0.0000 meV  off_shell_Omega=      0.0000 meV
     lambda_tr(   2 )=       0.000000   gamma_tr=       0.000000 meV  omega=      0.0000 meV   on_shell_Omega=      0.0000 meV  off_shell_Omega=      0.0000 meV
     lambda___(   3 )=       0.000000   gamma___=       0.000000 meV  omega=      0.0000 meV   on_shell_Omega=      0.0000 meV  off_shell_Omega=      0.0000 meV
     lambda_tr(   3 )=       0.000000   gamma_tr=       0.000000 meV  omega=      0.0000 meV   on_shell_Omega=      0.0000 meV  off_shell_Omega=      0.0000 meV
     lambda___(   4 )=      -0.000690   gamma___=       0.000005 meV  omega=    108.6719 meV   on_shell_Omega=    108.6718 meV  off_shell_Omega=    108.6718 meV
     lambda_tr(   4 )=      -0.001366   gamma_tr=       0.000010 meV  omega=    108.6719 meV   on_shell_Omega=    108.6718 meV  off_shell_Omega=    108.6718 meV
     lambda___(   5 )=     -42.015069   gamma___=       0.930969 meV  omega=    193.3486 meV   on_shell_Omega=    193.3498 meV  off_shell_Omega=    193.3498 meV
     lambda_tr(   5 )=     -82.609171   gamma_tr=       1.830453 meV  omega=    193.3486 meV   on_shell_Omega=    193.3498 meV  off_shell_Omega=    193.3498 meV
     lambda___(   6 )=     -42.015069   gamma___=       0.930969 meV  omega=    193.3486 meV   on_shell_Omega=    193.6160 meV  off_shell_Omega=    193.6790 meV
     lambda_tr(   6 )=     -82.609171   gamma_tr=       1.830453 meV  omega=    193.3486 meV   on_shell_Omega=    193.6160 meV  off_shell_Omega=    193.6790 meV
     lambda___( tot )=     -84.030827
     lambda_tr( tot )=    -165.219708
     -------------------------------------------------------------------


     Number of (k,k+q) pairs on the Fermi surface:   518400 out of   518400


     ===================================================================
     Phonon Spectral Function Self-Energy in the Migdal Approximation (on the fly)
     ===================================================================


     Fermi Surface thickness =   6.000000 eV

     Golden Rule strictly enforced with T =   0.038778 eV


     Real and Imaginary part of the phonon self-energy (omega=0) without gamma0.
     Omega(   1 )=  -0.0000 eV   Re[Pi]=       0.000000 meV Im[Pi]=       0.000000 meV
     Omega(   2 )=   0.0000 eV   Re[Pi]=       0.000000 meV Im[Pi]=       0.000000 meV
     Omega(   3 )=   0.0000 eV   Re[Pi]=       0.000000 meV Im[Pi]=       0.000000 meV
     Omega(   4 )=   0.1087 eV   Re[Pi]=      -0.000933 meV Im[Pi]=      -0.000000 meV
     Omega(   5 )=   0.1933 eV   Re[Pi]=     -25.592529 meV Im[Pi]=      -0.000000 meV
     Omega(   6 )=   0.1933 eV   Re[Pi]=     -24.980724 meV Im[Pi]=       0.000000 meV
     -------------------------------------------------------------------


     ismear =     1 iq =       2 coord.:   0.00278  0.00278  0.00000 wt:   0.11111 Temp:  450.000K
     -------------------------------------------------------------------
     lambda___(   1 )=       0.000000   gamma___=       0.000000 meV  omega=     -0.0461 meV   on_shell_Omega=      0.0461 meV  off_shell_Omega=      0.0461 meV
     lambda_tr(   1 )=       0.000000   gamma_tr=       0.000000 meV  omega=     -0.0461 meV   on_shell_Omega=      0.0461 meV  off_shell_Omega=      0.0461 meV
     lambda___(   2 )=     -37.510006   gamma___=       0.000037 meV  omega=      1.2858 meV   on_shell_Omega=     -0.8047 meV  off_shell_Omega=      3.7569 meV
     lambda_tr(   2 )=      -9.984173   gamma_tr=       0.000010 meV  omega=      1.2858 meV   on_shell_Omega=     -0.8047 meV  off_shell_Omega=      3.7569 meV
     lambda___(   3 )=      -8.399952   gamma___=       0.000020 meV  omega=      1.9933 meV   on_shell_Omega=      1.3332 meV  off_shell_Omega=      1.3081 meV
     lambda_tr(   3 )=      -2.095397   gamma_tr=       0.000005 meV  omega=      1.9933 meV   on_shell_Omega=      1.3332 meV  off_shell_Omega=      1.3081 meV
     lambda___(   4 )=      -0.000756   gamma___=       0.000005 meV  omega=    108.6697 meV   on_shell_Omega=    108.6696 meV  off_shell_Omega=    108.6696 meV
     lambda_tr(   4 )=      -0.001152   gamma_tr=       0.000008 meV  omega=    108.6697 meV   on_shell_Omega=    108.6696 meV  off_shell_Omega=    108.6696 meV
     lambda___(   5 )=     -37.687293   gamma___=       0.835047 meV  omega=    193.3454 meV   on_shell_Omega=    193.3863 meV  off_shell_Omega=    193.3863 meV
     lambda_tr(   5 )=     -66.539145   gamma_tr=       1.474325 meV  omega=    193.3454 meV   on_shell_Omega=    193.3863 meV  off_shell_Omega=    193.3863 meV
     lambda___(   6 )=     -35.452766   gamma___=       0.785653 meV  omega=    193.3598 meV   on_shell_Omega=    193.4628 meV  off_shell_Omega=    193.4628 meV
     lambda_tr(   6 )=     -67.754872   gamma_tr=       1.501485 meV  omega=    193.3598 meV   on_shell_Omega=    193.4628 meV  off_shell_Omega=    193.4628 meV
     lambda___( tot )=    -119.050773
     lambda_tr( tot )=    -146.374741
     -------------------------------------------------------------------


     Number of (k,k+q) pairs on the Fermi surface:   518400 out of   518400



     Real and Imaginary part of the phonon self-energy (omega=0) without gamma0.
     Omega(   1 )=  -0.0000 eV   Re[Pi]=       0.000000 meV Im[Pi]=       0.000000 meV
     Omega(   2 )=   0.0013 eV   Re[Pi]=    -200.830809 meV Im[Pi]=      -0.000005 meV
     Omega(   3 )=   0.0020 eV   Re[Pi]=    -129.425374 meV Im[Pi]=      -0.000001 meV
     Omega(   4 )=   0.1087 eV   Re[Pi]=      -0.001375 meV Im[Pi]=      -0.000000 meV
     Omega(   5 )=   0.1933 eV   Re[Pi]=     -25.466940 meV Im[Pi]=       0.000001 meV
     Omega(   6 )=   0.1934 eV   Re[Pi]=     -25.649048 meV Im[Pi]=      -0.000071 meV
     -------------------------------------------------------------------


     ismear =     1 iq =       3 coord.:   0.00833  0.00833  0.00000 wt:   0.11111 Temp:  450.000K
     -------------------------------------------------------------------
     lambda___(   1 )=       0.000000   gamma___=       0.000000 meV  omega=     -0.1258 meV   on_shell_Omega=      0.1258 meV  off_shell_Omega=     -0.2202 meV
     lambda_tr(   1 )=       0.000000   gamma_tr=       0.000000 meV  omega=     -0.1258 meV   on_shell_Omega=      0.1258 meV  off_shell_Omega=     -0.2202 meV
     lambda___(   2 )=      -9.485107   gamma___=       0.000084 meV  omega=      3.8568 meV   on_shell_Omega=      3.5472 meV  off_shell_Omega=      3.4349 meV
     lambda_tr(   2 )=     -12.154855   gamma_tr=       0.000107 meV  omega=      3.8568 meV   on_shell_Omega=      3.5472 meV  off_shell_Omega=      3.4349 meV
     lambda___(   3 )=      -1.849227   gamma___=       0.000039 meV  omega=      5.9783 meV   on_shell_Omega=      5.7905 meV  off_shell_Omega=      5.7915 meV
     lambda_tr(   3 )=      -2.238061   gamma_tr=       0.000047 meV  omega=      5.9783 meV   on_shell_Omega=      5.7905 meV  off_shell_Omega=      5.7915 meV
     lambda___(   4 )=      -0.001222   gamma___=       0.000009 meV  omega=    108.6521 meV   on_shell_Omega=    108.6521 meV  off_shell_Omega=    108.6521 meV
     lambda_tr(   4 )=      -0.001193   gamma_tr=       0.000008 meV  omega=    108.6521 meV   on_shell_Omega=    108.6521 meV  off_shell_Omega=    108.6521 meV
     lambda___(   5 )=    -151.504137   gamma___=       3.356040 meV  omega=    193.3202 meV   on_shell_Omega=    192.3154 meV  off_shell_Omega=    192.2346 meV
     lambda_tr(   5 )=     -23.531842   gamma_tr=       0.521265 meV  omega=    193.3202 meV   on_shell_Omega=    192.3154 meV  off_shell_Omega=    192.2346 meV
     lambda___(   6 )=      -9.501266   gamma___=       0.210747 meV  omega=    193.4489 meV   on_shell_Omega=    193.9848 meV  off_shell_Omega=    194.0156 meV
     lambda_tr(   6 )=      -5.815023   gamma_tr=       0.128983 meV  omega=    193.4489 meV   on_shell_Omega=    193.9848 meV  off_shell_Omega=    194.0156 meV
     lambda___( tot )=    -172.340959
     lambda_tr( tot )=     -43.740975
     -------------------------------------------------------------------


     Number of (k,k+q) pairs on the Fermi surface:   518400 out of   518400



     Real and Imaginary part of the phonon self-energy (omega=0) without gamma0.
     Omega(   1 )=  -0.0001 eV   Re[Pi]=       0.000000 meV Im[Pi]=       0.000000 meV
     Omega(   2 )=   0.0039 eV   Re[Pi]=     -67.067747 meV Im[Pi]=       0.000012 meV
     Omega(   3 )=   0.0060 eV   Re[Pi]=     -43.500761 meV Im[Pi]=       0.000001 meV
     Omega(   4 )=   0.1087 eV   Re[Pi]=      -0.004958 meV Im[Pi]=       0.000000 meV
     Omega(   5 )=   0.1933 eV   Re[Pi]=     -25.459344 meV Im[Pi]=       0.000000 meV
     Omega(   6 )=   0.1934 eV   Re[Pi]=     -24.995566 meV Im[Pi]=      -0.000375 meV
     -------------------------------------------------------------------


     ismear =     1 iq =       4 coord.:   0.01944  0.01944  0.00000 wt:   0.11111 Temp:  450.000K
     -------------------------------------------------------------------
     lambda___(   1 )=  -10348.869487   gamma___=       0.000021 meV  omega=      0.0582 meV   on_shell_Omega=     -0.1821 meV  off_shell_Omega=      0.1019 meV
     lambda_tr(   1 )=  -14655.857393   gamma_tr=       0.000029 meV  omega=      0.0582 meV   on_shell_Omega=     -0.1821 meV  off_shell_Omega=      0.1019 meV
     lambda___(   2 )=      -0.454618   gamma___=       0.000022 meV  omega=      8.9920 meV   on_shell_Omega=      8.8886 meV  off_shell_Omega=      8.8886 meV
     lambda_tr(   2 )=      -0.728440   gamma_tr=       0.000035 meV  omega=      8.9920 meV   on_shell_Omega=      8.8886 meV  off_shell_Omega=      8.8886 meV
     lambda___(   3 )=      -0.127362   gamma___=       0.000015 meV  omega=     13.9305 meV   on_shell_Omega=     13.8550 meV  off_shell_Omega=     13.8550 meV
     lambda_tr(   3 )=      -0.234293   gamma_tr=       0.000027 meV  omega=     13.9305 meV   on_shell_Omega=     13.8550 meV  off_shell_Omega=     13.8550 meV
     lambda___(   4 )=      -0.000227   gamma___=       0.000002 meV  omega=    108.5639 meV   on_shell_Omega=    108.5644 meV  off_shell_Omega=    108.5644 meV
     lambda_tr(   4 )=      -0.000382   gamma_tr=       0.000003 meV  omega=    108.5639 meV   on_shell_Omega=    108.5644 meV  off_shell_Omega=    108.5644 meV
     lambda___(   5 )=      -0.055499   gamma___=       0.001228 meV  omega=    193.1908 meV   on_shell_Omega=    192.9408 meV  off_shell_Omega=    192.8135 meV
     lambda_tr(   5 )=      -0.070827   gamma_tr=       0.001567 meV  omega=    193.1908 meV   on_shell_Omega=    192.9408 meV  off_shell_Omega=    192.8135 meV
     lambda___(   6 )=      -1.598376   gamma___=       0.035612 meV  omega=    193.8809 meV   on_shell_Omega=    195.0952 meV  off_shell_Omega=    195.1589 meV
     lambda_tr(   6 )=      -2.383305   gamma_tr=       0.053100 meV  omega=    193.8809 meV   on_shell_Omega=    195.0952 meV  off_shell_Omega=    195.1589 meV
     lambda___( tot )=  -10351.105569
     lambda_tr( tot )=  -14659.274640
     -------------------------------------------------------------------


     Number of (k,k+q) pairs on the Fermi surface:   518400 out of   518400



     Real and Imaginary part of the phonon self-energy (omega=0) without gamma0.
     Omega(   1 )=   0.0001 eV   Re[Pi]=   -7021.165238 meV Im[Pi]=      -0.000018 meV
     Omega(   2 )=   0.0090 eV   Re[Pi]=     -28.936766 meV Im[Pi]=      -0.000003 meV
     Omega(   3 )=   0.0139 eV   Re[Pi]=     -19.375771 meV Im[Pi]=      -0.000000 meV
     Omega(   4 )=   0.1086 eV   Re[Pi]=      -0.020845 meV Im[Pi]=       0.000000 meV
     Omega(   5 )=   0.1932 eV   Re[Pi]=     -25.425249 meV Im[Pi]=      -0.000000 meV
     Omega(   6 )=   0.1939 eV   Re[Pi]=     -23.339712 meV Im[Pi]=      -0.000029 meV
     -------------------------------------------------------------------


     ismear =     1 iq =       5 coord.:   0.32778  0.32778  0.00000 wt:   0.11111 Temp:  450.000K
     -------------------------------------------------------------------
     lambda___(   1 )=      -0.001991   gamma___=       0.000005 meV  omega=     64.7967 meV   on_shell_Omega=     64.8269 meV  off_shell_Omega=     64.8269 meV
     lambda_tr(   1 )=      -0.001248   gamma_tr=       0.000003 meV  omega=     64.7967 meV   on_shell_Omega=     64.8269 meV  off_shell_Omega=     64.8269 meV
     lambda___(   2 )=      -0.002131   gamma___=       0.000006 meV  omega=     66.7946 meV   on_shell_Omega=     66.8313 meV  off_shell_Omega=     66.8313 meV
     lambda_tr(   2 )=      -0.001309   gamma_tr=       0.000003 meV  omega=     66.7946 meV   on_shell_Omega=     66.8313 meV  off_shell_Omega=     66.8313 meV
     lambda___(   3 )=      -0.017206   gamma___=       0.000156 meV  omega=    123.6349 meV   on_shell_Omega=    123.6348 meV  off_shell_Omega=    123.6348 meV
     lambda_tr(   3 )=      -0.002981   gamma_tr=       0.000027 meV  omega=    123.6349 meV   on_shell_Omega=    123.6348 meV  off_shell_Omega=    123.6348 meV
     lambda___(   4 )=      -0.971104   gamma___=       0.013063 meV  omega=    150.6459 meV   on_shell_Omega=    150.6754 meV  off_shell_Omega=    150.6754 meV
     lambda_tr(   4 )=      -1.334582   gamma_tr=       0.017952 meV  omega=    150.6459 meV   on_shell_Omega=    150.6754 meV  off_shell_Omega=    150.6754 meV
     lambda___(   5 )=      -2.356677   gamma___=       0.032484 meV  omega=    152.4965 meV   on_shell_Omega=    152.5443 meV  off_shell_Omega=    152.5443 meV
     lambda_tr(   5 )=      -1.886819   gamma_tr=       0.026007 meV  omega=    152.4965 meV   on_shell_Omega=    152.5443 meV  off_shell_Omega=    152.5443 meV
     lambda___(   6 )=     -58.652242   gamma___=       0.919217 meV  omega=    162.6082 meV   on_shell_Omega=    157.4346 meV  off_shell_Omega=    157.5267 meV
     lambda_tr(   6 )=     -81.096235   gamma_tr=       1.270966 meV  omega=    162.6082 meV   on_shell_Omega=    157.4346 meV  off_shell_Omega=    157.5267 meV
     lambda___( tot )=     -62.001352
     lambda_tr( tot )=     -84.323174
     -------------------------------------------------------------------


     Number of (k,k+q) pairs on the Fermi surface:   518400 out of   518400



     Real and Imaginary part of the phonon self-energy (omega=0) without gamma0.
     Omega(   1 )=   0.0648 eV   Re[Pi]=      -5.191681 meV Im[Pi]=      -0.000000 meV
     Omega(   2 )=   0.0668 eV   Re[Pi]=      -4.689582 meV Im[Pi]=      -0.000000 meV
     Omega(   3 )=   0.1236 eV   Re[Pi]=      -0.019404 meV Im[Pi]=      -0.000000 meV
     Omega(   4 )=   0.1506 eV   Re[Pi]=      -5.618248 meV Im[Pi]=      -0.000147 meV
     Omega(   5 )=   0.1525 eV   Re[Pi]=      -5.633087 meV Im[Pi]=      -0.000000 meV
     Omega(   6 )=   0.1626 eV   Re[Pi]=     -50.618339 meV Im[Pi]=      -0.001638 meV
     -------------------------------------------------------------------


     ismear =     1 iq =       6 coord.:   0.33056  0.33056  0.00000 wt:   0.11111 Temp:  450.000K
     -------------------------------------------------------------------
     lambda___(   1 )=      -0.005882   gamma___=       0.000015 meV  omega=     65.3000 meV   on_shell_Omega=     65.3291 meV  off_shell_Omega=     65.3291 meV
     lambda_tr(   1 )=      -0.000631   gamma_tr=       0.000002 meV  omega=     65.3000 meV   on_shell_Omega=     65.3291 meV  off_shell_Omega=     65.3291 meV
     lambda___(   2 )=      -0.003732   gamma___=       0.000010 meV  omega=     66.2864 meV   on_shell_Omega=     66.3244 meV  off_shell_Omega=     66.3244 meV
     lambda_tr(   2 )=      -0.000428   gamma_tr=       0.000001 meV  omega=     66.2864 meV   on_shell_Omega=     66.3244 meV  off_shell_Omega=     66.3244 meV
     lambda___(   3 )=      -0.000922   gamma___=       0.000008 meV  omega=    123.7551 meV   on_shell_Omega=    123.7551 meV  off_shell_Omega=    123.7551 meV
     lambda_tr(   3 )=      -0.001577   gamma_tr=       0.000014 meV  omega=    123.7551 meV   on_shell_Omega=    123.7551 meV  off_shell_Omega=    123.7551 meV
     lambda___(   4 )=      -1.655478   gamma___=       0.022398 meV  omega=    151.0835 meV   on_shell_Omega=    151.1038 meV  off_shell_Omega=    151.1038 meV
     lambda_tr(   4 )=      -3.100630   gamma_tr=       0.041950 meV  omega=    151.0835 meV   on_shell_Omega=    151.1038 meV  off_shell_Omega=    151.1038 meV
     lambda___(   5 )=      -1.634481   gamma___=       0.022375 meV  omega=    151.9731 meV   on_shell_Omega=    152.0187 meV  off_shell_Omega=    152.0187 meV
     lambda_tr(   5 )=      -2.764165   gamma_tr=       0.037840 meV  omega=    151.9731 meV   on_shell_Omega=    152.0187 meV  off_shell_Omega=    152.0187 meV
     lambda___(   6 )=     -78.360117   gamma___=       1.227432 meV  omega=    162.5650 meV   on_shell_Omega=    156.9285 meV  off_shell_Omega=    157.0879 meV
     lambda_tr(   6 )=    -144.559955   gamma_tr=       2.264385 meV  omega=    162.5650 meV   on_shell_Omega=    156.9285 meV  off_shell_Omega=    157.0879 meV
     lambda___( tot )=     -81.660612
     lambda_tr( tot )=    -150.427386
     -------------------------------------------------------------------


     Number of (k,k+q) pairs on the Fermi surface:   518400 out of   518400



     Real and Imaginary part of the phonon self-energy (omega=0) without gamma0.
     Omega(   1 )=   0.0653 eV   Re[Pi]=      -5.072876 meV Im[Pi]=      -0.000000 meV
     Omega(   2 )=   0.0663 eV   Re[Pi]=      -4.804190 meV Im[Pi]=      -0.000000 meV
     Omega(   3 )=   0.1238 eV   Re[Pi]=      -0.005845 meV Im[Pi]=      -0.000000 meV
     Omega(   4 )=   0.1511 eV   Re[Pi]=      -5.628597 meV Im[Pi]=       0.000081 meV
     Omega(   5 )=   0.1520 eV   Re[Pi]=      -5.629062 meV Im[Pi]=      -0.000001 meV
     Omega(   6 )=   0.1626 eV   Re[Pi]=     -51.136213 meV Im[Pi]=      -0.000245 meV
     -------------------------------------------------------------------


     ismear =     1 iq =       7 coord.:   0.33333  0.33333  0.00000 wt:   0.11111 Temp:  450.000K
     -------------------------------------------------------------------
     lambda___(   1 )=      -0.000769   gamma___=       0.000002 meV  omega=     65.7923 meV   on_shell_Omega=     65.8203 meV  off_shell_Omega=     65.8203 meV
     lambda_tr(   1 )=      -0.001346   gamma_tr=       0.000003 meV  omega=     65.7923 meV   on_shell_Omega=     65.8203 meV  off_shell_Omega=     65.8203 meV
     lambda___(   2 )=      -0.000769   gamma___=       0.000002 meV  omega=     65.7923 meV   on_shell_Omega=     65.8315 meV  off_shell_Omega=     65.8315 meV
     lambda_tr(   2 )=      -0.001346   gamma_tr=       0.000003 meV  omega=     65.7923 meV   on_shell_Omega=     65.8315 meV  off_shell_Omega=     65.8315 meV
     lambda___(   3 )=      -0.000000   gamma___=       0.000000 meV  omega=    123.7972 meV   on_shell_Omega=    123.7972 meV  off_shell_Omega=    123.7972 meV
     lambda_tr(   3 )=      -0.000000   gamma_tr=       0.000000 meV  omega=    123.7972 meV   on_shell_Omega=    123.7972 meV  off_shell_Omega=    123.7972 meV
     lambda___(   4 )=      -0.858389   gamma___=       0.011680 meV  omega=    151.5135 meV   on_shell_Omega=    151.5314 meV  off_shell_Omega=    151.5314 meV
     lambda_tr(   4 )=      -1.682861   gamma_tr=       0.022898 meV  omega=    151.5135 meV   on_shell_Omega=    151.5314 meV  off_shell_Omega=    151.5314 meV
     lambda___(   5 )=      -0.858389   gamma___=       0.011680 meV  omega=    151.5135 meV   on_shell_Omega=    151.5452 meV  off_shell_Omega=    151.5452 meV
     lambda_tr(   5 )=      -1.682861   gamma_tr=       0.022898 meV  omega=    151.5135 meV   on_shell_Omega=    151.5452 meV  off_shell_Omega=    151.5452 meV
     lambda___(   6 )=    -167.501700   gamma___=       2.623251 meV  omega=    162.5497 meV   on_shell_Omega=    157.1098 meV  off_shell_Omega=    156.4779 meV
     lambda_tr(   6 )=    -329.550747   gamma_tr=       5.161108 meV  omega=    162.5497 meV   on_shell_Omega=    157.1098 meV  off_shell_Omega=    156.4779 meV
     lambda___( tot )=    -169.220016
     lambda_tr( tot )=    -332.919162
     -------------------------------------------------------------------


     Number of (k,k+q) pairs on the Fermi surface:   518400 out of   518400



     Real and Imaginary part of the phonon self-energy (omega=0) without gamma0.
     Omega(   1 )=   0.0658 eV   Re[Pi]=      -4.955979 meV Im[Pi]=      -0.000000 meV
     Omega(   2 )=   0.0658 eV   Re[Pi]=      -4.918878 meV Im[Pi]=       0.000000 meV
     Omega(   3 )=   0.1238 eV   Re[Pi]=      -0.000975 meV Im[Pi]=       0.000000 meV
     Omega(   4 )=   0.1515 eV   Re[Pi]=      -5.632950 meV Im[Pi]=       0.000285 meV
     Omega(   5 )=   0.1515 eV   Re[Pi]=      -5.608835 meV Im[Pi]=      -0.000850 meV
     Omega(   6 )=   0.1625 eV   Re[Pi]=     -51.369145 meV Im[Pi]=      -0.000029 meV
     -------------------------------------------------------------------


     ismear =     1 iq =       8 coord.:   0.33611  0.33611  0.00000 wt:   0.11111 Temp:  450.000K
     -------------------------------------------------------------------
     lambda___(   1 )=      -0.006245   gamma___=       0.000016 meV  omega=     65.3129 meV   on_shell_Omega=     65.3532 meV  off_shell_Omega=     65.3532 meV
     lambda_tr(   1 )=      -0.000744   gamma_tr=       0.000002 meV  omega=     65.3129 meV   on_shell_Omega=     65.3532 meV  off_shell_Omega=     65.3532 meV
     lambda___(   2 )=      -0.006354   gamma___=       0.000017 meV  omega=     66.2736 meV   on_shell_Omega=     66.3006 meV  off_shell_Omega=     66.3006 meV
     lambda_tr(   2 )=      -0.000980   gamma_tr=       0.000003 meV  omega=     66.2736 meV   on_shell_Omega=     66.3006 meV  off_shell_Omega=     66.3006 meV
     lambda___(   3 )=      -0.001424   gamma___=       0.000013 meV  omega=    123.7571 meV   on_shell_Omega=    123.7571 meV  off_shell_Omega=    123.7571 meV
     lambda_tr(   3 )=      -0.002259   gamma_tr=       0.000021 meV  omega=    123.7571 meV   on_shell_Omega=    123.7571 meV  off_shell_Omega=    123.7571 meV
     lambda___(   4 )=      -1.134649   gamma___=       0.015359 meV  omega=    151.1219 meV   on_shell_Omega=    151.1615 meV  off_shell_Omega=    151.1615 meV
     lambda_tr(   4 )=      -1.962089   gamma_tr=       0.026560 meV  omega=    151.1219 meV   on_shell_Omega=    151.1615 meV  off_shell_Omega=    151.1615 meV
     lambda___(   5 )=      -1.117828   gamma___=       0.015295 meV  omega=    151.9361 meV   on_shell_Omega=    151.9588 meV  off_shell_Omega=    151.9588 meV
     lambda_tr(   5 )=      -2.022898   gamma_tr=       0.027679 meV  omega=    151.9361 meV   on_shell_Omega=    151.9588 meV  off_shell_Omega=    151.9588 meV
     lambda___(   6 )=     -85.586297   gamma___=       1.340583 meV  omega=    162.5625 meV   on_shell_Omega=    156.8206 meV  off_shell_Omega=    157.0856 meV
     lambda_tr(   6 )=    -157.297888   gamma_tr=       2.463838 meV  omega=    162.5625 meV   on_shell_Omega=    156.8206 meV  off_shell_Omega=    157.0856 meV
     lambda___( tot )=     -87.852797
     lambda_tr( tot )=    -161.286859
     -------------------------------------------------------------------


     Number of (k,k+q) pairs on the Fermi surface:   518400 out of   518400



     Real and Imaginary part of the phonon self-energy (omega=0) without gamma0.
     Omega(   1 )=   0.0653 eV   Re[Pi]=      -5.033395 meV Im[Pi]=      -0.000000 meV
     Omega(   2 )=   0.0663 eV   Re[Pi]=      -4.841007 meV Im[Pi]=      -0.000000 meV
     Omega(   3 )=   0.1238 eV   Re[Pi]=      -0.005969 meV Im[Pi]=       0.000000 meV
     Omega(   4 )=   0.1511 eV   Re[Pi]=      -5.607333 meV Im[Pi]=      -0.000001 meV
     Omega(   5 )=   0.1519 eV   Re[Pi]=      -5.655172 meV Im[Pi]=       0.000071 meV
     Omega(   6 )=   0.1626 eV   Re[Pi]=     -51.157799 meV Im[Pi]=      -0.000680 meV
     -------------------------------------------------------------------


     ismear =     1 iq =       9 coord.:   0.33889  0.33889  0.00000 wt:   0.11111 Temp:  450.000K
     -------------------------------------------------------------------
     lambda___(   1 )=      -0.002807   gamma___=       0.000007 meV  omega=     64.8486 meV   on_shell_Omega=     64.8900 meV  off_shell_Omega=     64.8900 meV
     lambda_tr(   1 )=      -0.002997   gamma_tr=       0.000007 meV  omega=     64.8486 meV   on_shell_Omega=     64.8900 meV  off_shell_Omega=     64.8900 meV
     lambda___(   2 )=      -0.001836   gamma___=       0.000005 meV  omega=     66.7439 meV   on_shell_Omega=     66.7698 meV  off_shell_Omega=     66.7698 meV
     lambda_tr(   2 )=      -0.001411   gamma_tr=       0.000004 meV  omega=     66.7439 meV   on_shell_Omega=     66.7698 meV  off_shell_Omega=     66.7698 meV
     lambda___(   3 )=      -0.007961   gamma___=       0.000072 meV  omega=    123.6319 meV   on_shell_Omega=    123.6318 meV  off_shell_Omega=    123.6318 meV
     lambda_tr(   3 )=      -0.002419   gamma_tr=       0.000022 meV  omega=    123.6319 meV   on_shell_Omega=    123.6318 meV  off_shell_Omega=    123.6318 meV
     lambda___(   4 )=      -5.569223   gamma___=       0.075068 meV  omega=    150.8014 meV   on_shell_Omega=    150.8450 meV  off_shell_Omega=    150.8450 meV
     lambda_tr(   4 )=      -3.131200   gamma_tr=       0.042206 meV  omega=    150.8014 meV   on_shell_Omega=    150.8450 meV  off_shell_Omega=    150.8450 meV
     lambda___(   5 )=      -0.829953   gamma___=       0.011418 meV  omega=    152.3517 meV   on_shell_Omega=    152.3856 meV  off_shell_Omega=    152.3856 meV
     lambda_tr(   5 )=      -0.754318   gamma_tr=       0.010378 meV  omega=    152.3517 meV   on_shell_Omega=    152.3856 meV  off_shell_Omega=    152.3856 meV
     lambda___(   6 )=     -45.143358   gamma___=       0.707460 meV  omega=    162.6035 meV   on_shell_Omega=    157.3340 meV  off_shell_Omega=    157.5221 meV
     lambda_tr(   6 )=     -59.439286   gamma_tr=       0.931497 meV  omega=    162.6035 meV   on_shell_Omega=    157.3340 meV  off_shell_Omega=    157.5221 meV
     lambda___( tot )=     -51.555138
     lambda_tr( tot )=     -63.331632
     -------------------------------------------------------------------


     Number of (k,k+q) pairs on the Fermi surface:   518400 out of   518400



     Real and Imaginary part of the phonon self-energy (omega=0) without gamma0.
     Omega(   1 )=   0.0648 eV   Re[Pi]=      -5.147445 meV Im[Pi]=      -0.000000 meV
     Omega(   2 )=   0.0667 eV   Re[Pi]=      -4.728000 meV Im[Pi]=       0.000000 meV
     Omega(   3 )=   0.1236 eV   Re[Pi]=      -0.021488 meV Im[Pi]=       0.000000 meV
     Omega(   4 )=   0.1508 eV   Re[Pi]=      -5.587838 meV Im[Pi]=       0.000000 meV
     Omega(   5 )=   0.1524 eV   Re[Pi]=      -5.674812 meV Im[Pi]=      -0.000281 meV
     Omega(   6 )=   0.1626 eV   Re[Pi]=     -50.626689 meV Im[Pi]=      -0.003014 meV
     -------------------------------------------------------------------

     ===================================================================
     Memory usage:  VmHWM =       566Mb
                   VmPeak =      5602Mb
     ===================================================================


     Unfolding on the coarse grid
     elphon_wrap  :      0.00s CPU      0.00s WALL (       1 calls)

     INITIALIZATION: 




     Electron-Phonon interpolation
     ep-interp    :    316.72s CPU    345.71s WALL (       9 calls)
     PH SELF-ENER :     17.40s CPU     17.40s WALL (       9 calls)

     wigner_seitz :      0.00s CPU      0.00s WALL (       1 calls)
     DynW2B       :      0.00s CPU      0.00s WALL (       9 calls)
     HamW2B       :     29.82s CPU     33.29s WALL (10886400 calls)
     ephW2Bp      :      0.01s CPU      0.01s WALL (       9 calls)
     ephW2B       :     28.34s CPU     31.48s WALL ( 4665600 calls)
     vmeW2B       :    129.05s CPU    142.75s WALL ( 9331200 calls)



     Total program execution
     EPW          :   5m32.33s CPU   6m 2.78s WALL

     % Copyright (C) 2016-2023 EPW-Collaboration                                    
                                                                                    
     ===============================================================================
     Please consider citing the following papers.                                   
                                                                                                 
     % Paper describing the method on which EPW relies                                           
       F. Giustino and M. L. Cohen and S. G. Louie, Phys. Rev. B 76, 165108 (2007)               
                                                                                                 
     % Papers describing the EPW software                                                        
       H. Lee et al., npj Comput. Mater. 9, 156 (2023)                                           
       S. Ponc\'e, E.R. Margine, C. Verdi and F. Giustino, Comput. Phys. Commun. 209, 116 (2016) 
       J. Noffsinger et al., Comput. Phys. Commun. 181, 2140 (2010)                              
                                                                                                 
                                                                                    
     For your convenience, this information is also reported in the                 
     functionality-dependent EPW.bib file.                                          
     ===============================================================================
                                                                                    
