
     Program PHONON v.7.5 starts on 16Aug2026 at 22:18:45 

     This program is part of the open-source Quantum ESPRESSO suite
     for quantum simulation of materials; please cite
         "P. Giannozzi et al., J. Phys.:Condens. Matter 21 395502 (2009);
         "P. Giannozzi et al., J. Phys.:Condens. Matter 29 465901 (2017);
         "P. Giannozzi et al., J. Chem. Phys. 152 154105 (2020);
          URL http://www.quantum-espresso.org", 
     in publications or presentations arising from this work. More details at
     http://www.quantum-espresso.org/quote

     Parallel version (MPI & OpenMP), running on       4 processor cores
     Number of MPI processes:                 1
     Threads/MPI process:                     4

     MPI processes distributed on     1 nodes
     20677 MiB available memory on the printing compute node when the environment starts
 
     Reading input from ph.in

     Reading xml data from directory:

     ../tmp/gr.save/
 
     Subspace diagonalization in iterative solution of the eigenvalue problem:
     a serial algorithm will be used


     IMPORTANT: XC functional enforced from input :
     Exchange-correlation= PBE
                           (   1   4   3   4   0   0   0)
     Any further DFT definition will be discarded
     Please, verify this is what you really want

 
     G-vector sticks info
     --------------------
     sticks:   dense  smooth     PW     G-vecs:    dense   smooth      PW
     Sum         361     361    109                33427    33427    5779
 
     Using Slab Decomposition
 
     Reading collected, re-writing distributed wavefunctions in ../tmp/

     Number and degeneracy of irreps per q-point
       N         xq(1)         xq(2)         xq(3)   N irreps
       1   0.332333333   0.575618218   0.000000000       6
     No degeneracy

     Calculation of q =    0.3323333   0.5756182   0.0000000
     [opt_tetra]  Optimized tetrahedron method is used.
 
     G-vector sticks info
     --------------------
     sticks:   dense  smooth     PW     G-vecs:    dense   smooth      PW
     Sum         361     361    139                33427    33427    7725
 
     Using Slab Decomposition
 

     Title: 
     graphene no-degauss DFPT; stage=diagnostic lane=A label=KG_d003 direction=K


     bravais-lattice index     =            4
     lattice parameter (alat)  =       4.6487  a.u.
     unit-cell volume          =     530.5041 (a.u.)^3
     number of atoms/cell      =            2
     number of atomic types    =            1
     number of electrons       =         8.00
     number of Kohn-Sham states=            8
     kinetic-energy cutoff     =      60.0000  Ry
     charge density cutoff     =     240.0000  Ry
     Exchange-correlation= PBE
                           (   1   4   3   4   0   0   0)

     GPU acceleration is ACTIVE.  1 visible GPUs per MPI rank


     celldm(1)=   4.648726  celldm(2)=   0.000000  celldm(3)=   6.097561
     celldm(4)=   0.000000  celldm(5)=   0.000000  celldm(6)=   0.000000

     crystal axes: (cart. coord. in units of alat)
               a(1) = (   1.000000   0.000000   0.000000 )  
               a(2) = (  -0.500000   0.866025   0.000000 )  
               a(3) = (   0.000000   0.000000   6.097561 )  

     reciprocal axes: (cart. coord. in units 2 pi/alat)
               b(1) = (  1.000000  0.577350 -0.000000 )  
               b(2) = (  0.000000  1.154701  0.000000 )  
               b(3) = (  0.000000 -0.000000  0.164000 )  


     PseudoPot. # 1 for C  read from file:
     /root/phonon/pseudo/C_ONCV_PBE-1.2.upf
     MD5 check sum: 1a5f83a7b1f58d24996abe00ed223ac6
     Pseudo is Norm-conserving, Zval =  4.0
     Generated using ONCVPSP code by D. R. Hamann
     Using radial grid of  602 points,  4 beta functions with: 
                l(1) =   0
                l(2) =   0
                l(3) =   1
                l(4) =   1

     atomic species   valence    mass     pseudopotential
     C                 4.00    12.01100     C ( 1.00)

     24 Sym. Ops., with inversion, found



   Cartesian axes

     site n.     atom                  positions (alat units)
         1        C      tau(   1) = (   0.0000000   0.0000000   0.0000000  )
         2        C      tau(   2) = (  -0.0000000   0.5773503   0.0000000  )

     number of k points= 83232 (tetrahedron method)

     Number of k-points >= 100: set verbosity='high' to print them.

     Dense  grid:    33427 G-vectors     FFT dimensions: (  24,  24, 144)

     Estimated max dynamical RAM per process >      16.32 MB

     The potential is recalculated from file :
     ../tmp/_ph0/gr.save/charge-density

     Starting wfcs are    0 atomic +    8 random wfcs

     Band Structure Calculation
     Davidson diagonalization with overlap
     c_bands:  1 eigenvalues not converged
     c_bands:  1 eigenvalues not converged
     c_bands:  1 eigenvalues not converged

     ethr =  1.25E-10,  avg # of iterations = 36.3

     total cpu time spent up to now is     5011.5 secs

     End of band structure calculation

     Number of k-points >= 100: set verbosity='high' to print the bands.

     the Fermi energy is    -1.7005 ev

     Writing config to output data dir ../tmp/_ph0/gr.save/ :
     XML data file
 
     [dfpt_tetra]  Dos(E_F)[/Ry] :   0.1891925E-01

     graphene no-degauss DFPT; stage=diagnostic lane=A label=KG_d003 direction=K

     bravais-lattice index     =            4
     lattice parameter (alat)  =       4.6487  a.u.
     unit-cell volume          =     530.5041 (a.u.)^3
     number of atoms/cell      =            2
     number of atomic types    =            1
     kinetic-energy cut-off    =      60.0000  Ry
     charge density cut-off    =     240.0000  Ry
     convergence threshold     =      1.0E-14
     beta                      =       0.7000
     number of iterations used =            4
     Exchange-correlation= PBE
                           (   1   4   3   4   0   0   0)


     celldm(1)=    4.64873  celldm(2)=    0.00000  celldm(3)=    6.09756
     celldm(4)=    0.00000  celldm(5)=    0.00000  celldm(6)=    0.00000

     crystal axes: (cart. coord. in units of alat)
               a(1) = (  1.0000  0.0000  0.0000 )  
               a(2) = ( -0.5000  0.8660  0.0000 )  
               a(3) = (  0.0000  0.0000  6.0976 )  

     reciprocal axes: (cart. coord. in units 2 pi/alat)
               b(1) = (  1.0000  0.5774 -0.0000 )  
               b(2) = (  0.0000  1.1547  0.0000 )  
               b(3) = (  0.0000 -0.0000  0.1640 )  


     Atoms inside the unit cell: 

     Cartesian axes

     site n.  atom      mass           positions (alat units)
        1  C      12.0110   tau(    1) = (    0.00000    0.00000    0.00000  )
        2  C      12.0110   tau(    2) = (   -0.00000    0.57735    0.00000  )

     Computing dynamical matrix for 
                    q = (   0.3323333   0.5756182   0.0000000 )
 
      4 Sym.Ops. (no q -> -q+G )


     G cutoff =  131.3770  (  33427 G-vectors)     FFT grid: ( 24, 24,144)
     number of k points= 83232

     PseudoPot. # 1 for C  read from file:
     /root/phonon/pseudo/C_ONCV_PBE-1.2.upf
     MD5 check sum: 1a5f83a7b1f58d24996abe00ed223ac6
     Pseudo is Norm-conserving, Zval =  4.0
     Generated using ONCVPSP code by D. R. Hamann
     Using radial grid of  602 points,  4 beta functions with: 
                l(1) =   0
                l(2) =   0
                l(3) =   1
                l(4) =   1

     Mode symmetry, C_2v (mm2)  point group:


     Atomic displacements:
     There are    6 irreducible representations

     Representation     1      1 modes -  To be done

     Representation     2      1 modes -  To be done

     Representation     3      1 modes -  To be done

     Representation     4      1 modes -  To be done

     Representation     5      1 modes -  To be done

     Representation     6      1 modes -  To be done


     Message from routine init_vloc:
     Interpolation table for Vloc re-allocated

     Alpha used in Ewald sum =   2.5000
     PHONON       :      1h29m CPU      1h30m WALL



     Representation #   1 mode #   1

     Self-consistent Calculation

      iter #   1 total cpu time :  6487.3 secs   av.it.:   3.8
      thresh= 1.000E-02 alpha_mix =  0.700 |ddv_scf|^2 =  3.210E-06

      iter #   2 total cpu time :  7608.7 secs   av.it.:   5.8
      thresh= 1.792E-04 alpha_mix =  0.700 |ddv_scf|^2 =  2.171E-06

      iter #   3 total cpu time :  8701.9 secs   av.it.:   5.4
      thresh= 1.473E-04 alpha_mix =  0.700 |ddv_scf|^2 =  7.285E-08

      iter #   4 total cpu time :  9786.3 secs   av.it.:   5.4
      thresh= 2.699E-05 alpha_mix =  0.700 |ddv_scf|^2 =  2.611E-10

      iter #   5 total cpu time : 10876.0 secs   av.it.:   5.5
      thresh= 1.616E-06 alpha_mix =  0.700 |ddv_scf|^2 =  7.255E-12

      iter #   6 total cpu time : 11955.0 secs   av.it.:   5.4
      thresh= 2.694E-07 alpha_mix =  0.700 |ddv_scf|^2 =  8.845E-15

     End of self-consistent calculation

     Convergence has been achieved 


     Representation #   2 mode #   2

     Self-consistent Calculation

      iter #   1 total cpu time : 13073.5 secs   av.it.:   3.8
      thresh= 1.000E-02 alpha_mix =  0.700 |ddv_scf|^2 =  3.140E-06

      iter #   2 total cpu time : 14189.9 secs   av.it.:   5.8
      thresh= 1.772E-04 alpha_mix =  0.700 |ddv_scf|^2 =  2.010E-06

      iter #   3 total cpu time : 15282.8 secs   av.it.:   5.5
      thresh= 1.418E-04 alpha_mix =  0.700 |ddv_scf|^2 =  7.810E-08

      iter #   4 total cpu time : 16365.3 secs   av.it.:   5.4
      thresh= 2.795E-05 alpha_mix =  0.700 |ddv_scf|^2 =  2.541E-10

      iter #   5 total cpu time : 17448.8 secs   av.it.:   5.5
      thresh= 1.594E-06 alpha_mix =  0.700 |ddv_scf|^2 =  7.131E-12

      iter #   6 total cpu time : 18528.9 secs   av.it.:   5.4
      thresh= 2.670E-07 alpha_mix =  0.700 |ddv_scf|^2 =  9.152E-15

     End of self-consistent calculation

     Convergence has been achieved 


     Representation #   3 mode #   3

     Self-consistent Calculation

      iter #   1 total cpu time : 19555.1 secs   av.it.:   3.2
      thresh= 1.000E-02 alpha_mix =  0.700 |ddv_scf|^2 =  2.806E-07

      iter #   2 total cpu time : 20684.3 secs   av.it.:   5.4
      thresh= 5.298E-05 alpha_mix =  0.700 |ddv_scf|^2 =  2.203E-09

      iter #   3 total cpu time : 21777.0 secs   av.it.:   5.2
      thresh= 4.693E-06 alpha_mix =  0.700 |ddv_scf|^2 =  1.142E-10

      iter #   4 total cpu time : 22790.6 secs   av.it.:   4.6
      thresh= 1.069E-06 alpha_mix =  0.700 |ddv_scf|^2 =  3.237E-14

      iter #   5 total cpu time : 23851.5 secs   av.it.:   5.1
      thresh= 1.799E-08 alpha_mix =  0.700 |ddv_scf|^2 =  5.453E-16

     End of self-consistent calculation

     Convergence has been achieved 


     Representation #   4 mode #   4

     Self-consistent Calculation

      iter #   1 total cpu time : 24948.9 secs   av.it.:   3.5
      thresh= 1.000E-02 alpha_mix =  0.700 |ddv_scf|^2 =  1.239E-06

      iter #   2 total cpu time : 26079.2 secs   av.it.:   5.8
      thresh= 1.113E-04 alpha_mix =  0.700 |ddv_scf|^2 =  1.380E-06

      iter #   3 total cpu time : 27165.6 secs   av.it.:   5.4
      thresh= 1.175E-04 alpha_mix =  0.700 |ddv_scf|^2 =  2.270E-09

      iter #   4 total cpu time : 28253.1 secs   av.it.:   5.4
      thresh= 4.764E-06 alpha_mix =  0.700 |ddv_scf|^2 =  3.405E-11

      iter #   5 total cpu time : 29336.4 secs   av.it.:   5.4
      thresh= 5.835E-07 alpha_mix =  0.700 |ddv_scf|^2 =  1.034E-14

      iter #   6 total cpu time : 30454.8 secs   av.it.:   5.6
      thresh= 1.017E-08 alpha_mix =  0.700 |ddv_scf|^2 =  5.263E-16

     End of self-consistent calculation

     Convergence has been achieved 


     Representation #   5 mode #   5

     Self-consistent Calculation

      iter #   1 total cpu time : 31595.7 secs   av.it.:   3.6
      thresh= 1.000E-02 alpha_mix =  0.700 |ddv_scf|^2 =  2.063E-06

      iter #   2 total cpu time : 32717.1 secs   av.it.:   5.8
      thresh= 1.436E-04 alpha_mix =  0.700 |ddv_scf|^2 =  2.308E-06

      iter #   3 total cpu time : 33813.1 secs   av.it.:   5.4
      thresh= 1.519E-04 alpha_mix =  0.700 |ddv_scf|^2 =  3.320E-09

      iter #   4 total cpu time : 34896.2 secs   av.it.:   5.4
      thresh= 5.762E-06 alpha_mix =  0.700 |ddv_scf|^2 =  3.453E-11

      iter #   5 total cpu time : 35974.9 secs   av.it.:   5.3
      thresh= 5.876E-07 alpha_mix =  0.700 |ddv_scf|^2 =  1.223E-14

      iter #   6 total cpu time : 37085.5 secs   av.it.:   5.6
      thresh= 1.106E-08 alpha_mix =  0.700 |ddv_scf|^2 =  6.879E-16

     End of self-consistent calculation

     Convergence has been achieved 


     Representation #   6 mode #   6

     Self-consistent Calculation

      iter #   1 total cpu time : 38127.2 secs   av.it.:   3.2
      thresh= 1.000E-02 alpha_mix =  0.700 |ddv_scf|^2 =  2.852E-07

      iter #   2 total cpu time : 39261.5 secs   av.it.:   5.4
      thresh= 5.340E-05 alpha_mix =  0.700 |ddv_scf|^2 =  2.276E-09

      iter #   3 total cpu time : 40363.2 secs   av.it.:   5.2
      thresh= 4.771E-06 alpha_mix =  0.700 |ddv_scf|^2 =  1.144E-10

      iter #   4 total cpu time : 41375.5 secs   av.it.:   4.6
      thresh= 1.070E-06 alpha_mix =  0.700 |ddv_scf|^2 =  3.245E-14

      iter #   5 total cpu time : 42444.7 secs   av.it.:   5.1
      thresh= 1.801E-08 alpha_mix =  0.700 |ddv_scf|^2 =  5.814E-16

     End of self-consistent calculation

     Convergence has been achieved 
 
     Number of q in the star =    6
     List of q in the star:
          1   0.332333333   0.575618218   0.000000000
          2  -0.332333333   0.575618218   0.000000000
          3   0.664666667  -0.000000000   0.000000000
          4  -0.664666667   0.000000000   0.000000000
          5   0.332333333  -0.575618218   0.000000000
          6  -0.332333333  -0.575618218   0.000000000

     Diagonalizing the dynamical matrix

     q = (    0.332333333   0.575618218   0.000000000 ) 

 **************************************************************************
     freq (    1) =      16.272004 [THz] =     542.775641 [cm-1]
     freq (    2) =      16.354248 [THz] =     545.518988 [cm-1]
     freq (    3) =      30.129345 [THz] =    1005.006771 [cm-1]
     freq (    4) =      36.771163 [THz] =    1226.553968 [cm-1]
     freq (    5) =      36.847695 [THz] =    1229.106810 [cm-1]
     freq (    6) =      38.583592 [THz] =    1287.010106 [cm-1]
 **************************************************************************

     Mode symmetry, C_2v (mm2)  point group:

     freq (   1-   1) =        542.8  [cm-1]   --> B_2  D_4  S_4      
     freq (   2-   2) =        545.5  [cm-1]   --> A_2  D_2  S_2      
     freq (   3-   3) =       1005.0  [cm-1]   --> B_1  D_3  S_3      
     freq (   4-   4) =       1226.6  [cm-1]   --> A_1  D_1  S_1      
     freq (   5-   5) =       1229.1  [cm-1]   --> B_1  D_3  S_3      
     freq (   6-   6) =       1287.0  [cm-1]   --> A_1  D_1  S_1      
 
     init_run     :     27.70s CPU     28.38s WALL (       1 calls)
     electrons    :   4565.86s CPU   4621.56s WALL (       1 calls)

     Called by init_run:
     wfcinit      :      0.00s CPU      0.00s WALL (       1 calls)
     potinit      :      0.02s CPU      0.01s WALL (       1 calls)
     hinit0       :      0.02s CPU      0.01s WALL (       1 calls)

     Called by electrons:
     c_bands      :   4555.53s CPU   4616.34s WALL (       1 calls)
     v_of_rho     :      0.03s CPU      0.03s WALL (       2 calls)

     Called by c_bands:
     init_us_2    :    587.04s CPU    570.43s WALL ( 2080800 calls)
     cegterg      :   4012.58s CPU   4040.25s WALL (  187892 calls)

     Called by *egterg:
     cdiaghg      :   1284.26s CPU   1356.01s WALL ( 3106276 calls)
                                     1335.31s GPU  ( 3106276 calls)
     h_psi        :   8790.85s CPU   8759.41s WALL (19593180 calls)
     g_psi        :     67.68s CPU     69.96s WALL ( 3023044 calls)

     Called by h_psi:
     h_psi:calbec :    475.48s CPU    504.35s WALL (19593180 calls)
     vloc_psi     :   5821.11s CPU   5889.37s WALL (19593180 calls)
                                     5783.18s GPU  (19593180 calls)
     add_vuspsi   :   1658.01s CPU   1759.40s WALL (19593180 calls)

     General routines
     calbec       :    648.33s CPU    642.53s WALL (21008124 calls)
     fft          :      0.42s CPU      0.45s WALL (     398 calls)
                                        0.02s GPU  (      23 calls)
     ffts         :      4.19s CPU      8.05s WALL (  249732 calls)
                                        6.67s GPU  (  249732 calls)
     fftw         :   1005.64s CPU   3530.35s WALL (84464568 calls)
                                     3068.48s GPU  (84464568 calls)
     davcio       :   2477.65s CPU   3556.61s WALL ( 7789453 calls)
 
     Parallel routines
 
     PHONON       :     11h 1m CPU     11h48m WALL

     INITIALIZATION: 
     phq_setup    :      8.03s CPU      8.12s WALL (       1 calls)
     phq_init     :    389.41s CPU    355.55s WALL (       1 calls)
 
     phq_init     :    389.41s CPU    355.55s WALL (       1 calls)
     init_vloc    :      0.02s CPU      0.02s WALL (       2 calls)
     init_us_1    :      0.00s CPU      0.00s WALL (       2 calls)
     init_us_2    :    587.04s CPU    570.43s WALL ( 2080800 calls)
 
     DYNAMICAL MATRIX:
     dynmat0      :    351.76s CPU    285.14s WALL (       1 calls)
     dynmat_us    :    351.75s CPU    285.13s WALL (       1 calls)
     d2ionq       :      0.01s CPU      0.00s WALL (       1 calls)
     phqscf       :  34342.91s CPU  37106.49s WALL (       1 calls)
     dynmatrix    :      0.02s CPU      0.10s WALL (       1 calls)
 
     phqscf       :  34342.91s CPU  37106.49s WALL (       1 calls)
     solve_linter :  34034.84s CPU  36721.37s WALL (       6 calls)
     dfpt_kernel  :  32135.51s CPU  35036.90s WALL (       6 calls)
     sth_kernel   :  32134.12s CPU  35035.33s WALL (      34 calls)
     h_prec       :    129.91s CPU    161.28s WALL ( 1414944 calls)
     apply_dpot_b :   1807.46s CPU   2456.51s WALL ( 1165248 calls)
     ortho        :   1742.68s CPU   1940.74s WALL ( 1414944 calls)
     cgsolve      :  22318.48s CPU  22697.61s WALL ( 1414944 calls)
     incdrhoscf   :   2819.15s CPU   3119.88s WALL ( 1414944 calls)
                                     3108.79s GPU  ( 1414944 calls)
     dv_of_drho   :      0.66s CPU      0.68s WALL (      34 calls)
     mix_pot      :      0.36s CPU      0.44s WALL (      34 calls)
     drhodv       :    308.05s CPU    385.10s WALL (       6 calls)
     psymdvscf    :      0.31s CPU      0.31s WALL (      34 calls)
     com_dvloc    :     73.64s CPU     67.82s WALL (  249732 calls)
                                       66.48s GPU  (  249732 calls)
     addcore      :      0.01s CPU      0.01s WALL (       6 calls)
                                        0.01s GPU  (       6 calls)
 
     dvqpsi_us    :   1241.45s CPU   1129.02s WALL (  249696 calls)
                                     1126.72s GPU  (  249696 calls)
     dvqpsi_us_on :    798.68s CPU    665.64s WALL (  249696 calls)
 
     add_vuspsi   :   1658.01s CPU   1759.40s WALL (19593180 calls)
 
 
      General routines
     calbec       :    648.33s CPU    642.53s WALL (21008124 calls)
     fft          :      0.42s CPU      0.45s WALL (     398 calls)
                                        0.02s GPU  (      23 calls)
     ffts         :      4.19s CPU      8.05s WALL (  249732 calls)
                                        6.67s GPU  (  249732 calls)
     fftw         :   1005.64s CPU   3530.35s WALL (84464568 calls)
                                     3068.48s GPU  (84464568 calls)
     davcio       :   2477.65s CPU   3556.61s WALL ( 7789453 calls)
     write_rec    :      0.05s CPU      0.12s WALL (      40 calls)
 
      Additional routines
     ch_psi       :  13082.98s CPU  12911.11s WALL (16299012 calls)
     last         :   5081.91s CPU   4899.15s WALL (16299012 calls)
     Hesh         :    183.62s CPU    196.36s WALL (16299012 calls)
     ch_psi_all_k :   4468.52s CPU   4500.79s WALL (16299012 calls)
                                     4402.93s GPU  (16299012 calls)
     h_psi_bgrp   :   8856.77s CPU   8820.30s WALL (19593180 calls)
     h_psi        :   8790.85s CPU   8759.41s WALL (19593180 calls)
     h_psi:pot    :   8280.11s CPU   8327.47s WALL (19593180 calls)
     h_psi:calbec :    475.48s CPU    504.35s WALL (19593180 calls)
     s_psi_bgrp   :    236.76s CPU    244.84s WALL (34012968 calls)
 
 
     PHONON       :     11h 1m CPU     11h48m WALL

 
   This run was terminated on:  10: 7:18  17Aug2026            

=------------------------------------------------------------------------------=
   JOB DONE.
=------------------------------------------------------------------------------=
Warning: ieee_divide_by_zero is signaling
Warning: ieee_underflow is signaling
Warning: ieee_inexact is signaling
FORTRAN STOP
