
     Program PHONON v.7.5 starts on 13Aug2026 at 23:31:42 

     This program is part of the open-source Quantum ESPRESSO suite
     for quantum simulation of materials; please cite
         "P. Giannozzi et al., J. Phys.:Condens. Matter 21 395502 (2009);
         "P. Giannozzi et al., J. Phys.:Condens. Matter 29 465901 (2017);
         "P. Giannozzi et al., J. Chem. Phys. 152 154105 (2020);
          URL http://www.quantum-espresso.org", 
     in publications or presentations arising from this work. More details at
     http://www.quantum-espresso.org/quote

     Parallel version (MPI & OpenMP), running on       4 processor cores
     Number of MPI processes:                 1
     Threads/MPI process:                     4

     MPI processes distributed on     1 nodes
     30280 MiB available memory on the printing compute node when the environment starts
 
     Reading input from ph.in

     Reading xml data from directory:

     ../tmp/gr.save/
 
     Subspace diagonalization in iterative solution of the eigenvalue problem:
     a serial algorithm will be used


     IMPORTANT: XC functional enforced from input :
     Exchange-correlation= PBE
                           (   1   4   3   4   0   0   0)
     Any further DFT definition will be discarded
     Please, verify this is what you really want

 
     G-vector sticks info
     --------------------
     sticks:   dense  smooth     PW     G-vecs:    dense   smooth      PW
     Sum         361     361    109                33427    33427    5779
 
     Using Slab Decomposition
 
     Reading collected, re-writing distributed wavefunctions in ../tmp/

     Number and degeneracy of irreps per q-point
       N         xq(1)         xq(2)         xq(3)   N irreps
       1   0.328333333   0.568690015   0.000000000       6
     No degeneracy

     Calculation of q =    0.3283333   0.5686900   0.0000000
     [opt_tetra]  Optimized tetrahedron method is used.
 
     G-vector sticks info
     --------------------
     sticks:   dense  smooth     PW     G-vecs:    dense   smooth      PW
     Sum         361     361    139                33427    33427    7701
 
     Using Slab Decomposition
 

     Title: 
     graphene no-degauss DFPT; stage=development lane=A label=KG_d015 direction=


     bravais-lattice index     =            4
     lattice parameter (alat)  =       4.6487  a.u.
     unit-cell volume          =     530.5041 (a.u.)^3
     number of atoms/cell      =            2
     number of atomic types    =            1
     number of electrons       =         8.00
     number of Kohn-Sham states=            8
     kinetic-energy cutoff     =      60.0000  Ry
     charge density cutoff     =     240.0000  Ry
     Exchange-correlation= PBE
                           (   1   4   3   4   0   0   0)

     GPU acceleration is ACTIVE.  1 visible GPUs per MPI rank


     celldm(1)=   4.648726  celldm(2)=   0.000000  celldm(3)=   6.097561
     celldm(4)=   0.000000  celldm(5)=   0.000000  celldm(6)=   0.000000

     crystal axes: (cart. coord. in units of alat)
               a(1) = (   1.000000   0.000000   0.000000 )  
               a(2) = (  -0.500000   0.866025   0.000000 )  
               a(3) = (   0.000000   0.000000   6.097561 )  

     reciprocal axes: (cart. coord. in units 2 pi/alat)
               b(1) = (  1.000000  0.577350 -0.000000 )  
               b(2) = (  0.000000  1.154701  0.000000 )  
               b(3) = (  0.000000 -0.000000  0.164000 )  


     PseudoPot. # 1 for C  read from file:
     /root/phonon/pseudo/C_ONCV_PBE-1.2.upf
     MD5 check sum: 1a5f83a7b1f58d24996abe00ed223ac6
     Pseudo is Norm-conserving, Zval =  4.0
     Generated using ONCVPSP code by D. R. Hamann
     Using radial grid of  602 points,  4 beta functions with: 
                l(1) =   0
                l(2) =   0
                l(3) =   1
                l(4) =   1

     atomic species   valence    mass     pseudopotential
     C                 4.00    12.01100     C ( 1.00)

     24 Sym. Ops., with inversion, found



   Cartesian axes

     site n.     atom                  positions (alat units)
         1        C      tau(   1) = (   0.0000000   0.0000000   0.0000000  )
         2        C      tau(   2) = (  -0.0000000   0.5773503   0.0000000  )

     number of k points= 37056 (tetrahedron method)

     Number of k-points >= 100: set verbosity='high' to print them.

     Dense  grid:    33427 G-vectors     FFT dimensions: (  24,  24, 144)

     Estimated max dynamical RAM per process >      16.32 MB

     The potential is recalculated from file :
     ../tmp/_ph0/gr.save/charge-density

     Starting wfcs are    0 atomic +    8 random wfcs

     Band Structure Calculation
     Davidson diagonalization with overlap

     ethr =  1.25E-10,  avg # of iterations = 36.3

     total cpu time spent up to now is     2097.1 secs

     End of band structure calculation

     Number of k-points >= 100: set verbosity='high' to print the bands.

     the Fermi energy is    -1.7005 ev

     Writing config to output data dir ../tmp/_ph0/gr.save/ :
     XML data file
 
     [dfpt_tetra]  Dos(E_F)[/Ry] :   0.2835878E-01

     graphene no-degauss DFPT; stage=development lane=A label=KG_d015 direction=

     bravais-lattice index     =            4
     lattice parameter (alat)  =       4.6487  a.u.
     unit-cell volume          =     530.5041 (a.u.)^3
     number of atoms/cell      =            2
     number of atomic types    =            1
     kinetic-energy cut-off    =      60.0000  Ry
     charge density cut-off    =     240.0000  Ry
     convergence threshold     =      1.0E-14
     beta                      =       0.7000
     number of iterations used =            4
     Exchange-correlation= PBE
                           (   1   4   3   4   0   0   0)


     celldm(1)=    4.64873  celldm(2)=    0.00000  celldm(3)=    6.09756
     celldm(4)=    0.00000  celldm(5)=    0.00000  celldm(6)=    0.00000

     crystal axes: (cart. coord. in units of alat)
               a(1) = (  1.0000  0.0000  0.0000 )  
               a(2) = ( -0.5000  0.8660  0.0000 )  
               a(3) = (  0.0000  0.0000  6.0976 )  

     reciprocal axes: (cart. coord. in units 2 pi/alat)
               b(1) = (  1.0000  0.5774 -0.0000 )  
               b(2) = (  0.0000  1.1547  0.0000 )  
               b(3) = (  0.0000 -0.0000  0.1640 )  


     Atoms inside the unit cell: 

     Cartesian axes

     site n.  atom      mass           positions (alat units)
        1  C      12.0110   tau(    1) = (    0.00000    0.00000    0.00000  )
        2  C      12.0110   tau(    2) = (   -0.00000    0.57735    0.00000  )

     Computing dynamical matrix for 
                    q = (   0.3283333   0.5686900   0.0000000 )
 
      4 Sym.Ops. (no q -> -q+G )


     G cutoff =  131.3770  (  33427 G-vectors)     FFT grid: ( 24, 24,144)
     number of k points= 37056

     PseudoPot. # 1 for C  read from file:
     /root/phonon/pseudo/C_ONCV_PBE-1.2.upf
     MD5 check sum: 1a5f83a7b1f58d24996abe00ed223ac6
     Pseudo is Norm-conserving, Zval =  4.0
     Generated using ONCVPSP code by D. R. Hamann
     Using radial grid of  602 points,  4 beta functions with: 
                l(1) =   0
                l(2) =   0
                l(3) =   1
                l(4) =   1

     Mode symmetry, C_2v (mm2)  point group:


     Atomic displacements:
     There are    6 irreducible representations

     Representation     1      1 modes -  To be done

     Representation     2      1 modes -  To be done

     Representation     3      1 modes -  To be done

     Representation     4      1 modes -  To be done

     Representation     5      1 modes -  To be done

     Representation     6      1 modes -  To be done


     Message from routine init_vloc:
     Interpolation table for Vloc re-allocated

     Alpha used in Ewald sum =   2.5000
     PHONON       :  37m11.83s CPU  37m31.37s WALL



     Representation #   1 mode #   1

     Self-consistent Calculation

      iter #   1 total cpu time :  2678.5 secs   av.it.:   3.8
      thresh= 1.000E-02 alpha_mix =  0.700 |ddv_scf|^2 =  3.358E-06

      iter #   2 total cpu time :  3168.8 secs   av.it.:   5.8
      thresh= 1.832E-04 alpha_mix =  0.700 |ddv_scf|^2 =  2.349E-06

      iter #   3 total cpu time :  3652.6 secs   av.it.:   5.4
      thresh= 1.533E-04 alpha_mix =  0.700 |ddv_scf|^2 =  7.160E-08

      iter #   4 total cpu time :  4121.8 secs   av.it.:   5.4
      thresh= 2.676E-05 alpha_mix =  0.700 |ddv_scf|^2 =  2.544E-10

      iter #   5 total cpu time :  4593.9 secs   av.it.:   5.5
      thresh= 1.595E-06 alpha_mix =  0.700 |ddv_scf|^2 =  6.958E-12

      iter #   6 total cpu time :  5062.6 secs   av.it.:   5.4
      thresh= 2.638E-07 alpha_mix =  0.700 |ddv_scf|^2 =  8.852E-15

     End of self-consistent calculation

     Convergence has been achieved 


     Representation #   2 mode #   2

     Self-consistent Calculation

      iter #   1 total cpu time :  5549.7 secs   av.it.:   3.8
      thresh= 1.000E-02 alpha_mix =  0.700 |ddv_scf|^2 =  3.028E-06

      iter #   2 total cpu time :  6044.7 secs   av.it.:   5.8
      thresh= 1.740E-04 alpha_mix =  0.700 |ddv_scf|^2 =  1.913E-06

      iter #   3 total cpu time :  6525.7 secs   av.it.:   5.5
      thresh= 1.383E-04 alpha_mix =  0.700 |ddv_scf|^2 =  7.921E-08

      iter #   4 total cpu time :  7000.9 secs   av.it.:   5.4
      thresh= 2.814E-05 alpha_mix =  0.700 |ddv_scf|^2 =  2.562E-10

      iter #   5 total cpu time :  7483.0 secs   av.it.:   5.5
      thresh= 1.601E-06 alpha_mix =  0.700 |ddv_scf|^2 =  7.097E-12

      iter #   6 total cpu time :  7957.5 secs   av.it.:   5.4
      thresh= 2.664E-07 alpha_mix =  0.700 |ddv_scf|^2 =  8.627E-15

     End of self-consistent calculation

     Convergence has been achieved 


     Representation #   3 mode #   3

     Self-consistent Calculation

      iter #   1 total cpu time :  8407.2 secs   av.it.:   3.1
      thresh= 1.000E-02 alpha_mix =  0.700 |ddv_scf|^2 =  2.711E-07

      iter #   2 total cpu time :  8894.8 secs   av.it.:   5.4
      thresh= 5.207E-05 alpha_mix =  0.700 |ddv_scf|^2 =  2.045E-09

      iter #   3 total cpu time :  9360.0 secs   av.it.:   5.2
      thresh= 4.522E-06 alpha_mix =  0.700 |ddv_scf|^2 =  1.108E-10

      iter #   4 total cpu time :  9790.8 secs   av.it.:   4.6
      thresh= 1.053E-06 alpha_mix =  0.700 |ddv_scf|^2 =  3.151E-14

      iter #   5 total cpu time : 10245.4 secs   av.it.:   5.1
      thresh= 1.775E-08 alpha_mix =  0.700 |ddv_scf|^2 =  4.856E-16

     End of self-consistent calculation

     Convergence has been achieved 


     Representation #   4 mode #   4

     Self-consistent Calculation

      iter #   1 total cpu time : 10702.6 secs   av.it.:   3.5
      thresh= 1.000E-02 alpha_mix =  0.700 |ddv_scf|^2 =  1.209E-06

      iter #   2 total cpu time : 11189.5 secs   av.it.:   5.8
      thresh= 1.100E-04 alpha_mix =  0.700 |ddv_scf|^2 =  1.324E-06

      iter #   3 total cpu time : 11660.4 secs   av.it.:   5.4
      thresh= 1.151E-04 alpha_mix =  0.700 |ddv_scf|^2 =  2.303E-09

      iter #   4 total cpu time : 12134.5 secs   av.it.:   5.4
      thresh= 4.799E-06 alpha_mix =  0.700 |ddv_scf|^2 =  3.419E-11

      iter #   5 total cpu time : 12604.0 secs   av.it.:   5.4
      thresh= 5.848E-07 alpha_mix =  0.700 |ddv_scf|^2 =  1.052E-14

      iter #   6 total cpu time : 13082.8 secs   av.it.:   5.7
      thresh= 1.026E-08 alpha_mix =  0.700 |ddv_scf|^2 =  5.074E-16

     End of self-consistent calculation

     Convergence has been achieved 


     Representation #   5 mode #   5

     Self-consistent Calculation

      iter #   1 total cpu time : 13578.0 secs   av.it.:   3.6
      thresh= 1.000E-02 alpha_mix =  0.700 |ddv_scf|^2 =  2.036E-06

      iter #   2 total cpu time : 14063.5 secs   av.it.:   5.8
      thresh= 1.427E-04 alpha_mix =  0.700 |ddv_scf|^2 =  2.240E-06

      iter #   3 total cpu time : 14517.6 secs   av.it.:   5.4
      thresh= 1.497E-04 alpha_mix =  0.700 |ddv_scf|^2 =  3.379E-09

      iter #   4 total cpu time : 14976.3 secs   av.it.:   5.4
      thresh= 5.813E-06 alpha_mix =  0.700 |ddv_scf|^2 =  3.445E-11

      iter #   5 total cpu time : 15438.3 secs   av.it.:   5.3
      thresh= 5.870E-07 alpha_mix =  0.700 |ddv_scf|^2 =  1.207E-14

      iter #   6 total cpu time : 15918.3 secs   av.it.:   5.6
      thresh= 1.099E-08 alpha_mix =  0.700 |ddv_scf|^2 =  6.574E-16

     End of self-consistent calculation

     Convergence has been achieved 


     Representation #   6 mode #   6

     Self-consistent Calculation

      iter #   1 total cpu time : 16370.1 secs   av.it.:   3.2
      thresh= 1.000E-02 alpha_mix =  0.700 |ddv_scf|^2 =  2.945E-07

      iter #   2 total cpu time : 16855.2 secs   av.it.:   5.4
      thresh= 5.427E-05 alpha_mix =  0.700 |ddv_scf|^2 =  2.432E-09

      iter #   3 total cpu time : 17325.3 secs   av.it.:   5.2
      thresh= 4.931E-06 alpha_mix =  0.700 |ddv_scf|^2 =  1.135E-10

      iter #   4 total cpu time : 17756.8 secs   av.it.:   4.6
      thresh= 1.065E-06 alpha_mix =  0.700 |ddv_scf|^2 =  3.231E-14

      iter #   5 total cpu time : 18214.5 secs   av.it.:   5.1
      thresh= 1.797E-08 alpha_mix =  0.700 |ddv_scf|^2 =  6.308E-16

     End of self-consistent calculation

     Convergence has been achieved 
 
     Number of q in the star =    6
     List of q in the star:
          1   0.328333333   0.568690015   0.000000000
          2  -0.328333333   0.568690015   0.000000000
          3   0.656666667  -0.000000000   0.000000000
          4  -0.656666667   0.000000000   0.000000000
          5   0.328333333  -0.568690015   0.000000000
          6  -0.328333333  -0.568690015   0.000000000

     Diagonalizing the dynamical matrix

     q = (    0.328333333   0.568690015   0.000000000 ) 

 **************************************************************************
     freq (    1) =      16.104421 [THz] =     537.185653 [cm-1]
     freq (    2) =      16.522669 [THz] =     551.136907 [cm-1]
     freq (    3) =      30.100704 [THz] =    1004.051418 [cm-1]
     freq (    4) =      36.618966 [THz] =    1221.477237 [cm-1]
     freq (    5) =      37.024862 [THz] =    1235.016445 [cm-1]
     freq (    6) =      38.786871 [THz] =    1293.790744 [cm-1]
 **************************************************************************

     Mode symmetry, C_2v (mm2)  point group:

     freq (   1-   1) =        537.2  [cm-1]   --> B_2  D_4  S_4      
     freq (   2-   2) =        551.1  [cm-1]   --> A_2  D_2  S_2      
     freq (   3-   3) =       1004.1  [cm-1]   --> B_1  D_3  S_3      
     freq (   4-   4) =       1221.5  [cm-1]   --> A_1  D_1  S_1      
     freq (   5-   5) =       1235.0  [cm-1]   --> B_1  D_3  S_3      
     freq (   6-   6) =       1293.8  [cm-1]   --> A_1  D_1  S_1      
 
     init_run     :     16.76s CPU     17.06s WALL (       1 calls)
     electrons    :   1960.13s CPU   1979.87s WALL (       1 calls)

     Called by init_run:
     wfcinit      :      0.00s CPU      0.00s WALL (       1 calls)
     potinit      :      0.01s CPU      0.01s WALL (       1 calls)
     hinit0       :      0.02s CPU      0.02s WALL (       1 calls)

     Called by electrons:
     c_bands      :   1951.10s CPU   1975.32s WALL (       1 calls)
     v_of_rho     :      0.02s CPU      0.02s WALL (       2 calls)

     Called by c_bands:
     init_us_2    :    244.17s CPU    261.58s WALL (  926400 calls)
     cegterg      :   1811.57s CPU   1819.43s WALL (   83704 calls)

     Called by *egterg:
     cdiaghg      :    574.11s CPU    604.76s WALL ( 1382934 calls)
                                      595.44s GPU  ( 1382934 calls)
     h_psi        :   4118.84s CPU   4104.14s WALL ( 8722611 calls)
     g_psi        :     30.78s CPU     31.83s WALL ( 1345878 calls)

     Called by h_psi:
     h_psi:calbec :    243.08s CPU    259.13s WALL ( 8722611 calls)
     vloc_psi     :   2692.32s CPU   2721.41s WALL ( 8722611 calls)
                                     2670.97s GPU  ( 8722611 calls)
     add_vuspsi   :    820.15s CPU    872.47s WALL ( 8722611 calls)

     General routines
     calbec       :    314.46s CPU    331.97s WALL ( 9352563 calls)
     fft          :      0.59s CPU      0.65s WALL (     398 calls)
                                        0.03s GPU  (      23 calls)
     ffts         :      2.87s CPU      4.09s WALL (  111204 calls)
                                        3.45s GPU  (  111204 calls)
     fftw         :    490.02s CPU   1666.59s WALL (37603686 calls)
                                     1449.32s GPU  (37603686 calls)
     davcio       :   1079.46s CPU   1527.67s WALL ( 3468109 calls)
 
     Parallel routines
 
     PHONON       :      4h44m CPU      5h 4m WALL

     INITIALIZATION: 
     phq_setup    :      5.10s CPU      5.12s WALL (       1 calls)
     phq_init     :    136.87s CPU    135.14s WALL (       1 calls)
 
     phq_init     :    136.87s CPU    135.14s WALL (       1 calls)
     init_vloc    :      0.03s CPU      0.03s WALL (       2 calls)
     init_us_1    :      0.00s CPU      0.00s WALL (       2 calls)
     init_us_2    :    244.17s CPU    261.58s WALL (  926400 calls)
 
     DYNAMICAL MATRIX:
     dynmat0      :    122.51s CPU    113.26s WALL (       1 calls)
     dynmat_us    :    122.50s CPU    113.25s WALL (       1 calls)
     d2ionq       :      0.02s CPU      0.01s WALL (       1 calls)
     phqscf       :  14837.62s CPU  15996.74s WALL (       1 calls)
     dynmatrix    :      0.04s CPU      0.10s WALL (       1 calls)
 
     phqscf       :  14837.62s CPU  15996.74s WALL (       1 calls)
     solve_linter :  14704.20s CPU  15796.28s WALL (       6 calls)
     dfpt_kernel  :  13891.63s CPU  15106.78s WALL (       6 calls)
     sth_kernel   :  13889.75s CPU  15103.78s WALL (      34 calls)
     h_prec       :     98.21s CPU    131.21s WALL (  629952 calls)
     apply_dpot_b :    672.01s CPU    954.04s WALL (  518784 calls)
     ortho        :    581.74s CPU    655.07s WALL (  629952 calls)
     cgsolve      :  10222.65s CPU  10365.85s WALL (  629952 calls)
     incdrhoscf   :   1019.79s CPU   1139.64s WALL (  629952 calls)
                                     1134.43s GPU  (  629952 calls)
     dv_of_drho   :      0.95s CPU      1.42s WALL (      34 calls)
     mix_pot      :      0.39s CPU      0.68s WALL (      34 calls)
     drhodv       :    133.41s CPU    200.41s WALL (       6 calls)
     psymdvscf    :      0.44s CPU      0.55s WALL (      34 calls)
     com_dvloc    :     30.29s CPU     26.23s WALL (  111204 calls)
                                       25.65s GPU  (  111204 calls)
     addcore      :      0.01s CPU      0.02s WALL (       6 calls)
                                        0.02s GPU  (       6 calls)
 
     dvqpsi_us    :    580.91s CPU    508.49s WALL (  111168 calls)
                                      507.28s GPU  (  111168 calls)
     dvqpsi_us_on :    387.35s CPU    329.72s WALL (  111168 calls)
 
     add_vuspsi   :    820.15s CPU    872.47s WALL ( 8722611 calls)
 
 
      General routines
     calbec       :    314.46s CPU    331.97s WALL ( 9352563 calls)
     fft          :      0.59s CPU      0.65s WALL (     398 calls)
                                        0.03s GPU  (      23 calls)
     ffts         :      2.87s CPU      4.09s WALL (  111204 calls)
                                        3.45s GPU  (  111204 calls)
     fftw         :    490.02s CPU   1666.59s WALL (37603686 calls)
                                     1449.32s GPU  (37603686 calls)
     davcio       :   1079.46s CPU   1527.67s WALL ( 3468109 calls)
     write_rec    :      0.06s CPU      0.20s WALL (      40 calls)
 
      Additional routines
     ch_psi       :   6134.33s CPU   6035.82s WALL ( 7255973 calls)
     last         :   2367.61s CPU   2264.74s WALL ( 7255973 calls)
     Hesh         :     81.29s CPU     87.38s WALL ( 7255973 calls)
     ch_psi_all_k :   2099.47s CPU   2093.27s WALL ( 7255973 calls)
                                     2047.07s GPU  ( 7255973 calls)
     h_psi_bgrp   :   4137.66s CPU   4121.59s WALL ( 8722611 calls)
     h_psi        :   4118.84s CPU   4104.14s WALL ( 8722611 calls)
     h_psi:pot    :   3885.85s CPU   3914.80s WALL ( 8722611 calls)
     h_psi:calbec :    243.08s CPU    259.13s WALL ( 8722611 calls)
     s_psi_bgrp   :    110.86s CPU    114.93s WALL (15141898 calls)
 
 
     PHONON       :      4h44m CPU      5h 4m WALL

 
   This run was terminated on:   4:35:53  14Aug2026            

=------------------------------------------------------------------------------=
   JOB DONE.
=------------------------------------------------------------------------------=
Warning: ieee_divide_by_zero is signaling
Warning: ieee_underflow is signaling
Warning: ieee_inexact is signaling
FORTRAN STOP
