
     Program PHONON v.7.5 starts on 15Aug2026 at 10:40:13 

     This program is part of the open-source Quantum ESPRESSO suite
     for quantum simulation of materials; please cite
         "P. Giannozzi et al., J. Phys.:Condens. Matter 21 395502 (2009);
         "P. Giannozzi et al., J. Phys.:Condens. Matter 29 465901 (2017);
         "P. Giannozzi et al., J. Chem. Phys. 152 154105 (2020);
          URL http://www.quantum-espresso.org", 
     in publications or presentations arising from this work. More details at
     http://www.quantum-espresso.org/quote

     Parallel version (MPI & OpenMP), running on       4 processor cores
     Number of MPI processes:                 1
     Threads/MPI process:                     4

     MPI processes distributed on     1 nodes
     30265 MiB available memory on the printing compute node when the environment starts
 
     Reading input from ph.in

     Reading xml data from directory:

     ../tmp/gr.save/
 
     Subspace diagonalization in iterative solution of the eigenvalue problem:
     a serial algorithm will be used


     IMPORTANT: XC functional enforced from input :
     Exchange-correlation= PBE
                           (   1   4   3   4   0   0   0)
     Any further DFT definition will be discarded
     Please, verify this is what you really want

 
     G-vector sticks info
     --------------------
     sticks:   dense  smooth     PW     G-vecs:    dense   smooth      PW
     Sum         361     361    109                33427    33427    5779
 
     Using Slab Decomposition
 
     Reading collected, re-writing distributed wavefunctions in ../tmp/

     Number and degeneracy of irreps per q-point
       N         xq(1)         xq(2)         xq(3)   N irreps
       1   0.332333333   0.575618218   0.000000000       6
     No degeneracy

     Calculation of q =    0.3323333   0.5756182   0.0000000
     [opt_tetra]  Optimized tetrahedron method is used.
 
     G-vector sticks info
     --------------------
     sticks:   dense  smooth     PW     G-vecs:    dense   smooth      PW
     Sum         361     361    139                33427    33427    7725
 
     Using Slab Decomposition
 

     Title: 
     graphene no-degauss DFPT; stage=diagnostic lane=A label=KG_d003 direction=K


     bravais-lattice index     =            4
     lattice parameter (alat)  =       4.6487  a.u.
     unit-cell volume          =     530.5041 (a.u.)^3
     number of atoms/cell      =            2
     number of atomic types    =            1
     number of electrons       =         8.00
     number of Kohn-Sham states=            8
     kinetic-energy cutoff     =      60.0000  Ry
     charge density cutoff     =     240.0000  Ry
     Exchange-correlation= PBE
                           (   1   4   3   4   0   0   0)

     GPU acceleration is ACTIVE.  1 visible GPUs per MPI rank


     celldm(1)=   4.648726  celldm(2)=   0.000000  celldm(3)=   6.097561
     celldm(4)=   0.000000  celldm(5)=   0.000000  celldm(6)=   0.000000

     crystal axes: (cart. coord. in units of alat)
               a(1) = (   1.000000   0.000000   0.000000 )  
               a(2) = (  -0.500000   0.866025   0.000000 )  
               a(3) = (   0.000000   0.000000   6.097561 )  

     reciprocal axes: (cart. coord. in units 2 pi/alat)
               b(1) = (  1.000000  0.577350 -0.000000 )  
               b(2) = (  0.000000  1.154701  0.000000 )  
               b(3) = (  0.000000 -0.000000  0.164000 )  


     PseudoPot. # 1 for C  read from file:
     /root/phonon/pseudo/C_ONCV_PBE-1.2.upf
     MD5 check sum: 1a5f83a7b1f58d24996abe00ed223ac6
     Pseudo is Norm-conserving, Zval =  4.0
     Generated using ONCVPSP code by D. R. Hamann
     Using radial grid of  602 points,  4 beta functions with: 
                l(1) =   0
                l(2) =   0
                l(3) =   1
                l(4) =   1

     atomic species   valence    mass     pseudopotential
     C                 4.00    12.01100     C ( 1.00)

     24 Sym. Ops., with inversion, found



   Cartesian axes

     site n.     atom                  positions (alat units)
         1        C      tau(   1) = (   0.0000000   0.0000000   0.0000000  )
         2        C      tau(   2) = (  -0.0000000   0.5773503   0.0000000  )

     number of k points= 57840 (tetrahedron method)

     Number of k-points >= 100: set verbosity='high' to print them.

     Dense  grid:    33427 G-vectors     FFT dimensions: (  24,  24, 144)

     Estimated max dynamical RAM per process >      16.32 MB

     The potential is recalculated from file :
     ../tmp/_ph0/gr.save/charge-density

     Starting wfcs are    0 atomic +    8 random wfcs

     Band Structure Calculation
     Davidson diagonalization with overlap

     ethr =  1.25E-10,  avg # of iterations = 36.3

     total cpu time spent up to now is     3423.8 secs

     End of band structure calculation

     Number of k-points >= 100: set verbosity='high' to print the bands.

     the Fermi energy is    -1.7005 ev

     Writing config to output data dir ../tmp/_ph0/gr.save/ :
     XML data file
 
     [dfpt_tetra]  Dos(E_F)[/Ry] :   0.2270098E-01

     graphene no-degauss DFPT; stage=diagnostic lane=A label=KG_d003 direction=K

     bravais-lattice index     =            4
     lattice parameter (alat)  =       4.6487  a.u.
     unit-cell volume          =     530.5041 (a.u.)^3
     number of atoms/cell      =            2
     number of atomic types    =            1
     kinetic-energy cut-off    =      60.0000  Ry
     charge density cut-off    =     240.0000  Ry
     convergence threshold     =      1.0E-14
     beta                      =       0.7000
     number of iterations used =            4
     Exchange-correlation= PBE
                           (   1   4   3   4   0   0   0)


     celldm(1)=    4.64873  celldm(2)=    0.00000  celldm(3)=    6.09756
     celldm(4)=    0.00000  celldm(5)=    0.00000  celldm(6)=    0.00000

     crystal axes: (cart. coord. in units of alat)
               a(1) = (  1.0000  0.0000  0.0000 )  
               a(2) = ( -0.5000  0.8660  0.0000 )  
               a(3) = (  0.0000  0.0000  6.0976 )  

     reciprocal axes: (cart. coord. in units 2 pi/alat)
               b(1) = (  1.0000  0.5774 -0.0000 )  
               b(2) = (  0.0000  1.1547  0.0000 )  
               b(3) = (  0.0000 -0.0000  0.1640 )  


     Atoms inside the unit cell: 

     Cartesian axes

     site n.  atom      mass           positions (alat units)
        1  C      12.0110   tau(    1) = (    0.00000    0.00000    0.00000  )
        2  C      12.0110   tau(    2) = (   -0.00000    0.57735    0.00000  )

     Computing dynamical matrix for 
                    q = (   0.3323333   0.5756182   0.0000000 )
 
      4 Sym.Ops. (no q -> -q+G )


     G cutoff =  131.3770  (  33427 G-vectors)     FFT grid: ( 24, 24,144)
     number of k points= 57840

     PseudoPot. # 1 for C  read from file:
     /root/phonon/pseudo/C_ONCV_PBE-1.2.upf
     MD5 check sum: 1a5f83a7b1f58d24996abe00ed223ac6
     Pseudo is Norm-conserving, Zval =  4.0
     Generated using ONCVPSP code by D. R. Hamann
     Using radial grid of  602 points,  4 beta functions with: 
                l(1) =   0
                l(2) =   0
                l(3) =   1
                l(4) =   1

     Mode symmetry, C_2v (mm2)  point group:


     Atomic displacements:
     There are    6 irreducible representations

     Representation     1      1 modes -  To be done

     Representation     2      1 modes -  To be done

     Representation     3      1 modes -  To be done

     Representation     4      1 modes -  To be done

     Representation     5      1 modes -  To be done

     Representation     6      1 modes -  To be done


     Message from routine init_vloc:
     Interpolation table for Vloc re-allocated

     Alpha used in Ewald sum =   2.5000
     PHONON       :      1h 0m CPU      1h 1m WALL



     Representation #   1 mode #   1

     Self-consistent Calculation

      iter #   1 total cpu time :  4389.2 secs   av.it.:   3.8
      thresh= 1.000E-02 alpha_mix =  0.700 |ddv_scf|^2 =  3.208E-06

      iter #   2 total cpu time :  5170.7 secs   av.it.:   5.8
      thresh= 1.791E-04 alpha_mix =  0.700 |ddv_scf|^2 =  2.170E-06

      iter #   3 total cpu time :  5919.4 secs   av.it.:   5.4
      thresh= 1.473E-04 alpha_mix =  0.700 |ddv_scf|^2 =  7.290E-08

      iter #   4 total cpu time :  6646.3 secs   av.it.:   5.4
      thresh= 2.700E-05 alpha_mix =  0.700 |ddv_scf|^2 =  2.617E-10

      iter #   5 total cpu time :  7385.5 secs   av.it.:   5.5
      thresh= 1.618E-06 alpha_mix =  0.700 |ddv_scf|^2 =  7.222E-12

      iter #   6 total cpu time :  8116.8 secs   av.it.:   5.4
      thresh= 2.687E-07 alpha_mix =  0.700 |ddv_scf|^2 =  8.846E-15

     End of self-consistent calculation

     Convergence has been achieved 


     Representation #   2 mode #   2

     Self-consistent Calculation

      iter #   1 total cpu time :  8853.6 secs   av.it.:   3.8
      thresh= 1.000E-02 alpha_mix =  0.700 |ddv_scf|^2 =  3.139E-06

      iter #   2 total cpu time :  9612.3 secs   av.it.:   5.8
      thresh= 1.772E-04 alpha_mix =  0.700 |ddv_scf|^2 =  2.011E-06

      iter #   3 total cpu time : 10346.5 secs   av.it.:   5.5
      thresh= 1.418E-04 alpha_mix =  0.700 |ddv_scf|^2 =  7.813E-08

      iter #   4 total cpu time : 11075.2 secs   av.it.:   5.4
      thresh= 2.795E-05 alpha_mix =  0.700 |ddv_scf|^2 =  2.546E-10

      iter #   5 total cpu time : 11809.9 secs   av.it.:   5.5
      thresh= 1.596E-06 alpha_mix =  0.700 |ddv_scf|^2 =  7.106E-12

      iter #   6 total cpu time : 12532.3 secs   av.it.:   5.4
      thresh= 2.666E-07 alpha_mix =  0.700 |ddv_scf|^2 =  9.159E-15

     End of self-consistent calculation

     Convergence has been achieved 


     Representation #   3 mode #   3

     Self-consistent Calculation

      iter #   1 total cpu time : 13213.2 secs   av.it.:   3.2
      thresh= 1.000E-02 alpha_mix =  0.700 |ddv_scf|^2 =  2.802E-07

      iter #   2 total cpu time : 13971.3 secs   av.it.:   5.4
      thresh= 5.293E-05 alpha_mix =  0.700 |ddv_scf|^2 =  2.189E-09

      iter #   3 total cpu time : 14705.0 secs   av.it.:   5.2
      thresh= 4.678E-06 alpha_mix =  0.700 |ddv_scf|^2 =  1.120E-10

      iter #   4 total cpu time : 15375.5 secs   av.it.:   4.6
      thresh= 1.058E-06 alpha_mix =  0.700 |ddv_scf|^2 =  3.182E-14

      iter #   5 total cpu time : 16086.8 secs   av.it.:   5.1
      thresh= 1.784E-08 alpha_mix =  0.700 |ddv_scf|^2 =  5.346E-16

     End of self-consistent calculation

     Convergence has been achieved 


     Representation #   4 mode #   4

     Self-consistent Calculation

      iter #   1 total cpu time : 16832.8 secs   av.it.:   3.5
      thresh= 1.000E-02 alpha_mix =  0.700 |ddv_scf|^2 =  1.239E-06

      iter #   2 total cpu time : 17587.9 secs   av.it.:   5.8
      thresh= 1.113E-04 alpha_mix =  0.700 |ddv_scf|^2 =  1.380E-06

      iter #   3 total cpu time : 18311.9 secs   av.it.:   5.4
      thresh= 1.175E-04 alpha_mix =  0.700 |ddv_scf|^2 =  2.272E-09

      iter #   4 total cpu time : 19043.5 secs   av.it.:   5.4
      thresh= 4.767E-06 alpha_mix =  0.700 |ddv_scf|^2 =  3.397E-11

      iter #   5 total cpu time : 19764.8 secs   av.it.:   5.4
      thresh= 5.829E-07 alpha_mix =  0.700 |ddv_scf|^2 =  1.036E-14

      iter #   6 total cpu time : 20511.0 secs   av.it.:   5.6
      thresh= 1.018E-08 alpha_mix =  0.700 |ddv_scf|^2 =  5.261E-16

     End of self-consistent calculation

     Convergence has been achieved 


     Representation #   5 mode #   5

     Self-consistent Calculation

      iter #   1 total cpu time : 21272.7 secs   av.it.:   3.6
      thresh= 1.000E-02 alpha_mix =  0.700 |ddv_scf|^2 =  2.062E-06

      iter #   2 total cpu time : 22027.6 secs   av.it.:   5.8
      thresh= 1.436E-04 alpha_mix =  0.700 |ddv_scf|^2 =  2.307E-06

      iter #   3 total cpu time : 22751.4 secs   av.it.:   5.4
      thresh= 1.519E-04 alpha_mix =  0.700 |ddv_scf|^2 =  3.324E-09

      iter #   4 total cpu time : 23480.4 secs   av.it.:   5.4
      thresh= 5.765E-06 alpha_mix =  0.700 |ddv_scf|^2 =  3.441E-11

      iter #   5 total cpu time : 24202.5 secs   av.it.:   5.3
      thresh= 5.866E-07 alpha_mix =  0.700 |ddv_scf|^2 =  1.220E-14

      iter #   6 total cpu time : 24948.0 secs   av.it.:   5.6
      thresh= 1.105E-08 alpha_mix =  0.700 |ddv_scf|^2 =  6.882E-16

     End of self-consistent calculation

     Convergence has been achieved 


     Representation #   6 mode #   6

     Self-consistent Calculation

      iter #   1 total cpu time : 25646.9 secs   av.it.:   3.2
      thresh= 1.000E-02 alpha_mix =  0.700 |ddv_scf|^2 =  2.848E-07

      iter #   2 total cpu time : 26411.3 secs   av.it.:   5.4
      thresh= 5.337E-05 alpha_mix =  0.700 |ddv_scf|^2 =  2.263E-09

      iter #   3 total cpu time : 27153.2 secs   av.it.:   5.2
      thresh= 4.757E-06 alpha_mix =  0.700 |ddv_scf|^2 =  1.123E-10

      iter #   4 total cpu time : 27832.5 secs   av.it.:   4.6
      thresh= 1.060E-06 alpha_mix =  0.700 |ddv_scf|^2 =  3.193E-14

      iter #   5 total cpu time : 28552.6 secs   av.it.:   5.1
      thresh= 1.787E-08 alpha_mix =  0.700 |ddv_scf|^2 =  5.707E-16

     End of self-consistent calculation

     Convergence has been achieved 
 
     Number of q in the star =    6
     List of q in the star:
          1   0.332333333   0.575618218   0.000000000
          2  -0.332333333   0.575618218   0.000000000
          3   0.664666667  -0.000000000   0.000000000
          4  -0.664666667   0.000000000   0.000000000
          5   0.332333333  -0.575618218   0.000000000
          6  -0.332333333  -0.575618218   0.000000000

     Diagonalizing the dynamical matrix

     q = (    0.332333333   0.575618218   0.000000000 ) 

 **************************************************************************
     freq (    1) =      16.271835 [THz] =     542.769982 [cm-1]
     freq (    2) =      16.354117 [THz] =     545.514635 [cm-1]
     freq (    3) =      30.129283 [THz] =    1005.004718 [cm-1]
     freq (    4) =      36.771030 [THz] =    1226.549526 [cm-1]
     freq (    5) =      36.847649 [THz] =    1229.105262 [cm-1]
     freq (    6) =      38.588082 [THz] =    1287.159876 [cm-1]
 **************************************************************************

     Mode symmetry, C_2v (mm2)  point group:

     freq (   1-   1) =        542.8  [cm-1]   --> B_2  D_4  S_4      
     freq (   2-   2) =        545.5  [cm-1]   --> A_2  D_2  S_2      
     freq (   3-   3) =       1005.0  [cm-1]   --> B_1  D_3  S_3      
     freq (   4-   4) =       1226.5  [cm-1]   --> A_1  D_1  S_1      
     freq (   5-   5) =       1229.1  [cm-1]   --> B_1  D_3  S_3      
     freq (   6-   6) =       1287.2  [cm-1]   --> A_1  D_1  S_1      
 
     init_run     :     26.08s CPU     26.53s WALL (       1 calls)
     electrons    :   3122.88s CPU   3154.05s WALL (       1 calls)

     Called by init_run:
     wfcinit      :      0.00s CPU      0.00s WALL (       1 calls)
     potinit      :      0.02s CPU      0.01s WALL (       1 calls)
     hinit0       :      0.02s CPU      0.02s WALL (       1 calls)

     Called by electrons:
     c_bands      :   3108.20s CPU   3146.63s WALL (       1 calls)
     v_of_rho     :      0.05s CPU      0.03s WALL (       2 calls)

     Called by c_bands:
     init_us_2    :    387.96s CPU    416.25s WALL ( 1446000 calls)
     cegterg      :   2848.74s CPU   2860.49s WALL (  130603 calls)

     Called by *egterg:
     cdiaghg      :    901.51s CPU    949.96s WALL ( 2158333 calls)
                                      935.57s GPU  ( 2158333 calls)
     h_psi        :   6394.75s CPU   6375.50s WALL (13616304 calls)
     g_psi        :     48.47s CPU     50.14s WALL ( 2100493 calls)

     Called by h_psi:
     h_psi:calbec :    372.25s CPU    396.80s WALL (13616304 calls)
     vloc_psi     :   4187.03s CPU   4229.70s WALL (13616304 calls)
                                     4151.65s GPU  (13616304 calls)
     add_vuspsi   :   1278.60s CPU   1360.70s WALL (13616304 calls)

     General routines
     calbec       :    465.48s CPU    480.86s WALL (14599584 calls)
     fft          :      0.59s CPU      0.63s WALL (     398 calls)
                                        0.03s GPU  (      23 calls)
     ffts         :      4.18s CPU      6.21s WALL (  173556 calls)
                                        5.19s GPU  (  173556 calls)
     fftw         :    747.60s CPU   2597.29s WALL (58697568 calls)
                                     2262.06s GPU  (58697568 calls)
     davcio       :   1766.56s CPU   2633.42s WALL ( 5413165 calls)
 
     Parallel routines
 
     PHONON       :      7h22m CPU      7h56m WALL

     INITIALIZATION: 
     phq_setup    :      8.25s CPU      8.33s WALL (       1 calls)
     phq_init     :    219.63s CPU    217.76s WALL (       1 calls)
 
     phq_init     :    219.63s CPU    217.76s WALL (       1 calls)
     init_vloc    :      0.03s CPU      0.03s WALL (       2 calls)
     init_us_1    :      0.00s CPU      0.00s WALL (       2 calls)
     init_us_2    :    387.96s CPU    416.25s WALL ( 1446000 calls)
 
     DYNAMICAL MATRIX:
     dynmat0      :    195.21s CPU    160.63s WALL (       1 calls)
     dynmat_us    :    195.18s CPU    160.61s WALL (       1 calls)
     d2ionq       :      0.03s CPU      0.02s WALL (       1 calls)
     phqscf       :  22937.47s CPU  24922.72s WALL (       1 calls)
     dynmatrix    :      0.03s CPU      0.11s WALL (       1 calls)
 
     phqscf       :  22937.47s CPU  24922.72s WALL (       1 calls)
     solve_linter :  22731.89s CPU  24656.64s WALL (       6 calls)
     dfpt_kernel  :  21454.80s CPU  23551.23s WALL (       6 calls)
     sth_kernel   :  21452.84s CPU  23548.92s WALL (      34 calls)
     h_prec       :    152.68s CPU    207.12s WALL (  983280 calls)
     apply_dpot_b :   1008.38s CPU   1479.34s WALL (  809760 calls)
     ortho        :    879.20s CPU    999.25s WALL (  983280 calls)
     cgsolve      :  15767.48s CPU  16000.87s WALL (  983280 calls)
     incdrhoscf   :   1574.67s CPU   1758.15s WALL (  983280 calls)
                                     1750.14s GPU  (  983280 calls)
     dv_of_drho   :      0.98s CPU      1.00s WALL (      34 calls)
     mix_pot      :      0.44s CPU      0.59s WALL (      34 calls)
     drhodv       :    205.57s CPU    266.04s WALL (       6 calls)
     psymdvscf    :      0.43s CPU      0.50s WALL (      34 calls)
     com_dvloc    :     45.78s CPU     40.46s WALL (  173556 calls)
                                       39.56s GPU  (  173556 calls)
     addcore      :      0.01s CPU      0.01s WALL (       6 calls)
                                        0.01s GPU  (       6 calls)
 
     dvqpsi_us    :    903.52s CPU    805.30s WALL (  173520 calls)
                                      803.50s GPU  (  173520 calls)
     dvqpsi_us_on :    608.96s CPU    526.64s WALL (  173520 calls)
 
     add_vuspsi   :   1278.60s CPU   1360.70s WALL (13616304 calls)
 
 
      General routines
     calbec       :    465.48s CPU    480.86s WALL (14599584 calls)
     fft          :      0.59s CPU      0.63s WALL (     398 calls)
                                        0.03s GPU  (      23 calls)
     ffts         :      4.18s CPU      6.21s WALL (  173556 calls)
                                        5.19s GPU  (  173556 calls)
     fftw         :    747.60s CPU   2597.29s WALL (58697568 calls)
                                     2262.06s GPU  (58697568 calls)
     davcio       :   1766.56s CPU   2633.42s WALL ( 5413165 calls)
     write_rec    :      0.07s CPU      0.18s WALL (      40 calls)
 
      Additional routines
     ch_psi       :   9481.50s CPU   9337.55s WALL (11327368 calls)
     last         :   3651.46s CPU   3495.97s WALL (11327368 calls)
     Hesh         :    126.39s CPU    136.00s WALL (11327368 calls)
     ch_psi_all_k :   3241.10s CPU   3232.17s WALL (11327368 calls)
                                     3160.67s GPU  (11327368 calls)
     h_psi_bgrp   :   6423.05s CPU   6401.47s WALL (13616304 calls)
     h_psi        :   6394.75s CPU   6375.50s WALL (13616304 calls)
     h_psi:pot    :   6036.49s CPU   6081.23s WALL (13616304 calls)
     h_psi:calbec :    372.25s CPU    396.80s WALL (13616304 calls)
     s_psi_bgrp   :    167.76s CPU    173.55s WALL (23638016 calls)
 
 
     PHONON       :      7h22m CPU      7h56m WALL

 
   This run was terminated on:  18:36:52  15Aug2026            

=------------------------------------------------------------------------------=
   JOB DONE.
=------------------------------------------------------------------------------=
Warning: ieee_divide_by_zero is signaling
Warning: ieee_underflow is signaling
Warning: ieee_inexact is signaling
FORTRAN STOP
