                                                                                      
                                       ``:oss/                                        
                           `.+s+.     .+ys--yh+     `./ss+.                           
                          -sh//yy+`   +yy   +yy    -+h+-oyy                           
                          -yh- .oyy/.-sh.   .syo-.:sy-  /yh                           
                 `.-.`    `yh+   -oyyyo.     `/syys:    oys      `.`                  
               `/+ssys+-` `sh+      `                   oys`   .:osyo`                
               -yh- ./syyooyo`                          .sys+/oyo--yh/                
               `yy+    .-:-.                             `-/+/:`  -sh-                
                /yh.                                              oys                 
          ``..---hho---------`   .---------..`      `.-----.`    -hd+---.             
       `./osmNMMMMMMMMMMMMMMMs. +NNMMMMMMMMNNmh+.   yNMMMMMNm-  oNMMMMMNmo++:`        
       +sy--/sdMMMhyyyyyyyNMMh- .oyNMMmyyyyyhNMMm+` -yMMMdyyo:` .oyyNMMNhs+syy`       
       -yy/   /MMM+.`-+/``mMMy-   `mMMh:`````.dMMN:` `MMMy-`-dhhy```mMMy:``+hs        
        -yy+` /MMMo:-mMM+`-oo/.    mMMh:     `dMMN/`  dMMm:`dMMMMy..MMMo-.+yo`        
         .sys`/MMMMNNMMMs-         mMMmyooooymMMNo:   oMMM/sMMMMMM++MMN//oh:          
          `sh+/MMMhyyMMMs- `-`     mMMMMMMMMMNmy+-`   -MMMhMMMsmMMmdMMd/yy+           
    `-/+++oyy-/MMM+.`/hh/.`mNm:`   mMMd+/////:-.`      NMMMMMd/:NMMMMMy:/yyo/:.`      
   +os+//:-..-oMMMo:--:::-/MMMo. .-mMMd+---`           hMMMMN+. oMMMMMo. `-+osyso:`   
   syo     `mNMMMMMNNNNNNNNMMMo.oNNMMMMMNNNN:`         +MMMMs:`  dMMMN/`     ``:syo   
   /yh`     :syyyyyyyyyyyyyyyy+.`+syyyyyyyyo:`         .oyys:`   .oyys:`        +yh   
   -yh-        ````````````````    `````````              ``        ``          oys   
   -+h/------------------------::::::::://////++++++++++++++++++++++///////::::/yd:   
   shdddddddddddddddddddddddddddddhhhhhhhhyyyyyssssssssssssssssyyyyyyyhhhhhhhddddh`   
                                                                                      
 Lee, H., Poncé, S., Bushick, K., Hajinazar, S., Lafuente-Bartolome, J.,Leveillee, J.,
    Lian, C., Lihm, J., Macheda, F., Mori, H., Paudyal, H., Sio, W., Tiwari, S.,      
 Zacharias, M., Zhang, X., Bonini, N., Kioupakis, E., Margine, E.R., and Giustino F., 
                                                     npj Comput Mater 9, 156 (2023)   
                                                                                      

     Program EPW v.6.0 starts on  6Aug2026 at 17:10:59 

     This program is part of the open-source Quantum ESPRESSO suite
     for quantum simulation of materials; please cite
         "P. Giannozzi et al., J. Phys.:Condens. Matter 21 395502 (2009);
         "P. Giannozzi et al., J. Phys.:Condens. Matter 29 465901 (2017);
         "P. Giannozzi et al., J. Chem. Phys. 152 154105 (2020);
          URL http://www.quantum-espresso.org", 
     in publications or presentations arising from this work. More details at
     http://www.quantum-espresso.org/quote

     Parallel version (MPI & OpenMP), running on       2 processor cores
     Number of MPI processes:                 1
     Threads/MPI process:                     2

     MPI processes distributed on     1 nodes
     15216 MiB available memory on the printing compute node when the environment starts

     Reading input from epw.in

     Reading supplied temperature list.
                      
     ------------------------------------------------------------------------ 
                   RESTART - RESTART - RESTART - RESTART                         
     Restart is done without reading PWSCF save file.                  
     Be aware that some consistency checks are therefore not done.                  
     ------------------------------------------------------------------------ 
                      

     --                                                                         

     bravais-lattice index     =            0
     lattice parameter (a_0)   =       0.0000  a.u.
     unit-cell volume          =       0.0000 (a.u.)^3
     number of atoms/cell      =            0
     number of atomic types    =            0
     kinetic-energy cut-off    =       0.0000  Ry
     charge density cut-off    =       0.0000  Ry
     Exchange-correlation= not set
                           (  -1  -1  -1  -1  -1  -1  -1)


     celldm(1)=    0.00000  celldm(2)=    0.00000  celldm(3)=    0.00000
     celldm(4)=    0.00000  celldm(5)=    0.00000  celldm(6)=    0.00000

     crystal axes: (cart. coord. in units of a_0)
               a(1) = (  0.0000  0.0000  0.0000 )  
               a(2) = (  0.0000  0.0000  0.0000 )  
               a(3) = (  0.0000  0.0000  0.0000 )  

     reciprocal axes: (cart. coord. in units 2 pi/a_0)
               b(1) = (  0.0000  0.0000  0.0000 )  
               b(2) = (  0.0000  0.0000  0.0000 )  
               b(3) = (  0.0000  0.0000  0.0000 )  


     Atoms inside the unit cell: 

   Cartesian axes

     site n.  atom      mass           positions (a_0 units)


     No symmetry!

     G cutoff =    0.0000  (      0 G-vectors)     FFT grid: (  0,  0,  0)
     number of k points=    0
                       cart. coord. in units 2pi/a_0
     EPW          :      0.00s CPU      0.00s WALL

     EPW          :      0.00s CPU      0.00s WALL


     -------------------------------------------------------------------
     Using graphene.ukk from disk
     -------------------------------------------------------------------

     HDF5 is used in the current build. Exciton-phonon coupling calculations are enabled.
     Symmetries of Bravais lattice:  24
     Symmetries of crystal:          24

     Do not need to read .epb files; read .fmt files

     Use zone-centred Wigner-Seitz cells 
     Number of WS vectors for electrons      157
     Number of WS vectors for phonons       43
     Number of WS vectors for electron-phonon       43
     Maximum number of cores for efficient parallelization      258
     Results may improve by using use_ws == .TRUE. 

     Reading Hamiltonian, Dynamical matrix and EP vertex in Wann rep from file


     Finished reading Wann rep data from file

     ===================================================================
     Memory usage:  VmHWM =        53Mb
                   VmPeak =      5185Mb
     ===================================================================
     
     Using q-mesh file: ./qpoints.dat
     Size of q point mesh for interpolation:          9
     Using uniform k-mesh:   720  720    1
     Size of k point mesh for interpolation:     518400
     Max number of k points per pool:           518400

     Fermi energy coarse grid =  -1.711762 eV

     ===================================================================

     Fermi energy is read from the input file: Ef =  -1.711800 eV

     ===================================================================

     Skipping    3 occupied bands:

     The Fermi level will be determined with   2.00000 electrons

              ibndmin =     1  ebndmin =    -7.712 eV
              ibndmax =     2  ebndmax =     4.288 eV


     Number of ep-matrix elements per pool :     12441600 ~=   94.92 Mb (@ 8 bytes/ DP)
     We only need to compute        9 q-points
      

     ===================================================================
     Phonon (Imaginary) Self-Energy in the Migdal Approximation
     ===================================================================


     Fermi Surface thickness =   6.000000 eV

     Golden Rule strictly enforced with T =   0.038778 eV

     On- and Off-shell dynamical frequency renormalization will be performed using:

      Omega^2 = omega^2 + 2omega(Re[Pi(Omega,T_low)]- Pi[0,T_high]).
     Smearing type for the static self-energy: Fermi-Dirac
     smearing value for the static self-energy: T_high =   0.020000 Ry.
     Gaussian Broadening:   0.005000 eV, ngauss=   1
     DOS =  0.000456 states/spin/eV/Unit Cell at Ef= -1.711800 eV

     ismear =     1 iq =       1 coord.:   0.00000  0.00000  0.00000 wt:   0.11111 Temp:  450.000K
     -------------------------------------------------------------------
     lambda___(   1 )=       0.000000   gamma___=       0.000000 meV  omega=     -0.0000 meV   on_shell_Omega=      0.0000 meV  off_shell_Omega=      0.0000 meV
     lambda_tr(   1 )=       0.000000   gamma_tr=       0.000000 meV  omega=     -0.0000 meV   on_shell_Omega=      0.0000 meV  off_shell_Omega=      0.0000 meV
     lambda___(   2 )=       0.000000   gamma___=       0.000000 meV  omega=      0.0000 meV   on_shell_Omega=      0.0000 meV  off_shell_Omega=      0.0000 meV
     lambda_tr(   2 )=       0.000000   gamma_tr=       0.000000 meV  omega=      0.0000 meV   on_shell_Omega=      0.0000 meV  off_shell_Omega=      0.0000 meV
     lambda___(   3 )=       0.000000   gamma___=       0.000000 meV  omega=      0.0000 meV   on_shell_Omega=      0.0000 meV  off_shell_Omega=      0.0000 meV
     lambda_tr(   3 )=       0.000000   gamma_tr=       0.000000 meV  omega=      0.0000 meV   on_shell_Omega=      0.0000 meV  off_shell_Omega=      0.0000 meV
     lambda___(   4 )=       0.000001   gamma___=       0.000000 meV  omega=    108.6074 meV   on_shell_Omega=    108.6074 meV  off_shell_Omega=    108.6074 meV
     lambda_tr(   4 )=       0.000002   gamma_tr=       0.000000 meV  omega=    108.6074 meV   on_shell_Omega=    108.6074 meV  off_shell_Omega=    108.6074 meV
     lambda___(   5 )=      11.067770   gamma___=       0.593104 meV  omega=    193.3597 meV   on_shell_Omega=    193.2842 meV  off_shell_Omega=    193.2842 meV
     lambda_tr(   5 )=      22.012328   gamma_tr=       1.179605 meV  omega=    193.3597 meV   on_shell_Omega=    193.2842 meV  off_shell_Omega=    193.2842 meV
     lambda___(   6 )=      11.067770   gamma___=       0.593104 meV  omega=    193.3597 meV   on_shell_Omega=    193.2942 meV  off_shell_Omega=    193.2942 meV
     lambda_tr(   6 )=      22.012328   gamma_tr=       1.179605 meV  omega=    193.3597 meV   on_shell_Omega=    193.2942 meV  off_shell_Omega=    193.2942 meV
     lambda___( tot )=      22.135541
     lambda_tr( tot )=      44.024658
     -------------------------------------------------------------------


     Number of (k,k+q) pairs on the Fermi surface:   501885 out of   518400


     ===================================================================
     Phonon Spectral Function Self-Energy in the Migdal Approximation (on the fly)
     ===================================================================


     Fermi Surface thickness =   6.000000 eV

     Golden Rule strictly enforced with T =   0.038778 eV


     Real and Imaginary part of the phonon self-energy (omega=0) without gamma0.
     Omega(   1 )=  -0.0000 eV   Re[Pi]=       0.000000 meV Im[Pi]=       0.000000 meV
     Omega(   2 )=   0.0000 eV   Re[Pi]=       0.000000 meV Im[Pi]=       0.000000 meV
     Omega(   3 )=   0.0000 eV   Re[Pi]=       0.000000 meV Im[Pi]=       0.000000 meV
     Omega(   4 )=   0.1086 eV   Re[Pi]=      -0.000001 meV Im[Pi]=      -0.000000 meV
     Omega(   5 )=   0.1934 eV   Re[Pi]=     -24.811935 meV Im[Pi]=      -0.000000 meV
     Omega(   6 )=   0.1934 eV   Re[Pi]=     -24.215638 meV Im[Pi]=       0.000000 meV
     -------------------------------------------------------------------


     ismear =     1 iq =       2 coord.:   0.00278  0.00278  0.00000 wt:   0.11111 Temp:  450.000K
     -------------------------------------------------------------------
     lambda___(   1 )=       0.000000   gamma___=       0.000000 meV  omega=     -0.0926 meV   on_shell_Omega=      0.0926 meV  off_shell_Omega=     -0.1621 meV
     lambda_tr(   1 )=       0.000000   gamma_tr=       0.000000 meV  omega=     -0.0926 meV   on_shell_Omega=      0.0926 meV  off_shell_Omega=     -0.1621 meV
     lambda___(   2 )=      12.732380   gamma___=       0.000030 meV  omega=      1.2843 meV   on_shell_Omega=      0.3193 meV  off_shell_Omega=      3.7525 meV
     lambda_tr(   2 )=      16.539300   gamma_tr=       0.000039 meV  omega=      1.2843 meV   on_shell_Omega=      0.3193 meV  off_shell_Omega=      3.7525 meV
     lambda___(   3 )=       3.003777   gamma___=       0.000017 meV  omega=      1.9921 meV   on_shell_Omega=      1.5049 meV  off_shell_Omega=      1.6185 meV
     lambda_tr(   3 )=       3.263217   gamma_tr=       0.000019 meV  omega=      1.9921 meV   on_shell_Omega=      1.5049 meV  off_shell_Omega=      1.6185 meV
     lambda___(   4 )=       0.000494   gamma___=       0.000008 meV  omega=    108.6053 meV   on_shell_Omega=    108.6053 meV  off_shell_Omega=    108.6053 meV
     lambda_tr(   4 )=       0.000060   gamma_tr=       0.000001 meV  omega=    108.6053 meV   on_shell_Omega=    108.6053 meV  off_shell_Omega=    108.6053 meV
     lambda___(   5 )=      14.524982   gamma___=       0.778345 meV  omega=    193.3565 meV   on_shell_Omega=    193.1001 meV  off_shell_Omega=    192.9789 meV
     lambda_tr(   5 )=      24.297832   gamma_tr=       1.302039 meV  omega=    193.3565 meV   on_shell_Omega=    193.1001 meV  off_shell_Omega=    192.9789 meV
     lambda___(   6 )=      10.061592   gamma___=       0.539247 meV  omega=    193.3709 meV   on_shell_Omega=    193.5917 meV  off_shell_Omega=    193.4653 meV
     lambda_tr(   6 )=      15.831955   gamma_tr=       0.848508 meV  omega=    193.3709 meV   on_shell_Omega=    193.5917 meV  off_shell_Omega=    193.4653 meV
     lambda___( tot )=      40.323224
     lambda_tr( tot )=      59.932363
     -------------------------------------------------------------------


     Number of (k,k+q) pairs on the Fermi surface:   500180 out of   518400



     Real and Imaginary part of the phonon self-energy (omega=0) without gamma0.
     Omega(   1 )=  -0.0001 eV   Re[Pi]=       0.000000 meV Im[Pi]=       0.000000 meV
     Omega(   2 )=   0.0013 eV   Re[Pi]=    -195.096474 meV Im[Pi]=       0.000005 meV
     Omega(   3 )=   0.0020 eV   Re[Pi]=    -125.033363 meV Im[Pi]=      -0.000000 meV
     Omega(   4 )=   0.1086 eV   Re[Pi]=      -0.003106 meV Im[Pi]=       0.000000 meV
     Omega(   5 )=   0.1934 eV   Re[Pi]=     -24.745432 meV Im[Pi]=      -0.000129 meV
     Omega(   6 )=   0.1934 eV   Re[Pi]=     -24.295311 meV Im[Pi]=      -0.000419 meV
     -------------------------------------------------------------------


     ismear =     1 iq =       3 coord.:   0.00833  0.00833  0.00000 wt:   0.11111 Temp:  450.000K
     -------------------------------------------------------------------
     lambda___(   1 )=       0.000000   gamma___=       0.000000 meV  omega=     -0.2712 meV   on_shell_Omega=      0.2712 meV  off_shell_Omega=     -0.4746 meV
     lambda_tr(   1 )=       0.000000   gamma_tr=       0.000000 meV  omega=     -0.2712 meV   on_shell_Omega=      0.2712 meV  off_shell_Omega=     -0.4746 meV
     lambda___(   2 )=       1.286696   gamma___=       0.000027 meV  omega=      3.8523 meV   on_shell_Omega=      3.6502 meV  off_shell_Omega=      3.7319 meV
     lambda_tr(   2 )=       2.382864   gamma_tr=       0.000051 meV  omega=      3.8523 meV   on_shell_Omega=      3.6502 meV  off_shell_Omega=      3.7319 meV
     lambda___(   3 )=       0.122885   gamma___=       0.000006 meV  omega=      5.9746 meV   on_shell_Omega=      5.8327 meV  off_shell_Omega=      5.7879 meV
     lambda_tr(   3 )=       0.216895   gamma_tr=       0.000011 meV  omega=      5.9746 meV   on_shell_Omega=      5.8327 meV  off_shell_Omega=      5.7879 meV
     lambda___(   4 )=       0.000718   gamma___=       0.000012 meV  omega=    108.5878 meV   on_shell_Omega=    108.5884 meV  off_shell_Omega=    108.5884 meV
     lambda_tr(   4 )=       0.001190   gamma_tr=       0.000020 meV  omega=    108.5878 meV   on_shell_Omega=    108.5884 meV  off_shell_Omega=    108.5884 meV
     lambda___(   5 )=       1.731246   gamma___=       0.092747 meV  omega=    193.3312 meV   on_shell_Omega=    193.0419 meV  off_shell_Omega=    192.9536 meV
     lambda_tr(   5 )=       2.307885   gamma_tr=       0.123639 meV  omega=    193.3312 meV   on_shell_Omega=    193.0419 meV  off_shell_Omega=    192.9536 meV
     lambda___(   6 )=       3.325455   gamma___=       0.178391 meV  omega=    193.4602 meV   on_shell_Omega=    193.9838 meV  off_shell_Omega=    194.0270 meV
     lambda_tr(   6 )=       3.977798   gamma_tr=       0.213385 meV  omega=    193.4602 meV   on_shell_Omega=    193.9838 meV  off_shell_Omega=    194.0270 meV
     lambda___( tot )=       6.467000
     lambda_tr( tot )=       8.886631
     -------------------------------------------------------------------


     Number of (k,k+q) pairs on the Fermi surface:   496859 out of   518400



     Real and Imaginary part of the phonon self-energy (omega=0) without gamma0.
     Omega(   1 )=  -0.0003 eV   Re[Pi]=       0.000000 meV Im[Pi]=       0.000000 meV
     Omega(   2 )=   0.0039 eV   Re[Pi]=     -65.151964 meV Im[Pi]=       0.000008 meV
     Omega(   3 )=   0.0060 eV   Re[Pi]=     -42.107308 meV Im[Pi]=       0.000001 meV
     Omega(   4 )=   0.1086 eV   Re[Pi]=      -0.026917 meV Im[Pi]=       0.000000 meV
     Omega(   5 )=   0.1933 eV   Re[Pi]=     -24.260275 meV Im[Pi]=       0.000085 meV
     Omega(   6 )=   0.1935 eV   Re[Pi]=     -23.573513 meV Im[Pi]=       0.000314 meV
     -------------------------------------------------------------------


     ismear =     1 iq =       4 coord.:   0.01944  0.01944  0.00000 wt:   0.11111 Temp:  450.000K
     -------------------------------------------------------------------
     lambda___(   1 )=       0.000000   gamma___=       0.000000 meV  omega=     -0.5472 meV   on_shell_Omega=      0.5472 meV  off_shell_Omega=     -0.9576 meV
     lambda_tr(   1 )=       0.000000   gamma_tr=       0.000000 meV  omega=     -0.5472 meV   on_shell_Omega=      0.5472 meV  off_shell_Omega=     -0.9576 meV
     lambda___(   2 )=       0.019429   gamma___=       0.000002 meV  omega=      8.9818 meV   on_shell_Omega=      8.9204 meV  off_shell_Omega=      8.9204 meV
     lambda_tr(   2 )=       0.037702   gamma_tr=       0.000004 meV  omega=      8.9818 meV   on_shell_Omega=      8.9204 meV  off_shell_Omega=      8.9204 meV
     lambda___(   3 )=       0.001399   gamma___=       0.000000 meV  omega=     13.9227 meV   on_shell_Omega=     13.8678 meV  off_shell_Omega=     13.8678 meV
     lambda_tr(   3 )=       0.002634   gamma_tr=       0.000001 meV  omega=     13.9227 meV   on_shell_Omega=     13.8678 meV  off_shell_Omega=     13.8678 meV
     lambda___(   4 )=       0.000050   gamma___=       0.000001 meV  omega=    108.5006 meV   on_shell_Omega=    108.5037 meV  off_shell_Omega=    108.5037 meV
     lambda_tr(   4 )=       0.000094   gamma_tr=       0.000002 meV  omega=    108.5006 meV   on_shell_Omega=    108.5037 meV  off_shell_Omega=    108.5037 meV
     lambda___(   5 )=       0.025214   gamma___=       0.001349 meV  omega=    193.2015 meV   on_shell_Omega=    193.4970 meV  off_shell_Omega=    193.5316 meV
     lambda_tr(   5 )=       0.049437   gamma_tr=       0.002645 meV  omega=    193.2015 meV   on_shell_Omega=    193.4970 meV  off_shell_Omega=    193.5316 meV
     lambda___(   6 )=       0.068588   gamma___=       0.003696 meV  omega=    193.8931 meV   on_shell_Omega=    194.9399 meV  off_shell_Omega=    194.9345 meV
     lambda_tr(   6 )=       0.137074   gamma_tr=       0.007386 meV  omega=    193.8931 meV   on_shell_Omega=    194.9399 meV  off_shell_Omega=    194.9345 meV
     lambda___( tot )=       0.114679
     lambda_tr( tot )=       0.226940
     -------------------------------------------------------------------


     Number of (k,k+q) pairs on the Fermi surface:   491083 out of   518400



     Real and Imaginary part of the phonon self-energy (omega=0) without gamma0.
     Omega(   1 )=  -0.0005 eV   Re[Pi]=       0.000000 meV Im[Pi]=       0.000000 meV
     Omega(   2 )=   0.0090 eV   Re[Pi]=     -28.401141 meV Im[Pi]=      -0.000000 meV
     Omega(   3 )=   0.0139 eV   Re[Pi]=     -18.993138 meV Im[Pi]=      -0.000000 meV
     Omega(   4 )=   0.1085 eV   Re[Pi]=      -0.130957 meV Im[Pi]=      -0.000000 meV
     Omega(   5 )=   0.1932 eV   Re[Pi]=     -23.431479 meV Im[Pi]=      -0.000003 meV
     Omega(   6 )=   0.1939 eV   Re[Pi]=     -21.965437 meV Im[Pi]=      -0.000009 meV
     -------------------------------------------------------------------


     ismear =     1 iq =       5 coord.:   0.32778  0.32778  0.00000 wt:   0.11111 Temp:  450.000K
     -------------------------------------------------------------------
     lambda___(   1 )=       0.004433   gamma___=       0.000027 meV  omega=     64.7068 meV   on_shell_Omega=     64.7300 meV  off_shell_Omega=     64.7300 meV
     lambda_tr(   1 )=       0.002802   gamma_tr=       0.000017 meV  omega=     64.7068 meV   on_shell_Omega=     64.7300 meV  off_shell_Omega=     64.7300 meV
     lambda___(   2 )=       0.005389   gamma___=       0.000034 meV  omega=     66.7073 meV   on_shell_Omega=     66.7720 meV  off_shell_Omega=     66.7720 meV
     lambda_tr(   2 )=       0.003478   gamma_tr=       0.000022 meV  omega=     66.7073 meV   on_shell_Omega=     66.7720 meV  off_shell_Omega=     66.7720 meV
     lambda___(   3 )=       0.000296   gamma___=       0.000006 meV  omega=    123.6326 meV   on_shell_Omega=    123.6327 meV  off_shell_Omega=    123.6327 meV
     lambda_tr(   3 )=       0.000373   gamma_tr=       0.000008 meV  omega=    123.6326 meV   on_shell_Omega=    123.6327 meV  off_shell_Omega=    123.6327 meV
     lambda___(   4 )=       0.172654   gamma___=       0.005614 meV  omega=    150.6125 meV   on_shell_Omega=    150.6521 meV  off_shell_Omega=    150.6521 meV
     lambda_tr(   4 )=       0.163252   gamma_tr=       0.005308 meV  omega=    150.6125 meV   on_shell_Omega=    150.6521 meV  off_shell_Omega=    150.6521 meV
     lambda___(   5 )=       0.100900   gamma___=       0.003362 meV  omega=    152.4677 meV   on_shell_Omega=    152.4714 meV  off_shell_Omega=    152.4714 meV
     lambda_tr(   5 )=       0.060908   gamma_tr=       0.002029 meV  omega=    152.4677 meV   on_shell_Omega=    152.4714 meV  off_shell_Omega=    152.4714 meV
     lambda___(   6 )=       4.227809   gamma___=       0.160278 meV  omega=    162.6335 meV   on_shell_Omega=    160.3568 meV  off_shell_Omega=    160.3306 meV
     lambda_tr(   6 )=       5.656692   gamma_tr=       0.214448 meV  omega=    162.6335 meV   on_shell_Omega=    160.3568 meV  off_shell_Omega=    160.3306 meV
     lambda___( tot )=       4.511480
     lambda_tr( tot )=       5.887504
     -------------------------------------------------------------------


     Number of (k,k+q) pairs on the Fermi surface:   485904 out of   518400



     Real and Imaginary part of the phonon self-energy (omega=0) without gamma0.
     Omega(   1 )=   0.0647 eV   Re[Pi]=     -21.865945 meV Im[Pi]=      -0.000000 meV
     Omega(   2 )=   0.0667 eV   Re[Pi]=     -19.689726 meV Im[Pi]=      -0.000000 meV
     Omega(   3 )=   0.1236 eV   Re[Pi]=      -0.014647 meV Im[Pi]=      -0.000000 meV
     Omega(   4 )=   0.1506 eV   Re[Pi]=      -2.711862 meV Im[Pi]=      -0.000008 meV
     Omega(   5 )=   0.1525 eV   Re[Pi]=      -2.594474 meV Im[Pi]=      -0.000009 meV
     Omega(   6 )=   0.1626 eV   Re[Pi]=     -41.755059 meV Im[Pi]=      -0.000081 meV
     -------------------------------------------------------------------


     ismear =     1 iq =       6 coord.:   0.33056  0.33056  0.00000 wt:   0.11111 Temp:  450.000K
     -------------------------------------------------------------------
     lambda___(   1 )=       0.009012   gamma___=       0.000055 meV  omega=     65.2107 meV   on_shell_Omega=     65.2467 meV  off_shell_Omega=     65.2467 meV
     lambda_tr(   1 )=       0.003623   gamma_tr=       0.000022 meV  omega=     65.2107 meV   on_shell_Omega=     65.2467 meV  off_shell_Omega=     65.2467 meV
     lambda___(   2 )=       0.006206   gamma___=       0.000039 meV  omega=     66.1984 meV   on_shell_Omega=     66.2449 meV  off_shell_Omega=     66.2449 meV
     lambda_tr(   2 )=       0.002834   gamma_tr=       0.000018 meV  omega=     66.1984 meV   on_shell_Omega=     66.2449 meV  off_shell_Omega=     66.2449 meV
     lambda___(   3 )=       0.000243   gamma___=       0.000005 meV  omega=    123.7531 meV   on_shell_Omega=    123.7531 meV  off_shell_Omega=    123.7531 meV
     lambda_tr(   3 )=       0.000215   gamma_tr=       0.000005 meV  omega=    123.7531 meV   on_shell_Omega=    123.7531 meV  off_shell_Omega=    123.7531 meV
     lambda___(   4 )=       0.146632   gamma___=       0.004795 meV  omega=    151.0514 meV   on_shell_Omega=    151.0891 meV  off_shell_Omega=    151.0891 meV
     lambda_tr(   4 )=       0.152755   gamma_tr=       0.004996 meV  omega=    151.0514 meV   on_shell_Omega=    151.0891 meV  off_shell_Omega=    151.0891 meV
     lambda___(   5 )=       0.283391   gamma___=       0.009378 meV  omega=    151.9432 meV   on_shell_Omega=    151.9528 meV  off_shell_Omega=    151.9528 meV
     lambda_tr(   5 )=       0.261234   gamma_tr=       0.008644 meV  omega=    151.9432 meV   on_shell_Omega=    151.9528 meV  off_shell_Omega=    151.9528 meV
     lambda___(   6 )=      26.820947   gamma___=       1.016253 meV  omega=    162.5902 meV   on_shell_Omega=    160.3508 meV  off_shell_Omega=    160.2879 meV
     lambda_tr(   6 )=      43.184532   gamma_tr=       1.636273 meV  omega=    162.5902 meV   on_shell_Omega=    160.3508 meV  off_shell_Omega=    160.2879 meV
     lambda___( tot )=      27.266431
     lambda_tr( tot )=      43.605193
     -------------------------------------------------------------------


     Number of (k,k+q) pairs on the Fermi surface:   485917 out of   518400



     Real and Imaginary part of the phonon self-energy (omega=0) without gamma0.
     Omega(   1 )=   0.0652 eV   Re[Pi]=     -21.450263 meV Im[Pi]=       0.000000 meV
     Omega(   2 )=   0.0662 eV   Re[Pi]=     -20.214708 meV Im[Pi]=       0.000000 meV
     Omega(   3 )=   0.1238 eV   Re[Pi]=      -0.003899 meV Im[Pi]=       0.000000 meV
     Omega(   4 )=   0.1511 eV   Re[Pi]=      -2.657254 meV Im[Pi]=       0.000005 meV
     Omega(   5 )=   0.1519 eV   Re[Pi]=      -2.630116 meV Im[Pi]=      -0.000011 meV
     Omega(   6 )=   0.1626 eV   Re[Pi]=     -42.064384 meV Im[Pi]=      -0.000016 meV
     -------------------------------------------------------------------


     ismear =     1 iq =       7 coord.:   0.33333  0.33333  0.00000 wt:   0.11111 Temp:  450.000K
     -------------------------------------------------------------------
     lambda___(   1 )=       0.005237   gamma___=       0.000032 meV  omega=     65.7037 meV   on_shell_Omega=     65.7534 meV  off_shell_Omega=     65.7534 meV
     lambda_tr(   1 )=       0.000949   gamma_tr=       0.000006 meV  omega=     65.7037 meV   on_shell_Omega=     65.7534 meV  off_shell_Omega=     65.7534 meV
     lambda___(   2 )=       0.005237   gamma___=       0.000032 meV  omega=     65.7037 meV   on_shell_Omega=     65.7321 meV  off_shell_Omega=     65.7321 meV
     lambda_tr(   2 )=       0.000949   gamma_tr=       0.000006 meV  omega=     65.7037 meV   on_shell_Omega=     65.7321 meV  off_shell_Omega=     65.7321 meV
     lambda___(   3 )=       0.000000   gamma___=       0.000000 meV  omega=    123.7953 meV   on_shell_Omega=    123.7953 meV  off_shell_Omega=    123.7953 meV
     lambda_tr(   3 )=       0.000000   gamma_tr=       0.000000 meV  omega=    123.7953 meV   on_shell_Omega=    123.7953 meV  off_shell_Omega=    123.7953 meV
     lambda___(   4 )=       0.144596   gamma___=       0.004756 meV  omega=    151.4825 meV   on_shell_Omega=    151.5137 meV  off_shell_Omega=    151.5137 meV
     lambda_tr(   4 )=       0.259074   gamma_tr=       0.008521 meV  omega=    151.4825 meV   on_shell_Omega=    151.5137 meV  off_shell_Omega=    151.5137 meV
     lambda___(   5 )=       0.144596   gamma___=       0.004756 meV  omega=    151.4825 meV   on_shell_Omega=    151.4904 meV  off_shell_Omega=    151.4904 meV
     lambda_tr(   5 )=       0.259074   gamma_tr=       0.008521 meV  omega=    151.4825 meV   on_shell_Omega=    151.4904 meV  off_shell_Omega=    151.4904 meV
     lambda___(   6 )=      23.691422   gamma___=       0.897505 meV  omega=    162.5749 meV   on_shell_Omega=    160.1214 meV  off_shell_Omega=    160.0744 meV
     lambda_tr(   6 )=      42.810069   gamma_tr=       1.621780 meV  omega=    162.5749 meV   on_shell_Omega=    160.1214 meV  off_shell_Omega=    160.0744 meV
     lambda___( tot )=      23.991089
     lambda_tr( tot )=      43.330115
     -------------------------------------------------------------------


     Number of (k,k+q) pairs on the Fermi surface:   485938 out of   518400



     Real and Imaginary part of the phonon self-energy (omega=0) without gamma0.
     Omega(   1 )=   0.0657 eV   Re[Pi]=     -21.036918 meV Im[Pi]=       0.000000 meV
     Omega(   2 )=   0.0657 eV   Re[Pi]=     -20.716091 meV Im[Pi]=       0.000000 meV
     Omega(   3 )=   0.1238 eV   Re[Pi]=      -0.000169 meV Im[Pi]=       0.000000 meV
     Omega(   4 )=   0.1515 eV   Re[Pi]=      -2.607232 meV Im[Pi]=      -0.000029 meV
     Omega(   5 )=   0.1515 eV   Re[Pi]=      -2.664124 meV Im[Pi]=       0.000011 meV
     Omega(   6 )=   0.1626 eV   Re[Pi]=     -42.200684 meV Im[Pi]=      -0.000054 meV
     -------------------------------------------------------------------


     ismear =     1 iq =       8 coord.:   0.33611  0.33611  0.00000 wt:   0.11111 Temp:  450.000K
     -------------------------------------------------------------------
     lambda___(   1 )=       0.005587   gamma___=       0.000034 meV  omega=     65.2236 meV   on_shell_Omega=     65.2345 meV  off_shell_Omega=     65.2345 meV
     lambda_tr(   1 )=       0.002377   gamma_tr=       0.000014 meV  omega=     65.2236 meV   on_shell_Omega=     65.2345 meV  off_shell_Omega=     65.2345 meV
     lambda___(   2 )=       0.005855   gamma___=       0.000037 meV  omega=     66.1857 meV   on_shell_Omega=     66.2497 meV  off_shell_Omega=     66.2497 meV
     lambda_tr(   2 )=       0.003155   gamma_tr=       0.000020 meV  omega=     66.1857 meV   on_shell_Omega=     66.2497 meV  off_shell_Omega=     66.2497 meV
     lambda___(   3 )=       0.000359   gamma___=       0.000008 meV  omega=    123.7552 meV   on_shell_Omega=    123.7552 meV  off_shell_Omega=    123.7552 meV
     lambda_tr(   3 )=       0.000521   gamma_tr=       0.000011 meV  omega=    123.7552 meV   on_shell_Omega=    123.7552 meV  off_shell_Omega=    123.7552 meV
     lambda___(   4 )=       0.569246   gamma___=       0.018626 meV  omega=    151.0898 meV   on_shell_Omega=    151.1006 meV  off_shell_Omega=    151.1006 meV
     lambda_tr(   4 )=       0.850371   gamma_tr=       0.027824 meV  omega=    151.0898 meV   on_shell_Omega=    151.1006 meV  off_shell_Omega=    151.1006 meV
     lambda___(   5 )=       0.515558   gamma___=       0.017052 meV  omega=    151.9061 meV   on_shell_Omega=    151.9405 meV  off_shell_Omega=    151.9405 meV
     lambda_tr(   5 )=       0.775500   gamma_tr=       0.025649 meV  omega=    151.9061 meV   on_shell_Omega=    151.9405 meV  off_shell_Omega=    151.9405 meV
     lambda___(   6 )=      20.573751   gamma___=       0.779521 meV  omega=    162.5877 meV   on_shell_Omega=    160.4833 meV  off_shell_Omega=    160.4839 meV
     lambda_tr(   6 )=      33.081137   gamma_tr=       1.253415 meV  omega=    162.5877 meV   on_shell_Omega=    160.4833 meV  off_shell_Omega=    160.4839 meV
     lambda___( tot )=      21.670355
     lambda_tr( tot )=      34.713061
     -------------------------------------------------------------------


     Number of (k,k+q) pairs on the Fermi surface:   485965 out of   518400



     Real and Imaginary part of the phonon self-energy (omega=0) without gamma0.
     Omega(   1 )=   0.0652 eV   Re[Pi]=     -21.189175 meV Im[Pi]=       0.000000 meV
     Omega(   2 )=   0.0662 eV   Re[Pi]=     -20.625441 meV Im[Pi]=       0.000000 meV
     Omega(   3 )=   0.1238 eV   Re[Pi]=      -0.004186 meV Im[Pi]=       0.000000 meV
     Omega(   4 )=   0.1511 eV   Re[Pi]=      -2.695726 meV Im[Pi]=      -0.000005 meV
     Omega(   5 )=   0.1519 eV   Re[Pi]=      -2.564583 meV Im[Pi]=      -0.000019 meV
     Omega(   6 )=   0.1626 eV   Re[Pi]=     -42.155227 meV Im[Pi]=       0.000110 meV
     -------------------------------------------------------------------


     ismear =     1 iq =       9 coord.:   0.33889  0.33889  0.00000 wt:   0.11111 Temp:  450.000K
     -------------------------------------------------------------------
     lambda___(   1 )=       0.021406   gamma___=       0.000129 meV  omega=     64.7587 meV   on_shell_Omega=     64.7529 meV  off_shell_Omega=     64.7529 meV
     lambda_tr(   1 )=       0.008186   gamma_tr=       0.000049 meV  omega=     64.7587 meV   on_shell_Omega=     64.7529 meV  off_shell_Omega=     64.7529 meV
     lambda___(   2 )=       0.008092   gamma___=       0.000052 meV  omega=     66.6566 meV   on_shell_Omega=     66.7353 meV  off_shell_Omega=     66.7353 meV
     lambda_tr(   2 )=       0.007968   gamma_tr=       0.000051 meV  omega=     66.6566 meV   on_shell_Omega=     66.7353 meV  off_shell_Omega=     66.7353 meV
     lambda___(   3 )=       0.000146   gamma___=       0.000003 meV  omega=    123.6298 meV   on_shell_Omega=    123.6298 meV  off_shell_Omega=    123.6298 meV
     lambda_tr(   3 )=       0.000144   gamma_tr=       0.000003 meV  omega=    123.6298 meV   on_shell_Omega=    123.6298 meV  off_shell_Omega=    123.6298 meV
     lambda___(   4 )=       0.164774   gamma___=       0.005368 meV  omega=    150.7684 meV   on_shell_Omega=    150.7673 meV  off_shell_Omega=    150.7673 meV
     lambda_tr(   4 )=       0.090095   gamma_tr=       0.002935 meV  omega=    150.7684 meV   on_shell_Omega=    150.7673 meV  off_shell_Omega=    150.7673 meV
     lambda___(   5 )=       0.143441   gamma___=       0.004770 meV  omega=    152.3227 meV   on_shell_Omega=    152.3552 meV  off_shell_Omega=    152.3552 meV
     lambda_tr(   5 )=       0.097422   gamma_tr=       0.003240 meV  omega=    152.3227 meV   on_shell_Omega=    152.3552 meV  off_shell_Omega=    152.3552 meV
     lambda___(   6 )=       9.090440   gamma___=       0.344602 meV  omega=    162.6286 meV   on_shell_Omega=    159.9113 meV  off_shell_Omega=    159.9287 meV
     lambda_tr(   6 )=       1.955787   gamma_tr=       0.074140 meV  omega=    162.6286 meV   on_shell_Omega=    159.9113 meV  off_shell_Omega=    159.9287 meV
     lambda___( tot )=       9.428299
     lambda_tr( tot )=       2.159603
     -------------------------------------------------------------------


     Number of (k,k+q) pairs on the Fermi surface:   486000 out of   518400



     Real and Imaginary part of the phonon self-energy (omega=0) without gamma0.
     Omega(   1 )=   0.0648 eV   Re[Pi]=     -21.629706 meV Im[Pi]=      -0.000001 meV
     Omega(   2 )=   0.0667 eV   Re[Pi]=     -20.215885 meV Im[Pi]=      -0.000001 meV
     Omega(   3 )=   0.1236 eV   Re[Pi]=      -0.016327 meV Im[Pi]=       0.000000 meV
     Omega(   4 )=   0.1508 eV   Re[Pi]=      -2.724754 meV Im[Pi]=      -0.000032 meV
     Omega(   5 )=   0.1523 eV   Re[Pi]=      -2.528496 meV Im[Pi]=      -0.000039 meV
     Omega(   6 )=   0.1626 eV   Re[Pi]=     -41.915883 meV Im[Pi]=      -0.000156 meV
     -------------------------------------------------------------------

     ===================================================================
     Memory usage:  VmHWM =       566Mb
                   VmPeak =      5602Mb
     ===================================================================


     Unfolding on the coarse grid
     elphon_wrap  :      0.00s CPU      0.00s WALL (       1 calls)

     INITIALIZATION: 




     Electron-Phonon interpolation
     ep-interp    :    308.78s CPU    335.73s WALL (       9 calls)
     PH SELF-ENER :     17.70s CPU     17.71s WALL (       9 calls)

     wigner_seitz :      0.00s CPU      0.00s WALL (       1 calls)
     DynW2B       :      0.00s CPU      0.00s WALL (       9 calls)
     HamW2B       :     28.62s CPU     31.76s WALL (10886400 calls)
     ephW2Bp      :      0.00s CPU      0.01s WALL (       9 calls)
     ephW2B       :     27.52s CPU     30.41s WALL ( 4419731 calls)
     vmeW2B       :    122.33s CPU    134.80s WALL ( 8839462 calls)



     Total program execution
     EPW          :   5m24.24s CPU   5m52.75s WALL

     % Copyright (C) 2016-2023 EPW-Collaboration                                    
                                                                                    
     ===============================================================================
     Please consider citing the following papers.                                   
                                                                                                 
     % Paper describing the method on which EPW relies                                           
       F. Giustino and M. L. Cohen and S. G. Louie, Phys. Rev. B 76, 165108 (2007)               
                                                                                                 
     % Papers describing the EPW software                                                        
       H. Lee et al., npj Comput. Mater. 9, 156 (2023)                                           
       S. Ponc\'e, E.R. Margine, C. Verdi and F. Giustino, Comput. Phys. Commun. 209, 116 (2016) 
       J. Noffsinger et al., Comput. Phys. Commun. 181, 2140 (2010)                              
                                                                                                 
                                                                                    
     For your convenience, this information is also reported in the                 
     functionality-dependent EPW.bib file.                                          
     ===============================================================================
                                                                                    
