
     Program PHONON v.7.5 starts on 12Aug2026 at 16:42:28 

     This program is part of the open-source Quantum ESPRESSO suite
     for quantum simulation of materials; please cite
         "P. Giannozzi et al., J. Phys.:Condens. Matter 21 395502 (2009);
         "P. Giannozzi et al., J. Phys.:Condens. Matter 29 465901 (2017);
         "P. Giannozzi et al., J. Chem. Phys. 152 154105 (2020);
          URL http://www.quantum-espresso.org", 
     in publications or presentations arising from this work. More details at
     http://www.quantum-espresso.org/quote

     Parallel version (MPI & OpenMP), running on       8 processor cores
     Number of MPI processes:                 8
     Threads/MPI process:                     1

     MPI processes distributed on     1 nodes
     5050 MiB available memory on the printing compute node when the environment starts

     Reading input from ph.in

     Reading xml data from directory:

     ../tmp/gr.save/

     R & G space division:  proc/nbgrp/npool/nimage =       8
     Subspace diagonalization in iterative solution of the eigenvalue problem:
     a serial algorithm will be used


     IMPORTANT: XC functional enforced from input :
     Exchange-correlation= PBE
                           (   1   4   3   4   0   0   0)
     Any further DFT definition will be discarded
     Please, verify this is what you really want


     Parallelization info
     --------------------
     sticks:   dense  smooth     PW     G-vecs:    dense   smooth      PW
     Min          45      45     13                 4167     4167     709
     Max          46      46     14                 4184     4184     730
     Sum         361     361    109                33427    33427    5779

     Using Slab Decomposition

     Reading collected, re-writing distributed wavefunctions in ../tmp/

     Number and degeneracy of irreps per q-point
       N         xq(1)         xq(2)         xq(3)   N irreps
       1   0.333333333   0.577350269   0.000000000       4
        2   1   1   2

     Calculation of q =    0.3333333   0.5773503   0.0000000
     [opt_tetra]  Optimized tetrahedron method is used.

     Parallelization info
     --------------------
     sticks:   dense  smooth     PW     G-vecs:    dense   smooth      PW
     Min          45      45     16                 4167     4167     963
     Max          46      46     18                 4184     4184     972
     Sum         361     361    139                33427    33427    7725

     Using Slab Decomposition


     Title: 
     graphene no-degauss DFPT; stage=pilot lane=A label=K direction=K delta=0.00


     bravais-lattice index     =            4
     lattice parameter (alat)  =       4.6487  a.u.
     unit-cell volume          =     530.5041 (a.u.)^3
     number of atoms/cell      =            2
     number of atomic types    =            1
     number of electrons       =         8.00
     number of Kohn-Sham states=            8
     kinetic-energy cutoff     =      60.0000  Ry
     charge density cutoff     =     240.0000  Ry
     Exchange-correlation= PBE
                           (   1   4   3   4   0   0   0)

     celldm(1)=   4.648726  celldm(2)=   0.000000  celldm(3)=   6.097561
     celldm(4)=   0.000000  celldm(5)=   0.000000  celldm(6)=   0.000000

     crystal axes: (cart. coord. in units of alat)
               a(1) = (   1.000000   0.000000   0.000000 )  
               a(2) = (  -0.500000   0.866025   0.000000 )  
               a(3) = (   0.000000   0.000000   6.097561 )  

     reciprocal axes: (cart. coord. in units 2 pi/alat)
               b(1) = (  1.000000  0.577350 -0.000000 )  
               b(2) = (  0.000000  1.154701  0.000000 )  
               b(3) = (  0.000000 -0.000000  0.164000 )  


     PseudoPot. # 1 for C  read from file:
     /root/phonon/pseudo/C_ONCV_PBE-1.2.upf
     MD5 check sum: 1a5f83a7b1f58d24996abe00ed223ac6
     Pseudo is Norm-conserving, Zval =  4.0
     Generated using ONCVPSP code by D. R. Hamann
     Using radial grid of  602 points,  4 beta functions with: 
                l(1) =   0
                l(2) =   0
                l(3) =   1
                l(4) =   1

     atomic species   valence    mass     pseudopotential
     C                 4.00    12.01100     C ( 1.00)

     24 Sym. Ops., with inversion, found



   Cartesian axes

     site n.     atom                  positions (alat units)
         1        C      tau(   1) = (   0.0000000   0.0000000   0.0000000  )
         2        C      tau(   2) = (  -0.0000000   0.5773503   0.0000000  )

     number of k points= 12482 (tetrahedron method)

     Number of k-points >= 100: set verbosity='high' to print them.

     Dense  grid:    33427 G-vectors     FFT dimensions: (  24,  24, 144)

     Estimated max dynamical RAM per process >       2.42 MB

     Estimated total dynamical RAM >      19.37 MB

     The potential is recalculated from file :
     ../tmp/_ph0/gr.save/charge-density

     Starting wfcs are    0 atomic +    8 random wfcs

     Band Structure Calculation
     Davidson diagonalization with overlap

     ethr =  1.25E-10,  avg # of iterations = 36.4

     total cpu time spent up to now is     1402.8 secs

     End of band structure calculation

     Number of k-points >= 100: set verbosity='high' to print the bands.

     the Fermi energy is    -1.7005 ev

     Writing config to output data dir ../tmp/_ph0/gr.save/ :
     XML data file
 
     [dfpt_tetra]  Dos(E_F)[/Ry] :   0.2835877E-01

     graphene no-degauss DFPT; stage=pilot lane=A label=K direction=K delta=0.00

     bravais-lattice index     =            4
     lattice parameter (alat)  =       4.6487  a.u.
     unit-cell volume          =     530.5041 (a.u.)^3
     number of atoms/cell      =            2
     number of atomic types    =            1
     kinetic-energy cut-off    =      60.0000  Ry
     charge density cut-off    =     240.0000  Ry
     convergence threshold     =      1.0E-14
     beta                      =       0.7000
     number of iterations used =            4
     Exchange-correlation= PBE
                           (   1   4   3   4   0   0   0)


     celldm(1)=    4.64873  celldm(2)=    0.00000  celldm(3)=    6.09756
     celldm(4)=    0.00000  celldm(5)=    0.00000  celldm(6)=    0.00000

     crystal axes: (cart. coord. in units of alat)
               a(1) = (  1.0000  0.0000  0.0000 )  
               a(2) = ( -0.5000  0.8660  0.0000 )  
               a(3) = (  0.0000  0.0000  6.0976 )  

     reciprocal axes: (cart. coord. in units 2 pi/alat)
               b(1) = (  1.0000  0.5774 -0.0000 )  
               b(2) = (  0.0000  1.1547  0.0000 )  
               b(3) = (  0.0000 -0.0000  0.1640 )  


     Atoms inside the unit cell: 

     Cartesian axes

     site n.  atom      mass           positions (alat units)
        1  C      12.0110   tau(    1) = (    0.00000    0.00000    0.00000  )
        2  C      12.0110   tau(    2) = (   -0.00000    0.57735    0.00000  )

     Computing dynamical matrix for 
                    q = (   0.3333333   0.5773503   0.0000000 )

     12 Sym.Ops. (no q -> -q+G )


     G cutoff =  131.3770  (   4183 G-vectors)     FFT grid: ( 24, 24,144)
     number of k points= 12482

     PseudoPot. # 1 for C  read from file:
     /root/phonon/pseudo/C_ONCV_PBE-1.2.upf
     MD5 check sum: 1a5f83a7b1f58d24996abe00ed223ac6
     Pseudo is Norm-conserving, Zval =  4.0
     Generated using ONCVPSP code by D. R. Hamann
     Using radial grid of  602 points,  4 beta functions with: 
                l(1) =   0
                l(2) =   0
                l(3) =   1
                l(4) =   1


     Atomic displacements:
     There are    4 irreducible representations

     Representation     1      2 modes -  To be done

     Representation     2      1 modes -  To be done

     Representation     3      1 modes -  To be done

     Representation     4      2 modes -  To be done


     Message from routine init_vloc:
     Interpolation table for Vloc re-allocated

     Alpha used in Ewald sum =   2.5000
     PHONON       :  21m38.95s CPU  23m39.99s WALL



     Representation #   1 modes #   1   2

     Self-consistent Calculation

      iter #   1 total cpu time :  1753.2 secs   av.it.:   3.2
      thresh= 1.000E-02 alpha_mix =  0.700 |ddv_scf|^2 =  7.062E-08

      iter #   2 total cpu time :  2257.0 secs   av.it.:   5.8
      thresh= 2.657E-05 alpha_mix =  0.700 |ddv_scf|^2 =  5.561E-10

      iter #   3 total cpu time :  2679.3 secs   av.it.:   5.6
      thresh= 2.358E-06 alpha_mix =  0.700 |ddv_scf|^2 =  2.800E-11

      iter #   4 total cpu time :  3117.5 secs   av.it.:   5.1
      thresh= 5.291E-07 alpha_mix =  0.700 |ddv_scf|^2 =  7.956E-15

     End of self-consistent calculation

     Convergence has been achieved 


     Representation #   2 mode #   3

     Self-consistent Calculation

      iter #   1 total cpu time :  3272.2 secs   av.it.:   3.0
      thresh= 1.000E-02 alpha_mix =  0.700 |ddv_scf|^2 =  9.649E-09

      iter #   2 total cpu time :  3444.8 secs   av.it.:   5.1
      thresh= 9.823E-06 alpha_mix =  0.700 |ddv_scf|^2 =  9.501E-10

      iter #   3 total cpu time :  3610.4 secs   av.it.:   5.0
      thresh= 3.082E-06 alpha_mix =  0.700 |ddv_scf|^2 =  1.121E-12

      iter #   4 total cpu time :  3794.9 secs   av.it.:   5.5
      thresh= 1.059E-07 alpha_mix =  0.700 |ddv_scf|^2 =  2.336E-15

     End of self-consistent calculation

     Convergence has been achieved 


     Representation #   3 mode #   4

     Self-consistent Calculation

      iter #   1 total cpu time :  3943.0 secs   av.it.:   3.6
      thresh= 1.000E-02 alpha_mix =  0.700 |ddv_scf|^2 =  3.037E-06

      iter #   2 total cpu time :  4122.4 secs   av.it.:   5.5
      thresh= 1.743E-04 alpha_mix =  0.700 |ddv_scf|^2 =  4.369E-07

      iter #   3 total cpu time :  4313.3 secs   av.it.:   5.3
      thresh= 6.609E-05 alpha_mix =  0.700 |ddv_scf|^2 =  2.698E-10

      iter #   4 total cpu time :  4506.6 secs   av.it.:   5.2
      thresh= 1.642E-06 alpha_mix =  0.700 |ddv_scf|^2 =  2.851E-12

      iter #   5 total cpu time :  4684.2 secs   av.it.:   5.3
      thresh= 1.689E-07 alpha_mix =  0.700 |ddv_scf|^2 =  1.876E-14

      iter #   6 total cpu time :  4857.4 secs   av.it.:   5.4
      thresh= 1.370E-08 alpha_mix =  0.700 |ddv_scf|^2 =  3.168E-16

     End of self-consistent calculation

     Convergence has been achieved 


     Representation #   4 modes #   5   6

     Self-consistent Calculation

      iter #   1 total cpu time :  5202.5 secs   av.it.:   3.8
      thresh= 1.000E-02 alpha_mix =  0.700 |ddv_scf|^2 =  8.336E-07

      iter #   2 total cpu time :  5611.7 secs   av.it.:   6.1
      thresh= 9.130E-05 alpha_mix =  0.700 |ddv_scf|^2 =  9.525E-07

      iter #   3 total cpu time :  6061.2 secs   av.it.:   5.9
      thresh= 9.759E-05 alpha_mix =  0.700 |ddv_scf|^2 =  1.240E-09

      iter #   4 total cpu time :  6465.9 secs   av.it.:   5.9
      thresh= 3.522E-06 alpha_mix =  0.700 |ddv_scf|^2 =  8.567E-12

      iter #   5 total cpu time :  6865.4 secs   av.it.:   5.7
      thresh= 2.927E-07 alpha_mix =  0.700 |ddv_scf|^2 =  4.263E-15

     End of self-consistent calculation

     Convergence has been achieved 

     Number of q in the star =    2
     List of q in the star:
          1   0.333333333   0.577350269   0.000000000
          2  -0.333333333  -0.577350269   0.000000000

     Diagonalizing the dynamical matrix

     q = (    0.333333333   0.577350269   0.000000000 ) 

 **************************************************************************
     freq (    1) =      16.316546 [THz] =     544.261390 [cm-1]
     freq (    2) =      16.316546 [THz] =     544.261391 [cm-1]
     freq (    3) =      30.130032 [THz] =    1005.029681 [cm-1]
     freq (    4) =      36.811019 [THz] =    1227.883420 [cm-1]
     freq (    5) =      36.811019 [THz] =    1227.883420 [cm-1]
     freq (    6) =      38.408348 [THz] =    1281.164584 [cm-1]
 **************************************************************************

     init_run     :      1.25s CPU      1.26s WALL (       1 calls)
     electrons    :   1254.76s CPU   1374.20s WALL (       1 calls)

     Called by init_run:
     wfcinit      :      0.00s CPU      0.00s WALL (       1 calls)
     potinit      :      0.01s CPU      0.01s WALL (       1 calls)
     hinit0       :      0.05s CPU      0.05s WALL (       1 calls)

     Called by electrons:
     c_bands      :   1253.44s CPU   1372.88s WALL (       1 calls)
     v_of_rho     :      0.01s CPU      0.01s WALL (       2 calls)

     Called by c_bands:
     init_us_2    :     23.02s CPU     29.53s WALL (  193471 calls)
     cegterg      :   1203.00s CPU   1316.06s WALL (   28232 calls)

     Called by *egterg:
     cdiaghg      :    108.24s CPU    117.77s WALL (  466325 calls)
     h_psi        :   3829.02s CPU   4687.75s WALL ( 2520958 calls)
     g_psi        :     10.62s CPU     11.60s WALL (  453843 calls)

     Called by h_psi:
     h_psi:calbec :    227.16s CPU    279.63s WALL ( 2520958 calls)
     vloc_psi     :   3519.50s CPU   4307.58s WALL ( 2520958 calls)
                                        0.00s GPU  ( 2520958 calls)
     add_vuspsi   :     59.13s CPU     72.67s WALL ( 2520958 calls)

     General routines
     calbec       :    237.68s CPU    292.16s WALL ( 2733152 calls)
     fft          :      0.49s CPU      0.51s WALL (     332 calls)
     ffts         :     16.81s CPU     20.42s WALL (   37470 calls)
     fftw         :   4118.65s CPU   5091.78s WALL (26006332 calls)
     davcio       :     55.46s CPU    111.12s WALL (  858282 calls)

     Parallel routines

     PHONON       :      1h32m CPU      1h54m WALL

     INITIALIZATION: 
     phq_setup    :      0.99s CPU      1.02s WALL (       1 calls)
     phq_init     :      9.38s CPU     10.17s WALL (       1 calls)

     phq_init     :      9.38s CPU     10.17s WALL (       1 calls)
     init_vloc    :      0.07s CPU      0.07s WALL (       2 calls)
     init_us_1    :      0.00s CPU      0.00s WALL (       2 calls)
     init_us_2    :     23.02s CPU     29.53s WALL (  193471 calls)

     DYNAMICAL MATRIX:
     dynmat0      :      6.37s CPU      6.67s WALL (       1 calls)
     dynmat_us    :      6.37s CPU      6.67s WALL (       1 calls)
     d2ionq       :      0.00s CPU      0.00s WALL (       1 calls)
     phqscf       :   4257.98s CPU   5458.51s WALL (       1 calls)
     dynmatrix    :      0.00s CPU      0.05s WALL (       1 calls)

     phqscf       :   4257.98s CPU   5458.51s WALL (       1 calls)
     solve_linter :   4231.22s CPU   5423.03s WALL (       4 calls)
     dfpt_kernel  :   4089.24s CPU   5240.05s WALL (       4 calls)
     sth_kernel   :   4088.05s CPU   5238.30s WALL (      19 calls)
     h_prec       :     24.24s CPU     29.87s WALL (  118579 calls)
     apply_dpot_b :    365.89s CPU    478.68s WALL (  137302 calls)
     ortho        :     24.95s CPU     32.41s WALL (  174748 calls)
     cgsolve      :   3103.06s CPU   3935.66s WALL (  174748 calls)
     incdrhoscf   :    503.36s CPU    644.20s WALL (  174748 calls)
                                        0.00s GPU  (  174748 calls)
     dv_of_drho   :      0.25s CPU      0.28s WALL (      28 calls)
     mix_pot      :      0.06s CPU      0.18s WALL (      19 calls)
     drhodv       :     26.75s CPU     35.45s WALL (       4 calls)
     psymdvscf    :      0.85s CPU      1.17s WALL (      19 calls)
     com_dvloc    :     22.28s CPU     27.15s WALL (   37470 calls)
                                        0.00s GPU  (   37470 calls)
     addcore      :      0.00s CPU      0.00s WALL (       6 calls)
                                        0.00s GPU  (       6 calls)

     dvqpsi_us    :    134.62s CPU    165.48s WALL (   37446 calls)
                                        0.00s GPU  (   37446 calls)
     dvqpsi_us_on :      9.72s CPU     12.20s WALL (   37446 calls)

     add_vuspsi   :     59.13s CPU     72.67s WALL ( 2520958 calls)


      General routines
     calbec       :    237.68s CPU    292.16s WALL ( 2733152 calls)
     fft          :      0.49s CPU      0.51s WALL (     332 calls)
     ffts         :     16.81s CPU     20.42s WALL (   37470 calls)
     fftw         :   4118.65s CPU   5091.78s WALL (26006332 calls)
     davcio       :     55.46s CPU    111.12s WALL (  858282 calls)
     write_rec    :      0.01s CPU      0.09s WALL (      23 calls)

      Additional routines
     ch_psi       :   2995.83s CPU   3799.52s WALL ( 2026401 calls)
     last         :    129.38s CPU    163.52s WALL ( 2026401 calls)
     Hesh         :      9.81s CPU     12.56s WALL ( 2026401 calls)
     ch_psi_all_k :    114.04s CPU    144.47s WALL ( 2026401 calls)
                                        0.00s GPU  ( 2026401 calls)
     h_psi_bgrp   :   3832.66s CPU   4691.90s WALL ( 2520958 calls)
     h_psi        :   3829.02s CPU   4687.75s WALL ( 2520958 calls)
     h_psi:pot    :   3814.21s CPU   4669.38s WALL ( 2520958 calls)
     h_psi:calbec :    227.16s CPU    279.63s WALL ( 2520958 calls)
     s_psi_bgrp   :     16.45s CPU     21.02s WALL ( 4227550 calls)


     PHONON       :      1h32m CPU      1h54m WALL


   This run was terminated on:  18:37: 7  12Aug2026            

=------------------------------------------------------------------------------=
   JOB DONE.
=------------------------------------------------------------------------------=
