
     Program PHONON v.7.5 starts on 15Aug2026 at 10:40:24 

     This program is part of the open-source Quantum ESPRESSO suite
     for quantum simulation of materials; please cite
         "P. Giannozzi et al., J. Phys.:Condens. Matter 21 395502 (2009);
         "P. Giannozzi et al., J. Phys.:Condens. Matter 29 465901 (2017);
         "P. Giannozzi et al., J. Chem. Phys. 152 154105 (2020);
          URL http://www.quantum-espresso.org", 
     in publications or presentations arising from this work. More details at
     http://www.quantum-espresso.org/quote

     Parallel version (MPI & OpenMP), running on       4 processor cores
     Number of MPI processes:                 1
     Threads/MPI process:                     4

     MPI processes distributed on     1 nodes
     30243 MiB available memory on the printing compute node when the environment starts
 
     Reading input from ph.in

     Reading xml data from directory:

     ../tmp/gr.save/
 
     Subspace diagonalization in iterative solution of the eigenvalue problem:
     a serial algorithm will be used


     IMPORTANT: XC functional enforced from input :
     Exchange-correlation= PBE
                           (   1   4   3   4   0   0   0)
     Any further DFT definition will be discarded
     Please, verify this is what you really want

 
     G-vector sticks info
     --------------------
     sticks:   dense  smooth     PW     G-vecs:    dense   smooth      PW
     Sum         361     361    109                33427    33427    5779
 
     Using Slab Decomposition
 
     Reading collected, re-writing distributed wavefunctions in ../tmp/

     Number and degeneracy of irreps per q-point
       N         xq(1)         xq(2)         xq(3)   N irreps
       1   0.334333333   0.575618218   0.000000000       6
     No degeneracy

     Calculation of q =    0.3343333   0.5756182   0.0000000
     [opt_tetra]  Optimized tetrahedron method is used.
 
     G-vector sticks info
     --------------------
     sticks:   dense  smooth     PW     G-vecs:    dense   smooth      PW
     Sum         361     361    139                33427    33427    7725
 
     Using Slab Decomposition
 

     Title: 
     graphene no-degauss DFPT; stage=diagnostic lane=B label=KM_d003 direction=K


     bravais-lattice index     =            4
     lattice parameter (alat)  =       4.6487  a.u.
     unit-cell volume          =     530.5041 (a.u.)^3
     number of atoms/cell      =            2
     number of atomic types    =            1
     number of electrons       =         8.00
     number of Kohn-Sham states=            8
     kinetic-energy cutoff     =      60.0000  Ry
     charge density cutoff     =     240.0000  Ry
     Exchange-correlation= PBE
                           (   1   4   3   4   0   0   0)

     GPU acceleration is ACTIVE.  1 visible GPUs per MPI rank


     celldm(1)=   4.648726  celldm(2)=   0.000000  celldm(3)=   6.097561
     celldm(4)=   0.000000  celldm(5)=   0.000000  celldm(6)=   0.000000

     crystal axes: (cart. coord. in units of alat)
               a(1) = (   1.000000   0.000000   0.000000 )  
               a(2) = (  -0.500000   0.866025   0.000000 )  
               a(3) = (   0.000000   0.000000   6.097561 )  

     reciprocal axes: (cart. coord. in units 2 pi/alat)
               b(1) = (  1.000000  0.577350 -0.000000 )  
               b(2) = (  0.000000  1.154701  0.000000 )  
               b(3) = (  0.000000 -0.000000  0.164000 )  


     PseudoPot. # 1 for C  read from file:
     /root/phonon/pseudo/C_ONCV_PBE-1.2.upf
     MD5 check sum: 1a5f83a7b1f58d24996abe00ed223ac6
     Pseudo is Norm-conserving, Zval =  4.0
     Generated using ONCVPSP code by D. R. Hamann
     Using radial grid of  602 points,  4 beta functions with: 
                l(1) =   0
                l(2) =   0
                l(3) =   1
                l(4) =   1

     atomic species   valence    mass     pseudopotential
     C                 4.00    12.01100     C ( 1.00)

     24 Sym. Ops., with inversion, found



   Cartesian axes

     site n.     atom                  positions (alat units)
         1        C      tau(   1) = (   0.0000000   0.0000000   0.0000000  )
         2        C      tau(   2) = (  -0.0000000   0.5773503   0.0000000  )

     number of k points= 57840 (tetrahedron method)

     Number of k-points >= 100: set verbosity='high' to print them.

     Dense  grid:    33427 G-vectors     FFT dimensions: (  24,  24, 144)

     Estimated max dynamical RAM per process >      16.32 MB

     The potential is recalculated from file :
     ../tmp/_ph0/gr.save/charge-density

     Starting wfcs are    0 atomic +    8 random wfcs

     Band Structure Calculation
     Davidson diagonalization with overlap

     ethr =  1.25E-10,  avg # of iterations = 36.3

     total cpu time spent up to now is     3480.8 secs

     End of band structure calculation

     Number of k-points >= 100: set verbosity='high' to print the bands.

     the Fermi energy is    -1.7005 ev

     Writing config to output data dir ../tmp/_ph0/gr.save/ :
     XML data file
 
     [dfpt_tetra]  Dos(E_F)[/Ry] :   0.2270098E-01

     graphene no-degauss DFPT; stage=diagnostic lane=B label=KM_d003 direction=K

     bravais-lattice index     =            4
     lattice parameter (alat)  =       4.6487  a.u.
     unit-cell volume          =     530.5041 (a.u.)^3
     number of atoms/cell      =            2
     number of atomic types    =            1
     kinetic-energy cut-off    =      60.0000  Ry
     charge density cut-off    =     240.0000  Ry
     convergence threshold     =      1.0E-14
     beta                      =       0.7000
     number of iterations used =            4
     Exchange-correlation= PBE
                           (   1   4   3   4   0   0   0)


     celldm(1)=    4.64873  celldm(2)=    0.00000  celldm(3)=    6.09756
     celldm(4)=    0.00000  celldm(5)=    0.00000  celldm(6)=    0.00000

     crystal axes: (cart. coord. in units of alat)
               a(1) = (  1.0000  0.0000  0.0000 )  
               a(2) = ( -0.5000  0.8660  0.0000 )  
               a(3) = (  0.0000  0.0000  6.0976 )  

     reciprocal axes: (cart. coord. in units 2 pi/alat)
               b(1) = (  1.0000  0.5774 -0.0000 )  
               b(2) = (  0.0000  1.1547  0.0000 )  
               b(3) = (  0.0000 -0.0000  0.1640 )  


     Atoms inside the unit cell: 

     Cartesian axes

     site n.  atom      mass           positions (alat units)
        1  C      12.0110   tau(    1) = (    0.00000    0.00000    0.00000  )
        2  C      12.0110   tau(    2) = (   -0.00000    0.57735    0.00000  )

     Computing dynamical matrix for 
                    q = (   0.3343333   0.5756182   0.0000000 )
 
      4 Sym.Ops. (no q -> -q+G )


     G cutoff =  131.3770  (  33427 G-vectors)     FFT grid: ( 24, 24,144)
     number of k points= 57840

     PseudoPot. # 1 for C  read from file:
     /root/phonon/pseudo/C_ONCV_PBE-1.2.upf
     MD5 check sum: 1a5f83a7b1f58d24996abe00ed223ac6
     Pseudo is Norm-conserving, Zval =  4.0
     Generated using ONCVPSP code by D. R. Hamann
     Using radial grid of  602 points,  4 beta functions with: 
                l(1) =   0
                l(2) =   0
                l(3) =   1
                l(4) =   1


     Atomic displacements:
     There are    6 irreducible representations

     Representation     1      1 modes -  To be done

     Representation     2      1 modes -  To be done

     Representation     3      1 modes -  To be done

     Representation     4      1 modes -  To be done

     Representation     5      1 modes -  To be done

     Representation     6      1 modes -  To be done


     Message from routine init_vloc:
     Interpolation table for Vloc re-allocated

     Alpha used in Ewald sum =   2.5000
     PHONON       :      1h 1m CPU      1h 2m WALL



     Representation #   1 mode #   1

     Self-consistent Calculation

      iter #   1 total cpu time :  4416.9 secs   av.it.:   3.6
      thresh= 1.000E-02 alpha_mix =  0.700 |ddv_scf|^2 =  1.571E-06

      iter #   2 total cpu time :  5227.4 secs   av.it.:   5.8
      thresh= 1.253E-04 alpha_mix =  0.700 |ddv_scf|^2 =  1.767E-06

      iter #   3 total cpu time :  5978.6 secs   av.it.:   5.4
      thresh= 1.329E-04 alpha_mix =  0.700 |ddv_scf|^2 =  2.657E-09

      iter #   4 total cpu time :  6734.0 secs   av.it.:   5.4
      thresh= 5.155E-06 alpha_mix =  0.700 |ddv_scf|^2 =  3.407E-11

      iter #   5 total cpu time :  7479.9 secs   av.it.:   5.3
      thresh= 5.837E-07 alpha_mix =  0.700 |ddv_scf|^2 =  1.086E-14

      iter #   6 total cpu time :  8249.3 secs   av.it.:   5.6
      thresh= 1.042E-08 alpha_mix =  0.700 |ddv_scf|^2 =  6.112E-16

     End of self-consistent calculation

     Convergence has been achieved 


     Representation #   2 mode #   2

     Self-consistent Calculation

      iter #   1 total cpu time :  9010.2 secs   av.it.:   3.8
      thresh= 1.000E-02 alpha_mix =  0.700 |ddv_scf|^2 =  3.141E-06

      iter #   2 total cpu time :  9788.9 secs   av.it.:   5.8
      thresh= 1.772E-04 alpha_mix =  0.700 |ddv_scf|^2 =  1.534E-06

      iter #   3 total cpu time : 10551.4 secs   av.it.:   5.6
      thresh= 1.239E-04 alpha_mix =  0.700 |ddv_scf|^2 =  9.718E-08

      iter #   4 total cpu time : 11300.4 secs   av.it.:   5.4
      thresh= 3.117E-05 alpha_mix =  0.700 |ddv_scf|^2 =  2.034E-10

      iter #   5 total cpu time : 12052.5 secs   av.it.:   5.5
      thresh= 1.426E-06 alpha_mix =  0.700 |ddv_scf|^2 =  6.148E-12

      iter #   6 total cpu time : 12795.9 secs   av.it.:   5.4
      thresh= 2.479E-07 alpha_mix =  0.700 |ddv_scf|^2 =  1.133E-14

      iter #   7 total cpu time : 13552.9 secs   av.it.:   5.6
      thresh= 1.065E-08 alpha_mix =  0.700 |ddv_scf|^2 =  7.246E-16

     End of self-consistent calculation

     Convergence has been achieved 


     Representation #   3 mode #   3

     Self-consistent Calculation

      iter #   1 total cpu time : 14258.8 secs   av.it.:   3.2
      thresh= 1.000E-02 alpha_mix =  0.700 |ddv_scf|^2 =  2.802E-07

      iter #   2 total cpu time : 15048.4 secs   av.it.:   5.4
      thresh= 5.294E-05 alpha_mix =  0.700 |ddv_scf|^2 =  2.188E-09

      iter #   3 total cpu time : 15811.5 secs   av.it.:   5.2
      thresh= 4.677E-06 alpha_mix =  0.700 |ddv_scf|^2 =  1.119E-10

      iter #   4 total cpu time : 16513.1 secs   av.it.:   4.6
      thresh= 1.058E-06 alpha_mix =  0.700 |ddv_scf|^2 =  3.178E-14

      iter #   5 total cpu time : 17253.1 secs   av.it.:   5.1
      thresh= 1.783E-08 alpha_mix =  0.700 |ddv_scf|^2 =  5.461E-16

     End of self-consistent calculation

     Convergence has been achieved 


     Representation #   4 mode #   4

     Self-consistent Calculation

      iter #   1 total cpu time : 17958.7 secs   av.it.:   3.2
      thresh= 1.000E-02 alpha_mix =  0.700 |ddv_scf|^2 =  2.848E-07

      iter #   2 total cpu time : 18743.9 secs   av.it.:   5.4
      thresh= 5.336E-05 alpha_mix =  0.700 |ddv_scf|^2 =  2.264E-09

      iter #   3 total cpu time : 19504.3 secs   av.it.:   5.2
      thresh= 4.758E-06 alpha_mix =  0.700 |ddv_scf|^2 =  1.124E-10

      iter #   4 total cpu time : 20204.7 secs   av.it.:   4.6
      thresh= 1.060E-06 alpha_mix =  0.700 |ddv_scf|^2 =  3.196E-14

      iter #   5 total cpu time : 20947.2 secs   av.it.:   5.1
      thresh= 1.788E-08 alpha_mix =  0.700 |ddv_scf|^2 =  5.577E-16

     End of self-consistent calculation

     Convergence has been achieved 


     Representation #   5 mode #   5

     Self-consistent Calculation

      iter #   1 total cpu time : 21734.5 secs   av.it.:   3.9
      thresh= 1.000E-02 alpha_mix =  0.700 |ddv_scf|^2 =  3.180E-06

      iter #   2 total cpu time : 22514.2 secs   av.it.:   5.8
      thresh= 1.783E-04 alpha_mix =  0.700 |ddv_scf|^2 =  2.587E-06

      iter #   3 total cpu time : 23264.3 secs   av.it.:   5.4
      thresh= 1.608E-04 alpha_mix =  0.700 |ddv_scf|^2 =  4.776E-08

      iter #   4 total cpu time : 24016.4 secs   av.it.:   5.4
      thresh= 2.185E-05 alpha_mix =  0.700 |ddv_scf|^2 =  3.096E-10

      iter #   5 total cpu time : 24768.7 secs   av.it.:   5.5
      thresh= 1.760E-06 alpha_mix =  0.700 |ddv_scf|^2 =  7.828E-12

      iter #   6 total cpu time : 25511.7 secs   av.it.:   5.4
      thresh= 2.798E-07 alpha_mix =  0.700 |ddv_scf|^2 =  6.919E-15

     End of self-consistent calculation

     Convergence has been achieved 


     Representation #   6 mode #   6

     Self-consistent Calculation

      iter #   1 total cpu time : 26291.1 secs   av.it.:   3.6
      thresh= 1.000E-02 alpha_mix =  0.700 |ddv_scf|^2 =  1.756E-06

      iter #   2 total cpu time : 27072.5 secs   av.it.:   5.8
      thresh= 1.325E-04 alpha_mix =  0.700 |ddv_scf|^2 =  1.977E-06

      iter #   3 total cpu time : 27821.4 secs   av.it.:   5.4
      thresh= 1.406E-04 alpha_mix =  0.700 |ddv_scf|^2 =  2.896E-09

      iter #   4 total cpu time : 28569.8 secs   av.it.:   5.4
      thresh= 5.382E-06 alpha_mix =  0.700 |ddv_scf|^2 =  3.440E-11

      iter #   5 total cpu time : 29304.6 secs   av.it.:   5.4
      thresh= 5.866E-07 alpha_mix =  0.700 |ddv_scf|^2 =  1.142E-14

      iter #   6 total cpu time : 30063.3 secs   av.it.:   5.6
      thresh= 1.069E-08 alpha_mix =  0.700 |ddv_scf|^2 =  6.356E-16

     End of self-consistent calculation

     Convergence has been achieved 
 
     Number of q in the star =    6
     List of q in the star:
          1   0.334333333   0.575618218   0.000000000
          2  -0.331333333   0.577350269   0.000000000
          3   0.665666667  -0.001732051   0.000000000
          4  -0.665666667   0.001732051   0.000000000
          5   0.331333333  -0.577350269   0.000000000
          6   0.665666667   0.001732051   0.000000000

     Diagonalizing the dynamical matrix

     q = (    0.334333333   0.575618218   0.000000000 ) 

 **************************************************************************
     freq (    1) =      16.272286 [THz] =     542.785027 [cm-1]
     freq (    2) =      16.353663 [THz] =     545.499464 [cm-1]
     freq (    3) =      30.129296 [THz] =    1005.005132 [cm-1]
     freq (    4) =      36.770745 [THz] =    1226.540013 [cm-1]
     freq (    5) =      36.847185 [THz] =    1229.089803 [cm-1]
     freq (    6) =      38.588995 [THz] =    1287.190314 [cm-1]
 **************************************************************************
 
     init_run     :     26.29s CPU     26.73s WALL (       1 calls)
     electrons    :   3182.23s CPU   3214.40s WALL (       1 calls)

     Called by init_run:
     wfcinit      :      0.00s CPU      0.00s WALL (       1 calls)
     potinit      :      0.02s CPU      0.01s WALL (       1 calls)
     hinit0       :      0.03s CPU      0.02s WALL (       1 calls)

     Called by electrons:
     c_bands      :   3167.51s CPU   3206.97s WALL (       1 calls)
     v_of_rho     :      0.04s CPU      0.02s WALL (       2 calls)

     Called by c_bands:
     init_us_2    :    378.41s CPU    413.79s WALL ( 1474920 calls)
     cegterg      :   2907.15s CPU   2919.37s WALL (  130622 calls)

     Called by *egterg:
     cdiaghg      :    908.83s CPU    958.98s WALL ( 2159513 calls)
                                      943.89s GPU  ( 2159513 calls)
     h_psi        :   6731.58s CPU   6701.69s WALL (13974797 calls)
     g_psi        :     50.86s CPU     52.64s WALL ( 2101673 calls)

     Called by h_psi:
     h_psi:calbec :    381.84s CPU    406.47s WALL (13974797 calls)
     vloc_psi     :   4418.55s CPU   4469.23s WALL (13974797 calls)
                                     4383.84s GPU  (13974797 calls)
     add_vuspsi   :   1329.09s CPU   1413.59s WALL (13974797 calls)

     General routines
     calbec       :    475.23s CPU    496.78s WALL (14958077 calls)
     fft          :      0.60s CPU      0.65s WALL (     409 calls)
                                        0.04s GPU  (      23 calls)
     ffts         :      4.18s CPU      6.34s WALL (  173556 calls)
                                        5.25s GPU  (  173556 calls)
     fftw         :    799.16s CPU   2715.29s WALL (60339994 calls)
                                     2339.54s GPU  (60339994 calls)
     davcio       :   1806.30s CPU   2662.62s WALL ( 5557777 calls)
 
     Parallel routines
 
     PHONON       :      7h47m CPU      8h21m WALL

     INITIALIZATION: 
     phq_setup    :      7.77s CPU      7.84s WALL (       1 calls)
     phq_init     :    206.74s CPU    212.74s WALL (       1 calls)
 
     phq_init     :    206.74s CPU    212.74s WALL (       1 calls)
     init_vloc    :      0.04s CPU      0.04s WALL (       2 calls)
     init_us_1    :      0.00s CPU      0.00s WALL (       2 calls)
     init_us_2    :    378.41s CPU    413.79s WALL ( 1474920 calls)
 
     DYNAMICAL MATRIX:
     dynmat0      :    181.70s CPU    157.91s WALL (       1 calls)
     dynmat_us    :    181.67s CPU    157.89s WALL (       1 calls)
     d2ionq       :      0.03s CPU      0.02s WALL (       1 calls)
     phqscf       :  24374.47s CPU  26381.14s WALL (       1 calls)
     dynmatrix    :      0.00s CPU      0.09s WALL (       1 calls)
 
     phqscf       :  24374.47s CPU  26381.14s WALL (       1 calls)
     solve_linter :  24163.20s CPU  26117.19s WALL (       6 calls)
     dfpt_kernel  :  22877.35s CPU  24985.17s WALL (       6 calls)
     sth_kernel   :  22875.31s CPU  24982.80s WALL (      35 calls)
     h_prec       :    145.76s CPU    196.94s WALL ( 1012200 calls)
     apply_dpot_b :   1075.19s CPU   1575.19s WALL (  838680 calls)
     ortho        :    936.87s CPU   1066.17s WALL ( 1012200 calls)
     cgsolve      :  16943.17s CPU  17161.24s WALL ( 1012200 calls)
     incdrhoscf   :   1683.62s CPU   1875.96s WALL ( 1012200 calls)
                                     1867.36s GPU  ( 1012200 calls)
     dv_of_drho   :      0.96s CPU      0.98s WALL (      35 calls)
     mix_pot      :      0.57s CPU      0.65s WALL (      35 calls)
     drhodv       :    211.26s CPU    263.92s WALL (       6 calls)
     psymdvscf    :      0.44s CPU      0.50s WALL (      35 calls)
     com_dvloc    :     46.10s CPU     41.41s WALL (  173556 calls)
                                       40.42s GPU  (  173556 calls)
     addcore      :      0.01s CPU      0.01s WALL (       6 calls)
                                        0.01s GPU  (       6 calls)
 
     dvqpsi_us    :    910.96s CPU    824.42s WALL (  173520 calls)
                                      822.56s GPU  (  173520 calls)
     dvqpsi_us_on :    609.99s CPU    533.44s WALL (  173520 calls)
 
     add_vuspsi   :   1329.09s CPU   1413.59s WALL (13974797 calls)
 
 
      General routines
     calbec       :    475.23s CPU    496.78s WALL (14958077 calls)
     fft          :      0.60s CPU      0.65s WALL (     409 calls)
                                        0.04s GPU  (      23 calls)
     ffts         :      4.18s CPU      6.34s WALL (  173556 calls)
                                        5.25s GPU  (  173556 calls)
     fftw         :    799.16s CPU   2715.29s WALL (60339994 calls)
                                     2339.54s GPU  (60339994 calls)
     davcio       :   1806.30s CPU   2662.62s WALL ( 5557777 calls)
     write_rec    :      0.03s CPU      0.18s WALL (      41 calls)
 
      Additional routines
     ch_psi       :  10134.42s CPU   9962.13s WALL (11684662 calls)
     last         :   3951.59s CPU   3778.02s WALL (11684662 calls)
     Hesh         :    136.16s CPU    146.38s WALL (11684662 calls)
     ch_psi_all_k :   3502.66s CPU   3494.27s WALL (11684662 calls)
                                     3417.09s GPU  (11684662 calls)
     h_psi_bgrp   :   6761.48s CPU   6728.66s WALL (13974797 calls)
     h_psi        :   6731.58s CPU   6701.69s WALL (13974797 calls)
     h_psi:pot    :   6349.90s CPU   6391.42s WALL (13974797 calls)
     h_psi:calbec :    381.84s CPU    406.47s WALL (13974797 calls)
     s_psi_bgrp   :    177.08s CPU    183.15s WALL (24381524 calls)
 
 
     PHONON       :      7h47m CPU      8h21m WALL

 
   This run was terminated on:  19: 2:14  15Aug2026            

=------------------------------------------------------------------------------=
   JOB DONE.
=------------------------------------------------------------------------------=
Warning: ieee_divide_by_zero is signaling
Warning: ieee_underflow is signaling
Warning: ieee_inexact is signaling
FORTRAN STOP
