                                                                                      
                                       ``:oss/                                        
                           `.+s+.     .+ys--yh+     `./ss+.                           
                          -sh//yy+`   +yy   +yy    -+h+-oyy                           
                          -yh- .oyy/.-sh.   .syo-.:sy-  /yh                           
                 `.-.`    `yh+   -oyyyo.     `/syys:    oys      `.`                  
               `/+ssys+-` `sh+      `                   oys`   .:osyo`                
               -yh- ./syyooyo`                          .sys+/oyo--yh/                
               `yy+    .-:-.                             `-/+/:`  -sh-                
                /yh.                                              oys                 
          ``..---hho---------`   .---------..`      `.-----.`    -hd+---.             
       `./osmNMMMMMMMMMMMMMMMs. +NNMMMMMMMMNNmh+.   yNMMMMMNm-  oNMMMMMNmo++:`        
       +sy--/sdMMMhyyyyyyyNMMh- .oyNMMmyyyyyhNMMm+` -yMMMdyyo:` .oyyNMMNhs+syy`       
       -yy/   /MMM+.`-+/``mMMy-   `mMMh:`````.dMMN:` `MMMy-`-dhhy```mMMy:``+hs        
        -yy+` /MMMo:-mMM+`-oo/.    mMMh:     `dMMN/`  dMMm:`dMMMMy..MMMo-.+yo`        
         .sys`/MMMMNNMMMs-         mMMmyooooymMMNo:   oMMM/sMMMMMM++MMN//oh:          
          `sh+/MMMhyyMMMs- `-`     mMMMMMMMMMNmy+-`   -MMMhMMMsmMMmdMMd/yy+           
    `-/+++oyy-/MMM+.`/hh/.`mNm:`   mMMd+/////:-.`      NMMMMMd/:NMMMMMy:/yyo/:.`      
   +os+//:-..-oMMMo:--:::-/MMMo. .-mMMd+---`           hMMMMN+. oMMMMMo. `-+osyso:`   
   syo     `mNMMMMMNNNNNNNNMMMo.oNNMMMMMNNNN:`         +MMMMs:`  dMMMN/`     ``:syo   
   /yh`     :syyyyyyyyyyyyyyyy+.`+syyyyyyyyo:`         .oyys:`   .oyys:`        +yh   
   -yh-        ````````````````    `````````              ``        ``          oys   
   -+h/------------------------::::::::://////++++++++++++++++++++++///////::::/yd:   
   shdddddddddddddddddddddddddddddhhhhhhhhyyyyyssssssssssssssssyyyyyyyhhhhhhhddddh`   
                                                                                      
 Lee, H., Poncé, S., Bushick, K., Hajinazar, S., Lafuente-Bartolome, J.,Leveillee, J.,
    Lian, C., Lihm, J., Macheda, F., Mori, H., Paudyal, H., Sio, W., Tiwari, S.,      
 Zacharias, M., Zhang, X., Bonini, N., Kioupakis, E., Margine, E.R., and Giustino F., 
                                                     npj Comput Mater 9, 156 (2023)   
                                                                                      

     Program EPW v.6.0 starts on 10Aug2026 at 19:17:58 

     This program is part of the open-source Quantum ESPRESSO suite
     for quantum simulation of materials; please cite
         "P. Giannozzi et al., J. Phys.:Condens. Matter 21 395502 (2009);
         "P. Giannozzi et al., J. Phys.:Condens. Matter 29 465901 (2017);
         "P. Giannozzi et al., J. Chem. Phys. 152 154105 (2020);
          URL http://www.quantum-espresso.org", 
     in publications or presentations arising from this work. More details at
     http://www.quantum-espresso.org/quote

     Parallel version (MPI & OpenMP), running on       2 processor cores
     Number of MPI processes:                 1
     Threads/MPI process:                     2

     MPI processes distributed on     1 nodes
     15524 MiB available memory on the printing compute node when the environment starts

     Reading input from epw.in

     Reading supplied temperature list.
                      
     ------------------------------------------------------------------------ 
                   RESTART - RESTART - RESTART - RESTART                         
     Restart is done without reading PWSCF save file.                  
     Be aware that some consistency checks are therefore not done.                  
     ------------------------------------------------------------------------ 
                      

     --                                                                         

     bravais-lattice index     =            0
     lattice parameter (a_0)   =       0.0000  a.u.
     unit-cell volume          =       0.0000 (a.u.)^3
     number of atoms/cell      =            0
     number of atomic types    =            0
     kinetic-energy cut-off    =       0.0000  Ry
     charge density cut-off    =       0.0000  Ry
     Exchange-correlation= not set
                           (  -1  -1  -1  -1  -1  -1  -1)


     celldm(1)=    0.00000  celldm(2)=    0.00000  celldm(3)=    0.00000
     celldm(4)=    0.00000  celldm(5)=    0.00000  celldm(6)=    0.00000

     crystal axes: (cart. coord. in units of a_0)
               a(1) = (  0.0000  0.0000  0.0000 )  
               a(2) = (  0.0000  0.0000  0.0000 )  
               a(3) = (  0.0000  0.0000  0.0000 )  

     reciprocal axes: (cart. coord. in units 2 pi/a_0)
               b(1) = (  0.0000  0.0000  0.0000 )  
               b(2) = (  0.0000  0.0000  0.0000 )  
               b(3) = (  0.0000  0.0000  0.0000 )  


     Atoms inside the unit cell: 

   Cartesian axes

     site n.  atom      mass           positions (a_0 units)


     No symmetry!

     G cutoff =    0.0000  (      0 G-vectors)     FFT grid: (  0,  0,  0)
     number of k points=    0
                       cart. coord. in units 2pi/a_0
     EPW          :      0.00s CPU      0.00s WALL

     EPW          :      0.00s CPU      0.00s WALL


     -------------------------------------------------------------------
     Using graphene.ukk from disk
     -------------------------------------------------------------------

     HDF5 is used in the current build. Exciton-phonon coupling calculations are enabled.
     Symmetries of Bravais lattice:  24
     Symmetries of crystal:          24

     Do not need to read .epb files; read .fmt files


     Band disentanglement is used: nbndsub =    2
     Use zone-centred Wigner-Seitz cells 
     Number of WS vectors for electrons      343
     Number of WS vectors for phonons       91
     Number of WS vectors for electron-phonon       91
     Maximum number of cores for efficient parallelization      546
     Results may improve by using use_ws == .TRUE. 

     Reading Hamiltonian, Dynamical matrix and EP vertex in Wann rep from file


     Finished reading Wann rep data from file

     ===================================================================
     Memory usage:  VmHWM =        53Mb
                   VmPeak =      5185Mb
     ===================================================================
     
     Using q-mesh file: ./qpoints.dat
     Size of q point mesh for interpolation:         29
     Using uniform k-mesh:   720  720    1
     Size of k point mesh for interpolation:     518400
     Max number of k points per pool:           518400

     Fermi energy coarse grid =  -1.718651 eV

     ===================================================================

     Fermi energy is read from the input file: Ef =  -1.718700 eV

     ===================================================================

     Skipping    1 occupied bands:

     The Fermi level will be determined with   6.00000 electrons

              ibndmin =     1  ebndmin =    -7.719 eV
              ibndmax =     2  ebndmax =     4.281 eV


     Number of ep-matrix elements per pool :     12441600 ~=   94.92 Mb (@ 8 bytes/ DP)
     We only need to compute       29 q-points
      

     ===================================================================
     Phonon (Imaginary) Self-Energy in the Migdal Approximation
     ===================================================================


     Fermi Surface thickness =   6.000000 eV

     Golden Rule strictly enforced with T =   0.038778 eV

     On- and Off-shell dynamical frequency renormalization will be performed using:

      Omega^2 = omega^2 + 2omega(Re[Pi(Omega,T_low)]- Pi[0,T_high]).
     Smearing type for the static self-energy: Fermi-Dirac
     smearing value for the static self-energy: T_high =   0.020000 Ry.
     Gaussian Broadening:   0.005000 eV, ngauss=   1
     DOS =  0.001210 states/spin/eV/Unit Cell at Ef= -1.718700 eV

     ismear =     1 iq =       1 coord.:   0.31389  0.31389  0.00000 wt:   0.03448 Temp:  450.000K
     -------------------------------------------------------------------
     lambda___(   1 )=       0.000000   gamma___=       0.000000 meV  omega=     62.1435 meV   on_shell_Omega=     62.1435 meV  off_shell_Omega=     62.1435 meV
     lambda_tr(   1 )=       0.000000   gamma_tr=       0.000000 meV  omega=     62.1435 meV   on_shell_Omega=     62.1435 meV  off_shell_Omega=     62.1435 meV
     lambda___(   2 )=       0.000000   gamma___=       0.000000 meV  omega=     69.4590 meV   on_shell_Omega=     69.4590 meV  off_shell_Omega=     69.4590 meV
     lambda_tr(   2 )=       0.000000   gamma_tr=       0.000000 meV  omega=     69.4590 meV   on_shell_Omega=     69.4590 meV  off_shell_Omega=     69.4590 meV
     lambda___(   3 )=       0.000000   gamma___=       0.000000 meV  omega=    122.1002 meV   on_shell_Omega=    122.1011 meV  off_shell_Omega=    122.1011 meV
     lambda_tr(   3 )=       0.000001   gamma_tr=       0.000000 meV  omega=    122.1002 meV   on_shell_Omega=    122.1011 meV  off_shell_Omega=    122.1011 meV
     lambda___(   4 )=       0.009665   gamma___=       0.000808 meV  omega=    148.3295 meV   on_shell_Omega=    148.3985 meV  off_shell_Omega=    148.3985 meV
     lambda_tr(   4 )=       0.017580   gamma_tr=       0.001471 meV  omega=    148.3295 meV   on_shell_Omega=    148.3985 meV  off_shell_Omega=    148.3985 meV
     lambda___(   5 )=       0.000058   gamma___=       0.000005 meV  omega=    155.9091 meV   on_shell_Omega=    155.9248 meV  off_shell_Omega=    155.9248 meV
     lambda_tr(   5 )=       0.000069   gamma_tr=       0.000006 meV  omega=    155.9091 meV   on_shell_Omega=    155.9248 meV  off_shell_Omega=    155.9248 meV
     lambda___(   6 )=       0.063951   gamma___=       0.006513 meV  omega=    163.6650 meV   on_shell_Omega=    162.3775 meV  off_shell_Omega=    162.3464 meV
     lambda_tr(   6 )=       0.092271   gamma_tr=       0.009397 meV  omega=    163.6650 meV   on_shell_Omega=    162.3775 meV  off_shell_Omega=    162.3464 meV
     lambda___( tot )=       0.073673
     lambda_tr( tot )=       0.109921
     -------------------------------------------------------------------


     Number of (k,k+q) pairs on the Fermi surface:   353330 out of   518400


     ===================================================================
     Phonon Spectral Function Self-Energy in the Migdal Approximation (on the fly)
     ===================================================================


     Fermi Surface thickness =   6.000000 eV

     Golden Rule strictly enforced with T =   0.038778 eV


     Real and Imaginary part of the phonon self-energy (omega=0) without gamma0.
     Omega(   1 )=   0.0621 eV   Re[Pi]=      -0.000002 meV Im[Pi]=      -0.000000 meV
     Omega(   2 )=   0.0695 eV   Re[Pi]=      -0.000003 meV Im[Pi]=       0.000000 meV
     Omega(   3 )=   0.1221 eV   Re[Pi]=      -0.105634 meV Im[Pi]=      -0.000000 meV
     Omega(   4 )=   0.1483 eV   Re[Pi]=      -4.151777 meV Im[Pi]=      -0.000000 meV
     Omega(   5 )=   0.1559 eV   Re[Pi]=      -3.595062 meV Im[Pi]=       0.000000 meV
     Omega(   6 )=   0.1637 eV   Re[Pi]=     -49.865171 meV Im[Pi]=      -0.000000 meV
     -------------------------------------------------------------------


     ismear =     1 iq =       2 coord.:   0.31528  0.31528  0.00000 wt:   0.03448 Temp:  450.000K
     -------------------------------------------------------------------
     lambda___(   1 )=       0.000000   gamma___=       0.000000 meV  omega=     62.4197 meV   on_shell_Omega=     62.4197 meV  off_shell_Omega=     62.4197 meV
     lambda_tr(   1 )=       0.000000   gamma_tr=       0.000000 meV  omega=     62.4197 meV   on_shell_Omega=     62.4197 meV  off_shell_Omega=     62.4197 meV
     lambda___(   2 )=       0.000000   gamma___=       0.000000 meV  omega=     69.1750 meV   on_shell_Omega=     69.1750 meV  off_shell_Omega=     69.1750 meV
     lambda_tr(   2 )=       0.000000   gamma_tr=       0.000000 meV  omega=     69.1750 meV   on_shell_Omega=     69.1750 meV  off_shell_Omega=     69.1750 meV
     lambda___(   3 )=       0.000001   gamma___=       0.000000 meV  omega=    122.3172 meV   on_shell_Omega=    122.3179 meV  off_shell_Omega=    122.3179 meV
     lambda_tr(   3 )=       0.000001   gamma_tr=       0.000000 meV  omega=    122.3172 meV   on_shell_Omega=    122.3179 meV  off_shell_Omega=    122.3179 meV
     lambda___(   4 )=       0.015783   gamma___=       0.001324 meV  omega=    148.5707 meV   on_shell_Omega=    148.6366 meV  off_shell_Omega=    148.6366 meV
     lambda_tr(   4 )=       0.028622   gamma_tr=       0.002402 meV  omega=    148.5707 meV   on_shell_Omega=    148.6366 meV  off_shell_Omega=    148.6366 meV
     lambda___(   5 )=       0.000110   gamma___=       0.000010 meV  omega=    155.5271 meV   on_shell_Omega=    155.5420 meV  off_shell_Omega=    155.5420 meV
     lambda_tr(   5 )=       0.000128   gamma_tr=       0.000012 meV  omega=    155.5271 meV   on_shell_Omega=    155.5420 meV  off_shell_Omega=    155.5420 meV
     lambda___(   6 )=       0.096177   gamma___=       0.009783 meV  omega=    163.5657 meV   on_shell_Omega=    162.1121 meV  off_shell_Omega=    162.0483 meV
     lambda_tr(   6 )=       0.136099   gamma_tr=       0.013843 meV  omega=    163.5657 meV   on_shell_Omega=    162.1121 meV  off_shell_Omega=    162.0483 meV
     lambda___( tot )=       0.112071
     lambda_tr( tot )=       0.164849
     -------------------------------------------------------------------


     Number of (k,k+q) pairs on the Fermi surface:   353330 out of   518400



     Real and Imaginary part of the phonon self-energy (omega=0) without gamma0.
     Omega(   1 )=   0.0624 eV   Re[Pi]=      -0.000002 meV Im[Pi]=      -0.000000 meV
     Omega(   2 )=   0.0692 eV   Re[Pi]=      -0.000003 meV Im[Pi]=       0.000000 meV
     Omega(   3 )=   0.1223 eV   Re[Pi]=      -0.097625 meV Im[Pi]=      -0.000000 meV
     Omega(   4 )=   0.1486 eV   Re[Pi]=      -4.128303 meV Im[Pi]=      -0.000000 meV
     Omega(   5 )=   0.1555 eV   Re[Pi]=      -3.616610 meV Im[Pi]=       0.000000 meV
     Omega(   6 )=   0.1636 eV   Re[Pi]=     -50.165054 meV Im[Pi]=      -0.000000 meV
     -------------------------------------------------------------------


     ismear =     1 iq =       3 coord.:   0.31667  0.31667  0.00000 wt:   0.03448 Temp:  450.000K
     -------------------------------------------------------------------
     lambda___(   1 )=       0.000000   gamma___=       0.000000 meV  omega=     62.6932 meV   on_shell_Omega=     62.6932 meV  off_shell_Omega=     62.6932 meV
     lambda_tr(   1 )=       0.000000   gamma_tr=       0.000000 meV  omega=     62.6932 meV   on_shell_Omega=     62.6932 meV  off_shell_Omega=     62.6932 meV
     lambda___(   2 )=       0.000000   gamma___=       0.000000 meV  omega=     68.8938 meV   on_shell_Omega=     68.8938 meV  off_shell_Omega=     68.8938 meV
     lambda_tr(   2 )=       0.000000   gamma_tr=       0.000000 meV  omega=     68.8938 meV   on_shell_Omega=     68.8938 meV  off_shell_Omega=     68.8938 meV
     lambda___(   3 )=       0.000001   gamma___=       0.000000 meV  omega=    122.5220 meV   on_shell_Omega=    122.5227 meV  off_shell_Omega=    122.5227 meV
     lambda_tr(   3 )=       0.000001   gamma_tr=       0.000000 meV  omega=    122.5220 meV   on_shell_Omega=    122.5227 meV  off_shell_Omega=    122.5227 meV
     lambda___(   4 )=       0.025331   gamma___=       0.002133 meV  omega=    148.8100 meV   on_shell_Omega=    148.8724 meV  off_shell_Omega=    148.8724 meV
     lambda_tr(   4 )=       0.045691   gamma_tr=       0.003847 meV  omega=    148.8100 meV   on_shell_Omega=    148.8724 meV  off_shell_Omega=    148.8724 meV
     lambda___(   5 )=       0.000217   gamma___=       0.000020 meV  omega=    155.1532 meV   on_shell_Omega=    155.1670 meV  off_shell_Omega=    155.1670 meV
     lambda_tr(   5 )=       0.000244   gamma_tr=       0.000022 meV  omega=    155.1532 meV   on_shell_Omega=    155.1670 meV  off_shell_Omega=    155.1670 meV
     lambda___(   6 )=       0.144627   gamma___=       0.014694 meV  omega=    163.4725 meV   on_shell_Omega=    161.8380 meV  off_shell_Omega=    161.9559 meV
     lambda_tr(   6 )=       0.200318   gamma_tr=       0.020352 meV  omega=    163.4725 meV   on_shell_Omega=    161.8380 meV  off_shell_Omega=    161.9559 meV
     lambda___( tot )=       0.170176
     lambda_tr( tot )=       0.246254
     -------------------------------------------------------------------


     Number of (k,k+q) pairs on the Fermi surface:   353330 out of   518400



     Real and Imaginary part of the phonon self-energy (omega=0) without gamma0.
     Omega(   1 )=   0.0627 eV   Re[Pi]=      -0.000002 meV Im[Pi]=      -0.000000 meV
     Omega(   2 )=   0.0689 eV   Re[Pi]=      -0.000003 meV Im[Pi]=       0.000000 meV
     Omega(   3 )=   0.1225 eV   Re[Pi]=      -0.089625 meV Im[Pi]=      -0.000000 meV
     Omega(   4 )=   0.1488 eV   Re[Pi]=      -4.105508 meV Im[Pi]=      -0.000000 meV
     Omega(   5 )=   0.1552 eV   Re[Pi]=      -3.638489 meV Im[Pi]=       0.000000 meV
     Omega(   6 )=   0.1635 eV   Re[Pi]=     -50.468608 meV Im[Pi]=      -0.000000 meV
     -------------------------------------------------------------------


     ismear =     1 iq =       4 coord.:   0.31806  0.31806  0.00000 wt:   0.03448 Temp:  450.000K
     -------------------------------------------------------------------
     lambda___(   1 )=       0.000000   gamma___=       0.000000 meV  omega=     62.9641 meV   on_shell_Omega=     62.9641 meV  off_shell_Omega=     62.9641 meV
     lambda_tr(   1 )=       0.000000   gamma_tr=       0.000000 meV  omega=     62.9641 meV   on_shell_Omega=     62.9641 meV  off_shell_Omega=     62.9641 meV
     lambda___(   2 )=       0.000000   gamma___=       0.000000 meV  omega=     68.6154 meV   on_shell_Omega=     68.6154 meV  off_shell_Omega=     68.6154 meV
     lambda_tr(   2 )=       0.000000   gamma_tr=       0.000000 meV  omega=     68.6154 meV   on_shell_Omega=     68.6154 meV  off_shell_Omega=     68.6154 meV
     lambda___(   3 )=       0.000002   gamma___=       0.000000 meV  omega=    122.7142 meV   on_shell_Omega=    122.7148 meV  off_shell_Omega=    122.7148 meV
     lambda_tr(   3 )=       0.000002   gamma_tr=       0.000000 meV  omega=    122.7142 meV   on_shell_Omega=    122.7148 meV  off_shell_Omega=    122.7148 meV
     lambda___(   4 )=       0.039820   gamma___=       0.003363 meV  omega=    149.0472 meV   on_shell_Omega=    149.1061 meV  off_shell_Omega=    149.1061 meV
     lambda_tr(   4 )=       0.071242   gamma_tr=       0.006017 meV  omega=    149.0472 meV   on_shell_Omega=    149.1061 meV  off_shell_Omega=    149.1061 meV
     lambda___(   5 )=       0.000439   gamma___=       0.000040 meV  omega=    154.7880 meV   on_shell_Omega=    154.8006 meV  off_shell_Omega=    154.8006 meV
     lambda_tr(   5 )=       0.000473   gamma_tr=       0.000043 meV  omega=    154.7880 meV   on_shell_Omega=    154.8006 meV  off_shell_Omega=    154.8006 meV
     lambda___(   6 )=       0.215403   gamma___=       0.021861 meV  omega=    163.3855 meV   on_shell_Omega=    161.5554 meV  off_shell_Omega=    161.4708 meV
     lambda_tr(   6 )=       0.290859   gamma_tr=       0.029519 meV  omega=    163.3855 meV   on_shell_Omega=    161.5554 meV  off_shell_Omega=    161.4708 meV
     lambda___( tot )=       0.255664
     lambda_tr( tot )=       0.362577
     -------------------------------------------------------------------


     Number of (k,k+q) pairs on the Fermi surface:   353330 out of   518400



     Real and Imaginary part of the phonon self-energy (omega=0) without gamma0.
     Omega(   1 )=   0.0630 eV   Re[Pi]=      -0.000002 meV Im[Pi]=      -0.000000 meV
     Omega(   2 )=   0.0686 eV   Re[Pi]=      -0.000003 meV Im[Pi]=       0.000000 meV
     Omega(   3 )=   0.1227 eV   Re[Pi]=      -0.081697 meV Im[Pi]=      -0.000000 meV
     Omega(   4 )=   0.1490 eV   Re[Pi]=      -4.083456 meV Im[Pi]=      -0.000000 meV
     Omega(   5 )=   0.1548 eV   Re[Pi]=      -3.660626 meV Im[Pi]=       0.000000 meV
     Omega(   6 )=   0.1634 eV   Re[Pi]=     -50.775868 meV Im[Pi]=      -0.000001 meV
     -------------------------------------------------------------------


     ismear =     1 iq =       5 coord.:   0.31944  0.31944  0.00000 wt:   0.03448 Temp:  450.000K
     -------------------------------------------------------------------
     lambda___(   1 )=       0.000000   gamma___=       0.000000 meV  omega=     63.2324 meV   on_shell_Omega=     63.2324 meV  off_shell_Omega=     63.2324 meV
     lambda_tr(   1 )=       0.000000   gamma_tr=       0.000000 meV  omega=     63.2324 meV   on_shell_Omega=     63.2324 meV  off_shell_Omega=     63.2324 meV
     lambda___(   2 )=       0.000000   gamma___=       0.000000 meV  omega=     68.3400 meV   on_shell_Omega=     68.3400 meV  off_shell_Omega=     68.3400 meV
     lambda_tr(   2 )=       0.000000   gamma_tr=       0.000000 meV  omega=     68.3400 meV   on_shell_Omega=     68.3400 meV  off_shell_Omega=     68.3400 meV
     lambda___(   3 )=       0.000003   gamma___=       0.000000 meV  omega=    122.8931 meV   on_shell_Omega=    122.8936 meV  off_shell_Omega=    122.8936 meV
     lambda_tr(   3 )=       0.000003   gamma_tr=       0.000000 meV  omega=    122.8931 meV   on_shell_Omega=    122.8936 meV  off_shell_Omega=    122.8936 meV
     lambda___(   4 )=       0.061259   gamma___=       0.005190 meV  omega=    149.2826 meV   on_shell_Omega=    149.3377 meV  off_shell_Omega=    149.3377 meV
     lambda_tr(   4 )=       0.108100   gamma_tr=       0.009159 meV  omega=    149.2826 meV   on_shell_Omega=    149.3377 meV  off_shell_Omega=    149.3377 meV
     lambda___(   5 )=       0.000916   gamma___=       0.000083 meV  omega=    154.4321 meV   on_shell_Omega=    154.4433 meV  off_shell_Omega=    154.4433 meV
     lambda_tr(   5 )=       0.000942   gamma_tr=       0.000085 meV  omega=    154.4321 meV   on_shell_Omega=    154.4433 meV  off_shell_Omega=    154.4433 meV
     lambda___(   6 )=       0.319336   gamma___=       0.032377 meV  omega=    163.3051 meV   on_shell_Omega=    161.2648 meV  off_shell_Omega=    161.3913 meV
     lambda_tr(   6 )=       0.415979   gamma_tr=       0.042176 meV  omega=    163.3051 meV   on_shell_Omega=    161.2648 meV  off_shell_Omega=    161.3913 meV
     lambda___( tot )=       0.381515
     lambda_tr( tot )=       0.525024
     -------------------------------------------------------------------


     Number of (k,k+q) pairs on the Fermi surface:   353330 out of   518400



     Real and Imaginary part of the phonon self-energy (omega=0) without gamma0.
     Omega(   1 )=   0.0632 eV   Re[Pi]=      -0.000003 meV Im[Pi]=      -0.000000 meV
     Omega(   2 )=   0.0683 eV   Re[Pi]=      -0.000003 meV Im[Pi]=       0.000000 meV
     Omega(   3 )=   0.1229 eV   Re[Pi]=      -0.073914 meV Im[Pi]=      -0.000000 meV
     Omega(   4 )=   0.1493 eV   Re[Pi]=      -4.062210 meV Im[Pi]=      -0.000000 meV
     Omega(   5 )=   0.1544 eV   Re[Pi]=      -3.682940 meV Im[Pi]=       0.000000 meV
     Omega(   6 )=   0.1633 eV   Re[Pi]=     -51.086758 meV Im[Pi]=      -0.000001 meV
     -------------------------------------------------------------------


     ismear =     1 iq =       6 coord.:   0.32083  0.32083  0.00000 wt:   0.03448 Temp:  450.000K
     -------------------------------------------------------------------
     lambda___(   1 )=       0.000000   gamma___=       0.000000 meV  omega=     63.4980 meV   on_shell_Omega=     63.4980 meV  off_shell_Omega=     63.4980 meV
     lambda_tr(   1 )=       0.000000   gamma_tr=       0.000000 meV  omega=     63.4980 meV   on_shell_Omega=     63.4980 meV  off_shell_Omega=     63.4980 meV
     lambda___(   2 )=       0.000000   gamma___=       0.000000 meV  omega=     68.0677 meV   on_shell_Omega=     68.0677 meV  off_shell_Omega=     68.0677 meV
     lambda_tr(   2 )=       0.000000   gamma_tr=       0.000000 meV  omega=     68.0677 meV   on_shell_Omega=     68.0677 meV  off_shell_Omega=     68.0677 meV
     lambda___(   3 )=       0.000004   gamma___=       0.000000 meV  omega=    123.0581 meV   on_shell_Omega=    123.0584 meV  off_shell_Omega=    123.0584 meV
     lambda_tr(   3 )=       0.000005   gamma_tr=       0.000000 meV  omega=    123.0581 meV   on_shell_Omega=    123.0584 meV  off_shell_Omega=    123.0584 meV
     lambda___(   4 )=       0.091974   gamma___=       0.007817 meV  omega=    149.5160 meV   on_shell_Omega=    149.5673 meV  off_shell_Omega=    149.5673 meV
     lambda_tr(   4 )=       0.158797   gamma_tr=       0.013496 meV  omega=    149.5160 meV   on_shell_Omega=    149.5673 meV  off_shell_Omega=    149.5673 meV
     lambda___(   5 )=       0.002000   gamma___=       0.000181 meV  omega=    154.0863 meV   on_shell_Omega=    154.0956 meV  off_shell_Omega=    154.0956 meV
     lambda_tr(   5 )=       0.001913   gamma_tr=       0.000173 meV  omega=    154.0863 meV   on_shell_Omega=    154.0956 meV  off_shell_Omega=    154.0956 meV
     lambda___(   6 )=       0.476630   gamma___=       0.048282 meV  omega=    163.2315 meV   on_shell_Omega=    160.9692 meV  off_shell_Omega=    160.9201 meV
     lambda_tr(   6 )=       0.586428   gamma_tr=       0.059404 meV  omega=    163.2315 meV   on_shell_Omega=    160.9692 meV  off_shell_Omega=    160.9201 meV
     lambda___( tot )=       0.570608
     lambda_tr( tot )=       0.747142
     -------------------------------------------------------------------


     Number of (k,k+q) pairs on the Fermi surface:   353330 out of   518400



     Real and Imaginary part of the phonon self-energy (omega=0) without gamma0.
     Omega(   1 )=   0.0635 eV   Re[Pi]=      -0.000003 meV Im[Pi]=      -0.000000 meV
     Omega(   2 )=   0.0681 eV   Re[Pi]=      -0.000003 meV Im[Pi]=       0.000000 meV
     Omega(   3 )=   0.1231 eV   Re[Pi]=      -0.066359 meV Im[Pi]=      -0.000000 meV
     Omega(   4 )=   0.1495 eV   Re[Pi]=      -4.041834 meV Im[Pi]=      -0.000000 meV
     Omega(   5 )=   0.1541 eV   Re[Pi]=      -3.705343 meV Im[Pi]=       0.000000 meV
     Omega(   6 )=   0.1632 eV   Re[Pi]=     -51.400953 meV Im[Pi]=      -0.000001 meV
     -------------------------------------------------------------------


     ismear =     1 iq =       7 coord.:   0.32222  0.32222  0.00000 wt:   0.03448 Temp:  450.000K
     -------------------------------------------------------------------
     lambda___(   1 )=       0.000000   gamma___=       0.000000 meV  omega=     63.7609 meV   on_shell_Omega=     63.7609 meV  off_shell_Omega=     63.7609 meV
     lambda_tr(   1 )=       0.000000   gamma_tr=       0.000000 meV  omega=     63.7609 meV   on_shell_Omega=     63.7609 meV  off_shell_Omega=     63.7609 meV
     lambda___(   2 )=       0.000000   gamma___=       0.000000 meV  omega=     67.7985 meV   on_shell_Omega=     67.7985 meV  off_shell_Omega=     67.7985 meV
     lambda_tr(   2 )=       0.000000   gamma_tr=       0.000000 meV  omega=     67.7985 meV   on_shell_Omega=     67.7985 meV  off_shell_Omega=     67.7985 meV
     lambda___(   3 )=       0.000007   gamma___=       0.000000 meV  omega=    123.2084 meV   on_shell_Omega=    123.2087 meV  off_shell_Omega=    123.2087 meV
     lambda_tr(   3 )=       0.000007   gamma_tr=       0.000000 meV  omega=    123.2084 meV   on_shell_Omega=    123.2087 meV  off_shell_Omega=    123.2087 meV
     lambda___(   4 )=       0.134662   gamma___=       0.011480 meV  omega=    149.7475 meV   on_shell_Omega=    149.7953 meV  off_shell_Omega=    149.7953 meV
     lambda_tr(   4 )=       0.223071   gamma_tr=       0.019018 meV  omega=    149.7475 meV   on_shell_Omega=    149.7953 meV  off_shell_Omega=    149.7953 meV
     lambda___(   5 )=       0.004130   gamma___=       0.000371 meV  omega=    153.7512 meV   on_shell_Omega=    153.7580 meV  off_shell_Omega=    153.7580 meV
     lambda_tr(   5 )=       0.003627   gamma_tr=       0.000326 meV  omega=    153.7512 meV   on_shell_Omega=    153.7580 meV  off_shell_Omega=    153.7580 meV
     lambda___(   6 )=       0.646198   gamma___=       0.065406 meV  omega=    163.1649 meV   on_shell_Omega=    160.6718 meV  off_shell_Omega=    160.6552 meV
     lambda_tr(   6 )=       0.752005   gamma_tr=       0.076115 meV  omega=    163.1649 meV   on_shell_Omega=    160.6718 meV  off_shell_Omega=    160.6552 meV
     lambda___( tot )=       0.784997
     lambda_tr( tot )=       0.978711
     -------------------------------------------------------------------


     Number of (k,k+q) pairs on the Fermi surface:   353330 out of   518400



     Real and Imaginary part of the phonon self-energy (omega=0) without gamma0.
     Omega(   1 )=   0.0638 eV   Re[Pi]=      -0.000003 meV Im[Pi]=      -0.000000 meV
     Omega(   2 )=   0.0678 eV   Re[Pi]=      -0.000003 meV Im[Pi]=       0.000000 meV
     Omega(   3 )=   0.1232 eV   Re[Pi]=      -0.059122 meV Im[Pi]=      -0.000000 meV
     Omega(   4 )=   0.1497 eV   Re[Pi]=      -4.022380 meV Im[Pi]=      -0.000000 meV
     Omega(   5 )=   0.1538 eV   Re[Pi]=      -3.727734 meV Im[Pi]=       0.000000 meV
     Omega(   6 )=   0.1632 eV   Re[Pi]=     -51.717647 meV Im[Pi]=      -0.000001 meV
     -------------------------------------------------------------------


     ismear =     1 iq =       8 coord.:   0.32361  0.32361  0.00000 wt:   0.03448 Temp:  450.000K
     -------------------------------------------------------------------
     lambda___(   1 )=       0.000000   gamma___=       0.000000 meV  omega=     64.0211 meV   on_shell_Omega=     64.0211 meV  off_shell_Omega=     64.0211 meV
     lambda_tr(   1 )=       0.000000   gamma_tr=       0.000000 meV  omega=     64.0211 meV   on_shell_Omega=     64.0211 meV  off_shell_Omega=     64.0211 meV
     lambda___(   2 )=       0.000000   gamma___=       0.000000 meV  omega=     67.5324 meV   on_shell_Omega=     67.5324 meV  off_shell_Omega=     67.5324 meV
     lambda_tr(   2 )=       0.000000   gamma_tr=       0.000000 meV  omega=     67.5324 meV   on_shell_Omega=     67.5324 meV  off_shell_Omega=     67.5324 meV
     lambda___(   3 )=       0.000013   gamma___=       0.000001 meV  omega=    123.3434 meV   on_shell_Omega=    123.3436 meV  off_shell_Omega=    123.3436 meV
     lambda_tr(   3 )=       0.000012   gamma_tr=       0.000001 meV  omega=    123.3434 meV   on_shell_Omega=    123.3436 meV  off_shell_Omega=    123.3436 meV
     lambda___(   4 )=       0.174403   gamma___=       0.014914 meV  omega=    149.9773 meV   on_shell_Omega=    150.0218 meV  off_shell_Omega=    150.0218 meV
     lambda_tr(   4 )=       0.276912   gamma_tr=       0.023680 meV  omega=    149.9773 meV   on_shell_Omega=    150.0218 meV  off_shell_Omega=    150.0218 meV
     lambda___(   5 )=       0.010428   gamma___=       0.000933 meV  omega=    153.4275 meV   on_shell_Omega=    153.4307 meV  off_shell_Omega=    153.4307 meV
     lambda_tr(   5 )=       0.007750   gamma_tr=       0.000694 meV  omega=    153.4275 meV   on_shell_Omega=    153.4307 meV  off_shell_Omega=    153.4307 meV
     lambda___(   6 )=       0.930550   gamma___=       0.094118 meV  omega=    163.1055 meV   on_shell_Omega=    160.3742 meV  off_shell_Omega=    160.3977 meV
     lambda_tr(   6 )=       0.928967   gamma_tr=       0.093958 meV  omega=    163.1055 meV   on_shell_Omega=    160.3742 meV  off_shell_Omega=    160.3977 meV
     lambda___( tot )=       1.115394
     lambda_tr( tot )=       1.213641
     -------------------------------------------------------------------


     Number of (k,k+q) pairs on the Fermi surface:   353330 out of   518400



     Real and Imaginary part of the phonon self-energy (omega=0) without gamma0.
     Omega(   1 )=   0.0640 eV   Re[Pi]=      -0.000003 meV Im[Pi]=      -0.000000 meV
     Omega(   2 )=   0.0675 eV   Re[Pi]=      -0.000003 meV Im[Pi]=       0.000000 meV
     Omega(   3 )=   0.1233 eV   Re[Pi]=      -0.052304 meV Im[Pi]=      -0.000000 meV
     Omega(   4 )=   0.1500 eV   Re[Pi]=      -4.003878 meV Im[Pi]=      -0.000000 meV
     Omega(   5 )=   0.1534 eV   Re[Pi]=      -3.750006 meV Im[Pi]=       0.000000 meV
     Omega(   6 )=   0.1631 eV   Re[Pi]=     -52.035147 meV Im[Pi]=      -0.000001 meV
     -------------------------------------------------------------------


     ismear =     1 iq =       9 coord.:   0.32500  0.32500  0.00000 wt:   0.03448 Temp:  450.000K
     -------------------------------------------------------------------
     lambda___(   1 )=       0.000000   gamma___=       0.000000 meV  omega=     64.2787 meV   on_shell_Omega=     64.2787 meV  off_shell_Omega=     64.2787 meV
     lambda_tr(   1 )=       0.000000   gamma_tr=       0.000000 meV  omega=     64.2787 meV   on_shell_Omega=     64.2787 meV  off_shell_Omega=     64.2787 meV
     lambda___(   2 )=       0.000000   gamma___=       0.000000 meV  omega=     67.2697 meV   on_shell_Omega=     67.2697 meV  off_shell_Omega=     67.2697 meV
     lambda_tr(   2 )=       0.000000   gamma_tr=       0.000000 meV  omega=     67.2697 meV   on_shell_Omega=     67.2697 meV  off_shell_Omega=     67.2697 meV
     lambda___(   3 )=       0.000023   gamma___=       0.000001 meV  omega=    123.4625 meV   on_shell_Omega=    123.4627 meV  off_shell_Omega=    123.4627 meV
     lambda_tr(   3 )=       0.000020   gamma_tr=       0.000001 meV  omega=    123.4625 meV   on_shell_Omega=    123.4627 meV  off_shell_Omega=    123.4627 meV
     lambda___(   4 )=       0.192411   gamma___=       0.016504 meV  omega=    150.2052 meV   on_shell_Omega=    150.2468 meV  off_shell_Omega=    150.2468 meV
     lambda_tr(   4 )=       0.295024   gamma_tr=       0.025306 meV  omega=    150.2052 meV   on_shell_Omega=    150.2468 meV  off_shell_Omega=    150.2468 meV
     lambda___(   5 )=       0.033811   gamma___=       0.003014 meV  omega=    153.1160 meV   on_shell_Omega=    153.1130 meV  off_shell_Omega=    153.1130 meV
     lambda_tr(   5 )=       0.021914   gamma_tr=       0.001953 meV  omega=    153.1160 meV   on_shell_Omega=    153.1130 meV  off_shell_Omega=    153.1130 meV
     lambda___(   6 )=       0.656770   gamma___=       0.066385 meV  omega=    163.0536 meV   on_shell_Omega=    160.0717 meV  off_shell_Omega=    160.1476 meV
     lambda_tr(   6 )=       0.510766   gamma_tr=       0.051627 meV  omega=    163.0536 meV   on_shell_Omega=    160.0717 meV  off_shell_Omega=    160.1476 meV
     lambda___( tot )=       0.883015
     lambda_tr( tot )=       0.827724
     -------------------------------------------------------------------


     Number of (k,k+q) pairs on the Fermi surface:   353330 out of   518400



     Real and Imaginary part of the phonon self-energy (omega=0) without gamma0.
     Omega(   1 )=   0.0643 eV   Re[Pi]=      -0.000003 meV Im[Pi]=      -0.000000 meV
     Omega(   2 )=   0.0673 eV   Re[Pi]=      -0.000003 meV Im[Pi]=       0.000000 meV
     Omega(   3 )=   0.1235 eV   Re[Pi]=      -0.046013 meV Im[Pi]=      -0.000000 meV
     Omega(   4 )=   0.1502 eV   Re[Pi]=      -3.986316 meV Im[Pi]=      -0.000000 meV
     Omega(   5 )=   0.1531 eV   Re[Pi]=      -3.772045 meV Im[Pi]=       0.000000 meV
     Omega(   6 )=   0.1631 eV   Re[Pi]=     -52.350241 meV Im[Pi]=      -0.000001 meV
     -------------------------------------------------------------------


     ismear =     1 iq =      10 coord.:   0.32639  0.32639  0.00000 wt:   0.03448 Temp:  450.000K
     -------------------------------------------------------------------
     lambda___(   1 )=       0.000000   gamma___=       0.000000 meV  omega=     64.5335 meV   on_shell_Omega=     64.5335 meV  off_shell_Omega=     64.5335 meV
     lambda_tr(   1 )=       0.000000   gamma_tr=       0.000000 meV  omega=     64.5335 meV   on_shell_Omega=     64.5335 meV  off_shell_Omega=     64.5335 meV
     lambda___(   2 )=       0.000000   gamma___=       0.000000 meV  omega=     67.0103 meV   on_shell_Omega=     67.0103 meV  off_shell_Omega=     67.0103 meV
     lambda_tr(   2 )=       0.000000   gamma_tr=       0.000000 meV  omega=     67.0103 meV   on_shell_Omega=     67.0103 meV  off_shell_Omega=     67.0103 meV
     lambda___(   3 )=       0.000046   gamma___=       0.000003 meV  omega=    123.5650 meV   on_shell_Omega=    123.5651 meV  off_shell_Omega=    123.5651 meV
     lambda_tr(   3 )=       0.000028   gamma_tr=       0.000002 meV  omega=    123.5650 meV   on_shell_Omega=    123.5651 meV  off_shell_Omega=    123.5651 meV
     lambda___(   4 )=       0.296635   gamma___=       0.025521 meV  omega=    150.4314 meV   on_shell_Omega=    150.4732 meV  off_shell_Omega=    150.4732 meV
     lambda_tr(   4 )=       0.359677   gamma_tr=       0.030945 meV  omega=    150.4314 meV   on_shell_Omega=    150.4732 meV  off_shell_Omega=    150.4732 meV
     lambda___(   5 )=       0.117206   gamma___=       0.010406 meV  omega=    152.8172 meV   on_shell_Omega=    152.8036 meV  off_shell_Omega=    152.8036 meV
     lambda_tr(   5 )=       0.050946   gamma_tr=       0.004523 meV  omega=    152.8172 meV   on_shell_Omega=    152.8036 meV  off_shell_Omega=    152.8036 meV
     lambda___(   6 )=       0.912884   gamma___=       0.092222 meV  omega=    163.0092 meV   on_shell_Omega=    159.7237 meV  off_shell_Omega=    159.9051 meV
     lambda_tr(   6 )=       0.508181   gamma_tr=       0.051338 meV  omega=    163.0092 meV   on_shell_Omega=    159.7237 meV  off_shell_Omega=    159.9051 meV
     lambda___( tot )=       1.326772
     lambda_tr( tot )=       0.918833
     -------------------------------------------------------------------


     Number of (k,k+q) pairs on the Fermi surface:   353330 out of   518400



     Real and Imaginary part of the phonon self-energy (omega=0) without gamma0.
     Omega(   1 )=   0.0645 eV   Re[Pi]=      -0.000003 meV Im[Pi]=      -0.000000 meV
     Omega(   2 )=   0.0670 eV   Re[Pi]=      -0.000003 meV Im[Pi]=       0.000000 meV
     Omega(   3 )=   0.1236 eV   Re[Pi]=      -0.040363 meV Im[Pi]=      -0.000000 meV
     Omega(   4 )=   0.1504 eV   Re[Pi]=      -3.969612 meV Im[Pi]=      -0.000000 meV
     Omega(   5 )=   0.1528 eV   Re[Pi]=      -3.793729 meV Im[Pi]=       0.000000 meV
     Omega(   6 )=   0.1630 eV   Re[Pi]=     -52.657297 meV Im[Pi]=      -0.000001 meV
     -------------------------------------------------------------------


     ismear =     1 iq =      11 coord.:   0.32778  0.32778  0.00000 wt:   0.03448 Temp:  450.000K
     -------------------------------------------------------------------
     lambda___(   1 )=       0.000000   gamma___=       0.000000 meV  omega=     64.7855 meV   on_shell_Omega=     64.7855 meV  off_shell_Omega=     64.7855 meV
     lambda_tr(   1 )=       0.000000   gamma_tr=       0.000000 meV  omega=     64.7855 meV   on_shell_Omega=     64.7855 meV  off_shell_Omega=     64.7855 meV
     lambda___(   2 )=       0.000000   gamma___=       0.000000 meV  omega=     66.7544 meV   on_shell_Omega=     66.7544 meV  off_shell_Omega=     66.7544 meV
     lambda_tr(   2 )=       0.000000   gamma_tr=       0.000000 meV  omega=     66.7544 meV   on_shell_Omega=     66.7544 meV  off_shell_Omega=     66.7544 meV
     lambda___(   3 )=       0.000117   gamma___=       0.000007 meV  omega=    123.6502 meV   on_shell_Omega=    123.6503 meV  off_shell_Omega=    123.6503 meV
     lambda_tr(   3 )=       0.000024   gamma_tr=       0.000001 meV  omega=    123.6502 meV   on_shell_Omega=    123.6503 meV  off_shell_Omega=    123.6503 meV
     lambda___(   4 )=       0.133670   gamma___=       0.011535 meV  omega=    150.6559 meV   on_shell_Omega=    150.6928 meV  off_shell_Omega=    150.6928 meV
     lambda_tr(   4 )=       0.210196   gamma_tr=       0.018138 meV  omega=    150.6559 meV   on_shell_Omega=    150.6928 meV  off_shell_Omega=    150.6928 meV
     lambda___(   5 )=       0.998376   gamma___=       0.088310 meV  omega=    152.5318 meV   on_shell_Omega=    152.5331 meV  off_shell_Omega=    152.5331 meV
     lambda_tr(   5 )=       0.055940   gamma_tr=       0.004948 meV  omega=    152.5318 meV   on_shell_Omega=    152.5331 meV  off_shell_Omega=    152.5331 meV
     lambda___(   6 )=       1.646232   gamma___=       0.166233 meV  omega=    162.9727 meV   on_shell_Omega=    159.1923 meV  off_shell_Omega=    159.2724 meV
     lambda_tr(   6 )=       0.482355   gamma_tr=       0.048707 meV  omega=    162.9727 meV   on_shell_Omega=    159.1923 meV  off_shell_Omega=    159.2724 meV
     lambda___( tot )=       2.778395
     lambda_tr( tot )=       0.748515
     -------------------------------------------------------------------


     Number of (k,k+q) pairs on the Fermi surface:   353330 out of   518400



     Real and Imaginary part of the phonon self-energy (omega=0) without gamma0.
     Omega(   1 )=   0.0648 eV   Re[Pi]=      -0.000003 meV Im[Pi]=      -0.000000 meV
     Omega(   2 )=   0.0668 eV   Re[Pi]=      -0.000003 meV Im[Pi]=       0.000000 meV
     Omega(   3 )=   0.1237 eV   Re[Pi]=      -0.035474 meV Im[Pi]=      -0.000000 meV
     Omega(   4 )=   0.1507 eV   Re[Pi]=      -3.953588 meV Im[Pi]=      -0.000000 meV
     Omega(   5 )=   0.1525 eV   Re[Pi]=      -3.814930 meV Im[Pi]=       0.000000 meV
     Omega(   6 )=   0.1630 eV   Re[Pi]=     -52.947244 meV Im[Pi]=      -0.000001 meV
     -------------------------------------------------------------------


     ismear =     1 iq =      12 coord.:   0.32917  0.32917  0.00000 wt:   0.03448 Temp:  450.000K
     -------------------------------------------------------------------
     lambda___(   1 )=       0.000000   gamma___=       0.000000 meV  omega=     65.0348 meV   on_shell_Omega=     65.0348 meV  off_shell_Omega=     65.0348 meV
     lambda_tr(   1 )=       0.000000   gamma_tr=       0.000000 meV  omega=     65.0348 meV   on_shell_Omega=     65.0348 meV  off_shell_Omega=     65.0348 meV
     lambda___(   2 )=       0.000000   gamma___=       0.000000 meV  omega=     66.5019 meV   on_shell_Omega=     66.5019 meV  off_shell_Omega=     66.5019 meV
     lambda_tr(   2 )=       0.000000   gamma_tr=       0.000000 meV  omega=     66.5019 meV   on_shell_Omega=     66.5019 meV  off_shell_Omega=     66.5019 meV
     lambda___(   3 )=       0.000165   gamma___=       0.000010 meV  omega=    123.7175 meV   on_shell_Omega=    123.7176 meV  off_shell_Omega=    123.7176 meV
     lambda_tr(   3 )=       0.000045   gamma_tr=       0.000003 meV  omega=    123.7175 meV   on_shell_Omega=    123.7176 meV  off_shell_Omega=    123.7176 meV
     lambda___(   4 )=       0.086330   gamma___=       0.007472 meV  omega=    150.8787 meV   on_shell_Omega=    150.9028 meV  off_shell_Omega=    150.9028 meV
     lambda_tr(   4 )=       0.157075   gamma_tr=       0.013594 meV  omega=    150.8787 meV   on_shell_Omega=    150.9028 meV  off_shell_Omega=    150.9028 meV
     lambda___(   5 )=       0.200254   gamma___=       0.017650 meV  omega=    152.2606 meV   on_shell_Omega=    152.2932 meV  off_shell_Omega=    152.2932 meV
     lambda_tr(   5 )=       0.182602   gamma_tr=       0.016094 meV  omega=    152.2606 meV   on_shell_Omega=    152.2932 meV  off_shell_Omega=    152.2932 meV
     lambda___(   6 )=       5.016995   gamma___=       0.506427 meV  omega=    162.9441 meV   on_shell_Omega=    158.8615 meV  off_shell_Omega=    159.0455 meV
     lambda_tr(   6 )=       6.731678   gamma_tr=       0.679510 meV  omega=    162.9441 meV   on_shell_Omega=    158.8615 meV  off_shell_Omega=    159.0455 meV
     lambda___( tot )=       5.303744
     lambda_tr( tot )=       7.071401
     -------------------------------------------------------------------


     Number of (k,k+q) pairs on the Fermi surface:   353330 out of   518400



     Real and Imaginary part of the phonon self-energy (omega=0) without gamma0.
     Omega(   1 )=   0.0650 eV   Re[Pi]=      -0.000003 meV Im[Pi]=      -0.000000 meV
     Omega(   2 )=   0.0665 eV   Re[Pi]=      -0.000003 meV Im[Pi]=       0.000000 meV
     Omega(   3 )=   0.1237 eV   Re[Pi]=      -0.031468 meV Im[Pi]=      -0.000000 meV
     Omega(   4 )=   0.1509 eV   Re[Pi]=      -3.937945 meV Im[Pi]=      -0.000000 meV
     Omega(   5 )=   0.1523 eV   Re[Pi]=      -3.835516 meV Im[Pi]=       0.000000 meV
     Omega(   6 )=   0.1629 eV   Re[Pi]=     -53.206878 meV Im[Pi]=      -0.000001 meV
     -------------------------------------------------------------------


     ismear =     1 iq =      13 coord.:   0.33056  0.33056  0.00000 wt:   0.03448 Temp:  450.000K
     -------------------------------------------------------------------
     lambda___(   1 )=       0.000000   gamma___=       0.000000 meV  omega=     65.2814 meV   on_shell_Omega=     65.2814 meV  off_shell_Omega=     65.2814 meV
     lambda_tr(   1 )=       0.000000   gamma_tr=       0.000000 meV  omega=     65.2814 meV   on_shell_Omega=     65.2814 meV  off_shell_Omega=     65.2814 meV
     lambda___(   2 )=       0.000000   gamma___=       0.000000 meV  omega=     66.2530 meV   on_shell_Omega=     66.2530 meV  off_shell_Omega=     66.2530 meV
     lambda_tr(   2 )=       0.000000   gamma_tr=       0.000000 meV  omega=     66.2530 meV   on_shell_Omega=     66.2530 meV  off_shell_Omega=     66.2530 meV
     lambda___(   3 )=       0.000013   gamma___=       0.000001 meV  omega=    123.7664 meV   on_shell_Omega=    123.7664 meV  off_shell_Omega=    123.7664 meV
     lambda_tr(   3 )=       0.000017   gamma_tr=       0.000001 meV  omega=    123.7664 meV   on_shell_Omega=    123.7664 meV  off_shell_Omega=    123.7664 meV
     lambda___(   4 )=       0.127289   gamma___=       0.011049 meV  omega=    151.0999 meV   on_shell_Omega=    151.1203 meV  off_shell_Omega=    151.1203 meV
     lambda_tr(   4 )=       0.255416   gamma_tr=       0.022170 meV  omega=    151.0999 meV   on_shell_Omega=    151.1203 meV  off_shell_Omega=    151.1203 meV
     lambda___(   5 )=       0.095815   gamma___=       0.008417 meV  omega=    152.0040 meV   on_shell_Omega=    152.0277 meV  off_shell_Omega=    152.0277 meV
     lambda_tr(   5 )=       0.144325   gamma_tr=       0.012678 meV  omega=    152.0040 meV   on_shell_Omega=    152.0277 meV  off_shell_Omega=    152.0277 meV
     lambda___(   6 )=       9.107423   gamma___=       0.919091 meV  omega=    162.9234 meV   on_shell_Omega=    158.7051 meV  off_shell_Omega=    158.6276 meV
     lambda_tr(   6 )=      17.233407   gamma_tr=       1.739138 meV  omega=    162.9234 meV   on_shell_Omega=    158.7051 meV  off_shell_Omega=    158.6276 meV
     lambda___( tot )=       9.330541
     lambda_tr( tot )=      17.633166
     -------------------------------------------------------------------


     Number of (k,k+q) pairs on the Fermi surface:   353330 out of   518400



     Real and Imaginary part of the phonon self-energy (omega=0) without gamma0.
     Omega(   1 )=   0.0653 eV   Re[Pi]=      -0.000003 meV Im[Pi]=      -0.000000 meV
     Omega(   2 )=   0.0663 eV   Re[Pi]=      -0.000003 meV Im[Pi]=       0.000000 meV
     Omega(   3 )=   0.1238 eV   Re[Pi]=      -0.028464 meV Im[Pi]=       0.000000 meV
     Omega(   4 )=   0.1511 eV   Re[Pi]=      -3.922250 meV Im[Pi]=      -0.000000 meV
     Omega(   5 )=   0.1520 eV   Re[Pi]=      -3.855340 meV Im[Pi]=       0.000000 meV
     Omega(   6 )=   0.1629 eV   Re[Pi]=     -53.419386 meV Im[Pi]=       0.000000 meV
     -------------------------------------------------------------------


     ismear =     1 iq =      14 coord.:   0.33194  0.33194  0.00000 wt:   0.03448 Temp:  450.000K
     -------------------------------------------------------------------
     lambda___(   1 )=       0.000000   gamma___=       0.000000 meV  omega=     65.5252 meV   on_shell_Omega=     65.5252 meV  off_shell_Omega=     65.5252 meV
     lambda_tr(   1 )=       0.000000   gamma_tr=       0.000000 meV  omega=     65.5252 meV   on_shell_Omega=     65.5252 meV  off_shell_Omega=     65.5252 meV
     lambda___(   2 )=       0.000000   gamma___=       0.000000 meV  omega=     66.0078 meV   on_shell_Omega=     66.0078 meV  off_shell_Omega=     66.0078 meV
     lambda_tr(   2 )=       0.000000   gamma_tr=       0.000000 meV  omega=     66.0078 meV   on_shell_Omega=     66.0078 meV  off_shell_Omega=     66.0078 meV
     lambda___(   3 )=       0.000005   gamma___=       0.000000 meV  omega=    123.7961 meV   on_shell_Omega=    123.7961 meV  off_shell_Omega=    123.7961 meV
     lambda_tr(   3 )=       0.000010   gamma_tr=       0.000001 meV  omega=    123.7961 meV   on_shell_Omega=    123.7961 meV  off_shell_Omega=    123.7961 meV
     lambda___(   4 )=       0.274630   gamma___=       0.023907 meV  omega=    151.3194 meV   on_shell_Omega=    151.3397 meV  off_shell_Omega=    151.3397 meV
     lambda_tr(   4 )=       0.544407   gamma_tr=       0.047392 meV  omega=    151.3194 meV   on_shell_Omega=    151.3397 meV  off_shell_Omega=    151.3397 meV
     lambda___(   5 )=       0.128001   gamma___=       0.011208 meV  omega=    151.7628 meV   on_shell_Omega=    151.7943 meV  off_shell_Omega=    151.7943 meV
     lambda_tr(   5 )=       0.246256   gamma_tr=       0.021563 meV  omega=    151.7628 meV   on_shell_Omega=    151.7943 meV  off_shell_Omega=    151.7943 meV
     lambda___(   6 )=       6.753802   gamma___=       0.681467 meV  omega=    162.9109 meV   on_shell_Omega=    158.7808 meV  off_shell_Omega=    159.0132 meV
     lambda_tr(   6 )=      13.035068   gamma_tr=       1.315254 meV  omega=    162.9109 meV   on_shell_Omega=    158.7808 meV  off_shell_Omega=    159.0132 meV
     lambda___( tot )=       7.156438
     lambda_tr( tot )=      13.825740
     -------------------------------------------------------------------


     Number of (k,k+q) pairs on the Fermi surface:   353330 out of   518400



     Real and Imaginary part of the phonon self-energy (omega=0) without gamma0.
     Omega(   1 )=   0.0655 eV   Re[Pi]=      -0.000003 meV Im[Pi]=      -0.000000 meV
     Omega(   2 )=   0.0660 eV   Re[Pi]=      -0.000003 meV Im[Pi]=       0.000000 meV
     Omega(   3 )=   0.1238 eV   Re[Pi]=      -0.026582 meV Im[Pi]=       0.000000 meV
     Omega(   4 )=   0.1513 eV   Re[Pi]=      -3.905783 meV Im[Pi]=      -0.000000 meV
     Omega(   5 )=   0.1518 eV   Re[Pi]=      -3.874115 meV Im[Pi]=       0.000000 meV
     Omega(   6 )=   0.1629 eV   Re[Pi]=     -53.567200 meV Im[Pi]=       0.000001 meV
     -------------------------------------------------------------------


     ismear =     1 iq =      15 coord.:   0.33333  0.33333  0.00000 wt:   0.03448 Temp:  450.000K
     -------------------------------------------------------------------
     lambda___(   1 )=       0.000000   gamma___=       0.000000 meV  omega=     65.7663 meV   on_shell_Omega=     65.7663 meV  off_shell_Omega=     65.7663 meV
     lambda_tr(   1 )=       0.000000   gamma_tr=       0.000000 meV  omega=     65.7663 meV   on_shell_Omega=     65.7663 meV  off_shell_Omega=     65.7663 meV
     lambda___(   2 )=       0.000000   gamma___=       0.000000 meV  omega=     65.7663 meV   on_shell_Omega=     65.7663 meV  off_shell_Omega=     65.7663 meV
     lambda_tr(   2 )=       0.000000   gamma_tr=       0.000000 meV  omega=     65.7663 meV   on_shell_Omega=     65.7663 meV  off_shell_Omega=     65.7663 meV
     lambda___(   3 )=       0.000000   gamma___=       0.000000 meV  omega=    123.8063 meV   on_shell_Omega=    123.8063 meV  off_shell_Omega=    123.8063 meV
     lambda_tr(   3 )=       0.000000   gamma_tr=       0.000000 meV  omega=    123.8063 meV   on_shell_Omega=    123.8063 meV  off_shell_Omega=    123.8063 meV
     lambda___(   4 )=       0.184248   gamma___=       0.016086 meV  omega=    151.5375 meV   on_shell_Omega=    151.5484 meV  off_shell_Omega=    151.5484 meV
     lambda_tr(   4 )=       0.369365   gamma_tr=       0.032247 meV  omega=    151.5375 meV   on_shell_Omega=    151.5484 meV  off_shell_Omega=    151.5484 meV
     lambda___(   5 )=       0.184248   gamma___=       0.016086 meV  omega=    151.5375 meV   on_shell_Omega=    151.5485 meV  off_shell_Omega=    151.5485 meV
     lambda_tr(   5 )=       0.369365   gamma_tr=       0.032247 meV  omega=    151.5375 meV   on_shell_Omega=    151.5485 meV  off_shell_Omega=    151.5485 meV
     lambda___(   6 )=      21.860455   gamma___=       2.205629 meV  omega=    162.9066 meV   on_shell_Omega=    159.3577 meV  off_shell_Omega=    158.6113 meV
     lambda_tr(   6 )=      43.813537   gamma_tr=       4.420604 meV  omega=    162.9066 meV   on_shell_Omega=    159.3577 meV  off_shell_Omega=    158.6113 meV
     lambda___( tot )=      22.228951
     lambda_tr( tot )=      44.552267
     -------------------------------------------------------------------


     Number of (k,k+q) pairs on the Fermi surface:   353330 out of   518400



     Real and Imaginary part of the phonon self-energy (omega=0) without gamma0.
     Omega(   1 )=   0.0658 eV   Re[Pi]=      -0.000003 meV Im[Pi]=      -0.000000 meV
     Omega(   2 )=   0.0658 eV   Re[Pi]=      -0.000003 meV Im[Pi]=       0.000000 meV
     Omega(   3 )=   0.1238 eV   Re[Pi]=      -0.025931 meV Im[Pi]=       0.000000 meV
     Omega(   4 )=   0.1515 eV   Re[Pi]=      -3.882005 meV Im[Pi]=      -0.000000 meV
     Omega(   5 )=   0.1515 eV   Re[Pi]=      -3.881760 meV Im[Pi]=       0.000000 meV
     Omega(   6 )=   0.1629 eV   Re[Pi]=     -53.627035 meV Im[Pi]=       0.000001 meV
     -------------------------------------------------------------------


     ismear =     1 iq =      16 coord.:   0.33472  0.33472  0.00000 wt:   0.03448 Temp:  450.000K
     -------------------------------------------------------------------
     lambda___(   1 )=       0.000000   gamma___=       0.000000 meV  omega=     65.5285 meV   on_shell_Omega=     65.5285 meV  off_shell_Omega=     65.5285 meV
     lambda_tr(   1 )=       0.000000   gamma_tr=       0.000000 meV  omega=     65.5285 meV   on_shell_Omega=     65.5285 meV  off_shell_Omega=     65.5285 meV
     lambda___(   2 )=       0.000000   gamma___=       0.000000 meV  omega=     66.0046 meV   on_shell_Omega=     66.0046 meV  off_shell_Omega=     66.0046 meV
     lambda_tr(   2 )=       0.000000   gamma_tr=       0.000000 meV  omega=     66.0046 meV   on_shell_Omega=     66.0046 meV  off_shell_Omega=     66.0046 meV
     lambda___(   3 )=       0.000005   gamma___=       0.000000 meV  omega=    123.7965 meV   on_shell_Omega=    123.7965 meV  off_shell_Omega=    123.7965 meV
     lambda_tr(   3 )=       0.000009   gamma_tr=       0.000001 meV  omega=    123.7965 meV   on_shell_Omega=    123.7965 meV  off_shell_Omega=    123.7965 meV
     lambda___(   4 )=       0.138571   gamma___=       0.012065 meV  omega=    151.3284 meV   on_shell_Omega=    151.3587 meV  off_shell_Omega=    151.3587 meV
     lambda_tr(   4 )=       0.266584   gamma_tr=       0.023210 meV  omega=    151.3284 meV   on_shell_Omega=    151.3587 meV  off_shell_Omega=    151.3587 meV
     lambda___(   5 )=       0.240000   gamma___=       0.021013 meV  omega=    151.7540 meV   on_shell_Omega=    151.7747 meV  off_shell_Omega=    151.7747 meV
     lambda_tr(   5 )=       0.471293   gamma_tr=       0.041264 meV  omega=    151.7540 meV   on_shell_Omega=    151.7747 meV  off_shell_Omega=    151.7747 meV
     lambda___(   6 )=       5.912739   gamma___=       0.596600 meV  omega=    162.9106 meV   on_shell_Omega=    158.8378 meV  off_shell_Omega=    159.0128 meV
     lambda_tr(   6 )=      11.529786   gamma_tr=       1.163364 meV  omega=    162.9106 meV   on_shell_Omega=    158.8378 meV  off_shell_Omega=    159.0128 meV
     lambda___( tot )=       6.291315
     lambda_tr( tot )=      12.267673
     -------------------------------------------------------------------


     Number of (k,k+q) pairs on the Fermi surface:   353330 out of   518400



     Real and Imaginary part of the phonon self-energy (omega=0) without gamma0.
     Omega(   1 )=   0.0655 eV   Re[Pi]=      -0.000003 meV Im[Pi]=      -0.000000 meV
     Omega(   2 )=   0.0660 eV   Re[Pi]=      -0.000003 meV Im[Pi]=      -0.000000 meV
     Omega(   3 )=   0.1238 eV   Re[Pi]=      -0.026612 meV Im[Pi]=      -0.000000 meV
     Omega(   4 )=   0.1513 eV   Re[Pi]=      -3.909069 meV Im[Pi]=       0.000000 meV
     Omega(   5 )=   0.1518 eV   Re[Pi]=      -3.871208 meV Im[Pi]=      -0.000000 meV
     Omega(   6 )=   0.1629 eV   Re[Pi]=     -53.566508 meV Im[Pi]=       0.000001 meV
     -------------------------------------------------------------------


     ismear =     1 iq =      17 coord.:   0.33611  0.33611  0.00000 wt:   0.03448 Temp:  450.000K
     -------------------------------------------------------------------
     lambda___(   1 )=       0.000001   gamma___=       0.000000 meV  omega=     65.2946 meV   on_shell_Omega=     65.2946 meV  off_shell_Omega=     65.2946 meV
     lambda_tr(   1 )=       0.000000   gamma_tr=       0.000000 meV  omega=     65.2946 meV   on_shell_Omega=     65.2946 meV  off_shell_Omega=     65.2946 meV
     lambda___(   2 )=       0.000000   gamma___=       0.000000 meV  omega=     66.2401 meV   on_shell_Omega=     66.2401 meV  off_shell_Omega=     66.2401 meV
     lambda_tr(   2 )=       0.000000   gamma_tr=       0.000000 meV  omega=     66.2401 meV   on_shell_Omega=     66.2401 meV  off_shell_Omega=     66.2401 meV
     lambda___(   3 )=       0.000014   gamma___=       0.000001 meV  omega=    123.7662 meV   on_shell_Omega=    123.7662 meV  off_shell_Omega=    123.7662 meV
     lambda_tr(   3 )=       0.000021   gamma_tr=       0.000001 meV  omega=    123.7662 meV   on_shell_Omega=    123.7662 meV  off_shell_Omega=    123.7662 meV
     lambda___(   4 )=       0.139490   gamma___=       0.012114 meV  omega=    151.1362 meV   on_shell_Omega=    151.1605 meV  off_shell_Omega=    151.1605 meV
     lambda_tr(   4 )=       0.210168   gamma_tr=       0.018252 meV  omega=    151.1362 meV   on_shell_Omega=    151.1605 meV  off_shell_Omega=    151.1605 meV
     lambda___(   5 )=       0.087046   gamma___=       0.007643 meV  omega=    151.9690 meV   on_shell_Omega=    151.9902 meV  off_shell_Omega=    151.9902 meV
     lambda_tr(   5 )=       0.173122   gamma_tr=       0.015201 meV  omega=    151.9690 meV   on_shell_Omega=    151.9902 meV  off_shell_Omega=    151.9902 meV
     lambda___(   6 )=       9.842338   gamma___=       0.993248 meV  omega=    162.9228 meV   on_shell_Omega=    158.5265 meV  off_shell_Omega=    158.6270 meV
     lambda_tr(   6 )=      18.460536   gamma_tr=       1.862962 meV  omega=    162.9228 meV   on_shell_Omega=    158.5265 meV  off_shell_Omega=    158.6270 meV
     lambda___( tot )=      10.068889
     lambda_tr( tot )=      18.843848
     -------------------------------------------------------------------


     Number of (k,k+q) pairs on the Fermi surface:   353330 out of   518400



     Real and Imaginary part of the phonon self-energy (omega=0) without gamma0.
     Omega(   1 )=   0.0653 eV   Re[Pi]=      -0.000003 meV Im[Pi]=      -0.000000 meV
     Omega(   2 )=   0.0662 eV   Re[Pi]=      -0.000003 meV Im[Pi]=      -0.000000 meV
     Omega(   3 )=   0.1238 eV   Re[Pi]=      -0.028710 meV Im[Pi]=      -0.000000 meV
     Omega(   4 )=   0.1511 eV   Re[Pi]=      -3.925176 meV Im[Pi]=       0.000000 meV
     Omega(   5 )=   0.1520 eV   Re[Pi]=      -3.854352 meV Im[Pi]=      -0.000000 meV
     Omega(   6 )=   0.1629 eV   Re[Pi]=     -53.415454 meV Im[Pi]=       0.000002 meV
     -------------------------------------------------------------------


     ismear =     1 iq =      18 coord.:   0.33750  0.33750  0.00000 wt:   0.03448 Temp:  450.000K
     -------------------------------------------------------------------
     lambda___(   1 )=       0.000000   gamma___=       0.000000 meV  omega=     65.0645 meV   on_shell_Omega=     65.0645 meV  off_shell_Omega=     65.0645 meV
     lambda_tr(   1 )=       0.000000   gamma_tr=       0.000000 meV  omega=     65.0645 meV   on_shell_Omega=     65.0645 meV  off_shell_Omega=     65.0645 meV
     lambda___(   2 )=       0.000000   gamma___=       0.000000 meV  omega=     66.4728 meV   on_shell_Omega=     66.4728 meV  off_shell_Omega=     66.4728 meV
     lambda_tr(   2 )=       0.000000   gamma_tr=       0.000000 meV  omega=     66.4728 meV   on_shell_Omega=     66.4728 meV  off_shell_Omega=     66.4728 meV
     lambda___(   3 )=       0.000448   gamma___=       0.000026 meV  omega=    123.7151 meV   on_shell_Omega=    123.7151 meV  off_shell_Omega=    123.7151 meV
     lambda_tr(   3 )=       0.000070   gamma_tr=       0.000004 meV  omega=    123.7151 meV   on_shell_Omega=    123.7151 meV  off_shell_Omega=    123.7151 meV
     lambda___(   4 )=       0.248833   gamma___=       0.021559 meV  omega=    150.9610 meV   on_shell_Omega=    150.9963 meV  off_shell_Omega=    150.9963 meV
     lambda_tr(   4 )=       0.196563   gamma_tr=       0.017030 meV  omega=    150.9610 meV   on_shell_Omega=    150.9963 meV  off_shell_Omega=    150.9963 meV
     lambda___(   5 )=       0.031356   gamma___=       0.002761 meV  omega=    152.1827 meV   on_shell_Omega=    152.2088 meV  off_shell_Omega=    152.2088 meV
     lambda_tr(   5 )=       0.052791   gamma_tr=       0.004648 meV  omega=    152.1827 meV   on_shell_Omega=    152.2088 meV  off_shell_Omega=    152.2088 meV
     lambda___(   6 )=       6.930058   gamma___=       0.699529 meV  omega=    162.9433 meV   on_shell_Omega=    158.9139 meV  off_shell_Omega=    158.8459 meV
     lambda_tr(   6 )=      10.931234   gamma_tr=       1.103413 meV  omega=    162.9433 meV   on_shell_Omega=    158.9139 meV  off_shell_Omega=    158.8459 meV
     lambda___( tot )=       7.210696
     lambda_tr( tot )=      11.180659
     -------------------------------------------------------------------


     Number of (k,k+q) pairs on the Fermi surface:   353330 out of   518400



     Real and Imaginary part of the phonon self-energy (omega=0) without gamma0.
     Omega(   1 )=   0.0651 eV   Re[Pi]=      -0.000003 meV Im[Pi]=       0.000000 meV
     Omega(   2 )=   0.0665 eV   Re[Pi]=      -0.000003 meV Im[Pi]=       0.000000 meV
     Omega(   3 )=   0.1237 eV   Re[Pi]=      -0.032295 meV Im[Pi]=      -0.000000 meV
     Omega(   4 )=   0.1510 eV   Re[Pi]=      -3.939801 meV Im[Pi]=       0.000000 meV
     Omega(   5 )=   0.1522 eV   Re[Pi]=      -3.836284 meV Im[Pi]=      -0.000000 meV
     Omega(   6 )=   0.1629 eV   Re[Pi]=     -53.195635 meV Im[Pi]=       0.000001 meV
     -------------------------------------------------------------------


     ismear =     1 iq =      19 coord.:   0.33889  0.33889  0.00000 wt:   0.03448 Temp:  450.000K
     -------------------------------------------------------------------
     lambda___(   1 )=       0.000000   gamma___=       0.000000 meV  omega=     64.8383 meV   on_shell_Omega=     64.8383 meV  off_shell_Omega=     64.8383 meV
     lambda_tr(   1 )=       0.000000   gamma_tr=       0.000000 meV  omega=     64.8383 meV   on_shell_Omega=     64.8383 meV  off_shell_Omega=     64.8383 meV
     lambda___(   2 )=       0.000000   gamma___=       0.000000 meV  omega=     66.7027 meV   on_shell_Omega=     66.7027 meV  off_shell_Omega=     66.7027 meV
     lambda_tr(   2 )=       0.000000   gamma_tr=       0.000000 meV  omega=     66.7027 meV   on_shell_Omega=     66.7027 meV  off_shell_Omega=     66.7027 meV
     lambda___(   3 )=       0.000125   gamma___=       0.000007 meV  omega=    123.6430 meV   on_shell_Omega=    123.6430 meV  off_shell_Omega=    123.6430 meV
     lambda_tr(   3 )=       0.000044   gamma_tr=       0.000003 meV  omega=    123.6430 meV   on_shell_Omega=    123.6430 meV  off_shell_Omega=    123.6430 meV
     lambda___(   4 )=       0.577057   gamma___=       0.049893 meV  omega=    150.8032 meV   on_shell_Omega=    150.7648 meV  off_shell_Omega=    150.7648 meV
     lambda_tr(   4 )=       0.044964   gamma_tr=       0.003888 meV  omega=    150.8032 meV   on_shell_Omega=    150.7648 meV  off_shell_Omega=    150.7648 meV
     lambda___(   5 )=       0.100941   gamma___=       0.008913 meV  omega=    152.3949 meV   on_shell_Omega=    152.4311 meV  off_shell_Omega=    152.4311 meV
     lambda_tr(   5 )=       0.105129   gamma_tr=       0.009282 meV  omega=    152.3949 meV   on_shell_Omega=    152.4311 meV  off_shell_Omega=    152.4311 meV
     lambda___(   6 )=       2.408804   gamma___=       0.243234 meV  omega=    162.9721 meV   on_shell_Omega=    159.2690 meV  off_shell_Omega=    159.2718 meV
     lambda_tr(   6 )=       1.372103   gamma_tr=       0.138551 meV  omega=    162.9721 meV   on_shell_Omega=    159.2690 meV  off_shell_Omega=    159.2718 meV
     lambda___( tot )=       3.086927
     lambda_tr( tot )=       1.522239
     -------------------------------------------------------------------


     Number of (k,k+q) pairs on the Fermi surface:   353330 out of   518400



     Real and Imaginary part of the phonon self-energy (omega=0) without gamma0.
     Omega(   1 )=   0.0648 eV   Re[Pi]=      -0.000003 meV Im[Pi]=       0.000000 meV
     Omega(   2 )=   0.0667 eV   Re[Pi]=      -0.000002 meV Im[Pi]=      -0.000000 meV
     Omega(   3 )=   0.1236 eV   Re[Pi]=      -0.037414 meV Im[Pi]=      -0.000000 meV
     Omega(   4 )=   0.1508 eV   Re[Pi]=      -3.953099 meV Im[Pi]=       0.000000 meV
     Omega(   5 )=   0.1524 eV   Re[Pi]=      -3.818070 meV Im[Pi]=      -0.000000 meV
     Omega(   6 )=   0.1630 eV   Re[Pi]=     -52.924320 meV Im[Pi]=       0.000001 meV
     -------------------------------------------------------------------


     ismear =     1 iq =      20 coord.:   0.34028  0.34028  0.00000 wt:   0.03448 Temp:  450.000K
     -------------------------------------------------------------------
     lambda___(   1 )=       0.000000   gamma___=       0.000000 meV  omega=     64.6161 meV   on_shell_Omega=     64.6161 meV  off_shell_Omega=     64.6161 meV
     lambda_tr(   1 )=       0.000000   gamma_tr=       0.000000 meV  omega=     64.6161 meV   on_shell_Omega=     64.6161 meV  off_shell_Omega=     64.6161 meV
     lambda___(   2 )=       0.000000   gamma___=       0.000000 meV  omega=     66.9299 meV   on_shell_Omega=     66.9299 meV  off_shell_Omega=     66.9299 meV
     lambda_tr(   2 )=       0.000000   gamma_tr=       0.000000 meV  omega=     66.9299 meV   on_shell_Omega=     66.9299 meV  off_shell_Omega=     66.9299 meV
     lambda___(   3 )=       0.000089   gamma___=       0.000005 meV  omega=    123.5497 meV   on_shell_Omega=    123.5498 meV  off_shell_Omega=    123.5498 meV
     lambda_tr(   3 )=       0.000060   gamma_tr=       0.000003 meV  omega=    123.5497 meV   on_shell_Omega=    123.5498 meV  off_shell_Omega=    123.5498 meV
     lambda___(   4 )=       0.073305   gamma___=       0.006326 meV  omega=    150.6630 meV   on_shell_Omega=    150.6506 meV  off_shell_Omega=    150.6506 meV
     lambda_tr(   4 )=       0.038120   gamma_tr=       0.003290 meV  omega=    150.6630 meV   on_shell_Omega=    150.6506 meV  off_shell_Omega=    150.6506 meV
     lambda___(   5 )=       0.220162   gamma___=       0.019493 meV  omega=    152.6059 meV   on_shell_Omega=    152.6443 meV  off_shell_Omega=    152.6443 meV
     lambda_tr(   5 )=       0.293737   gamma_tr=       0.026007 meV  omega=    152.6059 meV   on_shell_Omega=    152.6443 meV  off_shell_Omega=    152.6443 meV
     lambda___(   6 )=       1.042936   gamma___=       0.105360 meV  omega=    163.0091 meV   on_shell_Omega=    159.8312 meV  off_shell_Omega=    159.9049 meV
     lambda_tr(   6 )=       0.847440   gamma_tr=       0.085611 meV  omega=    163.0091 meV   on_shell_Omega=    159.8312 meV  off_shell_Omega=    159.9049 meV
     lambda___( tot )=       1.336492
     lambda_tr( tot )=       1.179357
     -------------------------------------------------------------------


     Number of (k,k+q) pairs on the Fermi surface:   353330 out of   518400



     Real and Imaginary part of the phonon self-energy (omega=0) without gamma0.
     Omega(   1 )=   0.0646 eV   Re[Pi]=      -0.000003 meV Im[Pi]=       0.000000 meV
     Omega(   2 )=   0.0669 eV   Re[Pi]=      -0.000002 meV Im[Pi]=      -0.000000 meV
     Omega(   3 )=   0.1235 eV   Re[Pi]=      -0.044093 meV Im[Pi]=      -0.000000 meV
     Omega(   4 )=   0.1507 eV   Re[Pi]=      -3.965064 meV Im[Pi]=       0.000000 meV
     Omega(   5 )=   0.1526 eV   Re[Pi]=      -3.800193 meV Im[Pi]=      -0.000000 meV
     Omega(   6 )=   0.1630 eV   Re[Pi]=     -52.618655 meV Im[Pi]=       0.000000 meV
     -------------------------------------------------------------------


     ismear =     1 iq =      21 coord.:   0.34167  0.34167  0.00000 wt:   0.03448 Temp:  450.000K
     -------------------------------------------------------------------
     lambda___(   1 )=       0.000000   gamma___=       0.000000 meV  omega=     64.3979 meV   on_shell_Omega=     64.3979 meV  off_shell_Omega=     64.3979 meV
     lambda_tr(   1 )=       0.000000   gamma_tr=       0.000000 meV  omega=     64.3979 meV   on_shell_Omega=     64.3979 meV  off_shell_Omega=     64.3979 meV
     lambda___(   2 )=       0.000000   gamma___=       0.000000 meV  omega=     67.1542 meV   on_shell_Omega=     67.1542 meV  off_shell_Omega=     67.1542 meV
     lambda_tr(   2 )=       0.000000   gamma_tr=       0.000000 meV  omega=     67.1542 meV   on_shell_Omega=     67.1542 meV  off_shell_Omega=     67.1542 meV
     lambda___(   3 )=       0.000036   gamma___=       0.000002 meV  omega=    123.4351 meV   on_shell_Omega=    123.4353 meV  off_shell_Omega=    123.4353 meV
     lambda_tr(   3 )=       0.000026   gamma_tr=       0.000002 meV  omega=    123.4351 meV   on_shell_Omega=    123.4353 meV  off_shell_Omega=    123.4353 meV
     lambda___(   4 )=       0.030763   gamma___=       0.002650 meV  omega=    150.5405 meV   on_shell_Omega=    150.5370 meV  off_shell_Omega=    150.5370 meV
     lambda_tr(   4 )=       0.024967   gamma_tr=       0.002151 meV  omega=    150.5405 meV   on_shell_Omega=    150.5370 meV  off_shell_Omega=    150.5370 meV
     lambda___(   5 )=       0.185273   gamma___=       0.016449 meV  omega=    152.8155 meV   on_shell_Omega=    152.8576 meV  off_shell_Omega=    152.8576 meV
     lambda_tr(   5 )=       0.286294   gamma_tr=       0.025418 meV  omega=    152.8155 meV   on_shell_Omega=    152.8576 meV  off_shell_Omega=    152.8576 meV
     lambda___(   6 )=       1.976692   gamma___=       0.199802 meV  omega=    163.0543 meV   on_shell_Omega=    160.1816 meV  off_shell_Omega=    160.1483 meV
     lambda_tr(   6 )=       2.469666   gamma_tr=       0.249631 meV  omega=    163.0543 meV   on_shell_Omega=    160.1816 meV  off_shell_Omega=    160.1483 meV
     lambda___( tot )=       2.192764
     lambda_tr( tot )=       2.780953
     -------------------------------------------------------------------


     Number of (k,k+q) pairs on the Fermi surface:   353330 out of   518400



     Real and Imaginary part of the phonon self-energy (omega=0) without gamma0.
     Omega(   1 )=   0.0644 eV   Re[Pi]=      -0.000003 meV Im[Pi]=       0.000000 meV
     Omega(   2 )=   0.0672 eV   Re[Pi]=      -0.000002 meV Im[Pi]=      -0.000000 meV
     Omega(   3 )=   0.1234 eV   Re[Pi]=      -0.052333 meV Im[Pi]=      -0.000000 meV
     Omega(   4 )=   0.1505 eV   Re[Pi]=      -3.975696 meV Im[Pi]=       0.000000 meV
     Omega(   5 )=   0.1528 eV   Re[Pi]=      -3.782945 meV Im[Pi]=      -0.000000 meV
     Omega(   6 )=   0.1631 eV   Re[Pi]=     -52.292401 meV Im[Pi]=       0.000000 meV
     -------------------------------------------------------------------


     ismear =     1 iq =      22 coord.:   0.34306  0.34306  0.00000 wt:   0.03448 Temp:  450.000K
     -------------------------------------------------------------------
     lambda___(   1 )=       0.000000   gamma___=       0.000000 meV  omega=     64.1837 meV   on_shell_Omega=     64.1837 meV  off_shell_Omega=     64.1837 meV
     lambda_tr(   1 )=       0.000000   gamma_tr=       0.000000 meV  omega=     64.1837 meV   on_shell_Omega=     64.1837 meV  off_shell_Omega=     64.1837 meV
     lambda___(   2 )=       0.000000   gamma___=       0.000000 meV  omega=     67.3758 meV   on_shell_Omega=     67.3758 meV  off_shell_Omega=     67.3758 meV
     lambda_tr(   2 )=       0.000000   gamma_tr=       0.000000 meV  omega=     67.3758 meV   on_shell_Omega=     67.3758 meV  off_shell_Omega=     67.3758 meV
     lambda___(   3 )=       0.000024   gamma___=       0.000001 meV  omega=    123.2993 meV   on_shell_Omega=    123.2995 meV  off_shell_Omega=    123.2995 meV
     lambda_tr(   3 )=       0.000022   gamma_tr=       0.000001 meV  omega=    123.2993 meV   on_shell_Omega=    123.2995 meV  off_shell_Omega=    123.2995 meV
     lambda___(   4 )=       0.011443   gamma___=       0.000985 meV  omega=    150.4356 meV   on_shell_Omega=    150.4364 meV  off_shell_Omega=    150.4364 meV
     lambda_tr(   4 )=       0.011565   gamma_tr=       0.000995 meV  omega=    150.4356 meV   on_shell_Omega=    150.4364 meV  off_shell_Omega=    150.4364 meV
     lambda___(   5 )=       0.166446   gamma___=       0.014818 meV  omega=    153.0239 meV   on_shell_Omega=    153.0683 meV  off_shell_Omega=    153.0683 meV
     lambda_tr(   5 )=       0.258177   gamma_tr=       0.022984 meV  omega=    153.0239 meV   on_shell_Omega=    153.0683 meV  off_shell_Omega=    153.0683 meV
     lambda___(   6 )=       1.081845   gamma___=       0.109423 meV  omega=    163.1075 meV   on_shell_Omega=    160.4984 meV  off_shell_Omega=    160.3997 meV
     lambda_tr(   6 )=       1.711251   gamma_tr=       0.173084 meV  omega=    163.1075 meV   on_shell_Omega=    160.4984 meV  off_shell_Omega=    160.3997 meV
     lambda___( tot )=       1.259759
     lambda_tr( tot )=       1.981016
     -------------------------------------------------------------------


     Number of (k,k+q) pairs on the Fermi surface:   353330 out of   518400



     Real and Imaginary part of the phonon self-energy (omega=0) without gamma0.
     Omega(   1 )=   0.0642 eV   Re[Pi]=      -0.000003 meV Im[Pi]=       0.000000 meV
     Omega(   2 )=   0.0674 eV   Re[Pi]=      -0.000002 meV Im[Pi]=      -0.000000 meV
     Omega(   3 )=   0.1233 eV   Re[Pi]=      -0.062112 meV Im[Pi]=      -0.000000 meV
     Omega(   4 )=   0.1504 eV   Re[Pi]=      -3.985016 meV Im[Pi]=      -0.000000 meV
     Omega(   5 )=   0.1530 eV   Re[Pi]=      -3.766480 meV Im[Pi]=      -0.000000 meV
     Omega(   6 )=   0.1631 eV   Re[Pi]=     -51.955143 meV Im[Pi]=      -0.000000 meV
     -------------------------------------------------------------------


     ismear =     1 iq =      23 coord.:   0.34444  0.34444  0.00000 wt:   0.03448 Temp:  450.000K
     -------------------------------------------------------------------
     lambda___(   1 )=       0.000000   gamma___=       0.000000 meV  omega=     63.9737 meV   on_shell_Omega=     63.9737 meV  off_shell_Omega=     63.9737 meV
     lambda_tr(   1 )=       0.000000   gamma_tr=       0.000000 meV  omega=     63.9737 meV   on_shell_Omega=     63.9737 meV  off_shell_Omega=     63.9737 meV
     lambda___(   2 )=       0.000000   gamma___=       0.000000 meV  omega=     67.5946 meV   on_shell_Omega=     67.5946 meV  off_shell_Omega=     67.5946 meV
     lambda_tr(   2 )=       0.000000   gamma_tr=       0.000000 meV  omega=     67.5946 meV   on_shell_Omega=     67.5946 meV  off_shell_Omega=     67.5946 meV
     lambda___(   3 )=       0.000017   gamma___=       0.000001 meV  omega=    123.1423 meV   on_shell_Omega=    123.1426 meV  off_shell_Omega=    123.1426 meV
     lambda_tr(   3 )=       0.000018   gamma_tr=       0.000001 meV  omega=    123.1423 meV   on_shell_Omega=    123.1426 meV  off_shell_Omega=    123.1426 meV
     lambda___(   4 )=       0.005739   gamma___=       0.000493 meV  omega=    150.3483 meV   on_shell_Omega=    150.3520 meV  off_shell_Omega=    150.3520 meV
     lambda_tr(   4 )=       0.006132   gamma_tr=       0.000527 meV  omega=    150.3483 meV   on_shell_Omega=    150.3520 meV  off_shell_Omega=    150.3520 meV
     lambda___(   5 )=       0.111514   gamma___=       0.009955 meV  omega=    153.2311 meV   on_shell_Omega=    153.2795 meV  off_shell_Omega=    153.2795 meV
     lambda_tr(   5 )=       0.183816   gamma_tr=       0.016409 meV  omega=    153.2311 meV   on_shell_Omega=    153.2795 meV  off_shell_Omega=    153.2795 meV
     lambda___(   6 )=       0.941778   gamma___=       0.095328 meV  omega=    163.1687 meV   on_shell_Omega=    160.8205 meV  off_shell_Omega=    160.8583 meV
     lambda_tr(   6 )=       1.518253   gamma_tr=       0.153679 meV  omega=    163.1687 meV   on_shell_Omega=    160.8205 meV  off_shell_Omega=    160.8583 meV
     lambda___( tot )=       1.059049
     lambda_tr( tot )=       1.708219
     -------------------------------------------------------------------


     Number of (k,k+q) pairs on the Fermi surface:   353330 out of   518400



     Real and Imaginary part of the phonon self-energy (omega=0) without gamma0.
     Omega(   1 )=   0.0640 eV   Re[Pi]=      -0.000003 meV Im[Pi]=       0.000000 meV
     Omega(   2 )=   0.0676 eV   Re[Pi]=      -0.000002 meV Im[Pi]=      -0.000000 meV
     Omega(   3 )=   0.1231 eV   Re[Pi]=      -0.073380 meV Im[Pi]=      -0.000000 meV
     Omega(   4 )=   0.1503 eV   Re[Pi]=      -3.993068 meV Im[Pi]=      -0.000000 meV
     Omega(   5 )=   0.1532 eV   Re[Pi]=      -3.750836 meV Im[Pi]=      -0.000000 meV
     Omega(   6 )=   0.1632 eV   Re[Pi]=     -51.612884 meV Im[Pi]=      -0.000000 meV
     -------------------------------------------------------------------


     ismear =     1 iq =      24 coord.:   0.34583  0.34583  0.00000 wt:   0.03448 Temp:  450.000K
     -------------------------------------------------------------------
     lambda___(   1 )=       0.000000   gamma___=       0.000000 meV  omega=     63.7677 meV   on_shell_Omega=     63.7677 meV  off_shell_Omega=     63.7677 meV
     lambda_tr(   1 )=       0.000000   gamma_tr=       0.000000 meV  omega=     63.7677 meV   on_shell_Omega=     63.7677 meV  off_shell_Omega=     63.7677 meV
     lambda___(   2 )=       0.000000   gamma___=       0.000000 meV  omega=     67.8107 meV   on_shell_Omega=     67.8107 meV  off_shell_Omega=     67.8107 meV
     lambda_tr(   2 )=       0.000000   gamma_tr=       0.000000 meV  omega=     67.8107 meV   on_shell_Omega=     67.8107 meV  off_shell_Omega=     67.8107 meV
     lambda___(   3 )=       0.000010   gamma___=       0.000001 meV  omega=    122.9644 meV   on_shell_Omega=    122.9648 meV  off_shell_Omega=    122.9648 meV
     lambda_tr(   3 )=       0.000012   gamma_tr=       0.000001 meV  omega=    122.9644 meV   on_shell_Omega=    122.9648 meV  off_shell_Omega=    122.9648 meV
     lambda___(   4 )=       0.002938   gamma___=       0.000252 meV  omega=    150.2785 meV   on_shell_Omega=    150.2841 meV  off_shell_Omega=    150.2841 meV
     lambda_tr(   4 )=       0.003434   gamma_tr=       0.000295 meV  omega=    150.2785 meV   on_shell_Omega=    150.2841 meV  off_shell_Omega=    150.2841 meV
     lambda___(   5 )=       0.076864   gamma___=       0.006880 meV  omega=    153.4371 meV   on_shell_Omega=    153.4899 meV  off_shell_Omega=    153.4899 meV
     lambda_tr(   5 )=       0.131567   gamma_tr=       0.011776 meV  omega=    153.4371 meV   on_shell_Omega=    153.4899 meV  off_shell_Omega=    153.4899 meV
     lambda___(   6 )=       0.765739   gamma___=       0.077574 meV  omega=    163.2378 meV   on_shell_Omega=    161.1347 meV  off_shell_Omega=    161.1256 meV
     lambda_tr(   6 )=       1.297206   gamma_tr=       0.131415 meV  omega=    163.2378 meV   on_shell_Omega=    161.1347 meV  off_shell_Omega=    161.1256 meV
     lambda___( tot )=       0.845551
     lambda_tr( tot )=       1.432218
     -------------------------------------------------------------------


     Number of (k,k+q) pairs on the Fermi surface:   353330 out of   518400



     Real and Imaginary part of the phonon self-energy (omega=0) without gamma0.
     Omega(   1 )=   0.0638 eV   Re[Pi]=      -0.000003 meV Im[Pi]=       0.000000 meV
     Omega(   2 )=   0.0678 eV   Re[Pi]=      -0.000002 meV Im[Pi]=      -0.000000 meV
     Omega(   3 )=   0.1230 eV   Re[Pi]=      -0.086068 meV Im[Pi]=      -0.000000 meV
     Omega(   4 )=   0.1503 eV   Re[Pi]=      -3.999917 meV Im[Pi]=      -0.000000 meV
     Omega(   5 )=   0.1534 eV   Re[Pi]=      -3.735973 meV Im[Pi]=      -0.000000 meV
     Omega(   6 )=   0.1632 eV   Re[Pi]=     -51.269084 meV Im[Pi]=      -0.000000 meV
     -------------------------------------------------------------------


     ismear =     1 iq =      25 coord.:   0.34722  0.34722  0.00000 wt:   0.03448 Temp:  450.000K
     -------------------------------------------------------------------
     lambda___(   1 )=       0.000000   gamma___=       0.000000 meV  omega=     63.5659 meV   on_shell_Omega=     63.5659 meV  off_shell_Omega=     63.5659 meV
     lambda_tr(   1 )=       0.000000   gamma_tr=       0.000000 meV  omega=     63.5659 meV   on_shell_Omega=     63.5659 meV  off_shell_Omega=     63.5659 meV
     lambda___(   2 )=       0.000000   gamma___=       0.000000 meV  omega=     68.0239 meV   on_shell_Omega=     68.0239 meV  off_shell_Omega=     68.0239 meV
     lambda_tr(   2 )=       0.000000   gamma_tr=       0.000000 meV  omega=     68.0239 meV   on_shell_Omega=     68.0239 meV  off_shell_Omega=     68.0239 meV
     lambda___(   3 )=       0.000006   gamma___=       0.000000 meV  omega=    122.7658 meV   on_shell_Omega=    122.7663 meV  off_shell_Omega=    122.7663 meV
     lambda_tr(   3 )=       0.000008   gamma_tr=       0.000000 meV  omega=    122.7658 meV   on_shell_Omega=    122.7663 meV  off_shell_Omega=    122.7663 meV
     lambda___(   4 )=       0.001288   gamma___=       0.000111 meV  omega=    150.2258 meV   on_shell_Omega=    150.2327 meV  off_shell_Omega=    150.2327 meV
     lambda_tr(   4 )=       0.001628   gamma_tr=       0.000140 meV  omega=    150.2258 meV   on_shell_Omega=    150.2327 meV  off_shell_Omega=    150.2327 meV
     lambda___(   5 )=       0.054115   gamma___=       0.004857 meV  omega=    153.6420 meV   on_shell_Omega=    153.6991 meV  off_shell_Omega=    153.6991 meV
     lambda_tr(   5 )=       0.093317   gamma_tr=       0.008375 meV  omega=    153.6420 meV   on_shell_Omega=    153.6991 meV  off_shell_Omega=    153.6991 meV
     lambda___(   6 )=       0.588239   gamma___=       0.059649 meV  omega=    163.3146 meV   on_shell_Omega=    161.4408 meV  off_shell_Omega=    161.4007 meV
     lambda_tr(   6 )=       1.029012   gamma_tr=       0.104344 meV  omega=    163.3146 meV   on_shell_Omega=    161.4408 meV  off_shell_Omega=    161.4007 meV
     lambda___( tot )=       0.643649
     lambda_tr( tot )=       1.123965
     -------------------------------------------------------------------


     Number of (k,k+q) pairs on the Fermi surface:   353330 out of   518400



     Real and Imaginary part of the phonon self-energy (omega=0) without gamma0.
     Omega(   1 )=   0.0636 eV   Re[Pi]=      -0.000003 meV Im[Pi]=       0.000000 meV
     Omega(   2 )=   0.0680 eV   Re[Pi]=      -0.000002 meV Im[Pi]=      -0.000000 meV
     Omega(   3 )=   0.1228 eV   Re[Pi]=      -0.100082 meV Im[Pi]=      -0.000000 meV
     Omega(   4 )=   0.1502 eV   Re[Pi]=      -4.005651 meV Im[Pi]=      -0.000000 meV
     Omega(   5 )=   0.1536 eV   Re[Pi]=      -3.721805 meV Im[Pi]=      -0.000000 meV
     Omega(   6 )=   0.1633 eV   Re[Pi]=     -50.925598 meV Im[Pi]=      -0.000000 meV
     -------------------------------------------------------------------


     ismear =     1 iq =      26 coord.:   0.34861  0.34861  0.00000 wt:   0.03448 Temp:  450.000K
     -------------------------------------------------------------------
     lambda___(   1 )=       0.000000   gamma___=       0.000000 meV  omega=     63.3682 meV   on_shell_Omega=     63.3682 meV  off_shell_Omega=     63.3682 meV
     lambda_tr(   1 )=       0.000000   gamma_tr=       0.000000 meV  omega=     63.3682 meV   on_shell_Omega=     63.3682 meV  off_shell_Omega=     63.3682 meV
     lambda___(   2 )=       0.000000   gamma___=       0.000000 meV  omega=     68.2344 meV   on_shell_Omega=     68.2344 meV  off_shell_Omega=     68.2344 meV
     lambda_tr(   2 )=       0.000000   gamma_tr=       0.000000 meV  omega=     68.2344 meV   on_shell_Omega=     68.2344 meV  off_shell_Omega=     68.2344 meV
     lambda___(   3 )=       0.000004   gamma___=       0.000000 meV  omega=    122.5468 meV   on_shell_Omega=    122.5474 meV  off_shell_Omega=    122.5474 meV
     lambda_tr(   3 )=       0.000006   gamma_tr=       0.000000 meV  omega=    122.5468 meV   on_shell_Omega=    122.5474 meV  off_shell_Omega=    122.5474 meV
     lambda___(   4 )=       0.000636   gamma___=       0.000055 meV  omega=    150.1900 meV   on_shell_Omega=    150.1978 meV  off_shell_Omega=    150.1978 meV
     lambda_tr(   4 )=       0.000839   gamma_tr=       0.000072 meV  omega=    150.1900 meV   on_shell_Omega=    150.1978 meV  off_shell_Omega=    150.1978 meV
     lambda___(   5 )=       0.035102   gamma___=       0.003159 meV  omega=    153.8458 meV   on_shell_Omega=    153.9071 meV  off_shell_Omega=    153.9071 meV
     lambda_tr(   5 )=       0.061876   gamma_tr=       0.005568 meV  omega=    153.8458 meV   on_shell_Omega=    153.9071 meV  off_shell_Omega=    153.9071 meV
     lambda___(   6 )=       0.415014   gamma___=       0.042127 meV  omega=    163.3989 meV   on_shell_Omega=    161.7435 meV  off_shell_Omega=    161.8830 meV
     lambda_tr(   6 )=       0.753051   gamma_tr=       0.076440 meV  omega=    163.3989 meV   on_shell_Omega=    161.7435 meV  off_shell_Omega=    161.8830 meV
     lambda___( tot )=       0.450756
     lambda_tr( tot )=       0.815771
     -------------------------------------------------------------------


     Number of (k,k+q) pairs on the Fermi surface:   353330 out of   518400



     Real and Imaginary part of the phonon self-energy (omega=0) without gamma0.
     Omega(   1 )=   0.0634 eV   Re[Pi]=      -0.000003 meV Im[Pi]=       0.000000 meV
     Omega(   2 )=   0.0682 eV   Re[Pi]=      -0.000002 meV Im[Pi]=      -0.000000 meV
     Omega(   3 )=   0.1225 eV   Re[Pi]=      -0.115311 meV Im[Pi]=      -0.000000 meV
     Omega(   4 )=   0.1502 eV   Re[Pi]=      -4.010375 meV Im[Pi]=      -0.000000 meV
     Omega(   5 )=   0.1538 eV   Re[Pi]=      -3.708217 meV Im[Pi]=      -0.000000 meV
     Omega(   6 )=   0.1634 eV   Re[Pi]=     -50.583354 meV Im[Pi]=      -0.000000 meV
     -------------------------------------------------------------------


     ismear =     1 iq =      27 coord.:   0.35000  0.35000  0.00000 wt:   0.03448 Temp:  450.000K
     -------------------------------------------------------------------
     lambda___(   1 )=       0.000000   gamma___=       0.000000 meV  omega=     63.1747 meV   on_shell_Omega=     63.1747 meV  off_shell_Omega=     63.1747 meV
     lambda_tr(   1 )=       0.000000   gamma_tr=       0.000000 meV  omega=     63.1747 meV   on_shell_Omega=     63.1747 meV  off_shell_Omega=     63.1747 meV
     lambda___(   2 )=       0.000000   gamma___=       0.000000 meV  omega=     68.4422 meV   on_shell_Omega=     68.4422 meV  off_shell_Omega=     68.4422 meV
     lambda_tr(   2 )=       0.000000   gamma_tr=       0.000000 meV  omega=     68.4422 meV   on_shell_Omega=     68.4422 meV  off_shell_Omega=     68.4422 meV
     lambda___(   3 )=       0.000003   gamma___=       0.000000 meV  omega=    122.3079 meV   on_shell_Omega=    122.3086 meV  off_shell_Omega=    122.3086 meV
     lambda_tr(   3 )=       0.000004   gamma_tr=       0.000000 meV  omega=    122.3079 meV   on_shell_Omega=    122.3086 meV  off_shell_Omega=    122.3086 meV
     lambda___(   4 )=       0.000319   gamma___=       0.000027 meV  omega=    150.1707 meV   on_shell_Omega=    150.1791 meV  off_shell_Omega=    150.1791 meV
     lambda_tr(   4 )=       0.000440   gamma_tr=       0.000038 meV  omega=    150.1707 meV   on_shell_Omega=    150.1791 meV  off_shell_Omega=    150.1791 meV
     lambda___(   5 )=       0.022735   gamma___=       0.002051 meV  omega=    154.0486 meV   on_shell_Omega=    154.1139 meV  off_shell_Omega=    154.1139 meV
     lambda_tr(   5 )=       0.040440   gamma_tr=       0.003649 meV  omega=    154.0486 meV   on_shell_Omega=    154.1139 meV  off_shell_Omega=    154.1139 meV
     lambda___(   6 )=       0.294161   gamma___=       0.029893 meV  omega=    163.4905 meV   on_shell_Omega=    162.0400 meV  off_shell_Omega=    161.9738 meV
     lambda_tr(   6 )=       0.543406   gamma_tr=       0.055221 meV  omega=    163.4905 meV   on_shell_Omega=    162.0400 meV  off_shell_Omega=    161.9738 meV
     lambda___( tot )=       0.317217
     lambda_tr( tot )=       0.584291
     -------------------------------------------------------------------


     Number of (k,k+q) pairs on the Fermi surface:   353330 out of   518400



     Real and Imaginary part of the phonon self-energy (omega=0) without gamma0.
     Omega(   1 )=   0.0632 eV   Re[Pi]=      -0.000003 meV Im[Pi]=       0.000000 meV
     Omega(   2 )=   0.0684 eV   Re[Pi]=      -0.000002 meV Im[Pi]=      -0.000000 meV
     Omega(   3 )=   0.1223 eV   Re[Pi]=      -0.131631 meV Im[Pi]=      -0.000000 meV
     Omega(   4 )=   0.1502 eV   Re[Pi]=      -4.014210 meV Im[Pi]=      -0.000000 meV
     Omega(   5 )=   0.1540 eV   Re[Pi]=      -3.695086 meV Im[Pi]=      -0.000000 meV
     Omega(   6 )=   0.1635 eV   Re[Pi]=     -50.242782 meV Im[Pi]=      -0.000000 meV
     -------------------------------------------------------------------


     ismear =     1 iq =      28 coord.:   0.35139  0.35139  0.00000 wt:   0.03448 Temp:  450.000K
     -------------------------------------------------------------------
     lambda___(   1 )=       0.000000   gamma___=       0.000000 meV  omega=     62.9854 meV   on_shell_Omega=     62.9854 meV  off_shell_Omega=     62.9854 meV
     lambda_tr(   1 )=       0.000000   gamma_tr=       0.000000 meV  omega=     62.9854 meV   on_shell_Omega=     62.9854 meV  off_shell_Omega=     62.9854 meV
     lambda___(   2 )=       0.000000   gamma___=       0.000000 meV  omega=     68.6472 meV   on_shell_Omega=     68.6472 meV  off_shell_Omega=     68.6472 meV
     lambda_tr(   2 )=       0.000000   gamma_tr=       0.000000 meV  omega=     68.6472 meV   on_shell_Omega=     68.6472 meV  off_shell_Omega=     68.6472 meV
     lambda___(   3 )=       0.000002   gamma___=       0.000000 meV  omega=    122.0497 meV   on_shell_Omega=    122.0504 meV  off_shell_Omega=    122.0504 meV
     lambda_tr(   3 )=       0.000003   gamma_tr=       0.000000 meV  omega=    122.0497 meV   on_shell_Omega=    122.0504 meV  off_shell_Omega=    122.0504 meV
     lambda___(   4 )=       0.000163   gamma___=       0.000014 meV  omega=    150.1673 meV   on_shell_Omega=    150.1762 meV  off_shell_Omega=    150.1762 meV
     lambda_tr(   4 )=       0.000231   gamma_tr=       0.000020 meV  omega=    150.1673 meV   on_shell_Omega=    150.1762 meV  off_shell_Omega=    150.1762 meV
     lambda___(   5 )=       0.014501   gamma___=       0.001312 meV  omega=    154.2503 meV   on_shell_Omega=    154.3193 meV  off_shell_Omega=    154.3193 meV
     lambda_tr(   5 )=       0.026037   gamma_tr=       0.002355 meV  omega=    154.2503 meV   on_shell_Omega=    154.3193 meV  off_shell_Omega=    154.3193 meV
     lambda___(   6 )=       0.204099   gamma___=       0.020766 meV  omega=    163.5893 meV   on_shell_Omega=    162.3292 meV  off_shell_Omega=    162.2713 meV
     lambda_tr(   6 )=       0.383002   gamma_tr=       0.038968 meV  omega=    163.5893 meV   on_shell_Omega=    162.3292 meV  off_shell_Omega=    162.2713 meV
     lambda___( tot )=       0.218764
     lambda_tr( tot )=       0.409273
     -------------------------------------------------------------------


     Number of (k,k+q) pairs on the Fermi surface:   353330 out of   518400



     Real and Imaginary part of the phonon self-energy (omega=0) without gamma0.
     Omega(   1 )=   0.0630 eV   Re[Pi]=      -0.000003 meV Im[Pi]=      -0.000000 meV
     Omega(   2 )=   0.0686 eV   Re[Pi]=      -0.000002 meV Im[Pi]=      -0.000000 meV
     Omega(   3 )=   0.1220 eV   Re[Pi]=      -0.148902 meV Im[Pi]=      -0.000000 meV
     Omega(   4 )=   0.1502 eV   Re[Pi]=      -4.017287 meV Im[Pi]=      -0.000000 meV
     Omega(   5 )=   0.1543 eV   Re[Pi]=      -3.682284 meV Im[Pi]=      -0.000000 meV
     Omega(   6 )=   0.1636 eV   Re[Pi]=     -49.904064 meV Im[Pi]=      -0.000000 meV
     -------------------------------------------------------------------


     ismear =     1 iq =      29 coord.:   0.35278  0.35278  0.00000 wt:   0.03448 Temp:  450.000K
     -------------------------------------------------------------------
     lambda___(   1 )=       0.000000   gamma___=       0.000000 meV  omega=     62.8003 meV   on_shell_Omega=     62.8003 meV  off_shell_Omega=     62.8003 meV
     lambda_tr(   1 )=       0.000000   gamma_tr=       0.000000 meV  omega=     62.8003 meV   on_shell_Omega=     62.8003 meV  off_shell_Omega=     62.8003 meV
     lambda___(   2 )=       0.000000   gamma___=       0.000000 meV  omega=     68.8494 meV   on_shell_Omega=     68.8494 meV  off_shell_Omega=     68.8494 meV
     lambda_tr(   2 )=       0.000000   gamma_tr=       0.000000 meV  omega=     68.8494 meV   on_shell_Omega=     68.8494 meV  off_shell_Omega=     68.8494 meV
     lambda___(   3 )=       0.000001   gamma___=       0.000000 meV  omega=    121.7725 meV   on_shell_Omega=    121.7734 meV  off_shell_Omega=    121.7734 meV
     lambda_tr(   3 )=       0.000002   gamma_tr=       0.000000 meV  omega=    121.7725 meV   on_shell_Omega=    121.7734 meV  off_shell_Omega=    121.7734 meV
     lambda___(   4 )=       0.000082   gamma___=       0.000007 meV  omega=    150.1794 meV   on_shell_Omega=    150.1887 meV  off_shell_Omega=    150.1887 meV
     lambda_tr(   4 )=       0.000121   gamma_tr=       0.000010 meV  omega=    150.1794 meV   on_shell_Omega=    150.1887 meV  off_shell_Omega=    150.1887 meV
     lambda___(   5 )=       0.009201   gamma___=       0.000835 meV  omega=    154.4511 meV   on_shell_Omega=    154.5234 meV  off_shell_Omega=    154.5234 meV
     lambda_tr(   5 )=       0.016607   gamma_tr=       0.001506 meV  omega=    154.4511 meV   on_shell_Omega=    154.5234 meV  off_shell_Omega=    154.5234 meV
     lambda___(   6 )=       0.140141   gamma___=       0.014277 meV  omega=    163.6950 meV   on_shell_Omega=    162.6111 meV  off_shell_Omega=    162.5760 meV
     lambda_tr(   6 )=       0.265412   gamma_tr=       0.027039 meV  omega=    163.6950 meV   on_shell_Omega=    162.6111 meV  off_shell_Omega=    162.5760 meV
     lambda___( tot )=       0.149426
     lambda_tr( tot )=       0.282142
     -------------------------------------------------------------------


     Number of (k,k+q) pairs on the Fermi surface:   353330 out of   518400



     Real and Imaginary part of the phonon self-energy (omega=0) without gamma0.
     Omega(   1 )=   0.0628 eV   Re[Pi]=      -0.000003 meV Im[Pi]=      -0.000000 meV
     Omega(   2 )=   0.0688 eV   Re[Pi]=      -0.000002 meV Im[Pi]=      -0.000000 meV
     Omega(   3 )=   0.1218 eV   Re[Pi]=      -0.166980 meV Im[Pi]=      -0.000000 meV
     Omega(   4 )=   0.1502 eV   Re[Pi]=      -4.019747 meV Im[Pi]=      -0.000000 meV
     Omega(   5 )=   0.1545 eV   Re[Pi]=      -3.669691 meV Im[Pi]=      -0.000000 meV
     Omega(   6 )=   0.1637 eV   Re[Pi]=     -49.567275 meV Im[Pi]=      -0.000000 meV
     -------------------------------------------------------------------

     ===================================================================
     Memory usage:  VmHWM =       566Mb
                   VmPeak =      5602Mb
     ===================================================================


     Unfolding on the coarse grid
     elphon_wrap  :      0.00s CPU      0.00s WALL (       1 calls)

     INITIALIZATION: 




     Electron-Phonon interpolation
     ep-interp    :   1397.43s CPU   1467.78s WALL (      29 calls)
     PH SELF-ENER :     38.21s CPU     38.22s WALL (      29 calls)

     wigner_seitz :      0.00s CPU      0.00s WALL (       1 calls)
     DynW2B       :      0.00s CPU      0.00s WALL (      29 calls)
     HamW2B       :    108.79s CPU    116.32s WALL (31622400 calls)
     ephW2Bp      :      0.05s CPU      0.11s WALL (      29 calls)
     ephW2B       :     93.40s CPU     99.13s WALL (10246570 calls)
     vmeW2B       :    545.62s CPU    576.54s WALL (20493140 calls)



     Total program execution
     EPW          :  23m47.68s CPU  24m59.68s WALL

     % Copyright (C) 2016-2023 EPW-Collaboration                                    
                                                                                    
     ===============================================================================
     Please consider citing the following papers.                                   
                                                                                                 
     % Paper describing the method on which EPW relies                                           
       F. Giustino and M. L. Cohen and S. G. Louie, Phys. Rev. B 76, 165108 (2007)               
                                                                                                 
     % Papers describing the EPW software                                                        
       H. Lee et al., npj Comput. Mater. 9, 156 (2023)                                           
       S. Ponc\'e, E.R. Margine, C. Verdi and F. Giustino, Comput. Phys. Commun. 209, 116 (2016) 
       J. Noffsinger et al., Comput. Phys. Commun. 181, 2140 (2010)                              
                                                                                                 
                                                                                    
     For your convenience, this information is also reported in the                 
     functionality-dependent EPW.bib file.                                          
     ===============================================================================
                                                                                    
