
     Program PHONON v.7.5 starts on 13Aug2026 at 23:31:24 

     This program is part of the open-source Quantum ESPRESSO suite
     for quantum simulation of materials; please cite
         "P. Giannozzi et al., J. Phys.:Condens. Matter 21 395502 (2009);
         "P. Giannozzi et al., J. Phys.:Condens. Matter 29 465901 (2017);
         "P. Giannozzi et al., J. Chem. Phys. 152 154105 (2020);
          URL http://www.quantum-espresso.org", 
     in publications or presentations arising from this work. More details at
     http://www.quantum-espresso.org/quote

     Parallel version (MPI & OpenMP), running on       4 processor cores
     Number of MPI processes:                 1
     Threads/MPI process:                     4

     MPI processes distributed on     1 nodes
     30272 MiB available memory on the printing compute node when the environment starts
 
     Reading input from ph.in

     Reading xml data from directory:

     ../tmp/gr.save/
 
     Subspace diagonalization in iterative solution of the eigenvalue problem:
     a serial algorithm will be used


     IMPORTANT: XC functional enforced from input :
     Exchange-correlation= PBE
                           (   1   4   3   4   0   0   0)
     Any further DFT definition will be discarded
     Please, verify this is what you really want

 
     G-vector sticks info
     --------------------
     sticks:   dense  smooth     PW     G-vecs:    dense   smooth      PW
     Sum         361     361    109                33427    33427    5779
 
     Using Slab Decomposition
 
     Reading collected, re-writing distributed wavefunctions in ../tmp/

     Number and degeneracy of irreps per q-point
       N         xq(1)         xq(2)         xq(3)   N irreps
       1   0.338333333   0.568690015   0.000000000       6
     No degeneracy

     Calculation of q =    0.3383333   0.5686900   0.0000000
     [opt_tetra]  Optimized tetrahedron method is used.
 
     G-vector sticks info
     --------------------
     sticks:   dense  smooth     PW     G-vecs:    dense   smooth      PW
     Sum         361     361    139                33427    33427    7725
 
     Using Slab Decomposition
 

     Title: 
     graphene no-degauss DFPT; stage=development lane=B label=KM_d015 direction=


     bravais-lattice index     =            4
     lattice parameter (alat)  =       4.6487  a.u.
     unit-cell volume          =     530.5041 (a.u.)^3
     number of atoms/cell      =            2
     number of atomic types    =            1
     number of electrons       =         8.00
     number of Kohn-Sham states=            8
     kinetic-energy cutoff     =      60.0000  Ry
     charge density cutoff     =     240.0000  Ry
     Exchange-correlation= PBE
                           (   1   4   3   4   0   0   0)

     GPU acceleration is ACTIVE.  1 visible GPUs per MPI rank


     celldm(1)=   4.648726  celldm(2)=   0.000000  celldm(3)=   6.097561
     celldm(4)=   0.000000  celldm(5)=   0.000000  celldm(6)=   0.000000

     crystal axes: (cart. coord. in units of alat)
               a(1) = (   1.000000   0.000000   0.000000 )  
               a(2) = (  -0.500000   0.866025   0.000000 )  
               a(3) = (   0.000000   0.000000   6.097561 )  

     reciprocal axes: (cart. coord. in units 2 pi/alat)
               b(1) = (  1.000000  0.577350 -0.000000 )  
               b(2) = (  0.000000  1.154701  0.000000 )  
               b(3) = (  0.000000 -0.000000  0.164000 )  


     PseudoPot. # 1 for C  read from file:
     /root/phonon/pseudo/C_ONCV_PBE-1.2.upf
     MD5 check sum: 1a5f83a7b1f58d24996abe00ed223ac6
     Pseudo is Norm-conserving, Zval =  4.0
     Generated using ONCVPSP code by D. R. Hamann
     Using radial grid of  602 points,  4 beta functions with: 
                l(1) =   0
                l(2) =   0
                l(3) =   1
                l(4) =   1

     atomic species   valence    mass     pseudopotential
     C                 4.00    12.01100     C ( 1.00)

     24 Sym. Ops., with inversion, found



   Cartesian axes

     site n.     atom                  positions (alat units)
         1        C      tau(   1) = (   0.0000000   0.0000000   0.0000000  )
         2        C      tau(   2) = (  -0.0000000   0.5773503   0.0000000  )

     number of k points= 37056 (tetrahedron method)

     Number of k-points >= 100: set verbosity='high' to print them.

     Dense  grid:    33427 G-vectors     FFT dimensions: (  24,  24, 144)

     Estimated max dynamical RAM per process >      16.32 MB

     The potential is recalculated from file :
     ../tmp/_ph0/gr.save/charge-density

     Starting wfcs are    0 atomic +    8 random wfcs

     Band Structure Calculation
     Davidson diagonalization with overlap
     c_bands:  1 eigenvalues not converged

     ethr =  1.25E-10,  avg # of iterations = 36.3

     total cpu time spent up to now is     2128.7 secs

     End of band structure calculation

     Number of k-points >= 100: set verbosity='high' to print the bands.

     the Fermi energy is    -1.7005 ev

     Writing config to output data dir ../tmp/_ph0/gr.save/ :
     XML data file
 
     [dfpt_tetra]  Dos(E_F)[/Ry] :   0.2835878E-01

     graphene no-degauss DFPT; stage=development lane=B label=KM_d015 direction=

     bravais-lattice index     =            4
     lattice parameter (alat)  =       4.6487  a.u.
     unit-cell volume          =     530.5041 (a.u.)^3
     number of atoms/cell      =            2
     number of atomic types    =            1
     kinetic-energy cut-off    =      60.0000  Ry
     charge density cut-off    =     240.0000  Ry
     convergence threshold     =      1.0E-14
     beta                      =       0.7000
     number of iterations used =            4
     Exchange-correlation= PBE
                           (   1   4   3   4   0   0   0)


     celldm(1)=    4.64873  celldm(2)=    0.00000  celldm(3)=    6.09756
     celldm(4)=    0.00000  celldm(5)=    0.00000  celldm(6)=    0.00000

     crystal axes: (cart. coord. in units of alat)
               a(1) = (  1.0000  0.0000  0.0000 )  
               a(2) = ( -0.5000  0.8660  0.0000 )  
               a(3) = (  0.0000  0.0000  6.0976 )  

     reciprocal axes: (cart. coord. in units 2 pi/alat)
               b(1) = (  1.0000  0.5774 -0.0000 )  
               b(2) = (  0.0000  1.1547  0.0000 )  
               b(3) = (  0.0000 -0.0000  0.1640 )  


     Atoms inside the unit cell: 

     Cartesian axes

     site n.  atom      mass           positions (alat units)
        1  C      12.0110   tau(    1) = (    0.00000    0.00000    0.00000  )
        2  C      12.0110   tau(    2) = (   -0.00000    0.57735    0.00000  )

     Computing dynamical matrix for 
                    q = (   0.3383333   0.5686900   0.0000000 )
 
      4 Sym.Ops. (no q -> -q+G )


     G cutoff =  131.3770  (  33427 G-vectors)     FFT grid: ( 24, 24,144)
     number of k points= 37056

     PseudoPot. # 1 for C  read from file:
     /root/phonon/pseudo/C_ONCV_PBE-1.2.upf
     MD5 check sum: 1a5f83a7b1f58d24996abe00ed223ac6
     Pseudo is Norm-conserving, Zval =  4.0
     Generated using ONCVPSP code by D. R. Hamann
     Using radial grid of  602 points,  4 beta functions with: 
                l(1) =   0
                l(2) =   0
                l(3) =   1
                l(4) =   1


     Atomic displacements:
     There are    6 irreducible representations

     Representation     1      1 modes -  To be done

     Representation     2      1 modes -  To be done

     Representation     3      1 modes -  To be done

     Representation     4      1 modes -  To be done

     Representation     5      1 modes -  To be done

     Representation     6      1 modes -  To be done


     Message from routine init_vloc:
     Interpolation table for Vloc re-allocated

     Alpha used in Ewald sum =   2.5000
     PHONON       :  37m43.40s CPU  37m53.26s WALL



     Representation #   1 mode #   1

     Self-consistent Calculation

      iter #   1 total cpu time :  2689.3 secs   av.it.:   3.6
      thresh= 1.000E-02 alpha_mix =  0.700 |ddv_scf|^2 =  1.585E-06

      iter #   2 total cpu time :  3190.0 secs   av.it.:   5.8
      thresh= 1.259E-04 alpha_mix =  0.700 |ddv_scf|^2 =  1.811E-06

      iter #   3 total cpu time :  3676.5 secs   av.it.:   5.4
      thresh= 1.346E-04 alpha_mix =  0.700 |ddv_scf|^2 =  2.610E-09

      iter #   4 total cpu time :  4158.0 secs   av.it.:   5.4
      thresh= 5.109E-06 alpha_mix =  0.700 |ddv_scf|^2 =  3.394E-11

      iter #   5 total cpu time :  4641.5 secs   av.it.:   5.3
      thresh= 5.826E-07 alpha_mix =  0.700 |ddv_scf|^2 =  1.090E-14

      iter #   6 total cpu time :  5140.6 secs   av.it.:   5.6
      thresh= 1.044E-08 alpha_mix =  0.700 |ddv_scf|^2 =  6.397E-16

     End of self-consistent calculation

     Convergence has been achieved 


     Representation #   2 mode #   2

     Self-consistent Calculation

      iter #   1 total cpu time :  5651.6 secs   av.it.:   3.8
      thresh= 1.000E-02 alpha_mix =  0.700 |ddv_scf|^2 =  3.218E-06

      iter #   2 total cpu time :  6158.4 secs   av.it.:   5.8
      thresh= 1.794E-04 alpha_mix =  0.700 |ddv_scf|^2 =  1.572E-06

      iter #   3 total cpu time :  6644.8 secs   av.it.:   5.6
      thresh= 1.254E-04 alpha_mix =  0.700 |ddv_scf|^2 =  9.341E-08

      iter #   4 total cpu time :  7128.1 secs   av.it.:   5.4
      thresh= 3.056E-05 alpha_mix =  0.700 |ddv_scf|^2 =  1.961E-10

      iter #   5 total cpu time :  7613.2 secs   av.it.:   5.5
      thresh= 1.400E-06 alpha_mix =  0.700 |ddv_scf|^2 =  5.939E-12

      iter #   6 total cpu time :  8097.0 secs   av.it.:   5.4
      thresh= 2.437E-07 alpha_mix =  0.700 |ddv_scf|^2 =  1.178E-14

      iter #   7 total cpu time :  8579.1 secs   av.it.:   5.6
      thresh= 1.086E-08 alpha_mix =  0.700 |ddv_scf|^2 =  7.322E-16

     End of self-consistent calculation

     Convergence has been achieved 


     Representation #   3 mode #   3

     Self-consistent Calculation

      iter #   1 total cpu time :  9035.5 secs   av.it.:   3.2
      thresh= 1.000E-02 alpha_mix =  0.700 |ddv_scf|^2 =  2.716E-07

      iter #   2 total cpu time :  9538.9 secs   av.it.:   5.4
      thresh= 5.211E-05 alpha_mix =  0.700 |ddv_scf|^2 =  2.049E-09

      iter #   3 total cpu time : 10022.5 secs   av.it.:   5.2
      thresh= 4.527E-06 alpha_mix =  0.700 |ddv_scf|^2 =  1.108E-10

      iter #   4 total cpu time : 10463.0 secs   av.it.:   4.6
      thresh= 1.053E-06 alpha_mix =  0.700 |ddv_scf|^2 =  3.152E-14

      iter #   5 total cpu time : 10933.6 secs   av.it.:   5.1
      thresh= 1.776E-08 alpha_mix =  0.700 |ddv_scf|^2 =  5.003E-16

     End of self-consistent calculation

     Convergence has been achieved 


     Representation #   4 mode #   4

     Self-consistent Calculation

      iter #   1 total cpu time : 11381.2 secs   av.it.:   3.2
      thresh= 1.000E-02 alpha_mix =  0.700 |ddv_scf|^2 =  2.941E-07

      iter #   2 total cpu time : 11892.4 secs   av.it.:   5.4
      thresh= 5.423E-05 alpha_mix =  0.700 |ddv_scf|^2 =  2.426E-09

      iter #   3 total cpu time : 12378.7 secs   av.it.:   5.2
      thresh= 4.925E-06 alpha_mix =  0.700 |ddv_scf|^2 =  1.136E-10

      iter #   4 total cpu time : 12814.8 secs   av.it.:   4.6
      thresh= 1.066E-06 alpha_mix =  0.700 |ddv_scf|^2 =  3.227E-14

      iter #   5 total cpu time : 13283.0 secs   av.it.:   5.1
      thresh= 1.796E-08 alpha_mix =  0.700 |ddv_scf|^2 =  6.097E-16

     End of self-consistent calculation

     Convergence has been achieved 


     Representation #   5 mode #   5

     Self-consistent Calculation

      iter #   1 total cpu time : 13771.3 secs   av.it.:   3.9
      thresh= 1.000E-02 alpha_mix =  0.700 |ddv_scf|^2 =  3.035E-06

      iter #   2 total cpu time : 14268.5 secs   av.it.:   5.8
      thresh= 1.742E-04 alpha_mix =  0.700 |ddv_scf|^2 =  2.397E-06

      iter #   3 total cpu time : 14742.5 secs   av.it.:   5.4
      thresh= 1.548E-04 alpha_mix =  0.700 |ddv_scf|^2 =  4.619E-08

      iter #   4 total cpu time : 15221.6 secs   av.it.:   5.4
      thresh= 2.149E-05 alpha_mix =  0.700 |ddv_scf|^2 =  3.112E-10

      iter #   5 total cpu time : 15703.0 secs   av.it.:   5.5
      thresh= 1.764E-06 alpha_mix =  0.700 |ddv_scf|^2 =  7.884E-12

      iter #   6 total cpu time : 16174.4 secs   av.it.:   5.4
      thresh= 2.808E-07 alpha_mix =  0.700 |ddv_scf|^2 =  6.744E-15

     End of self-consistent calculation

     Convergence has been achieved 


     Representation #   6 mode #   6

     Self-consistent Calculation

      iter #   1 total cpu time : 16654.8 secs   av.it.:   3.6
      thresh= 1.000E-02 alpha_mix =  0.700 |ddv_scf|^2 =  1.792E-06

      iter #   2 total cpu time : 17150.2 secs   av.it.:   5.8
      thresh= 1.339E-04 alpha_mix =  0.700 |ddv_scf|^2 =  2.049E-06

      iter #   3 total cpu time : 17617.3 secs   av.it.:   5.4
      thresh= 1.431E-04 alpha_mix =  0.700 |ddv_scf|^2 =  2.851E-09

      iter #   4 total cpu time : 18091.0 secs   av.it.:   5.4
      thresh= 5.340E-06 alpha_mix =  0.700 |ddv_scf|^2 =  3.415E-11

      iter #   5 total cpu time : 18567.1 secs   av.it.:   5.3
      thresh= 5.844E-07 alpha_mix =  0.700 |ddv_scf|^2 =  1.188E-14

      iter #   6 total cpu time : 19043.2 secs   av.it.:   5.6
      thresh= 1.090E-08 alpha_mix =  0.700 |ddv_scf|^2 =  6.519E-16

     End of self-consistent calculation

     Convergence has been achieved 
 
     Number of q in the star =    6
     List of q in the star:
          1   0.338333333   0.568690015   0.000000000
          2  -0.323333333   0.577350269   0.000000000
          3   0.661666667  -0.008660254   0.000000000
          4  -0.661666667   0.008660254   0.000000000
          5   0.323333333  -0.577350269   0.000000000
          6   0.661666667   0.008660254   0.000000000

     Diagonalizing the dynamical matrix

     q = (    0.338333333   0.568690015   0.000000000 ) 

 **************************************************************************
     freq (    1) =      16.114572 [THz] =     537.524260 [cm-1]
     freq (    2) =      16.512711 [THz] =     550.804747 [cm-1]
     freq (    3) =      30.099116 [THz] =    1003.998447 [cm-1]
     freq (    4) =      36.641698 [THz] =    1222.235477 [cm-1]
     freq (    5) =      37.002121 [THz] =    1234.257905 [cm-1]
     freq (    6) =      38.794437 [THz] =    1294.043122 [cm-1]
 **************************************************************************
 
     init_run     :     16.81s CPU     17.09s WALL (       1 calls)
     electrons    :   1995.27s CPU   2012.81s WALL (       1 calls)

     Called by init_run:
     wfcinit      :      0.00s CPU      0.00s WALL (       1 calls)
     potinit      :      0.02s CPU      0.01s WALL (       1 calls)
     hinit0       :      0.02s CPU      0.02s WALL (       1 calls)

     Called by electrons:
     c_bands      :   1986.39s CPU   2008.34s WALL (       1 calls)
     v_of_rho     :      0.03s CPU      0.03s WALL (       2 calls)

     Called by c_bands:
     init_us_2    :    253.07s CPU    266.62s WALL (  944928 calls)
     cegterg      :   1848.43s CPU   1857.51s WALL (   83595 calls)

     Called by *egterg:
     cdiaghg      :    578.31s CPU    609.87s WALL ( 1382089 calls)
                                      600.19s GPU  ( 1382089 calls)
     h_psi        :   4340.64s CPU   4317.85s WALL ( 8952046 calls)
     g_psi        :     32.45s CPU     33.56s WALL ( 1345033 calls)

     Called by h_psi:
     h_psi:calbec :    247.71s CPU    263.20s WALL ( 8952046 calls)
     vloc_psi     :   2842.32s CPU   2871.82s WALL ( 8952046 calls)
                                     2817.57s GPU  ( 8952046 calls)
     add_vuspsi   :    858.84s CPU    912.08s WALL ( 8952046 calls)

     General routines
     calbec       :    315.97s CPU    329.60s WALL ( 9581998 calls)
     fft          :      0.62s CPU      0.67s WALL (     409 calls)
                                        0.04s GPU  (      23 calls)
     ffts         :      2.55s CPU      3.91s WALL (  111204 calls)
                                        3.22s GPU  (  111204 calls)
     fftw         :    524.27s CPU   1738.10s WALL (38655452 calls)
                                     1499.34s GPU  (38655452 calls)
     davcio       :   1025.04s CPU   1452.42s WALL ( 3560761 calls)
 
     Parallel routines
 
     PHONON       :      4h59m CPU      5h17m WALL

     INITIALIZATION: 
     phq_setup    :      4.94s CPU      4.98s WALL (       1 calls)
     phq_init     :    135.51s CPU    126.17s WALL (       1 calls)
 
     phq_init     :    135.51s CPU    126.17s WALL (       1 calls)
     init_vloc    :      0.03s CPU      0.03s WALL (       2 calls)
     init_us_1    :      0.00s CPU      0.00s WALL (       2 calls)
     init_us_2    :    253.07s CPU    266.62s WALL (  944928 calls)
 
     DYNAMICAL MATRIX:
     dynmat0      :    120.59s CPU    107.16s WALL (       1 calls)
     dynmat_us    :    120.58s CPU    107.15s WALL (       1 calls)
     d2ionq       :      0.02s CPU      0.01s WALL (       1 calls)
     phqscf       :  15694.33s CPU  16801.21s WALL (       1 calls)
     dynmatrix    :      0.02s CPU      0.10s WALL (       1 calls)
 
     phqscf       :  15694.33s CPU  16801.21s WALL (       1 calls)
     solve_linter :  15557.71s CPU  16605.27s WALL (       6 calls)
     dfpt_kernel  :  14760.82s CPU  15931.65s WALL (       6 calls)
     sth_kernel   :  14758.86s CPU  15928.41s WALL (      35 calls)
     h_prec       :     93.74s CPU    122.92s WALL (  648480 calls)
     apply_dpot_b :    741.52s CPU   1016.11s WALL (  537312 calls)
     ortho        :    614.95s CPU    687.88s WALL (  648480 calls)
     cgsolve      :  10959.48s CPU  11090.81s WALL (  648480 calls)
     incdrhoscf   :   1087.57s CPU   1210.55s WALL (  648480 calls)
                                     1204.87s GPU  (  648480 calls)
     dv_of_drho   :      1.01s CPU      1.75s WALL (      35 calls)
     mix_pot      :      0.41s CPU      0.71s WALL (      35 calls)
     drhodv       :    136.60s CPU    195.88s WALL (       6 calls)
     psymdvscf    :      0.45s CPU      0.60s WALL (      35 calls)
     com_dvloc    :     30.92s CPU     26.10s WALL (  111204 calls)
                                       25.48s GPU  (  111204 calls)
     addcore      :      0.01s CPU      0.02s WALL (       6 calls)
                                        0.02s GPU  (       6 calls)
 
     dvqpsi_us    :    573.73s CPU    501.04s WALL (  111168 calls)
                                      499.86s GPU  (  111168 calls)
     dvqpsi_us_on :    371.65s CPU    317.98s WALL (  111168 calls)
 
     add_vuspsi   :    858.84s CPU    912.08s WALL ( 8952046 calls)
 
 
      General routines
     calbec       :    315.97s CPU    329.60s WALL ( 9581998 calls)
     fft          :      0.62s CPU      0.67s WALL (     409 calls)
                                        0.04s GPU  (      23 calls)
     ffts         :      2.55s CPU      3.91s WALL (  111204 calls)
                                        3.22s GPU  (  111204 calls)
     fftw         :    524.27s CPU   1738.10s WALL (38655452 calls)
                                     1499.34s GPU  (38655452 calls)
     davcio       :   1025.04s CPU   1452.42s WALL ( 3560761 calls)
     write_rec    :      0.07s CPU      0.16s WALL (      41 calls)
 
      Additional routines
     ch_psi       :   6562.39s CPU   6446.85s WALL ( 7486362 calls)
     last         :   2560.24s CPU   2447.51s WALL ( 7486362 calls)
     Hesh         :     88.50s CPU     95.06s WALL ( 7486362 calls)
     ch_psi_all_k :   2266.95s CPU   2261.02s WALL ( 7486362 calls)
                                     2211.63s GPU  ( 7486362 calls)
     h_psi_bgrp   :   4360.33s CPU   4335.68s WALL ( 8952046 calls)
     h_psi        :   4340.64s CPU   4317.85s WALL ( 8952046 calls)
     h_psi:pot    :   4092.66s CPU   4114.78s WALL ( 8952046 calls)
     h_psi:calbec :    247.71s CPU    263.20s WALL ( 8952046 calls)
     s_psi_bgrp   :    118.16s CPU    122.67s WALL (15621204 calls)
 
 
     PHONON       :      4h59m CPU      5h17m WALL

 
   This run was terminated on:   4:49:21  14Aug2026            

=------------------------------------------------------------------------------=
   JOB DONE.
=------------------------------------------------------------------------------=
Warning: ieee_divide_by_zero is signaling
Warning: ieee_underflow is signaling
Warning: ieee_inexact is signaling
FORTRAN STOP
