
     Program PHONON v.7.5 starts on 14Aug2026 at  4:35:58 

     This program is part of the open-source Quantum ESPRESSO suite
     for quantum simulation of materials; please cite
         "P. Giannozzi et al., J. Phys.:Condens. Matter 21 395502 (2009);
         "P. Giannozzi et al., J. Phys.:Condens. Matter 29 465901 (2017);
         "P. Giannozzi et al., J. Chem. Phys. 152 154105 (2020);
          URL http://www.quantum-espresso.org", 
     in publications or presentations arising from this work. More details at
     http://www.quantum-espresso.org/quote

     Parallel version (MPI & OpenMP), running on       4 processor cores
     Number of MPI processes:                 1
     Threads/MPI process:                     4

     MPI processes distributed on     1 nodes
     16646 MiB available memory on the printing compute node when the environment starts
 
     Reading input from ph.in

     Reading xml data from directory:

     ../tmp/gr.save/
 
     Subspace diagonalization in iterative solution of the eigenvalue problem:
     a serial algorithm will be used


     IMPORTANT: XC functional enforced from input :
     Exchange-correlation= PBE
                           (   1   4   3   4   0   0   0)
     Any further DFT definition will be discarded
     Please, verify this is what you really want

 
     G-vector sticks info
     --------------------
     sticks:   dense  smooth     PW     G-vecs:    dense   smooth      PW
     Sum         361     361    109                33427    33427    5779
 
     Using Slab Decomposition
 
     Reading collected, re-writing distributed wavefunctions in ../tmp/

     Number and degeneracy of irreps per q-point
       N         xq(1)         xq(2)         xq(3)   N irreps
       1   0.341000000   0.564071213   0.000000000       6
     No degeneracy

     Calculation of q =    0.3410000   0.5640712   0.0000000
     [opt_tetra]  Optimized tetrahedron method is used.
 
     G-vector sticks info
     --------------------
     sticks:   dense  smooth     PW     G-vecs:    dense   smooth      PW
     Sum         361     361    139                33427    33427    7725
 
     Using Slab Decomposition
 

     Title: 
     graphene no-degauss DFPT; stage=development lane=A label=KM_d023 direction=


     bravais-lattice index     =            4
     lattice parameter (alat)  =       4.6487  a.u.
     unit-cell volume          =     530.5041 (a.u.)^3
     number of atoms/cell      =            2
     number of atomic types    =            1
     number of electrons       =         8.00
     number of Kohn-Sham states=            8
     kinetic-energy cutoff     =      60.0000  Ry
     charge density cutoff     =     240.0000  Ry
     Exchange-correlation= PBE
                           (   1   4   3   4   0   0   0)

     GPU acceleration is ACTIVE.  1 visible GPUs per MPI rank


     celldm(1)=   4.648726  celldm(2)=   0.000000  celldm(3)=   6.097561
     celldm(4)=   0.000000  celldm(5)=   0.000000  celldm(6)=   0.000000

     crystal axes: (cart. coord. in units of alat)
               a(1) = (   1.000000   0.000000   0.000000 )  
               a(2) = (  -0.500000   0.866025   0.000000 )  
               a(3) = (   0.000000   0.000000   6.097561 )  

     reciprocal axes: (cart. coord. in units 2 pi/alat)
               b(1) = (  1.000000  0.577350 -0.000000 )  
               b(2) = (  0.000000  1.154701  0.000000 )  
               b(3) = (  0.000000 -0.000000  0.164000 )  


     PseudoPot. # 1 for C  read from file:
     /root/phonon/pseudo/C_ONCV_PBE-1.2.upf
     MD5 check sum: 1a5f83a7b1f58d24996abe00ed223ac6
     Pseudo is Norm-conserving, Zval =  4.0
     Generated using ONCVPSP code by D. R. Hamann
     Using radial grid of  602 points,  4 beta functions with: 
                l(1) =   0
                l(2) =   0
                l(3) =   1
                l(4) =   1

     atomic species   valence    mass     pseudopotential
     C                 4.00    12.01100     C ( 1.00)

     24 Sym. Ops., with inversion, found



   Cartesian axes

     site n.     atom                  positions (alat units)
         1        C      tau(   1) = (   0.0000000   0.0000000   0.0000000  )
         2        C      tau(   2) = (  -0.0000000   0.5773503   0.0000000  )

     number of k points= 37056 (tetrahedron method)

     Number of k-points >= 100: set verbosity='high' to print them.

     Dense  grid:    33427 G-vectors     FFT dimensions: (  24,  24, 144)

     Estimated max dynamical RAM per process >      16.32 MB

     The potential is recalculated from file :
     ../tmp/_ph0/gr.save/charge-density

     Starting wfcs are    0 atomic +    8 random wfcs

     Band Structure Calculation
     Davidson diagonalization with overlap
     c_bands:  1 eigenvalues not converged

     ethr =  1.25E-10,  avg # of iterations = 36.3

     total cpu time spent up to now is     2100.5 secs

     End of band structure calculation

     Number of k-points >= 100: set verbosity='high' to print the bands.

     the Fermi energy is    -1.7005 ev

     Writing config to output data dir ../tmp/_ph0/gr.save/ :
     XML data file
 
     [dfpt_tetra]  Dos(E_F)[/Ry] :   0.2835878E-01

     graphene no-degauss DFPT; stage=development lane=A label=KM_d023 direction=

     bravais-lattice index     =            4
     lattice parameter (alat)  =       4.6487  a.u.
     unit-cell volume          =     530.5041 (a.u.)^3
     number of atoms/cell      =            2
     number of atomic types    =            1
     kinetic-energy cut-off    =      60.0000  Ry
     charge density cut-off    =     240.0000  Ry
     convergence threshold     =      1.0E-14
     beta                      =       0.7000
     number of iterations used =            4
     Exchange-correlation= PBE
                           (   1   4   3   4   0   0   0)


     celldm(1)=    4.64873  celldm(2)=    0.00000  celldm(3)=    6.09756
     celldm(4)=    0.00000  celldm(5)=    0.00000  celldm(6)=    0.00000

     crystal axes: (cart. coord. in units of alat)
               a(1) = (  1.0000  0.0000  0.0000 )  
               a(2) = ( -0.5000  0.8660  0.0000 )  
               a(3) = (  0.0000  0.0000  6.0976 )  

     reciprocal axes: (cart. coord. in units 2 pi/alat)
               b(1) = (  1.0000  0.5774 -0.0000 )  
               b(2) = (  0.0000  1.1547  0.0000 )  
               b(3) = (  0.0000 -0.0000  0.1640 )  


     Atoms inside the unit cell: 

     Cartesian axes

     site n.  atom      mass           positions (alat units)
        1  C      12.0110   tau(    1) = (    0.00000    0.00000    0.00000  )
        2  C      12.0110   tau(    2) = (   -0.00000    0.57735    0.00000  )

     Computing dynamical matrix for 
                    q = (   0.3410000   0.5640712   0.0000000 )
 
      4 Sym.Ops. (no q -> -q+G )


     G cutoff =  131.3770  (  33427 G-vectors)     FFT grid: ( 24, 24,144)
     number of k points= 37056

     PseudoPot. # 1 for C  read from file:
     /root/phonon/pseudo/C_ONCV_PBE-1.2.upf
     MD5 check sum: 1a5f83a7b1f58d24996abe00ed223ac6
     Pseudo is Norm-conserving, Zval =  4.0
     Generated using ONCVPSP code by D. R. Hamann
     Using radial grid of  602 points,  4 beta functions with: 
                l(1) =   0
                l(2) =   0
                l(3) =   1
                l(4) =   1


     Atomic displacements:
     There are    6 irreducible representations

     Representation     1      1 modes -  To be done

     Representation     2      1 modes -  To be done

     Representation     3      1 modes -  To be done

     Representation     4      1 modes -  To be done

     Representation     5      1 modes -  To be done

     Representation     6      1 modes -  To be done


     Message from routine init_vloc:
     Interpolation table for Vloc re-allocated

     Alpha used in Ewald sum =   2.5000
     PHONON       :  37m18.49s CPU  37m32.61s WALL



     Representation #   1 mode #   1

     Self-consistent Calculation

      iter #   1 total cpu time :  2649.8 secs   av.it.:   3.6
      thresh= 1.000E-02 alpha_mix =  0.700 |ddv_scf|^2 =  1.596E-06

      iter #   2 total cpu time :  3136.0 secs   av.it.:   5.8
      thresh= 1.263E-04 alpha_mix =  0.700 |ddv_scf|^2 =  1.843E-06

      iter #   3 total cpu time :  3609.2 secs   av.it.:   5.4
      thresh= 1.358E-04 alpha_mix =  0.700 |ddv_scf|^2 =  2.583E-09

      iter #   4 total cpu time :  4088.1 secs   av.it.:   5.4
      thresh= 5.083E-06 alpha_mix =  0.700 |ddv_scf|^2 =  3.387E-11

      iter #   5 total cpu time :  4547.0 secs   av.it.:   5.3
      thresh= 5.820E-07 alpha_mix =  0.700 |ddv_scf|^2 =  1.101E-14

      iter #   6 total cpu time :  5026.0 secs   av.it.:   5.6
      thresh= 1.049E-08 alpha_mix =  0.700 |ddv_scf|^2 =  6.594E-16

     End of self-consistent calculation

     Convergence has been achieved 


     Representation #   2 mode #   2

     Self-consistent Calculation

      iter #   1 total cpu time :  5497.5 secs   av.it.:   3.8
      thresh= 1.000E-02 alpha_mix =  0.700 |ddv_scf|^2 =  3.265E-06

      iter #   2 total cpu time :  5989.2 secs   av.it.:   5.8
      thresh= 1.807E-04 alpha_mix =  0.700 |ddv_scf|^2 =  1.590E-06

      iter #   3 total cpu time :  6453.5 secs   av.it.:   5.6
      thresh= 1.261E-04 alpha_mix =  0.700 |ddv_scf|^2 =  9.072E-08

      iter #   4 total cpu time :  6920.0 secs   av.it.:   5.4
      thresh= 3.012E-05 alpha_mix =  0.700 |ddv_scf|^2 =  1.910E-10

      iter #   5 total cpu time :  7391.2 secs   av.it.:   5.5
      thresh= 1.382E-06 alpha_mix =  0.700 |ddv_scf|^2 =  5.781E-12

      iter #   6 total cpu time :  7854.8 secs   av.it.:   5.4
      thresh= 2.404E-07 alpha_mix =  0.700 |ddv_scf|^2 =  1.206E-14

      iter #   7 total cpu time :  8321.6 secs   av.it.:   5.6
      thresh= 1.098E-08 alpha_mix =  0.700 |ddv_scf|^2 =  7.318E-16

     End of self-consistent calculation

     Convergence has been achieved 


     Representation #   3 mode #   3

     Self-consistent Calculation

      iter #   1 total cpu time :  8759.5 secs   av.it.:   3.2
      thresh= 1.000E-02 alpha_mix =  0.700 |ddv_scf|^2 =  2.662E-07

      iter #   2 total cpu time :  9239.1 secs   av.it.:   5.4
      thresh= 5.159E-05 alpha_mix =  0.700 |ddv_scf|^2 =  1.966E-09

      iter #   3 total cpu time :  9701.2 secs   av.it.:   5.2
      thresh= 4.434E-06 alpha_mix =  0.700 |ddv_scf|^2 =  1.101E-10

      iter #   4 total cpu time : 10136.3 secs   av.it.:   4.6
      thresh= 1.049E-06 alpha_mix =  0.700 |ddv_scf|^2 =  3.141E-14

      iter #   5 total cpu time : 10586.1 secs   av.it.:   5.2
      thresh= 1.772E-08 alpha_mix =  0.700 |ddv_scf|^2 =  4.763E-16

     End of self-consistent calculation

     Convergence has been achieved 


     Representation #   4 mode #   4

     Self-consistent Calculation

      iter #   1 total cpu time : 11019.9 secs   av.it.:   3.2
      thresh= 1.000E-02 alpha_mix =  0.700 |ddv_scf|^2 =  3.003E-07

      iter #   2 total cpu time : 11501.1 secs   av.it.:   5.4
      thresh= 5.480E-05 alpha_mix =  0.700 |ddv_scf|^2 =  2.541E-09

      iter #   3 total cpu time : 11959.3 secs   av.it.:   5.2
      thresh= 5.041E-06 alpha_mix =  0.700 |ddv_scf|^2 =  1.143E-10

      iter #   4 total cpu time : 12385.7 secs   av.it.:   4.6
      thresh= 1.069E-06 alpha_mix =  0.700 |ddv_scf|^2 =  3.249E-14

      iter #   5 total cpu time : 12839.0 secs   av.it.:   5.1
      thresh= 1.802E-08 alpha_mix =  0.700 |ddv_scf|^2 =  6.458E-16

     End of self-consistent calculation

     Convergence has been achieved 


     Representation #   5 mode #   5

     Self-consistent Calculation

      iter #   1 total cpu time : 13299.3 secs   av.it.:   3.9
      thresh= 1.000E-02 alpha_mix =  0.700 |ddv_scf|^2 =  2.946E-06

      iter #   2 total cpu time : 13775.9 secs   av.it.:   5.8
      thresh= 1.716E-04 alpha_mix =  0.700 |ddv_scf|^2 =  2.283E-06

      iter #   3 total cpu time : 14239.9 secs   av.it.:   5.5
      thresh= 1.511E-04 alpha_mix =  0.700 |ddv_scf|^2 =  4.493E-08

      iter #   4 total cpu time : 14699.5 secs   av.it.:   5.4
      thresh= 2.120E-05 alpha_mix =  0.700 |ddv_scf|^2 =  3.110E-10

      iter #   5 total cpu time : 15158.5 secs   av.it.:   5.5
      thresh= 1.764E-06 alpha_mix =  0.700 |ddv_scf|^2 =  7.897E-12

      iter #   6 total cpu time : 15608.8 secs   av.it.:   5.4
      thresh= 2.810E-07 alpha_mix =  0.700 |ddv_scf|^2 =  6.628E-15

     End of self-consistent calculation

     Convergence has been achieved 


     Representation #   6 mode #   6

     Self-consistent Calculation

      iter #   1 total cpu time : 16082.8 secs   av.it.:   3.6
      thresh= 1.000E-02 alpha_mix =  0.700 |ddv_scf|^2 =  1.816E-06

      iter #   2 total cpu time : 16570.3 secs   av.it.:   5.8
      thresh= 1.348E-04 alpha_mix =  0.700 |ddv_scf|^2 =  2.101E-06

      iter #   3 total cpu time : 17024.1 secs   av.it.:   5.4
      thresh= 1.449E-04 alpha_mix =  0.700 |ddv_scf|^2 =  2.825E-09

      iter #   4 total cpu time : 17482.5 secs   av.it.:   5.4
      thresh= 5.315E-06 alpha_mix =  0.700 |ddv_scf|^2 =  3.401E-11

      iter #   5 total cpu time : 17946.1 secs   av.it.:   5.3
      thresh= 5.832E-07 alpha_mix =  0.700 |ddv_scf|^2 =  1.237E-14

      iter #   6 total cpu time : 18421.5 secs   av.it.:   5.6
      thresh= 1.112E-08 alpha_mix =  0.700 |ddv_scf|^2 =  6.628E-16

     End of self-consistent calculation

     Convergence has been achieved 
 
     Number of q in the star =    6
     List of q in the star:
          1   0.341000000   0.564071213   0.000000000
          2  -0.318000000   0.577350269   0.000000000
          3   0.659000000  -0.013279056   0.000000000
          4  -0.659000000   0.013279056   0.000000000
          5   0.318000000  -0.577350269   0.000000000
          6   0.659000000   0.013279056   0.000000000

     Diagonalizing the dynamical matrix

     q = (    0.341000000   0.564071213   0.000000000 ) 

 **************************************************************************
     freq (    1) =      16.013556 [THz] =     534.154737 [cm-1]
     freq (    2) =      16.615963 [THz] =     554.248877 [cm-1]
     freq (    3) =      30.056086 [THz] =    1002.563112 [cm-1]
     freq (    4) =      36.574170 [THz] =    1219.983003 [cm-1]
     freq (    5) =      37.104356 [THz] =    1237.668099 [cm-1]
     freq (    6) =      38.956396 [THz] =    1299.445485 [cm-1]
 **************************************************************************
 
     init_run     :     16.84s CPU     17.14s WALL (       1 calls)
     electrons    :   1970.32s CPU   1985.00s WALL (       1 calls)

     Called by init_run:
     wfcinit      :      0.00s CPU      0.00s WALL (       1 calls)
     potinit      :      0.01s CPU      0.01s WALL (       1 calls)
     hinit0       :      0.01s CPU      0.01s WALL (       1 calls)

     Called by electrons:
     c_bands      :   1959.81s CPU   1979.69s WALL (       1 calls)
     v_of_rho     :      0.03s CPU      0.02s WALL (       2 calls)

     Called by c_bands:
     init_us_2    :    243.22s CPU    260.30s WALL (  944928 calls)
     cegterg      :   1824.47s CPU   1832.68s WALL (   83668 calls)

     Called by *egterg:
     cdiaghg      :    577.24s CPU    607.87s WALL ( 1382701 calls)
                                      598.71s GPU  ( 1382701 calls)
     h_psi        :   4219.69s CPU   4202.68s WALL ( 8952538 calls)
     g_psi        :     31.18s CPU     32.23s WALL ( 1345645 calls)

     Called by h_psi:
     h_psi:calbec :    247.70s CPU    263.66s WALL ( 8952538 calls)
     vloc_psi     :   2756.09s CPU   2784.98s WALL ( 8952538 calls)
                                     2733.25s GPU  ( 8952538 calls)
     add_vuspsi   :    843.24s CPU    896.08s WALL ( 8952538 calls)

     General routines
     calbec       :    315.11s CPU    331.22s WALL ( 9582490 calls)
     fft          :      0.60s CPU      0.66s WALL (     409 calls)
                                        0.03s GPU  (      23 calls)
     ffts         :      2.75s CPU      3.91s WALL (  111204 calls)
                                        3.26s GPU  (  111204 calls)
     fftw         :    498.88s CPU   1703.32s WALL (38656436 calls)
                                     1482.38s GPU  (38656436 calls)
     davcio       :   1046.49s CPU   1455.53s WALL ( 3560761 calls)
 
     Parallel routines
 
     PHONON       :      4h49m CPU      5h 7m WALL

     INITIALIZATION: 
     phq_setup    :      5.05s CPU      5.10s WALL (       1 calls)
     phq_init     :    135.51s CPU    133.01s WALL (       1 calls)
 
     phq_init     :    135.51s CPU    133.01s WALL (       1 calls)
     init_vloc    :      0.03s CPU      0.04s WALL (       2 calls)
     init_us_1    :      0.00s CPU      0.00s WALL (       2 calls)
     init_us_2    :    243.22s CPU    260.30s WALL (  944928 calls)
 
     DYNAMICAL MATRIX:
     dynmat0      :    120.72s CPU    109.23s WALL (       1 calls)
     dynmat_us    :    120.70s CPU    109.22s WALL (       1 calls)
     d2ionq       :      0.02s CPU      0.01s WALL (       1 calls)
     phqscf       :  15114.25s CPU  16203.74s WALL (       1 calls)
     dynmatrix    :      0.02s CPU      0.09s WALL (       1 calls)
 
     phqscf       :  15114.25s CPU  16203.74s WALL (       1 calls)
     solve_linter :  14981.49s CPU  16008.35s WALL (       6 calls)
     dfpt_kernel  :  14210.48s CPU  15379.27s WALL (       6 calls)
     sth_kernel   :  14208.47s CPU  15376.05s WALL (      35 calls)
     h_prec       :    100.22s CPU    132.93s WALL (  648480 calls)
     apply_dpot_b :    712.79s CPU    986.91s WALL (  537312 calls)
     ortho        :    587.37s CPU    660.85s WALL (  648480 calls)
     cgsolve      :  10484.02s CPU  10627.15s WALL (  648480 calls)
     incdrhoscf   :   1045.65s CPU   1166.68s WALL (  648480 calls)
                                     1161.43s GPU  (  648480 calls)
     dv_of_drho   :      1.00s CPU      1.73s WALL (      35 calls)
     mix_pot      :      0.49s CPU      0.68s WALL (      35 calls)
     drhodv       :    132.75s CPU    195.32s WALL (       6 calls)
     psymdvscf    :      0.43s CPU      0.60s WALL (      35 calls)
     com_dvloc    :     31.86s CPU     26.02s WALL (  111204 calls)
                                       25.42s GPU  (  111204 calls)
     addcore      :      0.01s CPU      0.01s WALL (       6 calls)
                                        0.01s GPU  (       6 calls)
 
     dvqpsi_us    :    558.03s CPU    468.64s WALL (  111168 calls)
                                      467.46s GPU  (  111168 calls)
     dvqpsi_us_on :    353.84s CPU    292.49s WALL (  111168 calls)
 
     add_vuspsi   :    843.24s CPU    896.08s WALL ( 8952538 calls)
 
 
      General routines
     calbec       :    315.11s CPU    331.22s WALL ( 9582490 calls)
     fft          :      0.60s CPU      0.66s WALL (     409 calls)
                                        0.03s GPU  (      23 calls)
     ffts         :      2.75s CPU      3.91s WALL (  111204 calls)
                                        3.26s GPU  (  111204 calls)
     fftw         :    498.88s CPU   1703.32s WALL (38656436 calls)
                                     1482.38s GPU  (38656436 calls)
     davcio       :   1046.49s CPU   1455.53s WALL ( 3560761 calls)
     write_rec    :      0.05s CPU      0.17s WALL (      41 calls)
 
      Additional routines
     ch_psi       :   6300.65s CPU   6198.24s WALL ( 7486169 calls)
     last         :   2426.71s CPU   2320.94s WALL ( 7486169 calls)
     Hesh         :     83.86s CPU     90.04s WALL ( 7486169 calls)
     ch_psi_all_k :   2149.01s CPU   2143.63s WALL ( 7486169 calls)
                                     2096.79s GPU  ( 7486169 calls)
     h_psi_bgrp   :   4238.82s CPU   4220.51s WALL ( 8952538 calls)
     h_psi        :   4219.69s CPU   4202.68s WALL ( 8952538 calls)
     h_psi:pot    :   3979.97s CPU   4007.75s WALL ( 8952538 calls)
     h_psi:calbec :    247.70s CPU    263.66s WALL ( 8952538 calls)
     s_psi_bgrp   :    115.11s CPU    118.43s WALL (15620818 calls)
 
 
     PHONON       :      4h49m CPU      5h 7m WALL

 
   This run was terminated on:   9:43:37  14Aug2026            

=------------------------------------------------------------------------------=
   JOB DONE.
=------------------------------------------------------------------------------=
Warning: ieee_divide_by_zero is signaling
Warning: ieee_underflow is signaling
Warning: ieee_inexact is signaling
FORTRAN STOP
